Archive member included to satisfy reference by file (symbol)

c:/progra~1/stmicr~1/stm32c~1/gcc-ar~1/bin/../lib/gcc/arm-none-eabi/9.3.1/thumb/v7e-m+fp/hard\libgcc.a(_aeabi_uldivmod.o)
                              CMakeFiles/IAP_APP.elf.dir/Drivers/STM32F4xx_HAL_Driver/Src/stm32f4xx_hal_rcc.c.obj (__aeabi_uldivmod)
c:/progra~1/stmicr~1/stm32c~1/gcc-ar~1/bin/../lib/gcc/arm-none-eabi/9.3.1/thumb/v7e-m+fp/hard\libgcc.a(_udivmoddi4.o)
                              c:/progra~1/stmicr~1/stm32c~1/gcc-ar~1/bin/../lib/gcc/arm-none-eabi/9.3.1/thumb/v7e-m+fp/hard\libgcc.a(_aeabi_uldivmod.o) (__udivmoddi4)
c:/progra~1/stmicr~1/stm32c~1/gcc-ar~1/bin/../lib/gcc/arm-none-eabi/9.3.1/thumb/v7e-m+fp/hard\libgcc.a(_dvmd_tls.o)
                              c:/progra~1/stmicr~1/stm32c~1/gcc-ar~1/bin/../lib/gcc/arm-none-eabi/9.3.1/thumb/v7e-m+fp/hard\libgcc.a(_aeabi_uldivmod.o) (__aeabi_ldiv0)
c:/progra~1/stmicr~1/stm32c~1/gcc-ar~1/bin/../lib/gcc/arm-none-eabi/9.3.1/../../../../arm-none-eabi/lib/thumb/v7e-m+fp/hard\libg.a(lib_a-errno.o)
                              CMakeFiles/IAP_APP.elf.dir/Core/Src/syscalls.c.obj (__errno)
c:/progra~1/stmicr~1/stm32c~1/gcc-ar~1/bin/../lib/gcc/arm-none-eabi/9.3.1/../../../../arm-none-eabi/lib/thumb/v7e-m+fp/hard\libg.a(lib_a-exit.o)
                              c:/progra~1/stmicr~1/stm32c~1/gcc-ar~1/bin/../lib/gcc/arm-none-eabi/9.3.1/../../../../arm-none-eabi/lib/thumb/v7e-m+fp/hard/crt0.o (exit)
c:/progra~1/stmicr~1/stm32c~1/gcc-ar~1/bin/../lib/gcc/arm-none-eabi/9.3.1/../../../../arm-none-eabi/lib/thumb/v7e-m+fp/hard\libg.a(lib_a-impure.o)
                              c:/progra~1/stmicr~1/stm32c~1/gcc-ar~1/bin/../lib/gcc/arm-none-eabi/9.3.1/../../../../arm-none-eabi/lib/thumb/v7e-m+fp/hard\libg.a(lib_a-exit.o) (_global_impure_ptr)
c:/progra~1/stmicr~1/stm32c~1/gcc-ar~1/bin/../lib/gcc/arm-none-eabi/9.3.1/../../../../arm-none-eabi/lib/thumb/v7e-m+fp/hard\libg.a(lib_a-init.o)
                              c:/progra~1/stmicr~1/stm32c~1/gcc-ar~1/bin/../lib/gcc/arm-none-eabi/9.3.1/../../../../arm-none-eabi/lib/thumb/v7e-m+fp/hard/crt0.o (__libc_init_array)
c:/progra~1/stmicr~1/stm32c~1/gcc-ar~1/bin/../lib/gcc/arm-none-eabi/9.3.1/../../../../arm-none-eabi/lib/thumb/v7e-m+fp/hard\libg.a(lib_a-malloc.o)
                              CMakeFiles/IAP_APP.elf.dir/Middlewares/Third_Party/FreeRTOS/Source/portable/MemMang/heap_3.c.obj (malloc)
c:/progra~1/stmicr~1/stm32c~1/gcc-ar~1/bin/../lib/gcc/arm-none-eabi/9.3.1/../../../../arm-none-eabi/lib/thumb/v7e-m+fp/hard\libg.a(lib_a-mallocr.o)
                              c:/progra~1/stmicr~1/stm32c~1/gcc-ar~1/bin/../lib/gcc/arm-none-eabi/9.3.1/../../../../arm-none-eabi/lib/thumb/v7e-m+fp/hard\libg.a(lib_a-malloc.o) (_malloc_r)
c:/progra~1/stmicr~1/stm32c~1/gcc-ar~1/bin/../lib/gcc/arm-none-eabi/9.3.1/../../../../arm-none-eabi/lib/thumb/v7e-m+fp/hard\libg.a(lib_a-memcpy.o)
                              CMakeFiles/IAP_APP.elf.dir/Middlewares/Third_Party/FreeRTOS/Source/CMSIS_RTOS_V2/cmsis_os2.c.obj (memcpy)
c:/progra~1/stmicr~1/stm32c~1/gcc-ar~1/bin/../lib/gcc/arm-none-eabi/9.3.1/../../../../arm-none-eabi/lib/thumb/v7e-m+fp/hard\libg.a(lib_a-memset.o)
                              c:/progra~1/stmicr~1/stm32c~1/gcc-ar~1/bin/../lib/gcc/arm-none-eabi/9.3.1/../../../../arm-none-eabi/lib/thumb/v7e-m+fp/hard/crt0.o (memset)
c:/progra~1/stmicr~1/stm32c~1/gcc-ar~1/bin/../lib/gcc/arm-none-eabi/9.3.1/../../../../arm-none-eabi/lib/thumb/v7e-m+fp/hard\libg.a(lib_a-mlock.o)
                              c:/progra~1/stmicr~1/stm32c~1/gcc-ar~1/bin/../lib/gcc/arm-none-eabi/9.3.1/../../../../arm-none-eabi/lib/thumb/v7e-m+fp/hard\libg.a(lib_a-mallocr.o) (__malloc_lock)
c:/progra~1/stmicr~1/stm32c~1/gcc-ar~1/bin/../lib/gcc/arm-none-eabi/9.3.1/../../../../arm-none-eabi/lib/thumb/v7e-m+fp/hard\libg.a(lib_a-puts.o)
                              CMakeFiles/IAP_APP.elf.dir/Core/User/InFlash/InFlash.c.obj (puts)
c:/progra~1/stmicr~1/stm32c~1/gcc-ar~1/bin/../lib/gcc/arm-none-eabi/9.3.1/../../../../arm-none-eabi/lib/thumb/v7e-m+fp/hard\libg.a(lib_a-sbrkr.o)
                              c:/progra~1/stmicr~1/stm32c~1/gcc-ar~1/bin/../lib/gcc/arm-none-eabi/9.3.1/../../../../arm-none-eabi/lib/thumb/v7e-m+fp/hard\libg.a(lib_a-mallocr.o) (_sbrk_r)
c:/progra~1/stmicr~1/stm32c~1/gcc-ar~1/bin/../lib/gcc/arm-none-eabi/9.3.1/../../../../arm-none-eabi/lib/thumb/v7e-m+fp/hard\libg.a(lib_a-strlen.o)
                              c:/progra~1/stmicr~1/stm32c~1/gcc-ar~1/bin/../lib/gcc/arm-none-eabi/9.3.1/../../../../arm-none-eabi/lib/thumb/v7e-m+fp/hard\libg.a(lib_a-puts.o) (strlen)
c:/progra~1/stmicr~1/stm32c~1/gcc-ar~1/bin/../lib/gcc/arm-none-eabi/9.3.1/../../../../arm-none-eabi/lib/thumb/v7e-m+fp/hard\libg.a(lib_a-__call_atexit.o)
                              c:/progra~1/stmicr~1/stm32c~1/gcc-ar~1/bin/../lib/gcc/arm-none-eabi/9.3.1/../../../../arm-none-eabi/lib/thumb/v7e-m+fp/hard\libg.a(lib_a-exit.o) (__call_exitprocs)
[...]
Memory Configuration

Name             Origin             Length             Attributes
CCMRAM           0x10000000         0x00010000         xrw
RAM              0x20000000         0x00020000         xrw
FLASH            0x08040000         0x00040000         xr
*default*        0x00000000         0xffffffff

Linker script and memory map

LOAD c:/progra~1/stmicr~1/stm32c~1/gcc-ar~1/bin/../lib/gcc/arm-none-eabi/9.3.1/thumb/v7e-m+fp/hard/crti.o
LOAD c:/progra~1/stmicr~1/stm32c~1/gcc-ar~1/bin/../lib/gcc/arm-none-eabi/9.3.1/thumb/v7e-m+fp/hard/crtbegin.o
LOAD c:/progra~1/stmicr~1/stm32c~1/gcc-ar~1/bin/../lib/gcc/arm-none-eabi/9.3.1/../../../../arm-none-eabi/lib/thumb/v7e-m+fp/hard/crt0.o
LOAD CMakeFiles/IAP_APP.elf.dir/Core/Src/freertos.c.obj
LOAD CMakeFiles/IAP_APP.elf.dir/Core/Src/gpio.c.obj
LOAD CMakeFiles/IAP_APP.elf.dir/Core/Src/main.c.obj
LOAD CMakeFiles/IAP_APP.elf.dir/Core/Src/stm32f4xx_hal_msp.c.obj
LOAD CMakeFiles/IAP_APP.elf.dir/Core/Src/stm32f4xx_hal_timebase_tim.c.obj
LOAD CMakeFiles/IAP_APP.elf.dir/Core/Src/stm32f4xx_it.c.obj
LOAD CMakeFiles/IAP_APP.elf.dir/Core/Src/syscalls.c.obj
LOAD CMakeFiles/IAP_APP.elf.dir/Core/Src/sysmem.c.obj
LOAD CMakeFiles/IAP_APP.elf.dir/Core/Src/system_stm32f4xx.c.obj
LOAD CMakeFiles/IAP_APP.elf.dir/Core/Src/usart.c.obj
LOAD CMakeFiles/IAP_APP.elf.dir/Core/Startup/startup_stm32f407vetx.s.obj
LOAD CMakeFiles/IAP_APP.elf.dir/Core/User/InFlash/InFlash.c.obj
LOAD CMakeFiles/IAP_APP.elf.dir/Core/User/LED/LED.c.obj
LOAD CMakeFiles/IAP_APP.elf.dir/Drivers/STM32F4xx_HAL_Driver/Src/stm32f4xx_hal.c.obj
LOAD CMakeFiles/IAP_APP.elf.dir/Drivers/STM32F4xx_HAL_Driver/Src/stm32f4xx_hal_cortex.c.obj
LOAD CMakeFiles/IAP_APP.elf.dir/Drivers/STM32F4xx_HAL_Driver/Src/stm32f4xx_hal_dma.c.obj
LOAD CMakeFiles/IAP_APP.elf.dir/Drivers/STM32F4xx_HAL_Driver/Src/stm32f4xx_hal_dma_ex.c.obj
LOAD CMakeFiles/IAP_APP.elf.dir/Drivers/STM32F4xx_HAL_Driver/Src/stm32f4xx_hal_exti.c.obj
LOAD CMakeFiles/IAP_APP.elf.dir/Drivers/STM32F4xx_HAL_Driver/Src/stm32f4xx_hal_flash.c.obj
LOAD CMakeFiles/IAP_APP.elf.dir/Drivers/STM32F4xx_HAL_Driver/Src/stm32f4xx_hal_flash_ex.c.obj
LOAD CMakeFiles/IAP_APP.elf.dir/Drivers/STM32F4xx_HAL_Driver/Src/stm32f4xx_hal_flash_ramfunc.c.obj
LOAD CMakeFiles/IAP_APP.elf.dir/Drivers/STM32F4xx_HAL_Driver/Src/stm32f4xx_hal_gpio.c.obj
LOAD CMakeFiles/IAP_APP.elf.dir/Drivers/STM32F4xx_HAL_Driver/Src/stm32f4xx_hal_pwr.c.obj
LOAD CMakeFiles/IAP_APP.elf.dir/Drivers/STM32F4xx_HAL_Driver/Src/stm32f4xx_hal_pwr_ex.c.obj
LOAD CMakeFiles/IAP_APP.elf.dir/Drivers/STM32F4xx_HAL_Driver/Src/stm32f4xx_hal_rcc.c.obj
LOAD CMakeFiles/IAP_APP.elf.dir/Drivers/STM32F4xx_HAL_Driver/Src/stm32f4xx_hal_rcc_ex.c.obj
LOAD CMakeFiles/IAP_APP.elf.dir/Drivers/STM32F4xx_HAL_Driver/Src/stm32f4xx_hal_tim.c.obj
LOAD CMakeFiles/IAP_APP.elf.dir/Drivers/STM32F4xx_HAL_Driver/Src/stm32f4xx_hal_tim_ex.c.obj
LOAD CMakeFiles/IAP_APP.elf.dir/Drivers/STM32F4xx_HAL_Driver/Src/stm32f4xx_hal_uart.c.obj
LOAD CMakeFiles/IAP_APP.elf.dir/Middlewares/Third_Party/FreeRTOS/Source/CMSIS_RTOS_V2/cmsis_os2.c.obj
LOAD CMakeFiles/IAP_APP.elf.dir/Middlewares/Third_Party/FreeRTOS/Source/croutine.c.obj
LOAD CMakeFiles/IAP_APP.elf.dir/Middlewares/Third_Party/FreeRTOS/Source/event_groups.c.obj
LOAD CMakeFiles/IAP_APP.elf.dir/Middlewares/Third_Party/FreeRTOS/Source/list.c.obj
LOAD CMakeFiles/IAP_APP.elf.dir/Middlewares/Third_Party/FreeRTOS/Source/portable/GCC/ARM_CM4F/port.c.obj
LOAD CMakeFiles/IAP_APP.elf.dir/Middlewares/Third_Party/FreeRTOS/Source/portable/MemMang/heap_3.c.obj
LOAD CMakeFiles/IAP_APP.elf.dir/Middlewares/Third_Party/FreeRTOS/Source/queue.c.obj
LOAD CMakeFiles/IAP_APP.elf.dir/Middlewares/Third_Party/FreeRTOS/Source/stream_buffer.c.obj
LOAD CMakeFiles/IAP_APP.elf.dir/Middlewares/Third_Party/FreeRTOS/Source/tasks.c.obj
LOAD CMakeFiles/IAP_APP.elf.dir/Middlewares/Third_Party/FreeRTOS/Source/timers.c.obj
START GROUP
LOAD c:/progra~1/stmicr~1/stm32c~1/gcc-ar~1/bin/../lib/gcc/arm-none-eabi/9.3.1/thumb/v7e-m+fp/hard\libgcc.a
LOAD c:/progra~1/stmicr~1/stm32c~1/gcc-ar~1/bin/../lib/gcc/arm-none-eabi/9.3.1/../../../../arm-none-eabi/lib/thumb/v7e-m+fp/hard\libg.a
LOAD c:/progra~1/stmicr~1/stm32c~1/gcc-ar~1/bin/../lib/gcc/arm-none-eabi/9.3.1/../../../../arm-none-eabi/lib/thumb/v7e-m+fp/hard\libc.a
END GROUP
LOAD c:/progra~1/stmicr~1/stm32c~1/gcc-ar~1/bin/../lib/gcc/arm-none-eabi/9.3.1/thumb/v7e-m+fp/hard/crtend.o
LOAD c:/progra~1/stmicr~1/stm32c~1/gcc-ar~1/bin/../lib/gcc/arm-none-eabi/9.3.1/thumb/v7e-m+fp/hard/crtn.o
                0x20020000                _estack = (ORIGIN (RAM) + LENGTH (RAM))
                0x00000200                _Min_Heap_Size = 0x200
                0x00000400                _Min_Stack_Size = 0x400

.isr_vector     0x08040000      0x188
                0x08040000                . = ALIGN (0x4)
 *(.isr_vector)
 .isr_vector    0x08040000      0x188 CMakeFiles/IAP_APP.elf.dir/Core/Startup/startup_stm32f407vetx.s.obj
                0x08040000                g_pfnVectors
                0x08040188                . = ALIGN (0x4)

.text           0x080401c0     0x529c
                0x080401c0                . = ALIGN (0x4)
 *(.text)
 .text          0x080401c0       0x40 c:/progra~1/stmicr~1/stm32c~1/gcc-ar~1/bin/../lib/gcc/arm-none-eabi/9.3.1/thumb/v7e-m+fp/hard/crtbegin.o
 .text          0x08040200       0x30 c:/progra~1/stmicr~1/stm32c~1/gcc-ar~1/bin/../lib/gcc/arm-none-eabi/9.3.1/thumb/v7e-m+fp/hard\libgcc.a(_aeabi_uldivmod.o)
                0x08040200                __aeabi_uldivmod
 .text          0x08040230      0x2c4 c:/progra~1/stmicr~1/stm32c~1/gcc-ar~1/bin/../lib/gcc/arm-none-eabi/9.3.1/thumb/v7e-m+fp/hard\libgcc.a(_udivmoddi4.o)
                0x08040230                __udivmoddi4
 .text          0x080404f4        0x4 c:/progra~1/stmicr~1/stm32c~1/gcc-ar~1/bin/../lib/gcc/arm-none-eabi/9.3.1/thumb/v7e-m+fp/hard\libgcc.a(_dvmd_tls.o)
                0x080404f4                __aeabi_idiv0
                0x080404f4                __aeabi_ldiv0
 .text          0x080404f8      0x134 c:/progra~1/stmicr~1/stm32c~1/gcc-ar~1/bin/../lib/gcc/arm-none-eabi/9.3.1/../../../../arm-none-eabi/lib/thumb/v7e-m+fp/hard\libg.a(lib_a-memcpy.o)
                0x080404f8                memcpy
 *fill*         0x0804062c       0x14 
 .text          0x08040640       0xdc c:/progra~1/stmicr~1/stm32c~1/gcc-ar~1/bin/../lib/gcc/arm-none-eabi/9.3.1/../../../../arm-none-eabi/lib/thumb/v7e-m+fp/hard\libg.a(lib_a-strlen.o)
                0x08040640                strlen
 *fill*         0x0804071c        0x4 
 .text          0x08040720       0xa0 c:/progra~1/stmicr~1/stm32c~1/gcc-ar~1/bin/../lib/gcc/arm-none-eabi/9.3.1/../../../../arm-none-eabi/lib/thumb/v7e-m+fp/hard\libg.a(lib_a-memchr.o)
                0x08040720                memchr
 *(.text*)
 .text.StartLedTask
                0x080407c0       0x22 CMakeFiles/IAP_APP.elf.dir/Core/Src/freertos.c.obj
                0x080407c0                StartLedTask
 *fill*         0x080407e2        0x2 
 .text.StartKeyTask
                0x080407e4      0x164 CMakeFiles/IAP_APP.elf.dir/Core/Src/freertos.c.obj
                0x080407e4                StartKeyTask
 .text.MX_FREERTOS_Init
                0x08040948       0x38 CMakeFiles/IAP_APP.elf.dir/Core/Src/freertos.c.obj
                0x08040948                MX_FREERTOS_Init
 .text.MX_GPIO_Init
                0x08040980       0xa0 CMakeFiles/IAP_APP.elf.dir/Core/Src/gpio.c.obj
                0x08040980                MX_GPIO_Init
 .text.HAL_TIM_PeriodElapsedCallback
                0x08040a20       0x18 CMakeFiles/IAP_APP.elf.dir/Core/Src/main.c.obj
                0x08040a20                HAL_TIM_PeriodElapsedCallback
 .text.Error_Handler
                0x08040a38        0x4 CMakeFiles/IAP_APP.elf.dir/Core/Src/main.c.obj
                0x08040a38                Error_Handler
 .text.SystemClock_Config
                0x08040a3c       0xa8 CMakeFiles/IAP_APP.elf.dir/Core/Src/main.c.obj
                0x08040a3c                SystemClock_Config
 .text.main     0x08040ae4       0x20 CMakeFiles/IAP_APP.elf.dir/Core/Src/main.c.obj
                0x08040ae4                main
 .text.HAL_MspInit
                0x08040b04       0x44 CMakeFiles/IAP_APP.elf.dir/Core/Src/stm32f4xx_hal_msp.c.obj
                0x08040b04                HAL_MspInit
 .text.HAL_InitTick
                0x08040b48       0x7c CMakeFiles/IAP_APP.elf.dir/Core/Src/stm32f4xx_hal_timebase_tim.c.obj
                0x08040b48                HAL_InitTick
 .text.NMI_Handler
                0x08040bc4        0x2 CMakeFiles/IAP_APP.elf.dir/Core/Src/stm32f4xx_it.c.obj
                0x08040bc4                NMI_Handler
 .text.HardFault_Handler
                0x08040bc6        0x2 CMakeFiles/IAP_APP.elf.dir/Core/Src/stm32f4xx_it.c.obj
                0x08040bc6                HardFault_Handler
 .text.MemManage_Handler
                0x08040bc8        0x2 CMakeFiles/IAP_APP.elf.dir/Core/Src/stm32f4xx_it.c.obj
                0x08040bc8                MemManage_Handler
 .text.BusFault_Handler
                0x08040bca        0x2 CMakeFiles/IAP_APP.elf.dir/Core/Src/stm32f4xx_it.c.obj
                0x08040bca                BusFault_Handler
 .text.UsageFault_Handler
                0x08040bcc        0x2 CMakeFiles/IAP_APP.elf.dir/Core/Src/stm32f4xx_it.c.obj
                0x08040bcc                UsageFault_Handler
 .text.DebugMon_Handler
                0x08040bce        0x2 CMakeFiles/IAP_APP.elf.dir/Core/Src/stm32f4xx_it.c.obj
                0x08040bce                DebugMon_Handler
 .text.TIM8_TRG_COM_TIM14_IRQHandler
                0x08040bd0       0x10 CMakeFiles/IAP_APP.elf.dir/Core/Src/stm32f4xx_it.c.obj
                0x08040bd0                TIM8_TRG_COM_TIM14_IRQHandler
 .text._read    0x08040be0       0x20 CMakeFiles/IAP_APP.elf.dir/Core/Src/syscalls.c.obj
                0x08040be0                _read
 .text._write   0x08040c00       0x1c CMakeFiles/IAP_APP.elf.dir/Core/Src/syscalls.c.obj
                0x08040c00                _write
 .text._close   0x08040c1c        0x6 CMakeFiles/IAP_APP.elf.dir/Core/Src/syscalls.c.obj
                0x08040c1c                _close
 .text._fstat   0x08040c22        0xa CMakeFiles/IAP_APP.elf.dir/Core/Src/syscalls.c.obj
                0x08040c22                _fstat
 .text._isatty  0x08040c2c        0x4 CMakeFiles/IAP_APP.elf.dir/Core/Src/syscalls.c.obj
                0x08040c2c                _isatty
 .text._lseek   0x08040c30        0x4 CMakeFiles/IAP_APP.elf.dir/Core/Src/syscalls.c.obj
                0x08040c30                _lseek
 .text._sbrk    0x08040c34       0x48 CMakeFiles/IAP_APP.elf.dir/Core/Src/sysmem.c.obj
                0x08040c34                _sbrk
 .text.SystemInit
                0x08040c7c       0x1c CMakeFiles/IAP_APP.elf.dir/Core/Src/system_stm32f4xx.c.obj
                0x08040c7c                SystemInit
 .text.MX_USART1_UART_Init
                0x08040c98       0x34 CMakeFiles/IAP_APP.elf.dir/Core/Src/usart.c.obj
                0x08040c98                MX_USART1_UART_Init
 .text.HAL_UART_MspInit
                0x08040ccc       0x74 CMakeFiles/IAP_APP.elf.dir/Core/Src/usart.c.obj
                0x08040ccc                HAL_UART_MspInit
 .text.__io_putchar
                0x08040d40       0x20 CMakeFiles/IAP_APP.elf.dir/Core/Src/usart.c.obj
                0x08040d40                __io_putchar
 .text.Reset_Handler
                0x08040d60       0x50 CMakeFiles/IAP_APP.elf.dir/Core/Startup/startup_stm32f407vetx.s.obj
                0x08040d60                Reset_Handler
 .text.Default_Handler
                0x08040db0        0x2 CMakeFiles/IAP_APP.elf.dir/Core/Startup/startup_stm32f407vetx.s.obj
                0x08040db0                RTC_Alarm_IRQHandler
                0x08040db0                HASH_RNG_IRQHandler
                0x08040db0                EXTI2_IRQHandler
                0x08040db0                TIM8_CC_IRQHandler
                0x08040db0                TIM1_CC_IRQHandler
                0x08040db0                DMA2_Stream5_IRQHandler
                0x08040db0                DMA1_Stream5_IRQHandler
                0x08040db0                PVD_IRQHandler
                0x08040db0                SDIO_IRQHandler
                0x08040db0                TAMP_STAMP_IRQHandler
                0x08040db0                CAN2_RX1_IRQHandler
                0x08040db0                EXTI3_IRQHandler
                0x08040db0                TIM1_UP_TIM10_IRQHandler
                0x08040db0                TIM8_UP_TIM13_IRQHandler
                0x08040db0                I2C3_ER_IRQHandler
                0x08040db0                EXTI0_IRQHandler
                0x08040db0                I2C2_EV_IRQHandler
                0x08040db0                DMA1_Stream2_IRQHandler
                0x08040db0                CAN1_RX0_IRQHandler
                0x08040db0                FPU_IRQHandler
                0x08040db0                OTG_HS_WKUP_IRQHandler
                0x08040db0                CAN2_SCE_IRQHandler
                0x08040db0                DMA2_Stream2_IRQHandler
                0x08040db0                SPI1_IRQHandler
                0x08040db0                TIM6_DAC_IRQHandler
                0x08040db0                TIM1_BRK_TIM9_IRQHandler
                0x08040db0                DCMI_IRQHandler
                0x08040db0                CAN2_RX0_IRQHandler
                0x08040db0                DMA2_Stream3_IRQHandler
                0x08040db0                USART6_IRQHandler
                0x08040db0                USART3_IRQHandler
                0x08040db0                CAN1_RX1_IRQHandler
                0x08040db0                UART5_IRQHandler
                0x08040db0                DMA2_Stream0_IRQHandler
                0x08040db0                TIM4_IRQHandler
                0x08040db0                I2C1_EV_IRQHandler
                0x08040db0                DMA1_Stream6_IRQHandler
                0x08040db0                DMA1_Stream1_IRQHandler
                0x08040db0                UART4_IRQHandler
                0x08040db0                TIM3_IRQHandler
                0x08040db0                RCC_IRQHandler
                0x08040db0                TIM8_BRK_TIM12_IRQHandler
                0x08040db0                Default_Handler
                0x08040db0                EXTI15_10_IRQHandler
                0x08040db0                ADC_IRQHandler
                0x08040db0                DMA1_Stream7_IRQHandler
                0x08040db0                TIM7_IRQHandler
                0x08040db0                CAN2_TX_IRQHandler
                0x08040db0                TIM5_IRQHandler
                0x08040db0                DMA2_Stream7_IRQHandler
                0x08040db0                I2C3_EV_IRQHandler
                0x08040db0                EXTI9_5_IRQHandler
                0x08040db0                RTC_WKUP_IRQHandler
                0x08040db0                ETH_WKUP_IRQHandler
                0x08040db0                SPI2_IRQHandler
                0x08040db0                OTG_HS_EP1_IN_IRQHandler
                0x08040db0                DMA1_Stream0_IRQHandler
                0x08040db0                CAN1_TX_IRQHandler
                0x08040db0                EXTI4_IRQHandler
                0x08040db0                FSMC_IRQHandler
                0x08040db0                ETH_IRQHandler
                0x08040db0                OTG_HS_EP1_OUT_IRQHandler
                0x08040db0                WWDG_IRQHandler
                0x08040db0                TIM2_IRQHandler
                0x08040db0                OTG_FS_WKUP_IRQHandler
                0x08040db0                TIM1_TRG_COM_TIM11_IRQHandler
                0x08040db0                OTG_HS_IRQHandler
                0x08040db0                EXTI1_IRQHandler
                0x08040db0                USART2_IRQHandler
                0x08040db0                I2C2_ER_IRQHandler
                0x08040db0                DMA2_Stream1_IRQHandler
                0x08040db0                CAN1_SCE_IRQHandler
                0x08040db0                FLASH_IRQHandler
                0x08040db0                DMA2_Stream4_IRQHandler
                0x08040db0                USART1_IRQHandler
                0x08040db0                OTG_FS_IRQHandler
                0x08040db0                SPI3_IRQHandler
                0x08040db0                DMA1_Stream4_IRQHandler
                0x08040db0                I2C1_ER_IRQHandler
                0x08040db0                DMA2_Stream6_IRQHandler
                0x08040db0                DMA1_Stream3_IRQHandler
 *fill*         0x08040db2        0x2 
 .text.JumpAPP  0x08040db4       0x84 CMakeFiles/IAP_APP.elf.dir/Core/User/InFlash/InFlash.c.obj
                0x08040db4                JumpAPP
 .text.turnoffLED
                0x08040e38       0x6c CMakeFiles/IAP_APP.elf.dir/Core/User/LED/LED.c.obj
                0x08040e38                turnoffLED
 .text.selectLED
                0x08040ea4       0x88 CMakeFiles/IAP_APP.elf.dir/Core/User/LED/LED.c.obj
                0x08040ea4                selectLED
 .text.HAL_Init
                0x08040f2c       0x34 CMakeFiles/IAP_APP.elf.dir/Drivers/STM32F4xx_HAL_Driver/Src/stm32f4xx_hal.c.obj
                0x08040f2c                HAL_Init
 .text.HAL_IncTick
                0x08040f60       0x18 CMakeFiles/IAP_APP.elf.dir/Drivers/STM32F4xx_HAL_Driver/Src/stm32f4xx_hal.c.obj
                0x08040f60                HAL_IncTick
 .text.HAL_GetTick
                0x08040f78        0xc CMakeFiles/IAP_APP.elf.dir/Drivers/STM32F4xx_HAL_Driver/Src/stm32f4xx_hal.c.obj
                0x08040f78                HAL_GetTick
 .text.HAL_NVIC_SetPriorityGrouping
                0x08040f84       0x24 CMakeFiles/IAP_APP.elf.dir/Drivers/STM32F4xx_HAL_Driver/Src/stm32f4xx_hal_cortex.c.obj
                0x08040f84                HAL_NVIC_SetPriorityGrouping
 .text.HAL_NVIC_SetPriority
                0x08040fa8       0x68 CMakeFiles/IAP_APP.elf.dir/Drivers/STM32F4xx_HAL_Driver/Src/stm32f4xx_hal_cortex.c.obj
                0x08040fa8                HAL_NVIC_SetPriority
 .text.HAL_NVIC_EnableIRQ
                0x08041010       0x1c CMakeFiles/IAP_APP.elf.dir/Drivers/STM32F4xx_HAL_Driver/Src/stm32f4xx_hal_cortex.c.obj
                0x08041010                HAL_NVIC_EnableIRQ
 .text.HAL_GPIO_Init
                0x0804102c      0x1cc CMakeFiles/IAP_APP.elf.dir/Drivers/STM32F4xx_HAL_Driver/Src/stm32f4xx_hal_gpio.c.obj
                0x0804102c                HAL_GPIO_Init
 .text.HAL_GPIO_ReadPin
                0x080411f8        0xe CMakeFiles/IAP_APP.elf.dir/Drivers/STM32F4xx_HAL_Driver/Src/stm32f4xx_hal_gpio.c.obj
                0x080411f8                HAL_GPIO_ReadPin
 .text.HAL_GPIO_WritePin
                0x08041206        0xc CMakeFiles/IAP_APP.elf.dir/Drivers/STM32F4xx_HAL_Driver/Src/stm32f4xx_hal_gpio.c.obj
                0x08041206                HAL_GPIO_WritePin
 *fill*         0x08041212        0x2 
 .text.HAL_RCC_OscConfig
                0x08041214      0x3ec CMakeFiles/IAP_APP.elf.dir/Drivers/STM32F4xx_HAL_Driver/Src/stm32f4xx_hal_rcc.c.obj
                0x08041214                HAL_RCC_OscConfig
 .text.HAL_RCC_GetSysClockFreq
                0x08041600       0xcc CMakeFiles/IAP_APP.elf.dir/Drivers/STM32F4xx_HAL_Driver/Src/stm32f4xx_hal_rcc.c.obj
                0x08041600                HAL_RCC_GetSysClockFreq
 .text.HAL_RCC_ClockConfig
                0x080416cc      0x160 CMakeFiles/IAP_APP.elf.dir/Drivers/STM32F4xx_HAL_Driver/Src/stm32f4xx_hal_rcc.c.obj
                0x080416cc                HAL_RCC_ClockConfig
 .text.HAL_RCC_GetHCLKFreq
                0x0804182c        0xc CMakeFiles/IAP_APP.elf.dir/Drivers/STM32F4xx_HAL_Driver/Src/stm32f4xx_hal_rcc.c.obj
                0x0804182c                HAL_RCC_GetHCLKFreq
 .text.HAL_RCC_GetPCLK1Freq
                0x08041838       0x20 CMakeFiles/IAP_APP.elf.dir/Drivers/STM32F4xx_HAL_Driver/Src/stm32f4xx_hal_rcc.c.obj
                0x08041838                HAL_RCC_GetPCLK1Freq
 .text.HAL_RCC_GetPCLK2Freq
                0x08041858       0x20 CMakeFiles/IAP_APP.elf.dir/Drivers/STM32F4xx_HAL_Driver/Src/stm32f4xx_hal_rcc.c.obj
                0x08041858                HAL_RCC_GetPCLK2Freq
 .text.HAL_RCC_GetClockConfig
                0x08041878       0x3c CMakeFiles/IAP_APP.elf.dir/Drivers/STM32F4xx_HAL_Driver/Src/stm32f4xx_hal_rcc.c.obj
                0x08041878                HAL_RCC_GetClockConfig
 .text.HAL_RCC_DeInit
                0x080418b4      0x13c CMakeFiles/IAP_APP.elf.dir/Drivers/STM32F4xx_HAL_Driver/Src/stm32f4xx_hal_rcc_ex.c.obj
                0x080418b4                HAL_RCC_DeInit
 .text.HAL_TIM_Base_MspInit
                0x080419f0        0x2 CMakeFiles/IAP_APP.elf.dir/Drivers/STM32F4xx_HAL_Driver/Src/stm32f4xx_hal_tim.c.obj
                0x080419f0                HAL_TIM_Base_MspInit
 .text.HAL_TIM_Base_Start_IT
                0x080419f2       0x22 CMakeFiles/IAP_APP.elf.dir/Drivers/STM32F4xx_HAL_Driver/Src/stm32f4xx_hal_tim.c.obj
                0x080419f2                HAL_TIM_Base_Start_IT
 .text.HAL_TIM_OC_DelayElapsedCallback
                0x08041a14        0x2 CMakeFiles/IAP_APP.elf.dir/Drivers/STM32F4xx_HAL_Driver/Src/stm32f4xx_hal_tim.c.obj
                0x08041a14                HAL_TIM_OC_DelayElapsedCallback
 .text.HAL_TIM_IC_CaptureCallback
                0x08041a16        0x2 CMakeFiles/IAP_APP.elf.dir/Drivers/STM32F4xx_HAL_Driver/Src/stm32f4xx_hal_tim.c.obj
                0x08041a16                HAL_TIM_IC_CaptureCallback
 .text.HAL_TIM_PWM_PulseFinishedCallback
                0x08041a18        0x2 CMakeFiles/IAP_APP.elf.dir/Drivers/STM32F4xx_HAL_Driver/Src/stm32f4xx_hal_tim.c.obj
                0x08041a18                HAL_TIM_PWM_PulseFinishedCallback
 .text.HAL_TIM_TriggerCallback
                0x08041a1a        0x2 CMakeFiles/IAP_APP.elf.dir/Drivers/STM32F4xx_HAL_Driver/Src/stm32f4xx_hal_tim.c.obj
                0x08041a1a                HAL_TIM_TriggerCallback
 .text.HAL_TIM_IRQHandler
                0x08041a1c      0x17a CMakeFiles/IAP_APP.elf.dir/Drivers/STM32F4xx_HAL_Driver/Src/stm32f4xx_hal_tim.c.obj
                0x08041a1c                HAL_TIM_IRQHandler
 *fill*         0x08041b96        0x2 
 .text.TIM_Base_SetConfig
                0x08041b98       0xc8 CMakeFiles/IAP_APP.elf.dir/Drivers/STM32F4xx_HAL_Driver/Src/stm32f4xx_hal_tim.c.obj
                0x08041b98                TIM_Base_SetConfig
 .text.HAL_TIM_Base_Init
                0x08041c60       0x34 CMakeFiles/IAP_APP.elf.dir/Drivers/STM32F4xx_HAL_Driver/Src/stm32f4xx_hal_tim.c.obj
                0x08041c60                HAL_TIM_Base_Init
 .text.HAL_TIMEx_CommutCallback
                0x08041c94        0x2 CMakeFiles/IAP_APP.elf.dir/Drivers/STM32F4xx_HAL_Driver/Src/stm32f4xx_hal_tim_ex.c.obj
                0x08041c94                HAL_TIMEx_CommutCallback
 .text.HAL_TIMEx_BreakCallback
                0x08041c96        0x2 CMakeFiles/IAP_APP.elf.dir/Drivers/STM32F4xx_HAL_Driver/Src/stm32f4xx_hal_tim_ex.c.obj
                0x08041c96                HAL_TIMEx_BreakCallback
 .text.UART_SetConfig
                0x08041c98      0x1e8 CMakeFiles/IAP_APP.elf.dir/Drivers/STM32F4xx_HAL_Driver/Src/stm32f4xx_hal_uart.c.obj
 .text.UART_WaitOnFlagUntilTimeout
                0x08041e80       0x68 CMakeFiles/IAP_APP.elf.dir/Drivers/STM32F4xx_HAL_Driver/Src/stm32f4xx_hal_uart.c.obj
 .text.HAL_UART_Init
                0x08041ee8       0x5e CMakeFiles/IAP_APP.elf.dir/Drivers/STM32F4xx_HAL_Driver/Src/stm32f4xx_hal_uart.c.obj
                0x08041ee8                HAL_UART_Init
 .text.HAL_UART_Transmit
                0x08041f46       0xe2 CMakeFiles/IAP_APP.elf.dir/Drivers/STM32F4xx_HAL_Driver/Src/stm32f4xx_hal_uart.c.obj
                0x08041f46                HAL_UART_Transmit
 .text.osKernelInitialize
                0x08042028       0x3c CMakeFiles/IAP_APP.elf.dir/Middlewares/Third_Party/FreeRTOS/Source/CMSIS_RTOS_V2/cmsis_os2.c.obj
                0x08042028                osKernelInitialize
 .text.osKernelStart
                0x08042064       0x48 CMakeFiles/IAP_APP.elf.dir/Middlewares/Third_Party/FreeRTOS/Source/CMSIS_RTOS_V2/cmsis_os2.c.obj
                0x08042064                osKernelStart
 .text.osThreadNew
                0x080420ac       0xd8 CMakeFiles/IAP_APP.elf.dir/Middlewares/Third_Party/FreeRTOS/Source/CMSIS_RTOS_V2/cmsis_os2.c.obj
                0x080420ac                osThreadNew
 .text.osDelay  0x08042184       0x3c CMakeFiles/IAP_APP.elf.dir/Middlewares/Third_Party/FreeRTOS/Source/CMSIS_RTOS_V2/cmsis_os2.c.obj
                0x08042184                osDelay
 .text.vApplicationGetIdleTaskMemory
                0x080421c0       0x18 CMakeFiles/IAP_APP.elf.dir/Middlewares/Third_Party/FreeRTOS/Source/CMSIS_RTOS_V2/cmsis_os2.c.obj
                0x080421c0                vApplicationGetIdleTaskMemory
 .text.vApplicationGetTimerTaskMemory
                0x080421d8       0x18 CMakeFiles/IAP_APP.elf.dir/Middlewares/Third_Party/FreeRTOS/Source/CMSIS_RTOS_V2/cmsis_os2.c.obj
                0x080421d8                vApplicationGetTimerTaskMemory
 .text.vListInitialise
                0x080421f0       0x16 CMakeFiles/IAP_APP.elf.dir/Middlewares/Third_Party/FreeRTOS/Source/list.c.obj
                0x080421f0                vListInitialise
 .text.vListInitialiseItem
                0x08042206        0x6 CMakeFiles/IAP_APP.elf.dir/Middlewares/Third_Party/FreeRTOS/Source/list.c.obj
                0x08042206                vListInitialiseItem
 .text.vListInsertEnd
                0x0804220c       0x16 CMakeFiles/IAP_APP.elf.dir/Middlewares/Third_Party/FreeRTOS/Source/list.c.obj
                0x0804220c                vListInsertEnd
 .text.vListInsert
                0x08042222       0x32 CMakeFiles/IAP_APP.elf.dir/Middlewares/Third_Party/FreeRTOS/Source/list.c.obj
                0x08042222                vListInsert
 .text.uxListRemove
                0x08042254       0x26 CMakeFiles/IAP_APP.elf.dir/Middlewares/Third_Party/FreeRTOS/Source/list.c.obj
                0x08042254                uxListRemove
 *fill*         0x0804227a        0x2 
 .text.prvTaskExitError
                0x0804227c       0x40 CMakeFiles/IAP_APP.elf.dir/Middlewares/Third_Party/FreeRTOS/Source/portable/GCC/ARM_CM4F/port.c.obj
 .text.prvPortStartFirstTask
                0x080422bc       0x28 CMakeFiles/IAP_APP.elf.dir/Middlewares/Third_Party/FreeRTOS/Source/portable/GCC/ARM_CM4F/port.c.obj
 .text.vPortEnableVFP
                0x080422e4       0x14 CMakeFiles/IAP_APP.elf.dir/Middlewares/Third_Party/FreeRTOS/Source/portable/GCC/ARM_CM4F/port.c.obj
 .text.pxPortInitialiseStack
                0x080422f8       0x2c CMakeFiles/IAP_APP.elf.dir/Middlewares/Third_Party/FreeRTOS/Source/portable/GCC/ARM_CM4F/port.c.obj
                0x080422f8                pxPortInitialiseStack
 *fill*         0x08042324        0xc 
 .text.SVC_Handler
                0x08042330       0x24 CMakeFiles/IAP_APP.elf.dir/Middlewares/Third_Party/FreeRTOS/Source/portable/GCC/ARM_CM4F/port.c.obj
                0x08042330                SVC_Handler
 .text.vPortEnterCritical
                0x08042354       0x44 CMakeFiles/IAP_APP.elf.dir/Middlewares/Third_Party/FreeRTOS/Source/portable/GCC/ARM_CM4F/port.c.obj
                0x08042354                vPortEnterCritical
 .text.vPortExitCritical
                0x08042398       0x2c CMakeFiles/IAP_APP.elf.dir/Middlewares/Third_Party/FreeRTOS/Source/portable/GCC/ARM_CM4F/port.c.obj
                0x08042398                vPortExitCritical
 *fill*         0x080423c4        0xc 
 .text.PendSV_Handler
                0x080423d0       0x64 CMakeFiles/IAP_APP.elf.dir/Middlewares/Third_Party/FreeRTOS/Source/portable/GCC/ARM_CM4F/port.c.obj
                0x080423d0                PendSV_Handler
 .text.SysTick_Handler
                0x08042434       0x2c CMakeFiles/IAP_APP.elf.dir/Middlewares/Third_Party/FreeRTOS/Source/portable/GCC/ARM_CM4F/port.c.obj
                0x08042434                SysTick_Handler
 .text.vPortSetupTimerInterrupt
                0x08042460       0x38 CMakeFiles/IAP_APP.elf.dir/Middlewares/Third_Party/FreeRTOS/Source/portable/GCC/ARM_CM4F/port.c.obj
                0x08042460                vPortSetupTimerInterrupt
 .text.xPortStartScheduler
                0x08042498      0x110 CMakeFiles/IAP_APP.elf.dir/Middlewares/Third_Party/FreeRTOS/Source/portable/GCC/ARM_CM4F/port.c.obj
                0x08042498                xPortStartScheduler
 .text.vPortValidateInterruptPriority
                0x080425a8       0x5c CMakeFiles/IAP_APP.elf.dir/Middlewares/Third_Party/FreeRTOS/Source/portable/GCC/ARM_CM4F/port.c.obj
                0x080425a8                vPortValidateInterruptPriority
 .text.pvPortMalloc
                0x08042604       0x18 CMakeFiles/IAP_APP.elf.dir/Middlewares/Third_Party/FreeRTOS/Source/portable/MemMang/heap_3.c.obj
                0x08042604                pvPortMalloc
 .text.vPortFree
                0x0804261c       0x18 CMakeFiles/IAP_APP.elf.dir/Middlewares/Third_Party/FreeRTOS/Source/portable/MemMang/heap_3.c.obj
                0x0804261c                vPortFree
 .text.prvIsQueueFull
                0x08042634       0x1e CMakeFiles/IAP_APP.elf.dir/Middlewares/Third_Party/FreeRTOS/Source/queue.c.obj
 .text.prvIsQueueEmpty
                0x08042652       0x1a CMakeFiles/IAP_APP.elf.dir/Middlewares/Third_Party/FreeRTOS/Source/queue.c.obj
 .text.prvCopyDataToQueue
                0x0804266c       0x76 CMakeFiles/IAP_APP.elf.dir/Middlewares/Third_Party/FreeRTOS/Source/queue.c.obj
 .text.prvCopyDataFromQueue
                0x080426e2       0x24 CMakeFiles/IAP_APP.elf.dir/Middlewares/Third_Party/FreeRTOS/Source/queue.c.obj
 .text.prvUnlockQueue
                0x08042706       0x6e CMakeFiles/IAP_APP.elf.dir/Middlewares/Third_Party/FreeRTOS/Source/queue.c.obj
 .text.xQueueGenericReset
                0x08042774       0x84 CMakeFiles/IAP_APP.elf.dir/Middlewares/Third_Party/FreeRTOS/Source/queue.c.obj
                0x08042774                xQueueGenericReset
 .text.prvInitialiseNewQueue
                0x080427f8       0x22 CMakeFiles/IAP_APP.elf.dir/Middlewares/Third_Party/FreeRTOS/Source/queue.c.obj
 .text.xQueueGenericCreateStatic
                0x0804281a       0x94 CMakeFiles/IAP_APP.elf.dir/Middlewares/Third_Party/FreeRTOS/Source/queue.c.obj
                0x0804281a                xQueueGenericCreateStatic
 *fill*         0x080428ae        0x2 
 .text.xQueueGenericSend
                0x080428b0      0x180 CMakeFiles/IAP_APP.elf.dir/Middlewares/Third_Party/FreeRTOS/Source/queue.c.obj
                0x080428b0                xQueueGenericSend
 .text.xQueueGenericSendFromISR
                0x08042a30       0xce CMakeFiles/IAP_APP.elf.dir/Middlewares/Third_Party/FreeRTOS/Source/queue.c.obj
                0x08042a30                xQueueGenericSendFromISR
 *fill*         0x08042afe        0x2 
 .text.xQueueReceive
                0x08042b00      0x15c CMakeFiles/IAP_APP.elf.dir/Middlewares/Third_Party/FreeRTOS/Source/queue.c.obj
                0x08042b00                xQueueReceive
 .text.vQueueAddToRegistry
                0x08042c5c       0x28 CMakeFiles/IAP_APP.elf.dir/Middlewares/Third_Party/FreeRTOS/Source/queue.c.obj
                0x08042c5c                vQueueAddToRegistry
 .text.vQueueWaitForMessageRestricted
                0x08042c84       0x52 CMakeFiles/IAP_APP.elf.dir/Middlewares/Third_Party/FreeRTOS/Source/queue.c.obj
                0x08042c84                vQueueWaitForMessageRestricted
 *fill*         0x08042cd6        0x2 
 .text.prvResetNextTaskUnblockTime
                0x08042cd8       0x2c CMakeFiles/IAP_APP.elf.dir/Middlewares/Third_Party/FreeRTOS/Source/tasks.c.obj
 .text.prvInitialiseNewTask
                0x08042d04       0x9a CMakeFiles/IAP_APP.elf.dir/Middlewares/Third_Party/FreeRTOS/Source/tasks.c.obj
 *fill*         0x08042d9e        0x2 
 .text.prvInitialiseTaskLists
                0x08042da0       0x68 CMakeFiles/IAP_APP.elf.dir/Middlewares/Third_Party/FreeRTOS/Source/tasks.c.obj
 .text.prvAddNewTaskToReadyList
                0x08042e08       0xac CMakeFiles/IAP_APP.elf.dir/Middlewares/Third_Party/FreeRTOS/Source/tasks.c.obj
 .text.prvDeleteTCB
                0x08042eb4       0x38 CMakeFiles/IAP_APP.elf.dir/Middlewares/Third_Party/FreeRTOS/Source/tasks.c.obj
 .text.prvCheckTasksWaitingTermination
                0x08042eec       0x4c CMakeFiles/IAP_APP.elf.dir/Middlewares/Third_Party/FreeRTOS/Source/tasks.c.obj
 .text.prvIdleTask
                0x08042f38       0x28 CMakeFiles/IAP_APP.elf.dir/Middlewares/Third_Party/FreeRTOS/Source/tasks.c.obj
 .text.prvAddCurrentTaskToDelayedList
                0x08042f60       0x7c CMakeFiles/IAP_APP.elf.dir/Middlewares/Third_Party/FreeRTOS/Source/tasks.c.obj
 .text.xTaskCreateStatic
                0x08042fdc       0x74 CMakeFiles/IAP_APP.elf.dir/Middlewares/Third_Party/FreeRTOS/Source/tasks.c.obj
                0x08042fdc                xTaskCreateStatic
 .text.xTaskCreate
                0x08043050       0x68 CMakeFiles/IAP_APP.elf.dir/Middlewares/Third_Party/FreeRTOS/Source/tasks.c.obj
                0x08043050                xTaskCreate
 .text.vTaskStartScheduler
                0x080430b8       0x94 CMakeFiles/IAP_APP.elf.dir/Middlewares/Third_Party/FreeRTOS/Source/tasks.c.obj
                0x080430b8                vTaskStartScheduler
 .text.vTaskSuspendAll
                0x0804314c       0x10 CMakeFiles/IAP_APP.elf.dir/Middlewares/Third_Party/FreeRTOS/Source/tasks.c.obj
                0x0804314c                vTaskSuspendAll
 .text.xTaskGetTickCount
                0x0804315c        0xc CMakeFiles/IAP_APP.elf.dir/Middlewares/Third_Party/FreeRTOS/Source/tasks.c.obj
                0x0804315c                xTaskGetTickCount
 .text.xTaskIncrementTick
                0x08043168      0x118 CMakeFiles/IAP_APP.elf.dir/Middlewares/Third_Party/FreeRTOS/Source/tasks.c.obj
                0x08043168                xTaskIncrementTick
 .text.xTaskResumeAll
                0x08043280       0xf8 CMakeFiles/IAP_APP.elf.dir/Middlewares/Third_Party/FreeRTOS/Source/tasks.c.obj
                0x08043280                xTaskResumeAll
 .text.vTaskDelay
                0x08043378       0x4c CMakeFiles/IAP_APP.elf.dir/Middlewares/Third_Party/FreeRTOS/Source/tasks.c.obj
                0x08043378                vTaskDelay
 .text.vTaskSwitchContext
                0x080433c4       0x98 CMakeFiles/IAP_APP.elf.dir/Middlewares/Third_Party/FreeRTOS/Source/tasks.c.obj
                0x080433c4                vTaskSwitchContext
 .text.vTaskPlaceOnEventList
                0x0804345c       0x30 CMakeFiles/IAP_APP.elf.dir/Middlewares/Third_Party/FreeRTOS/Source/tasks.c.obj
                0x0804345c                vTaskPlaceOnEventList
 .text.vTaskPlaceOnEventListRestricted
                0x0804348c       0x38 CMakeFiles/IAP_APP.elf.dir/Middlewares/Third_Party/FreeRTOS/Source/tasks.c.obj
                0x0804348c                vTaskPlaceOnEventListRestricted
 .text.xTaskRemoveFromEventList
                0x080434c4       0x8c CMakeFiles/IAP_APP.elf.dir/Middlewares/Third_Party/FreeRTOS/Source/tasks.c.obj
                0x080434c4                xTaskRemoveFromEventList
 .text.vTaskInternalSetTimeOutState
                0x08043550       0x18 CMakeFiles/IAP_APP.elf.dir/Middlewares/Third_Party/FreeRTOS/Source/tasks.c.obj
                0x08043550                vTaskInternalSetTimeOutState
 .text.xTaskCheckForTimeOut
                0x08043568       0x84 CMakeFiles/IAP_APP.elf.dir/Middlewares/Third_Party/FreeRTOS/Source/tasks.c.obj
                0x08043568                xTaskCheckForTimeOut
 .text.vTaskMissedYield
                0x080435ec        0xc CMakeFiles/IAP_APP.elf.dir/Middlewares/Third_Party/FreeRTOS/Source/tasks.c.obj
                0x080435ec                vTaskMissedYield
 .text.xTaskGetSchedulerState
                0x080435f8       0x20 CMakeFiles/IAP_APP.elf.dir/Middlewares/Third_Party/FreeRTOS/Source/tasks.c.obj
                0x080435f8                xTaskGetSchedulerState
 .text.xTaskPriorityDisinherit
                0x08043618       0x90 CMakeFiles/IAP_APP.elf.dir/Middlewares/Third_Party/FreeRTOS/Source/tasks.c.obj
                0x08043618                xTaskPriorityDisinherit
 .text.prvGetNextExpireTime
                0x080436a8       0x20 CMakeFiles/IAP_APP.elf.dir/Middlewares/Third_Party/FreeRTOS/Source/timers.c.obj
 .text.prvInsertTimerInActiveList
                0x080436c8       0x48 CMakeFiles/IAP_APP.elf.dir/Middlewares/Third_Party/FreeRTOS/Source/timers.c.obj
 .text.prvCheckForValidListAndQueue
                0x08043710       0x70 CMakeFiles/IAP_APP.elf.dir/Middlewares/Third_Party/FreeRTOS/Source/timers.c.obj
 .text.xTimerCreateTimerTask
                0x08043780       0x64 CMakeFiles/IAP_APP.elf.dir/Middlewares/Third_Party/FreeRTOS/Source/timers.c.obj
                0x08043780                xTimerCreateTimerTask
 .text.xTimerGenericCommand
                0x080437e4       0x6c CMakeFiles/IAP_APP.elf.dir/Middlewares/Third_Party/FreeRTOS/Source/timers.c.obj
                0x080437e4                xTimerGenericCommand
 .text.prvSwitchTimerLists
                0x08043850       0x7c CMakeFiles/IAP_APP.elf.dir/Middlewares/Third_Party/FreeRTOS/Source/timers.c.obj
 .text.prvSampleTimeNow
                0x080438cc       0x2c CMakeFiles/IAP_APP.elf.dir/Middlewares/Third_Party/FreeRTOS/Source/timers.c.obj
 .text.prvProcessExpiredTimer
                0x080438f8       0x6c CMakeFiles/IAP_APP.elf.dir/Middlewares/Third_Party/FreeRTOS/Source/timers.c.obj
 .text.prvProcessTimerOrBlockTask
                0x08043964       0x74 CMakeFiles/IAP_APP.elf.dir/Middlewares/Third_Party/FreeRTOS/Source/timers.c.obj
 .text.prvProcessReceivedCommands
                0x080439d8      0x10c CMakeFiles/IAP_APP.elf.dir/Middlewares/Third_Party/FreeRTOS/Source/timers.c.obj
 .text.prvTimerTask
                0x08043ae4       0x16 CMakeFiles/IAP_APP.elf.dir/Middlewares/Third_Party/FreeRTOS/Source/timers.c.obj
 *fill*         0x08043afa        0x2 
 .text.__errno  0x08043afc        0xc c:/progra~1/stmicr~1/stm32c~1/gcc-ar~1/bin/../lib/gcc/arm-none-eabi/9.3.1/../../../../arm-none-eabi/lib/thumb/v7e-m+fp/hard\libg.a(lib_a-errno.o)
                0x08043afc                __errno
 .text.__libc_init_array
                0x08043b08       0x48 c:/progra~1/stmicr~1/stm32c~1/gcc-ar~1/bin/../lib/gcc/arm-none-eabi/9.3.1/../../../../arm-none-eabi/lib/thumb/v7e-m+fp/hard\libg.a(lib_a-init.o)
                0x08043b08                __libc_init_array
 .text.malloc   0x08043b50       0x10 c:/progra~1/stmicr~1/stm32c~1/gcc-ar~1/bin/../lib/gcc/arm-none-eabi/9.3.1/../../../../arm-none-eabi/lib/thumb/v7e-m+fp/hard\libg.a(lib_a-malloc.o)
                0x08043b50                malloc
 .text.free     0x08043b60       0x10 c:/progra~1/stmicr~1/stm32c~1/gcc-ar~1/bin/../lib/gcc/arm-none-eabi/9.3.1/../../../../arm-none-eabi/lib/thumb/v7e-m+fp/hard\libg.a(lib_a-malloc.o)
                0x08043b60                free
 .text._malloc_r
                0x08043b70      0x574 c:/progra~1/stmicr~1/stm32c~1/gcc-ar~1/bin/../lib/gcc/arm-none-eabi/9.3.1/../../../../arm-none-eabi/lib/thumb/v7e-m+fp/hard\libg.a(lib_a-mallocr.o)
                0x08043b70                _malloc_r
 .text.memset   0x080440e4       0xa0 c:/progra~1/stmicr~1/stm32c~1/gcc-ar~1/bin/../lib/gcc/arm-none-eabi/9.3.1/../../../../arm-none-eabi/lib/thumb/v7e-m+fp/hard\libg.a(lib_a-memset.o)
                0x080440e4                memset
 .text.__malloc_lock
                0x08044184        0xc c:/progra~1/stmicr~1/stm32c~1/gcc-ar~1/bin/../lib/gcc/arm-none-eabi/9.3.1/../../../../arm-none-eabi/lib/thumb/v7e-m+fp/hard\libg.a(lib_a-mlock.o)
                0x08044184                __malloc_lock
 .text.__malloc_unlock
                0x08044190        0xc c:/progra~1/stmicr~1/stm32c~1/gcc-ar~1/bin/../lib/gcc/arm-none-eabi/9.3.1/../../../../arm-none-eabi/lib/thumb/v7e-m+fp/hard\libg.a(lib_a-mlock.o)
                0x08044190                __malloc_unlock
 .text._puts_r  0x0804419c       0x9c c:/progra~1/stmicr~1/stm32c~1/gcc-ar~1/bin/../lib/gcc/arm-none-eabi/9.3.1/../../../../arm-none-eabi/lib/thumb/v7e-m+fp/hard\libg.a(lib_a-puts.o)
                0x0804419c                _puts_r
 .text.puts     0x08044238       0x10 c:/progra~1/stmicr~1/stm32c~1/gcc-ar~1/bin/../lib/gcc/arm-none-eabi/9.3.1/../../../../arm-none-eabi/lib/thumb/v7e-m+fp/hard\libg.a(lib_a-puts.o)
                0x08044238                puts
 .text._sbrk_r  0x08044248       0x24 c:/progra~1/stmicr~1/stm32c~1/gcc-ar~1/bin/../lib/gcc/arm-none-eabi/9.3.1/../../../../arm-none-eabi/lib/thumb/v7e-m+fp/hard\libg.a(lib_a-sbrkr.o)
                0x08044248                _sbrk_r
 .text.startup.register_fini
                0x0804426c       0x14 c:/progra~1/stmicr~1/stm32c~1/gcc-ar~1/bin/../lib/gcc/arm-none-eabi/9.3.1/../../../../arm-none-eabi/lib/thumb/v7e-m+fp/hard\libg.a(lib_a-__call_atexit.o)
 .text.atexit   0x08044280        0xc c:/progra~1/stmicr~1/stm32c~1/gcc-ar~1/bin/../lib/gcc/arm-none-eabi/9.3.1/../../../../arm-none-eabi/lib/thumb/v7e-m+fp/hard\libg.a(lib_a-atexit.o)
                0x08044280                atexit
 .text.std      0x0804428c       0x50 c:/progra~1/stmicr~1/stm32c~1/gcc-ar~1/bin/../lib/gcc/arm-none-eabi/9.3.1/../../../../arm-none-eabi/lib/thumb/v7e-m+fp/hard\libg.a(lib_a-findfp.o)
 .text._cleanup_r
                0x080442dc        0xc c:/progra~1/stmicr~1/stm32c~1/gcc-ar~1/bin/../lib/gcc/arm-none-eabi/9.3.1/../../../../arm-none-eabi/lib/thumb/v7e-m+fp/hard\libg.a(lib_a-findfp.o)
                0x080442dc                _cleanup_r
 .text.__sinit  0x080442e8       0x54 c:/progra~1/stmicr~1/stm32c~1/gcc-ar~1/bin/../lib/gcc/arm-none-eabi/9.3.1/../../../../arm-none-eabi/lib/thumb/v7e-m+fp/hard\libg.a(lib_a-findfp.o)
                0x080442e8                __sinit
 .text.__sfp_lock_acquire
                0x0804433c        0xc c:/progra~1/stmicr~1/stm32c~1/gcc-ar~1/bin/../lib/gcc/arm-none-eabi/9.3.1/../../../../arm-none-eabi/lib/thumb/v7e-m+fp/hard\libg.a(lib_a-findfp.o)
                0x0804433c                __sfp_lock_acquire
 .text.__sfp_lock_release
                0x08044348        0xc c:/progra~1/stmicr~1/stm32c~1/gcc-ar~1/bin/../lib/gcc/arm-none-eabi/9.3.1/../../../../arm-none-eabi/lib/thumb/v7e-m+fp/hard\libg.a(lib_a-findfp.o)
                0x08044348                __sfp_lock_release
 .text.__libc_fini_array
                0x08044354       0x2c c:/progra~1/stmicr~1/stm32c~1/gcc-ar~1/bin/../lib/gcc/arm-none-eabi/9.3.1/../../../../arm-none-eabi/lib/thumb/v7e-m+fp/hard\libg.a(lib_a-fini.o)
                0x08044354                __libc_fini_array
 .text._malloc_trim_r
                0x08044380       0xa0 c:/progra~1/stmicr~1/stm32c~1/gcc-ar~1/bin/../lib/gcc/arm-none-eabi/9.3.1/../../../../arm-none-eabi/lib/thumb/v7e-m+fp/hard\libg.a(lib_a-freer.o)
                0x08044380                _malloc_trim_r
 .text._free_r  0x08044420      0x208 c:/progra~1/stmicr~1/stm32c~1/gcc-ar~1/bin/../lib/gcc/arm-none-eabi/9.3.1/../../../../arm-none-eabi/lib/thumb/v7e-m+fp/hard\libg.a(lib_a-freer.o)
                0x08044420                _free_r
 .text.__sfvwrite_r
                0x08044628      0x2e0 c:/progra~1/stmicr~1/stm32c~1/gcc-ar~1/bin/../lib/gcc/arm-none-eabi/9.3.1/../../../../arm-none-eabi/lib/thumb/v7e-m+fp/hard\libg.a(lib_a-fvwrite.o)
                0x08044628                __sfvwrite_r
 .text._fwalk_reent
                0x08044908       0x48 c:/progra~1/stmicr~1/stm32c~1/gcc-ar~1/bin/../lib/gcc/arm-none-eabi/9.3.1/../../../../arm-none-eabi/lib/thumb/v7e-m+fp/hard\libg.a(lib_a-fwalk.o)
                0x08044908                _fwalk_reent
 .text.__retarget_lock_init_recursive
                0x08044950        0x4 c:/progra~1/stmicr~1/stm32c~1/gcc-ar~1/bin/../lib/gcc/arm-none-eabi/9.3.1/../../../../arm-none-eabi/lib/thumb/v7e-m+fp/hard\libg.a(lib_a-lock.o)
                0x08044950                __retarget_lock_init_recursive
 .text.__retarget_lock_close_recursive
                0x08044954        0x4 c:/progra~1/stmicr~1/stm32c~1/gcc-ar~1/bin/../lib/gcc/arm-none-eabi/9.3.1/../../../../arm-none-eabi/lib/thumb/v7e-m+fp/hard\libg.a(lib_a-lock.o)
                0x08044954                __retarget_lock_close_recursive
 .text.__retarget_lock_acquire_recursive
                0x08044958        0x4 c:/progra~1/stmicr~1/stm32c~1/gcc-ar~1/bin/../lib/gcc/arm-none-eabi/9.3.1/../../../../arm-none-eabi/lib/thumb/v7e-m+fp/hard\libg.a(lib_a-lock.o)
                0x08044958                __retarget_lock_acquire_recursive
 .text.__retarget_lock_release_recursive
                0x0804495c        0x4 c:/progra~1/stmicr~1/stm32c~1/gcc-ar~1/bin/../lib/gcc/arm-none-eabi/9.3.1/../../../../arm-none-eabi/lib/thumb/v7e-m+fp/hard\libg.a(lib_a-lock.o)
                0x0804495c                __retarget_lock_release_recursive
 .text.memmove  0x08044960       0xd8 c:/progra~1/stmicr~1/stm32c~1/gcc-ar~1/bin/../lib/gcc/arm-none-eabi/9.3.1/../../../../arm-none-eabi/lib/thumb/v7e-m+fp/hard\libg.a(lib_a-memmove.o)
                0x08044960                memmove
 .text._realloc_r
                0x08044a38      0x3e0 c:/progra~1/stmicr~1/stm32c~1/gcc-ar~1/bin/../lib/gcc/arm-none-eabi/9.3.1/../../../../arm-none-eabi/lib/thumb/v7e-m+fp/hard\libg.a(lib_a-reallocr.o)
                0x08044a38                _realloc_r
 .text.__sread  0x08044e18       0x24 c:/progra~1/stmicr~1/stm32c~1/gcc-ar~1/bin/../lib/gcc/arm-none-eabi/9.3.1/../../../../arm-none-eabi/lib/thumb/v7e-m+fp/hard\libg.a(lib_a-stdio.o)
                0x08044e18                __sread
 .text.__swrite
                0x08044e3c       0x40 c:/progra~1/stmicr~1/stm32c~1/gcc-ar~1/bin/../lib/gcc/arm-none-eabi/9.3.1/../../../../arm-none-eabi/lib/thumb/v7e-m+fp/hard\libg.a(lib_a-stdio.o)
                0x08044e3c                __swrite
 .text.__sseek  0x08044e7c       0x20 c:/progra~1/stmicr~1/stm32c~1/gcc-ar~1/bin/../lib/gcc/arm-none-eabi/9.3.1/../../../../arm-none-eabi/lib/thumb/v7e-m+fp/hard\libg.a(lib_a-stdio.o)
                0x08044e7c                __sseek
 .text.__sclose
                0x08044e9c        0x8 c:/progra~1/stmicr~1/stm32c~1/gcc-ar~1/bin/../lib/gcc/arm-none-eabi/9.3.1/../../../../arm-none-eabi/lib/thumb/v7e-m+fp/hard\libg.a(lib_a-stdio.o)
                0x08044e9c                __sclose
 .text._write_r
                0x08044ea4       0x2c c:/progra~1/stmicr~1/stm32c~1/gcc-ar~1/bin/../lib/gcc/arm-none-eabi/9.3.1/../../../../arm-none-eabi/lib/thumb/v7e-m+fp/hard\libg.a(lib_a-writer.o)
                0x08044ea4                _write_r
 .text.__swsetup_r
                0x08044ed0       0xd0 c:/progra~1/stmicr~1/stm32c~1/gcc-ar~1/bin/../lib/gcc/arm-none-eabi/9.3.1/../../../../arm-none-eabi/lib/thumb/v7e-m+fp/hard\libg.a(lib_a-wsetup.o)
                0x08044ed0                __swsetup_r
 .text.__register_exitproc
                0x08044fa0       0x8c c:/progra~1/stmicr~1/stm32c~1/gcc-ar~1/bin/../lib/gcc/arm-none-eabi/9.3.1/../../../../arm-none-eabi/lib/thumb/v7e-m+fp/hard\libg.a(lib_a-__atexit.o)
                0x08044fa0                __register_exitproc
 .text._close_r
                0x0804502c       0x24 c:/progra~1/stmicr~1/stm32c~1/gcc-ar~1/bin/../lib/gcc/arm-none-eabi/9.3.1/../../../../arm-none-eabi/lib/thumb/v7e-m+fp/hard\libg.a(lib_a-closer.o)
                0x0804502c                _close_r
 .text._fclose_r
                0x08045050       0xcc c:/progra~1/stmicr~1/stm32c~1/gcc-ar~1/bin/../lib/gcc/arm-none-eabi/9.3.1/../../../../arm-none-eabi/lib/thumb/v7e-m+fp/hard\libg.a(lib_a-fclose.o)
                0x08045050                _fclose_r
 .text.__sflush_r
                0x0804511c      0x130 c:/progra~1/stmicr~1/stm32c~1/gcc-ar~1/bin/../lib/gcc/arm-none-eabi/9.3.1/../../../../arm-none-eabi/lib/thumb/v7e-m+fp/hard\libg.a(lib_a-fflush.o)
                0x0804511c                __sflush_r
 .text._fflush_r
                0x0804524c       0x5c c:/progra~1/stmicr~1/stm32c~1/gcc-ar~1/bin/../lib/gcc/arm-none-eabi/9.3.1/../../../../arm-none-eabi/lib/thumb/v7e-m+fp/hard\libg.a(lib_a-fflush.o)
                0x0804524c                _fflush_r
 .text._lseek_r
                0x080452a8       0x2c c:/progra~1/stmicr~1/stm32c~1/gcc-ar~1/bin/../lib/gcc/arm-none-eabi/9.3.1/../../../../arm-none-eabi/lib/thumb/v7e-m+fp/hard\libg.a(lib_a-lseekr.o)
                0x080452a8                _lseek_r
 .text.__swhatbuf_r
                0x080452d4       0x5c c:/progra~1/stmicr~1/stm32c~1/gcc-ar~1/bin/../lib/gcc/arm-none-eabi/9.3.1/../../../../arm-none-eabi/lib/thumb/v7e-m+fp/hard\libg.a(lib_a-makebuf.o)
                0x080452d4                __swhatbuf_r
 .text.__smakebuf_r
                0x08045330       0x98 c:/progra~1/stmicr~1/stm32c~1/gcc-ar~1/bin/../lib/gcc/arm-none-eabi/9.3.1/../../../../arm-none-eabi/lib/thumb/v7e-m+fp/hard\libg.a(lib_a-makebuf.o)
                0x08045330                __smakebuf_r
 .text._read_r  0x080453c8       0x2c c:/progra~1/stmicr~1/stm32c~1/gcc-ar~1/bin/../lib/gcc/arm-none-eabi/9.3.1/../../../../arm-none-eabi/lib/thumb/v7e-m+fp/hard\libg.a(lib_a-readr.o)
                0x080453c8                _read_r
 .text._fstat_r
                0x080453f4       0x2c c:/progra~1/stmicr~1/stm32c~1/gcc-ar~1/bin/../lib/gcc/arm-none-eabi/9.3.1/../../../../arm-none-eabi/lib/thumb/v7e-m+fp/hard\libg.a(lib_a-fstatr.o)
                0x080453f4                _fstat_r
 .text._isatty_r
                0x08045420       0x24 c:/progra~1/stmicr~1/stm32c~1/gcc-ar~1/bin/../lib/gcc/arm-none-eabi/9.3.1/../../../../arm-none-eabi/lib/thumb/v7e-m+fp/hard\libg.a(lib_a-isattyr.o)
                0x08045420                _isatty_r
 *(.glue_7)
 .glue_7        0x08045444        0x0 linker stubs
 *(.glue_7t)
 .glue_7t       0x08045444        0x0 linker stubs
 *(.eh_frame)
 .eh_frame      0x08045444        0x0 c:/progra~1/stmicr~1/stm32c~1/gcc-ar~1/bin/../lib/gcc/arm-none-eabi/9.3.1/thumb/v7e-m+fp/hard/crtbegin.o
 *(.init)
 .init          0x08045444        0x4 c:/progra~1/stmicr~1/stm32c~1/gcc-ar~1/bin/../lib/gcc/arm-none-eabi/9.3.1/thumb/v7e-m+fp/hard/crti.o
                0x08045444                _init
 .init          0x08045448        0x8 c:/progra~1/stmicr~1/stm32c~1/gcc-ar~1/bin/../lib/gcc/arm-none-eabi/9.3.1/thumb/v7e-m+fp/hard/crtn.o
 *(.fini)
 .fini          0x08045450        0x4 c:/progra~1/stmicr~1/stm32c~1/gcc-ar~1/bin/../lib/gcc/arm-none-eabi/9.3.1/thumb/v7e-m+fp/hard/crti.o
                0x08045450                _fini
 .fini          0x08045454        0x8 c:/progra~1/stmicr~1/stm32c~1/gcc-ar~1/bin/../lib/gcc/arm-none-eabi/9.3.1/thumb/v7e-m+fp/hard/crtn.o
                0x0804545c                . = ALIGN (0x4)
                0x0804545c                _etext = .

.vfp11_veneer   0x0804545c        0x0
 .vfp11_veneer  0x0804545c        0x0 linker stubs

.v4_bx          0x0804545c        0x0
 .v4_bx         0x0804545c        0x0 linker stubs

.iplt           0x0804545c        0x0
 .iplt          0x0804545c        0x0 c:/progra~1/stmicr~1/stm32c~1/gcc-ar~1/bin/../lib/gcc/arm-none-eabi/9.3.1/thumb/v7e-m+fp/hard/crtbegin.o

.rodata         0x0804545c       0xac
                0x0804545c                . = ALIGN (0x4)
 *(.rodata)
 *(.rodata*)
 .rodata.str1.4
                0x0804545c       0x10 CMakeFiles/IAP_APP.elf.dir/Core/Src/freertos.c.obj
 .rodata.KeyTask_attributes
                0x0804546c       0x24 CMakeFiles/IAP_APP.elf.dir/Core/Src/freertos.c.obj
                0x0804546c                KeyTask_attributes
 .rodata.LedTask_attributes
                0x08045490       0x24 CMakeFiles/IAP_APP.elf.dir/Core/Src/freertos.c.obj
                0x08045490                LedTask_attributes
 .rodata.AHBPrescTable
                0x080454b4       0x10 CMakeFiles/IAP_APP.elf.dir/Core/Src/system_stm32f4xx.c.obj
                0x080454b4                AHBPrescTable
 .rodata.APBPrescTable
                0x080454c4        0x8 CMakeFiles/IAP_APP.elf.dir/Core/Src/system_stm32f4xx.c.obj
                0x080454c4                APBPrescTable
 .rodata.JumpAPP.str1.4
                0x080454cc       0x1a CMakeFiles/IAP_APP.elf.dir/Core/User/InFlash/InFlash.c.obj
 *fill*         0x080454e6        0x2 
 .rodata.vTaskStartScheduler.str1.4
                0x080454e8        0x5 CMakeFiles/IAP_APP.elf.dir/Middlewares/Third_Party/FreeRTOS/Source/tasks.c.obj
 *fill*         0x080454ed        0x3 
 .rodata.prvCheckForValidListAndQueue.str1.4
                0x080454f0        0x5 CMakeFiles/IAP_APP.elf.dir/Middlewares/Third_Party/FreeRTOS/Source/timers.c.obj
 *fill*         0x080454f5        0x3 
 .rodata.xTimerCreateTimerTask.str1.4
                0x080454f8        0x8 CMakeFiles/IAP_APP.elf.dir/Middlewares/Third_Party/FreeRTOS/Source/timers.c.obj
 .rodata._global_impure_ptr
                0x08045500        0x4 c:/progra~1/stmicr~1/stm32c~1/gcc-ar~1/bin/../lib/gcc/arm-none-eabi/9.3.1/../../../../arm-none-eabi/lib/thumb/v7e-m+fp/hard\libg.a(lib_a-impure.o)
                0x08045500                _global_impure_ptr
 .rodata._puts_r.str1.4
                0x08045504        0x2 c:/progra~1/stmicr~1/stm32c~1/gcc-ar~1/bin/../lib/gcc/arm-none-eabi/9.3.1/../../../../arm-none-eabi/lib/thumb/v7e-m+fp/hard\libg.a(lib_a-puts.o)
                0x08045508                . = ALIGN (0x4)
 *fill*         0x08045506        0x2 

.ARM.extab      0x08045508        0x0
                0x08045508                . = ALIGN (0x4)
 *(.ARM.extab* .gnu.linkonce.armextab.*)
                0x08045508                . = ALIGN (0x4)

.ARM            0x08045508        0x8
                0x08045508                . = ALIGN (0x4)
                0x08045508                __exidx_start = .
 *(.ARM.exidx*)
 .ARM.exidx     0x08045508        0x8 c:/progra~1/stmicr~1/stm32c~1/gcc-ar~1/bin/../lib/gcc/arm-none-eabi/9.3.1/thumb/v7e-m+fp/hard\libgcc.a(_udivmoddi4.o)
                0x08045510                __exidx_end = .
                0x08045510                . = ALIGN (0x4)

.rel.dyn        0x08045510        0x0
 .rel.iplt      0x08045510        0x0 c:/progra~1/stmicr~1/stm32c~1/gcc-ar~1/bin/../lib/gcc/arm-none-eabi/9.3.1/thumb/v7e-m+fp/hard/crtbegin.o

.preinit_array  0x08045510        0x0
                0x08045510                . = ALIGN (0x4)
                0x08045510                PROVIDE (__preinit_array_start = .)
 *(.preinit_array*)
                0x08045510                PROVIDE (__preinit_array_end = .)
                0x08045510                . = ALIGN (0x4)

.init_array     0x08045510        0x8
                0x08045510                . = ALIGN (0x4)
                0x08045510                PROVIDE (__init_array_start = .)
 *(SORT_BY_NAME(.init_array.*))
 .init_array.00000
                0x08045510        0x4 c:/progra~1/stmicr~1/stm32c~1/gcc-ar~1/bin/../lib/gcc/arm-none-eabi/9.3.1/../../../../arm-none-eabi/lib/thumb/v7e-m+fp/hard\libg.a(lib_a-__call_atexit.o)
 *(.init_array*)
 .init_array    0x08045514        0x4 c:/progra~1/stmicr~1/stm32c~1/gcc-ar~1/bin/../lib/gcc/arm-none-eabi/9.3.1/thumb/v7e-m+fp/hard/crtbegin.o
                0x08045518                PROVIDE (__init_array_end = .)
                0x08045518                . = ALIGN (0x4)

.fini_array     0x08045518        0x4
                0x08045518                . = ALIGN (0x4)
                0x08045518                PROVIDE (__fini_array_start = .)
 *(SORT_BY_NAME(.fini_array.*))
 *(.fini_array*)
 .fini_array    0x08045518        0x4 c:/progra~1/stmicr~1/stm32c~1/gcc-ar~1/bin/../lib/gcc/arm-none-eabi/9.3.1/thumb/v7e-m+fp/hard/crtbegin.o
                0x0804551c                PROVIDE (__fini_array_end = .)
                0x0804551c                . = ALIGN (0x4)
                0x0804551c                _sidata = LOADADDR (.data)

.data           0x20000000      0x854 load address 0x0804551c
                0x20000000                . = ALIGN (0x4)
                0x20000000                _sdata = .
 *(.data)
 *(.data*)
 .data.SystemCoreClock
                0x20000000        0x4 CMakeFiles/IAP_APP.elf.dir/Core/Src/system_stm32f4xx.c.obj
                0x20000000                SystemCoreClock
 .data.uwTickFreq
                0x20000004        0x1 CMakeFiles/IAP_APP.elf.dir/Drivers/STM32F4xx_HAL_Driver/Src/stm32f4xx_hal.c.obj
                0x20000004                uwTickFreq
 *fill*         0x20000005        0x3 
 .data.uwTickPrio
                0x20000008        0x4 CMakeFiles/IAP_APP.elf.dir/Drivers/STM32F4xx_HAL_Driver/Src/stm32f4xx_hal.c.obj
                0x20000008                uwTickPrio
 .data.uxCriticalNesting
                0x2000000c        0x4 CMakeFiles/IAP_APP.elf.dir/Middlewares/Third_Party/FreeRTOS/Source/portable/GCC/ARM_CM4F/port.c.obj
 .data._impure_ptr
                0x20000010        0x4 c:/progra~1/stmicr~1/stm32c~1/gcc-ar~1/bin/../lib/gcc/arm-none-eabi/9.3.1/../../../../arm-none-eabi/lib/thumb/v7e-m+fp/hard\libg.a(lib_a-impure.o)
                0x20000010                _impure_ptr
 *fill*         0x20000014        0x4 
 .data.impure_data
                0x20000018      0x428 c:/progra~1/stmicr~1/stm32c~1/gcc-ar~1/bin/../lib/gcc/arm-none-eabi/9.3.1/../../../../arm-none-eabi/lib/thumb/v7e-m+fp/hard\libg.a(lib_a-impure.o)
 .data.__malloc_av_
                0x20000440      0x408 c:/progra~1/stmicr~1/stm32c~1/gcc-ar~1/bin/../lib/gcc/arm-none-eabi/9.3.1/../../../../arm-none-eabi/lib/thumb/v7e-m+fp/hard\libg.a(lib_a-mallocr.o)
                0x20000440                __malloc_av_
 .data.__malloc_sbrk_base
                0x20000848        0x4 c:/progra~1/stmicr~1/stm32c~1/gcc-ar~1/bin/../lib/gcc/arm-none-eabi/9.3.1/../../../../arm-none-eabi/lib/thumb/v7e-m+fp/hard\libg.a(lib_a-mallocr.o)
                0x20000848                __malloc_sbrk_base
 .data.__malloc_trim_threshold
                0x2000084c        0x4 c:/progra~1/stmicr~1/stm32c~1/gcc-ar~1/bin/../lib/gcc/arm-none-eabi/9.3.1/../../../../arm-none-eabi/lib/thumb/v7e-m+fp/hard\libg.a(lib_a-mallocr.o)
                0x2000084c                __malloc_trim_threshold
 .data.__atexit_recursive_mutex
                0x20000850        0x4 c:/progra~1/stmicr~1/stm32c~1/gcc-ar~1/bin/../lib/gcc/arm-none-eabi/9.3.1/../../../../arm-none-eabi/lib/thumb/v7e-m+fp/hard\libg.a(lib_a-__call_atexit.o)
                0x20000850                __atexit_recursive_mutex
                0x20000854                . = ALIGN (0x4)
                0x20000854                _edata = .

.igot.plt       0x20000854        0x0 load address 0x08045d70
 .igot.plt      0x20000854        0x0 c:/progra~1/stmicr~1/stm32c~1/gcc-ar~1/bin/../lib/gcc/arm-none-eabi/9.3.1/thumb/v7e-m+fp/hard/crtbegin.o
                0x20000854                . = ALIGN (0x4)

.bss            0x20000854      0xe34 load address 0x08045d70
                0x20000854                _sbss = .
                0x20000854                __bss_start__ = _sbss
 *(.bss)
 .bss           0x20000854       0x1c c:/progra~1/stmicr~1/stm32c~1/gcc-ar~1/bin/../lib/gcc/arm-none-eabi/9.3.1/thumb/v7e-m+fp/hard/crtbegin.o
 *(.bss*)
 .bss.KeyTaskHandle
                0x20000870        0x4 CMakeFiles/IAP_APP.elf.dir/Core/Src/freertos.c.obj
                0x20000870                KeyTaskHandle
 .bss.LedTaskHandle
                0x20000874        0x4 CMakeFiles/IAP_APP.elf.dir/Core/Src/freertos.c.obj
                0x20000874                LedTaskHandle
 .bss.htim14    0x20000878       0x40 CMakeFiles/IAP_APP.elf.dir/Core/Src/stm32f4xx_hal_timebase_tim.c.obj
                0x20000878                htim14
 .bss.__sbrk_heap_end
                0x200008b8        0x4 CMakeFiles/IAP_APP.elf.dir/Core/Src/sysmem.c.obj
 .bss.huart1    0x200008bc       0x40 CMakeFiles/IAP_APP.elf.dir/Core/Src/usart.c.obj
                0x200008bc                huart1
 .bss.uwTick    0x200008fc        0x4 CMakeFiles/IAP_APP.elf.dir/Drivers/STM32F4xx_HAL_Driver/Src/stm32f4xx_hal.c.obj
                0x200008fc                uwTick
 .bss.Idle_Stack
                0x20000900      0x200 CMakeFiles/IAP_APP.elf.dir/Middlewares/Third_Party/FreeRTOS/Source/CMSIS_RTOS_V2/cmsis_os2.c.obj
 .bss.Idle_TCB  0x20000b00       0x5c CMakeFiles/IAP_APP.elf.dir/Middlewares/Third_Party/FreeRTOS/Source/CMSIS_RTOS_V2/cmsis_os2.c.obj
 .bss.KernelState
                0x20000b5c        0x4 CMakeFiles/IAP_APP.elf.dir/Middlewares/Third_Party/FreeRTOS/Source/CMSIS_RTOS_V2/cmsis_os2.c.obj
 .bss.Timer_Stack
                0x20000b60      0x400 CMakeFiles/IAP_APP.elf.dir/Middlewares/Third_Party/FreeRTOS/Source/CMSIS_RTOS_V2/cmsis_os2.c.obj
 .bss.Timer_TCB
                0x20000f60       0x5c CMakeFiles/IAP_APP.elf.dir/Middlewares/Third_Party/FreeRTOS/Source/CMSIS_RTOS_V2/cmsis_os2.c.obj
 .bss.ucMaxSysCallPriority
                0x20000fbc        0x1 CMakeFiles/IAP_APP.elf.dir/Middlewares/Third_Party/FreeRTOS/Source/portable/GCC/ARM_CM4F/port.c.obj
 *fill*         0x20000fbd        0x3 
 .bss.ulMaxPRIGROUPValue
                0x20000fc0        0x4 CMakeFiles/IAP_APP.elf.dir/Middlewares/Third_Party/FreeRTOS/Source/portable/GCC/ARM_CM4F/port.c.obj
 .bss.xQueueRegistry
                0x20000fc4       0x40 CMakeFiles/IAP_APP.elf.dir/Middlewares/Third_Party/FreeRTOS/Source/queue.c.obj
                0x20000fc4                xQueueRegistry
 .bss.pxCurrentTCB
                0x20001004        0x4 CMakeFiles/IAP_APP.elf.dir/Middlewares/Third_Party/FreeRTOS/Source/tasks.c.obj
                0x20001004                pxCurrentTCB
 .bss.pxDelayedTaskList
                0x20001008        0x4 CMakeFiles/IAP_APP.elf.dir/Middlewares/Third_Party/FreeRTOS/Source/tasks.c.obj
 .bss.pxOverflowDelayedTaskList
                0x2000100c        0x4 CMakeFiles/IAP_APP.elf.dir/Middlewares/Third_Party/FreeRTOS/Source/tasks.c.obj
 .bss.pxReadyTasksLists
                0x20001010      0x460 CMakeFiles/IAP_APP.elf.dir/Middlewares/Third_Party/FreeRTOS/Source/tasks.c.obj
 .bss.uxCurrentNumberOfTasks
                0x20001470        0x4 CMakeFiles/IAP_APP.elf.dir/Middlewares/Third_Party/FreeRTOS/Source/tasks.c.obj
 .bss.uxDeletedTasksWaitingCleanUp
                0x20001474        0x4 CMakeFiles/IAP_APP.elf.dir/Middlewares/Third_Party/FreeRTOS/Source/tasks.c.obj
 .bss.uxPendedTicks
                0x20001478        0x4 CMakeFiles/IAP_APP.elf.dir/Middlewares/Third_Party/FreeRTOS/Source/tasks.c.obj
 .bss.uxSchedulerSuspended
                0x2000147c        0x4 CMakeFiles/IAP_APP.elf.dir/Middlewares/Third_Party/FreeRTOS/Source/tasks.c.obj
 .bss.uxTaskNumber
                0x20001480        0x4 CMakeFiles/IAP_APP.elf.dir/Middlewares/Third_Party/FreeRTOS/Source/tasks.c.obj
 .bss.uxTopReadyPriority
                0x20001484        0x4 CMakeFiles/IAP_APP.elf.dir/Middlewares/Third_Party/FreeRTOS/Source/tasks.c.obj
 .bss.xDelayedTaskList1
                0x20001488       0x14 CMakeFiles/IAP_APP.elf.dir/Middlewares/Third_Party/FreeRTOS/Source/tasks.c.obj
 .bss.xDelayedTaskList2
                0x2000149c       0x14 CMakeFiles/IAP_APP.elf.dir/Middlewares/Third_Party/FreeRTOS/Source/tasks.c.obj
 .bss.xNextTaskUnblockTime
                0x200014b0        0x4 CMakeFiles/IAP_APP.elf.dir/Middlewares/Third_Party/FreeRTOS/Source/tasks.c.obj
 .bss.xNumOfOverflows
                0x200014b4        0x4 CMakeFiles/IAP_APP.elf.dir/Middlewares/Third_Party/FreeRTOS/Source/tasks.c.obj
 .bss.xPendingReadyList
                0x200014b8       0x14 CMakeFiles/IAP_APP.elf.dir/Middlewares/Third_Party/FreeRTOS/Source/tasks.c.obj
 .bss.xSchedulerRunning
                0x200014cc        0x4 CMakeFiles/IAP_APP.elf.dir/Middlewares/Third_Party/FreeRTOS/Source/tasks.c.obj
 .bss.xSuspendedTaskList
                0x200014d0       0x14 CMakeFiles/IAP_APP.elf.dir/Middlewares/Third_Party/FreeRTOS/Source/tasks.c.obj
 .bss.xTasksWaitingTermination
                0x200014e4       0x14 CMakeFiles/IAP_APP.elf.dir/Middlewares/Third_Party/FreeRTOS/Source/tasks.c.obj
 .bss.xTickCount
                0x200014f8        0x4 CMakeFiles/IAP_APP.elf.dir/Middlewares/Third_Party/FreeRTOS/Source/tasks.c.obj
 .bss.xYieldPending
                0x200014fc        0x4 CMakeFiles/IAP_APP.elf.dir/Middlewares/Third_Party/FreeRTOS/Source/tasks.c.obj
 .bss.pxCurrentTimerList
                0x20001500        0x4 CMakeFiles/IAP_APP.elf.dir/Middlewares/Third_Party/FreeRTOS/Source/timers.c.obj
 .bss.pxOverflowTimerList
                0x20001504        0x4 CMakeFiles/IAP_APP.elf.dir/Middlewares/Third_Party/FreeRTOS/Source/timers.c.obj
 .bss.ucStaticTimerQueueStorage.6936
                0x20001508       0xa0 CMakeFiles/IAP_APP.elf.dir/Middlewares/Third_Party/FreeRTOS/Source/timers.c.obj
 .bss.xActiveTimerList1
                0x200015a8       0x14 CMakeFiles/IAP_APP.elf.dir/Middlewares/Third_Party/FreeRTOS/Source/timers.c.obj
 .bss.xActiveTimerList2
                0x200015bc       0x14 CMakeFiles/IAP_APP.elf.dir/Middlewares/Third_Party/FreeRTOS/Source/timers.c.obj
 .bss.xLastTime.6885
                0x200015d0        0x4 CMakeFiles/IAP_APP.elf.dir/Middlewares/Third_Party/FreeRTOS/Source/timers.c.obj
 .bss.xStaticTimerQueue.6935
                0x200015d4       0x50 CMakeFiles/IAP_APP.elf.dir/Middlewares/Third_Party/FreeRTOS/Source/timers.c.obj
 .bss.xTimerQueue
                0x20001624        0x4 CMakeFiles/IAP_APP.elf.dir/Middlewares/Third_Party/FreeRTOS/Source/timers.c.obj
 .bss.xTimerTaskHandle
                0x20001628        0x4 CMakeFiles/IAP_APP.elf.dir/Middlewares/Third_Party/FreeRTOS/Source/timers.c.obj
 .bss.__malloc_current_mallinfo
                0x2000162c       0x28 c:/progra~1/stmicr~1/stm32c~1/gcc-ar~1/bin/../lib/gcc/arm-none-eabi/9.3.1/../../../../arm-none-eabi/lib/thumb/v7e-m+fp/hard\libg.a(lib_a-mallocr.o)
                0x2000162c                __malloc_current_mallinfo
 .bss.__malloc_max_sbrked_mem
                0x20001654        0x4 c:/progra~1/stmicr~1/stm32c~1/gcc-ar~1/bin/../lib/gcc/arm-none-eabi/9.3.1/../../../../arm-none-eabi/lib/thumb/v7e-m+fp/hard\libg.a(lib_a-mallocr.o)
                0x20001654                __malloc_max_sbrked_mem
 .bss.__malloc_max_total_mem
                0x20001658        0x4 c:/progra~1/stmicr~1/stm32c~1/gcc-ar~1/bin/../lib/gcc/arm-none-eabi/9.3.1/../../../../arm-none-eabi/lib/thumb/v7e-m+fp/hard\libg.a(lib_a-mallocr.o)
                0x20001658                __malloc_max_total_mem
 .bss.__malloc_top_pad
                0x2000165c        0x4 c:/progra~1/stmicr~1/stm32c~1/gcc-ar~1/bin/../lib/gcc/arm-none-eabi/9.3.1/../../../../arm-none-eabi/lib/thumb/v7e-m+fp/hard\libg.a(lib_a-mallocr.o)
                0x2000165c                __malloc_top_pad
 *(COMMON)
 COMMON         0x20001660       0x21 c:/progra~1/stmicr~1/stm32c~1/gcc-ar~1/bin/../lib/gcc/arm-none-eabi/9.3.1/../../../../arm-none-eabi/lib/thumb/v7e-m+fp/hard\libg.a(lib_a-lock.o)
                0x20001660                __lock___atexit_recursive_mutex
                0x20001664                __lock___arc4random_mutex
                0x20001668                __lock___env_recursive_mutex
                0x2000166c                __lock___sinit_recursive_mutex
                0x20001670                __lock___malloc_recursive_mutex
                0x20001674                __lock___at_quick_exit_mutex
                0x20001678                __lock___dd_hash_mutex
                0x2000167c                __lock___tz_mutex
                0x20001680                __lock___sfp_recursive_mutex
 *fill*         0x20001681        0x3 
 COMMON         0x20001684        0x4 c:/progra~1/stmicr~1/stm32c~1/gcc-ar~1/bin/../lib/gcc/arm-none-eabi/9.3.1/../../../../arm-none-eabi/lib/thumb/v7e-m+fp/hard\libg.a(lib_a-reent.o)
                0x20001684                errno
                0x20001688                . = ALIGN (0x4)
                0x20001688                _ebss = .
                0x20001688                __bss_end__ = _ebss

._user_heap_stack
                0x20001688      0x600 load address 0x08045d70
                0x20001688                . = ALIGN (0x8)
                [!provide]                PROVIDE (end = .)
                0x20001688                PROVIDE (_end = .)
                0x20001888                . = (. + _Min_Heap_Size)
 *fill*         0x20001688      0x200 
                0x20001c88                . = (. + _Min_Stack_Size)
 *fill*         0x20001888      0x400 
                0x20001c88                . = ALIGN (0x8)

/DISCARD/
 libc.a(*)
 libm.a(*)
 libgcc.a(*)

.ARM.attributes
                0x00000000       0x30
 *(.ARM.attributes)
 .ARM.attributes
                0x00000000       0x1e c:/progra~1/stmicr~1/stm32c~1/gcc-ar~1/bin/../lib/gcc/arm-none-eabi/9.3.1/thumb/v7e-m+fp/hard/crti.o
 .ARM.attributes
                0x0000001e       0x34 c:/progra~1/stmicr~1/stm32c~1/gcc-ar~1/bin/../lib/gcc/arm-none-eabi/9.3.1/thumb/v7e-m+fp/hard/crtbegin.o
 .ARM.attributes
                0x00000052       0x34 CMakeFiles/IAP_APP.elf.dir/Core/Src/freertos.c.obj
 .ARM.attributes
                0x00000086       0x34 CMakeFiles/IAP_APP.elf.dir/Core/Src/gpio.c.obj
 .ARM.attributes
                0x000000ba       0x34 CMakeFiles/IAP_APP.elf.dir/Core/Src/main.c.obj
 .ARM.attributes
                0x000000ee       0x34 CMakeFiles/IAP_APP.elf.dir/Core/Src/stm32f4xx_hal_msp.c.obj
 .ARM.attributes
                0x00000122       0x34 CMakeFiles/IAP_APP.elf.dir/Core/Src/stm32f4xx_hal_timebase_tim.c.obj
 .ARM.attributes
                0x00000156       0x34 CMakeFiles/IAP_APP.elf.dir/Core/Src/stm32f4xx_it.c.obj
 .ARM.attributes
                0x0000018a       0x34 CMakeFiles/IAP_APP.elf.dir/Core/Src/syscalls.c.obj
 .ARM.attributes
                0x000001be       0x34 CMakeFiles/IAP_APP.elf.dir/Core/Src/sysmem.c.obj
 .ARM.attributes
                0x000001f2       0x34 CMakeFiles/IAP_APP.elf.dir/Core/Src/system_stm32f4xx.c.obj
 .ARM.attributes
                0x00000226       0x34 CMakeFiles/IAP_APP.elf.dir/Core/Src/usart.c.obj
 .ARM.attributes
                0x0000025a       0x21 CMakeFiles/IAP_APP.elf.dir/Core/Startup/startup_stm32f407vetx.s.obj
 .ARM.attributes
                0x0000027b       0x34 CMakeFiles/IAP_APP.elf.dir/Core/User/InFlash/InFlash.c.obj
 .ARM.attributes
                0x000002af       0x34 CMakeFiles/IAP_APP.elf.dir/Core/User/LED/LED.c.obj
 .ARM.attributes
                0x000002e3       0x34 CMakeFiles/IAP_APP.elf.dir/Drivers/STM32F4xx_HAL_Driver/Src/stm32f4xx_hal.c.obj
 .ARM.attributes
                0x00000317       0x34 CMakeFiles/IAP_APP.elf.dir/Drivers/STM32F4xx_HAL_Driver/Src/stm32f4xx_hal_cortex.c.obj
 .ARM.attributes
                0x0000034b       0x34 CMakeFiles/IAP_APP.elf.dir/Drivers/STM32F4xx_HAL_Driver/Src/stm32f4xx_hal_gpio.c.obj
 .ARM.attributes
                0x0000037f       0x34 CMakeFiles/IAP_APP.elf.dir/Drivers/STM32F4xx_HAL_Driver/Src/stm32f4xx_hal_rcc.c.obj
 .ARM.attributes
                0x000003b3       0x34 CMakeFiles/IAP_APP.elf.dir/Drivers/STM32F4xx_HAL_Driver/Src/stm32f4xx_hal_rcc_ex.c.obj
 .ARM.attributes
                0x000003e7       0x34 CMakeFiles/IAP_APP.elf.dir/Drivers/STM32F4xx_HAL_Driver/Src/stm32f4xx_hal_tim.c.obj
 .ARM.attributes
                0x0000041b       0x34 CMakeFiles/IAP_APP.elf.dir/Drivers/STM32F4xx_HAL_Driver/Src/stm32f4xx_hal_tim_ex.c.obj
 .ARM.attributes
                0x0000044f       0x34 CMakeFiles/IAP_APP.elf.dir/Drivers/STM32F4xx_HAL_Driver/Src/stm32f4xx_hal_uart.c.obj
 .ARM.attributes
                0x00000483       0x34 CMakeFiles/IAP_APP.elf.dir/Middlewares/Third_Party/FreeRTOS/Source/CMSIS_RTOS_V2/cmsis_os2.c.obj
 .ARM.attributes
                0x000004b7       0x34 CMakeFiles/IAP_APP.elf.dir/Middlewares/Third_Party/FreeRTOS/Source/list.c.obj
 .ARM.attributes
                0x000004eb       0x34 CMakeFiles/IAP_APP.elf.dir/Middlewares/Third_Party/FreeRTOS/Source/portable/GCC/ARM_CM4F/port.c.obj
 .ARM.attributes
                0x0000051f       0x34 CMakeFiles/IAP_APP.elf.dir/Middlewares/Third_Party/FreeRTOS/Source/portable/MemMang/heap_3.c.obj
 .ARM.attributes
                0x00000553       0x34 CMakeFiles/IAP_APP.elf.dir/Middlewares/Third_Party/FreeRTOS/Source/queue.c.obj
 .ARM.attributes
                0x00000587       0x34 CMakeFiles/IAP_APP.elf.dir/Middlewares/Third_Party/FreeRTOS/Source/tasks.c.obj
 .ARM.attributes
                0x000005bb       0x34 CMakeFiles/IAP_APP.elf.dir/Middlewares/Third_Party/FreeRTOS/Source/timers.c.obj
 .ARM.attributes
                0x000005ef       0x1e c:/progra~1/stmicr~1/stm32c~1/gcc-ar~1/bin/../lib/gcc/arm-none-eabi/9.3.1/thumb/v7e-m+fp/hard\libgcc.a(_aeabi_uldivmod.o)
 .ARM.attributes
                0x0000060d       0x34 c:/progra~1/stmicr~1/stm32c~1/gcc-ar~1/bin/../lib/gcc/arm-none-eabi/9.3.1/thumb/v7e-m+fp/hard\libgcc.a(_udivmoddi4.o)
 .ARM.attributes
                0x00000641       0x1e c:/progra~1/stmicr~1/stm32c~1/gcc-ar~1/bin/../lib/gcc/arm-none-eabi/9.3.1/thumb/v7e-m+fp/hard\libgcc.a(_dvmd_tls.o)
 .ARM.attributes
                0x0000065f       0x34 c:/progra~1/stmicr~1/stm32c~1/gcc-ar~1/bin/../lib/gcc/arm-none-eabi/9.3.1/../../../../arm-none-eabi/lib/thumb/v7e-m+fp/hard\libg.a(lib_a-errno.o)
 .ARM.attributes
                0x00000693       0x32 c:/progra~1/stmicr~1/stm32c~1/gcc-ar~1/bin/../lib/gcc/arm-none-eabi/9.3.1/../../../../arm-none-eabi/lib/thumb/v7e-m+fp/hard\libg.a(lib_a-impure.o)
 .ARM.attributes
                0x000006c5       0x34 c:/progra~1/stmicr~1/stm32c~1/gcc-ar~1/bin/../lib/gcc/arm-none-eabi/9.3.1/../../../../arm-none-eabi/lib/thumb/v7e-m+fp/hard\libg.a(lib_a-init.o)
 .ARM.attributes
                0x000006f9       0x34 c:/progra~1/stmicr~1/stm32c~1/gcc-ar~1/bin/../lib/gcc/arm-none-eabi/9.3.1/../../../../arm-none-eabi/lib/thumb/v7e-m+fp/hard\libg.a(lib_a-malloc.o)
 .ARM.attributes
                0x0000072d       0x34 c:/progra~1/stmicr~1/stm32c~1/gcc-ar~1/bin/../lib/gcc/arm-none-eabi/9.3.1/../../../../arm-none-eabi/lib/thumb/v7e-m+fp/hard\libg.a(lib_a-mallocr.o)
 .ARM.attributes
                0x00000761       0x1c c:/progra~1/stmicr~1/stm32c~1/gcc-ar~1/bin/../lib/gcc/arm-none-eabi/9.3.1/../../../../arm-none-eabi/lib/thumb/v7e-m+fp/hard\libg.a(lib_a-memcpy.o)
 .ARM.attributes
                0x0000077d       0x34 c:/progra~1/stmicr~1/stm32c~1/gcc-ar~1/bin/../lib/gcc/arm-none-eabi/9.3.1/../../../../arm-none-eabi/lib/thumb/v7e-m+fp/hard\libg.a(lib_a-memset.o)
 .ARM.attributes
                0x000007b1       0x34 c:/progra~1/stmicr~1/stm32c~1/gcc-ar~1/bin/../lib/gcc/arm-none-eabi/9.3.1/../../../../arm-none-eabi/lib/thumb/v7e-m+fp/hard\libg.a(lib_a-mlock.o)
 .ARM.attributes
                0x000007e5       0x34 c:/progra~1/stmicr~1/stm32c~1/gcc-ar~1/bin/../lib/gcc/arm-none-eabi/9.3.1/../../../../arm-none-eabi/lib/thumb/v7e-m+fp/hard\libg.a(lib_a-puts.o)
 .ARM.attributes
                0x00000819       0x34 c:/progra~1/stmicr~1/stm32c~1/gcc-ar~1/bin/../lib/gcc/arm-none-eabi/9.3.1/../../../../arm-none-eabi/lib/thumb/v7e-m+fp/hard\libg.a(lib_a-sbrkr.o)
 .ARM.attributes
                0x0000084d       0x1c c:/progra~1/stmicr~1/stm32c~1/gcc-ar~1/bin/../lib/gcc/arm-none-eabi/9.3.1/../../../../arm-none-eabi/lib/thumb/v7e-m+fp/hard\libg.a(lib_a-strlen.o)
 .ARM.attributes
                0x00000869       0x34 c:/progra~1/stmicr~1/stm32c~1/gcc-ar~1/bin/../lib/gcc/arm-none-eabi/9.3.1/../../../../arm-none-eabi/lib/thumb/v7e-m+fp/hard\libg.a(lib_a-__call_atexit.o)
 .ARM.attributes
                0x0000089d       0x34 c:/progra~1/stmicr~1/stm32c~1/gcc-ar~1/bin/../lib/gcc/arm-none-eabi/9.3.1/../../../../arm-none-eabi/lib/thumb/v7e-m+fp/hard\libg.a(lib_a-atexit.o)
 .ARM.attributes
                0x000008d1       0x34 c:/progra~1/stmicr~1/stm32c~1/gcc-ar~1/bin/../lib/gcc/arm-none-eabi/9.3.1/../../../../arm-none-eabi/lib/thumb/v7e-m+fp/hard\libg.a(lib_a-findfp.o)
 .ARM.attributes
                0x00000905       0x34 c:/progra~1/stmicr~1/stm32c~1/gcc-ar~1/bin/../lib/gcc/arm-none-eabi/9.3.1/../../../../arm-none-eabi/lib/thumb/v7e-m+fp/hard\libg.a(lib_a-fini.o)
 .ARM.attributes
                0x00000939       0x34 c:/progra~1/stmicr~1/stm32c~1/gcc-ar~1/bin/../lib/gcc/arm-none-eabi/9.3.1/../../../../arm-none-eabi/lib/thumb/v7e-m+fp/hard\libg.a(lib_a-freer.o)
 .ARM.attributes
                0x0000096d       0x34 c:/progra~1/stmicr~1/stm32c~1/gcc-ar~1/bin/../lib/gcc/arm-none-eabi/9.3.1/../../../../arm-none-eabi/lib/thumb/v7e-m+fp/hard\libg.a(lib_a-fvwrite.o)
 .ARM.attributes
                0x000009a1       0x34 c:/progra~1/stmicr~1/stm32c~1/gcc-ar~1/bin/../lib/gcc/arm-none-eabi/9.3.1/../../../../arm-none-eabi/lib/thumb/v7e-m+fp/hard\libg.a(lib_a-fwalk.o)
 .ARM.attributes
                0x000009d5       0x34 c:/progra~1/stmicr~1/stm32c~1/gcc-ar~1/bin/../lib/gcc/arm-none-eabi/9.3.1/../../../../arm-none-eabi/lib/thumb/v7e-m+fp/hard\libg.a(lib_a-lock.o)
 .ARM.attributes
                0x00000a09       0x1c c:/progra~1/stmicr~1/stm32c~1/gcc-ar~1/bin/../lib/gcc/arm-none-eabi/9.3.1/../../../../arm-none-eabi/lib/thumb/v7e-m+fp/hard\libg.a(lib_a-memchr.o)
 .ARM.attributes
                0x00000a25       0x34 c:/progra~1/stmicr~1/stm32c~1/gcc-ar~1/bin/../lib/gcc/arm-none-eabi/9.3.1/../../../../arm-none-eabi/lib/thumb/v7e-m+fp/hard\libg.a(lib_a-memmove.o)
 .ARM.attributes
                0x00000a59       0x34 c:/progra~1/stmicr~1/stm32c~1/gcc-ar~1/bin/../lib/gcc/arm-none-eabi/9.3.1/../../../../arm-none-eabi/lib/thumb/v7e-m+fp/hard\libg.a(lib_a-reallocr.o)
 .ARM.attributes
                0x00000a8d       0x34 c:/progra~1/stmicr~1/stm32c~1/gcc-ar~1/bin/../lib/gcc/arm-none-eabi/9.3.1/../../../../arm-none-eabi/lib/thumb/v7e-m+fp/hard\libg.a(lib_a-reent.o)
 .ARM.attributes
                0x00000ac1       0x34 c:/progra~1/stmicr~1/stm32c~1/gcc-ar~1/bin/../lib/gcc/arm-none-eabi/9.3.1/../../../../arm-none-eabi/lib/thumb/v7e-m+fp/hard\libg.a(lib_a-stdio.o)
 .ARM.attributes
                0x00000af5       0x34 c:/progra~1/stmicr~1/stm32c~1/gcc-ar~1/bin/../lib/gcc/arm-none-eabi/9.3.1/../../../../arm-none-eabi/lib/thumb/v7e-m+fp/hard\libg.a(lib_a-writer.o)
 .ARM.attributes
                0x00000b29       0x34 c:/progra~1/stmicr~1/stm32c~1/gcc-ar~1/bin/../lib/gcc/arm-none-eabi/9.3.1/../../../../arm-none-eabi/lib/thumb/v7e-m+fp/hard\libg.a(lib_a-wsetup.o)
 .ARM.attributes
                0x00000b5d       0x34 c:/progra~1/stmicr~1/stm32c~1/gcc-ar~1/bin/../lib/gcc/arm-none-eabi/9.3.1/../../../../arm-none-eabi/lib/thumb/v7e-m+fp/hard\libg.a(lib_a-__atexit.o)
 .ARM.attributes
                0x00000b91       0x34 c:/progra~1/stmicr~1/stm32c~1/gcc-ar~1/bin/../lib/gcc/arm-none-eabi/9.3.1/../../../../arm-none-eabi/lib/thumb/v7e-m+fp/hard\libg.a(lib_a-closer.o)
 .ARM.attributes
                0x00000bc5       0x34 c:/progra~1/stmicr~1/stm32c~1/gcc-ar~1/bin/../lib/gcc/arm-none-eabi/9.3.1/../../../../arm-none-eabi/lib/thumb/v7e-m+fp/hard\libg.a(lib_a-fclose.o)
 .ARM.attributes
                0x00000bf9       0x34 c:/progra~1/stmicr~1/stm32c~1/gcc-ar~1/bin/../lib/gcc/arm-none-eabi/9.3.1/../../../../arm-none-eabi/lib/thumb/v7e-m+fp/hard\libg.a(lib_a-fflush.o)
 .ARM.attributes
                0x00000c2d       0x34 c:/progra~1/stmicr~1/stm32c~1/gcc-ar~1/bin/../lib/gcc/arm-none-eabi/9.3.1/../../../../arm-none-eabi/lib/thumb/v7e-m+fp/hard\libg.a(lib_a-lseekr.o)
 .ARM.attributes
                0x00000c61       0x34 c:/progra~1/stmicr~1/stm32c~1/gcc-ar~1/bin/../lib/gcc/arm-none-eabi/9.3.1/../../../../arm-none-eabi/lib/thumb/v7e-m+fp/hard\libg.a(lib_a-makebuf.o)
 .ARM.attributes
                0x00000c95       0x34 c:/progra~1/stmicr~1/stm32c~1/gcc-ar~1/bin/../lib/gcc/arm-none-eabi/9.3.1/../../../../arm-none-eabi/lib/thumb/v7e-m+fp/hard\libg.a(lib_a-readr.o)
 .ARM.attributes
                0x00000cc9       0x34 c:/progra~1/stmicr~1/stm32c~1/gcc-ar~1/bin/../lib/gcc/arm-none-eabi/9.3.1/../../../../arm-none-eabi/lib/thumb/v7e-m+fp/hard\libg.a(lib_a-fstatr.o)
 .ARM.attributes
                0x00000cfd       0x34 c:/progra~1/stmicr~1/stm32c~1/gcc-ar~1/bin/../lib/gcc/arm-none-eabi/9.3.1/../../../../arm-none-eabi/lib/thumb/v7e-m+fp/hard\libg.a(lib_a-isattyr.o)
 .ARM.attributes
                0x00000d31       0x1e c:/progra~1/stmicr~1/stm32c~1/gcc-ar~1/bin/../lib/gcc/arm-none-eabi/9.3.1/thumb/v7e-m+fp/hard/crtn.o
OUTPUT(IAP_APP.elf elf32-littlearm)
LOAD linker stubs
LOAD c:/progra~1/stmicr~1/stm32c~1/gcc-ar~1/bin/../lib/gcc/arm-none-eabi/9.3.1/../../../../arm-none-eabi/lib/thumb/v7e-m+fp/hard\libc.a
LOAD c:/progra~1/stmicr~1/stm32c~1/gcc-ar~1/bin/../lib/gcc/arm-none-eabi/9.3.1/../../../../arm-none-eabi/lib/thumb/v7e-m+fp/hard\libm.a
LOAD c:/progra~1/stmicr~1/stm32c~1/gcc-ar~1/bin/../lib/gcc/arm-none-eabi/9.3.1/thumb/v7e-m+fp/hard\libgcc.a

.debug_info     0x00000000    0x2109d
 .debug_info    0x00000000      0x912 CMakeFiles/IAP_APP.elf.dir/Core/Src/freertos.c.obj
 .debug_info    0x00000912      0x57b CMakeFiles/IAP_APP.elf.dir/Core/Src/gpio.c.obj
 .debug_info    0x00000e8d      0xe41 CMakeFiles/IAP_APP.elf.dir/Core/Src/main.c.obj
 .debug_info    0x00001cce      0x5e4 CMakeFiles/IAP_APP.elf.dir/Core/Src/stm32f4xx_hal_msp.c.obj
 .debug_info    0x000022b2      0xca7 CMakeFiles/IAP_APP.elf.dir/Core/Src/stm32f4xx_hal_timebase_tim.c.obj
 .debug_info    0x00002f59      0x73b CMakeFiles/IAP_APP.elf.dir/Core/Src/stm32f4xx_it.c.obj
 .debug_info    0x00003694     0x10b1 CMakeFiles/IAP_APP.elf.dir/Core/Src/syscalls.c.obj
 .debug_info    0x00004745      0xa3a CMakeFiles/IAP_APP.elf.dir/Core/Src/sysmem.c.obj
 .debug_info    0x0000517f      0x5b9 CMakeFiles/IAP_APP.elf.dir/Core/Src/system_stm32f4xx.c.obj
 .debug_info    0x00005738      0xad9 CMakeFiles/IAP_APP.elf.dir/Core/Src/usart.c.obj
 .debug_info    0x00006211       0x22 CMakeFiles/IAP_APP.elf.dir/Core/Startup/startup_stm32f407vetx.s.obj
 .debug_info    0x00006233     0x1028 CMakeFiles/IAP_APP.elf.dir/Core/User/InFlash/InFlash.c.obj
 .debug_info    0x0000725b      0x4b8 CMakeFiles/IAP_APP.elf.dir/Core/User/LED/LED.c.obj
 .debug_info    0x00007713      0xa79 CMakeFiles/IAP_APP.elf.dir/Drivers/STM32F4xx_HAL_Driver/Src/stm32f4xx_hal.c.obj
 .debug_info    0x0000818c     0x1154 CMakeFiles/IAP_APP.elf.dir/Drivers/STM32F4xx_HAL_Driver/Src/stm32f4xx_hal_cortex.c.obj
 .debug_info    0x000092e0      0x86f CMakeFiles/IAP_APP.elf.dir/Drivers/STM32F4xx_HAL_Driver/Src/stm32f4xx_hal_gpio.c.obj
 .debug_info    0x00009b4f      0xb5d CMakeFiles/IAP_APP.elf.dir/Drivers/STM32F4xx_HAL_Driver/Src/stm32f4xx_hal_rcc.c.obj
 .debug_info    0x0000a6ac      0x740 CMakeFiles/IAP_APP.elf.dir/Drivers/STM32F4xx_HAL_Driver/Src/stm32f4xx_hal_rcc_ex.c.obj
 .debug_info    0x0000adec     0x36b9 CMakeFiles/IAP_APP.elf.dir/Drivers/STM32F4xx_HAL_Driver/Src/stm32f4xx_hal_tim.c.obj
 .debug_info    0x0000e4a5     0x16f7 CMakeFiles/IAP_APP.elf.dir/Drivers/STM32F4xx_HAL_Driver/Src/stm32f4xx_hal_tim_ex.c.obj
 .debug_info    0x0000fb9c     0x19ad CMakeFiles/IAP_APP.elf.dir/Drivers/STM32F4xx_HAL_Driver/Src/stm32f4xx_hal_uart.c.obj
 .debug_info    0x00011549     0x537e CMakeFiles/IAP_APP.elf.dir/Middlewares/Third_Party/FreeRTOS/Source/CMSIS_RTOS_V2/cmsis_os2.c.obj
 .debug_info    0x000168c7      0xb91 CMakeFiles/IAP_APP.elf.dir/Middlewares/Third_Party/FreeRTOS/Source/list.c.obj
 .debug_info    0x00017458      0x587 CMakeFiles/IAP_APP.elf.dir/Middlewares/Third_Party/FreeRTOS/Source/portable/GCC/ARM_CM4F/port.c.obj
 .debug_info    0x000179df      0xa3c CMakeFiles/IAP_APP.elf.dir/Middlewares/Third_Party/FreeRTOS/Source/portable/MemMang/heap_3.c.obj
 .debug_info    0x0001841b     0x309d CMakeFiles/IAP_APP.elf.dir/Middlewares/Third_Party/FreeRTOS/Source/queue.c.obj
 .debug_info    0x0001b4b8     0x3929 CMakeFiles/IAP_APP.elf.dir/Middlewares/Third_Party/FreeRTOS/Source/tasks.c.obj
 .debug_info    0x0001ede1     0x22bc CMakeFiles/IAP_APP.elf.dir/Middlewares/Third_Party/FreeRTOS/Source/timers.c.obj

.debug_abbrev   0x00000000     0x436a
 .debug_abbrev  0x00000000      0x1c9 CMakeFiles/IAP_APP.elf.dir/Core/Src/freertos.c.obj
 .debug_abbrev  0x000001c9      0x17b CMakeFiles/IAP_APP.elf.dir/Core/Src/gpio.c.obj
 .debug_abbrev  0x00000344      0x23c CMakeFiles/IAP_APP.elf.dir/Core/Src/main.c.obj
 .debug_abbrev  0x00000580      0x146 CMakeFiles/IAP_APP.elf.dir/Core/Src/stm32f4xx_hal_msp.c.obj
 .debug_abbrev  0x000006c6      0x219 CMakeFiles/IAP_APP.elf.dir/Core/Src/stm32f4xx_hal_timebase_tim.c.obj
 .debug_abbrev  0x000008df      0x193 CMakeFiles/IAP_APP.elf.dir/Core/Src/stm32f4xx_it.c.obj
 .debug_abbrev  0x00000a72      0x2f8 CMakeFiles/IAP_APP.elf.dir/Core/Src/syscalls.c.obj
 .debug_abbrev  0x00000d6a      0x23e CMakeFiles/IAP_APP.elf.dir/Core/Src/sysmem.c.obj
 .debug_abbrev  0x00000fa8      0x148 CMakeFiles/IAP_APP.elf.dir/Core/Src/system_stm32f4xx.c.obj
 .debug_abbrev  0x000010f0      0x21f CMakeFiles/IAP_APP.elf.dir/Core/Src/usart.c.obj
 .debug_abbrev  0x0000130f       0x12 CMakeFiles/IAP_APP.elf.dir/Core/Startup/startup_stm32f407vetx.s.obj
 .debug_abbrev  0x00001321      0x3b1 CMakeFiles/IAP_APP.elf.dir/Core/User/InFlash/InFlash.c.obj
 .debug_abbrev  0x000016d2      0x142 CMakeFiles/IAP_APP.elf.dir/Core/User/LED/LED.c.obj
 .debug_abbrev  0x00001814      0x219 CMakeFiles/IAP_APP.elf.dir/Drivers/STM32F4xx_HAL_Driver/Src/stm32f4xx_hal.c.obj
 .debug_abbrev  0x00001a2d      0x390 CMakeFiles/IAP_APP.elf.dir/Drivers/STM32F4xx_HAL_Driver/Src/stm32f4xx_hal_cortex.c.obj
 .debug_abbrev  0x00001dbd      0x21c CMakeFiles/IAP_APP.elf.dir/Drivers/STM32F4xx_HAL_Driver/Src/stm32f4xx_hal_gpio.c.obj
 .debug_abbrev  0x00001fd9      0x2ae CMakeFiles/IAP_APP.elf.dir/Drivers/STM32F4xx_HAL_Driver/Src/stm32f4xx_hal_rcc.c.obj
 .debug_abbrev  0x00002287      0x19a CMakeFiles/IAP_APP.elf.dir/Drivers/STM32F4xx_HAL_Driver/Src/stm32f4xx_hal_rcc_ex.c.obj
 .debug_abbrev  0x00002421      0x258 CMakeFiles/IAP_APP.elf.dir/Drivers/STM32F4xx_HAL_Driver/Src/stm32f4xx_hal_tim.c.obj
 .debug_abbrev  0x00002679      0x26e CMakeFiles/IAP_APP.elf.dir/Drivers/STM32F4xx_HAL_Driver/Src/stm32f4xx_hal_tim_ex.c.obj
 .debug_abbrev  0x000028e7      0x2c0 CMakeFiles/IAP_APP.elf.dir/Drivers/STM32F4xx_HAL_Driver/Src/stm32f4xx_hal_uart.c.obj
 .debug_abbrev  0x00002ba7      0x4cf CMakeFiles/IAP_APP.elf.dir/Middlewares/Third_Party/FreeRTOS/Source/CMSIS_RTOS_V2/cmsis_os2.c.obj
 .debug_abbrev  0x00003076      0x249 CMakeFiles/IAP_APP.elf.dir/Middlewares/Third_Party/FreeRTOS/Source/list.c.obj
 .debug_abbrev  0x000032bf      0x26b CMakeFiles/IAP_APP.elf.dir/Middlewares/Third_Party/FreeRTOS/Source/portable/GCC/ARM_CM4F/port.c.obj
 .debug_abbrev  0x0000352a      0x275 CMakeFiles/IAP_APP.elf.dir/Middlewares/Third_Party/FreeRTOS/Source/portable/MemMang/heap_3.c.obj
 .debug_abbrev  0x0000379f      0x413 CMakeFiles/IAP_APP.elf.dir/Middlewares/Third_Party/FreeRTOS/Source/queue.c.obj
 .debug_abbrev  0x00003bb2      0x412 CMakeFiles/IAP_APP.elf.dir/Middlewares/Third_Party/FreeRTOS/Source/tasks.c.obj
 .debug_abbrev  0x00003fc4      0x3a6 CMakeFiles/IAP_APP.elf.dir/Middlewares/Third_Party/FreeRTOS/Source/timers.c.obj

.debug_loc      0x00000000    0x12ccc
 .debug_loc     0x00000000      0x177 CMakeFiles/IAP_APP.elf.dir/Core/Src/freertos.c.obj
 .debug_loc     0x00000177       0x42 CMakeFiles/IAP_APP.elf.dir/Core/Src/main.c.obj
 .debug_loc     0x000001b9       0x78 CMakeFiles/IAP_APP.elf.dir/Core/Src/stm32f4xx_hal_timebase_tim.c.obj
 .debug_loc     0x00000231      0x3c5 CMakeFiles/IAP_APP.elf.dir/Core/Src/syscalls.c.obj
 .debug_loc     0x000005f6       0x64 CMakeFiles/IAP_APP.elf.dir/Core/Src/sysmem.c.obj
 .debug_loc     0x0000065a      0x16c CMakeFiles/IAP_APP.elf.dir/Core/Src/system_stm32f4xx.c.obj
 .debug_loc     0x000007c6       0xa7 CMakeFiles/IAP_APP.elf.dir/Core/Src/usart.c.obj
 .debug_loc     0x0000086d      0x435 CMakeFiles/IAP_APP.elf.dir/Core/User/InFlash/InFlash.c.obj
 .debug_loc     0x00000ca2       0x25 CMakeFiles/IAP_APP.elf.dir/Core/User/LED/LED.c.obj
 .debug_loc     0x00000cc7      0x141 CMakeFiles/IAP_APP.elf.dir/Drivers/STM32F4xx_HAL_Driver/Src/stm32f4xx_hal.c.obj
 .debug_loc     0x00000e08      0x744 CMakeFiles/IAP_APP.elf.dir/Drivers/STM32F4xx_HAL_Driver/Src/stm32f4xx_hal_cortex.c.obj
 .debug_loc     0x0000154c      0x4ff CMakeFiles/IAP_APP.elf.dir/Drivers/STM32F4xx_HAL_Driver/Src/stm32f4xx_hal_gpio.c.obj
 .debug_loc     0x00001a4b      0x56f CMakeFiles/IAP_APP.elf.dir/Drivers/STM32F4xx_HAL_Driver/Src/stm32f4xx_hal_rcc.c.obj
 .debug_loc     0x00001fba      0x3cf CMakeFiles/IAP_APP.elf.dir/Drivers/STM32F4xx_HAL_Driver/Src/stm32f4xx_hal_rcc_ex.c.obj
 .debug_loc     0x00002389     0x3a8e CMakeFiles/IAP_APP.elf.dir/Drivers/STM32F4xx_HAL_Driver/Src/stm32f4xx_hal_tim.c.obj
 .debug_loc     0x00005e17     0x1164 CMakeFiles/IAP_APP.elf.dir/Drivers/STM32F4xx_HAL_Driver/Src/stm32f4xx_hal_tim_ex.c.obj
 .debug_loc     0x00006f7b     0x18c5 CMakeFiles/IAP_APP.elf.dir/Drivers/STM32F4xx_HAL_Driver/Src/stm32f4xx_hal_uart.c.obj
 .debug_loc     0x00008840     0x51b3 CMakeFiles/IAP_APP.elf.dir/Middlewares/Third_Party/FreeRTOS/Source/CMSIS_RTOS_V2/cmsis_os2.c.obj
 .debug_loc     0x0000d9f3       0xad CMakeFiles/IAP_APP.elf.dir/Middlewares/Third_Party/FreeRTOS/Source/list.c.obj
 .debug_loc     0x0000daa0      0x124 CMakeFiles/IAP_APP.elf.dir/Middlewares/Third_Party/FreeRTOS/Source/portable/GCC/ARM_CM4F/port.c.obj
 .debug_loc     0x0000dbc4       0x83 CMakeFiles/IAP_APP.elf.dir/Middlewares/Third_Party/FreeRTOS/Source/portable/MemMang/heap_3.c.obj
 .debug_loc     0x0000dc47     0x1b05 CMakeFiles/IAP_APP.elf.dir/Middlewares/Third_Party/FreeRTOS/Source/queue.c.obj
 .debug_loc     0x0000f74c     0x257b CMakeFiles/IAP_APP.elf.dir/Middlewares/Third_Party/FreeRTOS/Source/tasks.c.obj
 .debug_loc     0x00011cc7     0x1005 CMakeFiles/IAP_APP.elf.dir/Middlewares/Third_Party/FreeRTOS/Source/timers.c.obj

.debug_aranges  0x00000000     0x13a8
 .debug_aranges
                0x00000000       0x30 CMakeFiles/IAP_APP.elf.dir/Core/Src/freertos.c.obj
 .debug_aranges
                0x00000030       0x20 CMakeFiles/IAP_APP.elf.dir/Core/Src/gpio.c.obj
 .debug_aranges
                0x00000050       0x38 CMakeFiles/IAP_APP.elf.dir/Core/Src/main.c.obj
 .debug_aranges
                0x00000088       0x20 CMakeFiles/IAP_APP.elf.dir/Core/Src/stm32f4xx_hal_msp.c.obj
 .debug_aranges
                0x000000a8       0x30 CMakeFiles/IAP_APP.elf.dir/Core/Src/stm32f4xx_hal_timebase_tim.c.obj
 .debug_aranges
                0x000000d8       0x50 CMakeFiles/IAP_APP.elf.dir/Core/Src/stm32f4xx_it.c.obj
 .debug_aranges
                0x00000128       0xa8 CMakeFiles/IAP_APP.elf.dir/Core/Src/syscalls.c.obj
 .debug_aranges
                0x000001d0       0x20 CMakeFiles/IAP_APP.elf.dir/Core/Src/sysmem.c.obj
 .debug_aranges
                0x000001f0       0x28 CMakeFiles/IAP_APP.elf.dir/Core/Src/system_stm32f4xx.c.obj
 .debug_aranges
                0x00000218       0x38 CMakeFiles/IAP_APP.elf.dir/Core/Src/usart.c.obj
 .debug_aranges
                0x00000250       0x28 CMakeFiles/IAP_APP.elf.dir/Core/Startup/startup_stm32f407vetx.s.obj
 .debug_aranges
                0x00000278       0x40 CMakeFiles/IAP_APP.elf.dir/Core/User/InFlash/InFlash.c.obj
 .debug_aranges
                0x000002b8       0x28 CMakeFiles/IAP_APP.elf.dir/Core/User/LED/LED.c.obj
 .debug_aranges
                0x000002e0       0xf0 CMakeFiles/IAP_APP.elf.dir/Drivers/STM32F4xx_HAL_Driver/Src/stm32f4xx_hal.c.obj
 .debug_aranges
                0x000003d0       0xa8 CMakeFiles/IAP_APP.elf.dir/Drivers/STM32F4xx_HAL_Driver/Src/stm32f4xx_hal_cortex.c.obj
 .debug_aranges
                0x00000478       0x58 CMakeFiles/IAP_APP.elf.dir/Drivers/STM32F4xx_HAL_Driver/Src/stm32f4xx_hal_gpio.c.obj
 .debug_aranges
                0x000004d0       0x88 CMakeFiles/IAP_APP.elf.dir/Drivers/STM32F4xx_HAL_Driver/Src/stm32f4xx_hal_rcc.c.obj
 .debug_aranges
                0x00000558       0x48 CMakeFiles/IAP_APP.elf.dir/Drivers/STM32F4xx_HAL_Driver/Src/stm32f4xx_hal_rcc_ex.c.obj
 .debug_aranges
                0x000005a0      0x3a8 CMakeFiles/IAP_APP.elf.dir/Drivers/STM32F4xx_HAL_Driver/Src/stm32f4xx_hal_tim.c.obj
 .debug_aranges
                0x00000948      0x150 CMakeFiles/IAP_APP.elf.dir/Drivers/STM32F4xx_HAL_Driver/Src/stm32f4xx_hal_tim_ex.c.obj
 .debug_aranges
                0x00000a98      0x1d0 CMakeFiles/IAP_APP.elf.dir/Drivers/STM32F4xx_HAL_Driver/Src/stm32f4xx_hal_uart.c.obj
 .debug_aranges
                0x00000c68      0x220 CMakeFiles/IAP_APP.elf.dir/Middlewares/Third_Party/FreeRTOS/Source/CMSIS_RTOS_V2/cmsis_os2.c.obj
 .debug_aranges
                0x00000e88       0x40 CMakeFiles/IAP_APP.elf.dir/Middlewares/Third_Party/FreeRTOS/Source/list.c.obj
 .debug_aranges
                0x00000ec8       0x80 CMakeFiles/IAP_APP.elf.dir/Middlewares/Third_Party/FreeRTOS/Source/portable/GCC/ARM_CM4F/port.c.obj
 .debug_aranges
                0x00000f48       0x28 CMakeFiles/IAP_APP.elf.dir/Middlewares/Third_Party/FreeRTOS/Source/portable/MemMang/heap_3.c.obj
 .debug_aranges
                0x00000f70      0x158 CMakeFiles/IAP_APP.elf.dir/Middlewares/Third_Party/FreeRTOS/Source/queue.c.obj
 .debug_aranges
                0x000010c8      0x1f8 CMakeFiles/IAP_APP.elf.dir/Middlewares/Third_Party/FreeRTOS/Source/tasks.c.obj
 .debug_aranges
                0x000012c0       0xe8 CMakeFiles/IAP_APP.elf.dir/Middlewares/Third_Party/FreeRTOS/Source/timers.c.obj

.debug_ranges   0x00000000     0x1490
 .debug_ranges  0x00000000       0x20 CMakeFiles/IAP_APP.elf.dir/Core/Src/freertos.c.obj
 .debug_ranges  0x00000020       0x10 CMakeFiles/IAP_APP.elf.dir/Core/Src/gpio.c.obj
 .debug_ranges  0x00000030       0x28 CMakeFiles/IAP_APP.elf.dir/Core/Src/main.c.obj
 .debug_ranges  0x00000058       0x10 CMakeFiles/IAP_APP.elf.dir/Core/Src/stm32f4xx_hal_msp.c.obj
 .debug_ranges  0x00000068       0x20 CMakeFiles/IAP_APP.elf.dir/Core/Src/stm32f4xx_hal_timebase_tim.c.obj
 .debug_ranges  0x00000088       0x40 CMakeFiles/IAP_APP.elf.dir/Core/Src/stm32f4xx_it.c.obj
 .debug_ranges  0x000000c8       0x98 CMakeFiles/IAP_APP.elf.dir/Core/Src/syscalls.c.obj
 .debug_ranges  0x00000160       0x10 CMakeFiles/IAP_APP.elf.dir/Core/Src/sysmem.c.obj
 .debug_ranges  0x00000170       0x18 CMakeFiles/IAP_APP.elf.dir/Core/Src/system_stm32f4xx.c.obj
 .debug_ranges  0x00000188       0x28 CMakeFiles/IAP_APP.elf.dir/Core/Src/usart.c.obj
 .debug_ranges  0x000001b0       0x20 CMakeFiles/IAP_APP.elf.dir/Core/Startup/startup_stm32f407vetx.s.obj
 .debug_ranges  0x000001d0       0x30 CMakeFiles/IAP_APP.elf.dir/Core/User/InFlash/InFlash.c.obj
 .debug_ranges  0x00000200       0x18 CMakeFiles/IAP_APP.elf.dir/Core/User/LED/LED.c.obj
 .debug_ranges  0x00000218       0xe0 CMakeFiles/IAP_APP.elf.dir/Drivers/STM32F4xx_HAL_Driver/Src/stm32f4xx_hal.c.obj
 .debug_ranges  0x000002f8       0xf8 CMakeFiles/IAP_APP.elf.dir/Drivers/STM32F4xx_HAL_Driver/Src/stm32f4xx_hal_cortex.c.obj
 .debug_ranges  0x000003f0       0x48 CMakeFiles/IAP_APP.elf.dir/Drivers/STM32F4xx_HAL_Driver/Src/stm32f4xx_hal_gpio.c.obj
 .debug_ranges  0x00000438       0x90 CMakeFiles/IAP_APP.elf.dir/Drivers/STM32F4xx_HAL_Driver/Src/stm32f4xx_hal_rcc.c.obj
 .debug_ranges  0x000004c8       0x38 CMakeFiles/IAP_APP.elf.dir/Drivers/STM32F4xx_HAL_Driver/Src/stm32f4xx_hal_rcc_ex.c.obj