Archive member included to satisfy reference by file (symbol)

D:\Projects\MCU\STM32HAL\STM32F4_CLion\DAC7811_VCA821\STemWin_544\Lib\libSTemWin_CM4_wc32.a(GUICC_M565.o)
                              CMakeFiles/DAC7811_VCA821.elf.dir/STemWin_544/Config/LCDConf_FlexColor_Template.c.obj (LCD_API_ColorConv_M565)
D:\Projects\MCU\STM32HAL\STM32F4_CLion\DAC7811_VCA821\STemWin_544\Lib\libSTemWin_CM4_wc32.a(GUI_Alloc.o)
                              CMakeFiles/DAC7811_VCA821.elf.dir/STemWin_544/Config/GUIConf.c.obj (GUI_ALLOC_AssignMemory)
D:\Projects\MCU\STM32HAL\STM32F4_CLion\DAC7811_VCA821\STemWin_544\Lib\libSTemWin_CM4_wc32.a(GUI_Core.o)
                              CMakeFiles/DAC7811_VCA821.elf.dir/STemWin_544/Config/GUIDRV_Template.c.obj (GUI_pContext)
D:\Projects\MCU\STM32HAL\STM32F4_CLion\DAC7811_VCA821\STemWin_544\Lib\libSTemWin_CM4_wc32.a(GUI_Device.o)
                              CMakeFiles/DAC7811_VCA821.elf.dir/STemWin_544/Config/LCDConf_FlexColor_Template.c.obj (GUI_DEVICE_CreateAndLink)
D:\Projects\MCU\STM32HAL\STM32F4_CLion\DAC7811_VCA821\STemWin_544\Lib\libSTemWin_CM4_wc32.a(GUI_TOUCH_DriverAnalog.o)
                              CMakeFiles/DAC7811_VCA821.elf.dir/STemWin_544/Config/LCDConf_FlexColor_Template.c.obj (GUI_TOUCH_SetOrientation)
D:\Projects\MCU\STM32HAL\STM32F4_CLion\DAC7811_VCA821\STemWin_544\Lib\libSTemWin_CM4_wc32.a(GUI_TOUCH_StoreState.o)
                              D:\Projects\MCU\STM32HAL\STM32F4_CLion\DAC7811_VCA821\STemWin_544\Lib\libSTemWin_CM4_wc32.a(GUI_TOUCH_DriverAnalog.o) (GUI_TOUCH_GetLayer)
D:\Projects\MCU\STM32HAL\STM32F4_CLion\DAC7811_VCA821\STemWin_544\Lib\libSTemWin_CM4_wc32.a(GUI_Time.o)
                              CMakeFiles/DAC7811_VCA821.elf.dir/Src/User/emwinDemo.c.obj (GUI_Delay)
D:\Projects\MCU\STM32HAL\STM32F4_CLion\DAC7811_VCA821\STemWin_544\Lib\libSTemWin_CM4_wc32.a(GUI_UC_EncodeNone.o)
                              D:\Projects\MCU\STM32HAL\STM32F4_CLion\DAC7811_VCA821\STemWin_544\Lib\libSTemWin_CM4_wc32.a(GUI_Core.o) (GUI_UC_None)
D:\Projects\MCU\STM32HAL\STM32F4_CLion\DAC7811_VCA821\STemWin_544\Lib\libSTemWin_CM4_wc32.a(GUI__DivTbl.o)
                              D:\Projects\MCU\STM32HAL\STM32F4_CLion\DAC7811_VCA821\STemWin_544\Lib\libSTemWin_CM4_wc32.a(GUICC_M565.o) (GUI__aConvert_255_63)
D:\Projects\MCU\STM32HAL\STM32F4_CLion\DAC7811_VCA821\STemWin_544\Lib\libSTemWin_CM4_wc32.a(GUI__Private.o)
                              D:\Projects\MCU\STM32HAL\STM32F4_CLion\DAC7811_VCA821\STemWin_544\Lib\libSTemWin_CM4_wc32.a(GUI_Alloc.o) (GUI__pfMemcpy)
D:\Projects\MCU\STM32HAL\STM32F4_CLion\DAC7811_VCA821\STemWin_544\Lib\libSTemWin_CM4_wc32.a(LCD.o)
                              D:\Projects\MCU\STM32HAL\STM32F4_CLion\DAC7811_VCA821\STemWin_544\Lib\libSTemWin_CM4_wc32.a(GUI_Core.o) (LCD_SetDrawMode)
D:\Projects\MCU\STM32HAL\STM32F4_CLion\DAC7811_VCA821\STemWin_544\Lib\libSTemWin_CM4_wc32.a(LCD_Color.o)
                              D:\Projects\MCU\STM32HAL\STM32F4_CLion\DAC7811_VCA821\STemWin_544\Lib\libSTemWin_CM4_wc32.a(LCD.o) (LCD_InitColors)
D:\Projects\MCU\STM32HAL\STM32F4_CLion\DAC7811_VCA821\STemWin_544\Lib\libSTemWin_CM4_wc32.a(LCD_GetEx.o)
                              D:\Projects\MCU\STM32HAL\STM32F4_CLion\DAC7811_VCA821\STemWin_544\Lib\libSTemWin_CM4_wc32.a(GUI_TOUCH_DriverAnalog.o) (LCD_GetXSizeEx)
D:\Projects\MCU\STM32HAL\STM32F4_CLion\DAC7811_VCA821\STemWin_544\Lib\libSTemWin_CM4_wc32.a(LCD_GetNumDisplays.o)
                              D:\Projects\MCU\STM32HAL\STM32F4_CLion\DAC7811_VCA821\STemWin_544\Lib\libSTemWin_CM4_wc32.a(LCD_Color.o) (LCD_GetNumLayers)
D:\Projects\MCU\STM32HAL\STM32F4_CLion\DAC7811_VCA821\STemWin_544\Lib\libSTemWin_CM4_wc32.a(LCD_GetPixelColor.o)
                              D:\Projects\MCU\STM32HAL\STM32F4_CLion\DAC7811_VCA821\STemWin_544\Lib\libSTemWin_CM4_wc32.a(GUI__Private.o) (LCD_GetPixelColor)
D:\Projects\MCU\STM32HAL\STM32F4_CLion\DAC7811_VCA821\STemWin_544\Lib\libSTemWin_CM4_wc32.a(LCD_Set.o)
                              D:\Projects\MCU\STM32HAL\STM32F4_CLion\DAC7811_VCA821\STemWin_544\Lib\libSTemWin_CM4_wc32.a(LCD_Color.o) (LCD_SetLUTEntryEx)
D:\Projects\MCU\STM32HAL\STM32F4_CLion\DAC7811_VCA821\STemWin_544\Lib\libSTemWin_CM4_wc32.a(F24_ASCII.o)
                              CMakeFiles/DAC7811_VCA821.elf.dir/Src/User/emwinDemo.c.obj (GUI_Font24_ASCII)
D:\Projects\MCU\STM32HAL\STM32F4_CLion\DAC7811_VCA821\STemWin_544\Lib\libSTemWin_CM4_wc32.a(F6x8.o)
                              CMakeFiles/DAC7811_VCA821.elf.dir/STemWin_544/Config/GUIConf.c.obj (GUI_Font6x8)
D:\Projects\MCU\STM32HAL\STM32F4_CLion\DAC7811_VCA821\STemWin_544\Lib\libSTemWin_CM4_wc32.a(GUIDEV_16.o)
                              CMakeFiles/DAC7811_VCA821.elf.dir/STemWin_544/Config/GUIDRV_Template.c.obj (GUI_MEMDEV_DEVICE_16)
D:\Projects\MCU\STM32HAL\STM32F4_CLion\DAC7811_VCA821\STemWin_544\Lib\libSTemWin_CM4_wc32.a(GUIDEV_Usage.o)
[...]
Memory Configuration

Name             Origin             Length             Attributes
RAM              0x20000000         0x00020000         xrw
CCMRAM           0x10000000         0x00010000         xrw
FLASH            0x08000000         0x00100000         xr
*default*        0x00000000         0xffffffff

Linker script and memory map

LOAD d:/program files (x86)/gnu arm embedded toolchain/9 2020-q2-update/bin/../lib/gcc/arm-none-eabi/9.3.1/thumb/v7e-m+fp/hard/crti.o
LOAD d:/program files (x86)/gnu arm embedded toolchain/9 2020-q2-update/bin/../lib/gcc/arm-none-eabi/9.3.1/thumb/v7e-m+fp/hard/crtbegin.o
LOAD d:/program files (x86)/gnu arm embedded toolchain/9 2020-q2-update/bin/../lib/gcc/arm-none-eabi/9.3.1/../../../../arm-none-eabi/lib/thumb/v7e-m+fp/hard/crt0.o
LOAD CMakeFiles/DAC7811_VCA821.elf.dir/Drivers/STM32F4xx_HAL_Driver/Src/stm32f4xx_hal.c.obj
LOAD CMakeFiles/DAC7811_VCA821.elf.dir/Drivers/STM32F4xx_HAL_Driver/Src/stm32f4xx_hal_cortex.c.obj
LOAD CMakeFiles/DAC7811_VCA821.elf.dir/Drivers/STM32F4xx_HAL_Driver/Src/stm32f4xx_hal_crc.c.obj
LOAD CMakeFiles/DAC7811_VCA821.elf.dir/Drivers/STM32F4xx_HAL_Driver/Src/stm32f4xx_hal_dma.c.obj
LOAD CMakeFiles/DAC7811_VCA821.elf.dir/Drivers/STM32F4xx_HAL_Driver/Src/stm32f4xx_hal_dma_ex.c.obj
LOAD CMakeFiles/DAC7811_VCA821.elf.dir/Drivers/STM32F4xx_HAL_Driver/Src/stm32f4xx_hal_exti.c.obj
LOAD CMakeFiles/DAC7811_VCA821.elf.dir/Drivers/STM32F4xx_HAL_Driver/Src/stm32f4xx_hal_flash.c.obj
LOAD CMakeFiles/DAC7811_VCA821.elf.dir/Drivers/STM32F4xx_HAL_Driver/Src/stm32f4xx_hal_flash_ex.c.obj
LOAD CMakeFiles/DAC7811_VCA821.elf.dir/Drivers/STM32F4xx_HAL_Driver/Src/stm32f4xx_hal_flash_ramfunc.c.obj
LOAD CMakeFiles/DAC7811_VCA821.elf.dir/Drivers/STM32F4xx_HAL_Driver/Src/stm32f4xx_hal_gpio.c.obj
LOAD CMakeFiles/DAC7811_VCA821.elf.dir/Drivers/STM32F4xx_HAL_Driver/Src/stm32f4xx_hal_pwr.c.obj
LOAD CMakeFiles/DAC7811_VCA821.elf.dir/Drivers/STM32F4xx_HAL_Driver/Src/stm32f4xx_hal_pwr_ex.c.obj
LOAD CMakeFiles/DAC7811_VCA821.elf.dir/Drivers/STM32F4xx_HAL_Driver/Src/stm32f4xx_hal_rcc.c.obj
LOAD CMakeFiles/DAC7811_VCA821.elf.dir/Drivers/STM32F4xx_HAL_Driver/Src/stm32f4xx_hal_rcc_ex.c.obj
LOAD CMakeFiles/DAC7811_VCA821.elf.dir/Drivers/STM32F4xx_HAL_Driver/Src/stm32f4xx_hal_spi.c.obj
LOAD CMakeFiles/DAC7811_VCA821.elf.dir/Drivers/STM32F4xx_HAL_Driver/Src/stm32f4xx_hal_sram.c.obj
LOAD CMakeFiles/DAC7811_VCA821.elf.dir/Drivers/STM32F4xx_HAL_Driver/Src/stm32f4xx_hal_tim.c.obj
LOAD CMakeFiles/DAC7811_VCA821.elf.dir/Drivers/STM32F4xx_HAL_Driver/Src/stm32f4xx_hal_tim_ex.c.obj
LOAD CMakeFiles/DAC7811_VCA821.elf.dir/Drivers/STM32F4xx_HAL_Driver/Src/stm32f4xx_hal_uart.c.obj
LOAD CMakeFiles/DAC7811_VCA821.elf.dir/Drivers/STM32F4xx_HAL_Driver/Src/stm32f4xx_ll_fsmc.c.obj
LOAD CMakeFiles/DAC7811_VCA821.elf.dir/STemWin_544/Config/GUIConf.c.obj
LOAD CMakeFiles/DAC7811_VCA821.elf.dir/STemWin_544/Config/GUIDRV_Template.c.obj
LOAD CMakeFiles/DAC7811_VCA821.elf.dir/STemWin_544/Config/GUI_X_Touch_Analog.c.obj
LOAD CMakeFiles/DAC7811_VCA821.elf.dir/STemWin_544/Config/LCDConf_FlexColor_Template.c.obj
LOAD CMakeFiles/DAC7811_VCA821.elf.dir/STemWin_544/OS/GUI_X.c.obj
LOAD CMakeFiles/DAC7811_VCA821.elf.dir/Src/24CXX/24cxx.c.obj
LOAD CMakeFiles/DAC7811_VCA821.elf.dir/Src/24CXX/myiic.c.obj
LOAD CMakeFiles/DAC7811_VCA821.elf.dir/Src/DAC7811/DAC7811.c.obj
LOAD CMakeFiles/DAC7811_VCA821.elf.dir/Src/LCD/ILI93xx.c.obj
LOAD CMakeFiles/DAC7811_VCA821.elf.dir/Src/TOUCH/ctiic.c.obj
LOAD CMakeFiles/DAC7811_VCA821.elf.dir/Src/TOUCH/gt9147.c.obj
LOAD CMakeFiles/DAC7811_VCA821.elf.dir/Src/TOUCH/touch.c.obj
LOAD CMakeFiles/DAC7811_VCA821.elf.dir/Src/User/delay.c.obj
LOAD CMakeFiles/DAC7811_VCA821.elf.dir/Src/User/emwinDemo.c.obj
LOAD CMakeFiles/DAC7811_VCA821.elf.dir/Src/User/retarget.c.obj
LOAD CMakeFiles/DAC7811_VCA821.elf.dir/Src/crc.c.obj
LOAD CMakeFiles/DAC7811_VCA821.elf.dir/Src/fsmc.c.obj
LOAD CMakeFiles/DAC7811_VCA821.elf.dir/Src/gpio.c.obj
LOAD CMakeFiles/DAC7811_VCA821.elf.dir/Src/main.c.obj
LOAD CMakeFiles/DAC7811_VCA821.elf.dir/Src/spi.c.obj
LOAD CMakeFiles/DAC7811_VCA821.elf.dir/Src/stm32f4xx_hal_msp.c.obj
LOAD CMakeFiles/DAC7811_VCA821.elf.dir/Src/stm32f4xx_it.c.obj
LOAD CMakeFiles/DAC7811_VCA821.elf.dir/Src/syscalls.c.obj
LOAD CMakeFiles/DAC7811_VCA821.elf.dir/Src/system_stm32f4xx.c.obj
LOAD CMakeFiles/DAC7811_VCA821.elf.dir/Src/tim.c.obj
LOAD CMakeFiles/DAC7811_VCA821.elf.dir/Src/usart.c.obj
LOAD CMakeFiles/DAC7811_VCA821.elf.dir/startup/startup_stm32f407xx.s.obj
LOAD D:\Projects\MCU\STM32HAL\STM32F4_CLion\DAC7811_VCA821\Drivers\CMSIS\Lib\GCC\libarm_cortexM4lf_math.a
LOAD D:\Projects\MCU\STM32HAL\STM32F4_CLion\DAC7811_VCA821\STemWin_544\Lib\libSTemWin_CM4_wc32.a
START GROUP
LOAD d:/program files (x86)/gnu arm embedded toolchain/9 2020-q2-update/bin/../lib/gcc/arm-none-eabi/9.3.1/thumb/v7e-m+fp/hard\libgcc.a
LOAD d:/program files (x86)/gnu arm embedded toolchain/9 2020-q2-update/bin/../lib/gcc/arm-none-eabi/9.3.1/../../../../arm-none-eabi/lib/thumb/v7e-m+fp/hard\libg.a
LOAD d:/program files (x86)/gnu arm embedded toolchain/9 2020-q2-update/bin/../lib/gcc/arm-none-eabi/9.3.1/../../../../arm-none-eabi/lib/thumb/v7e-m+fp/hard\libc.a
END GROUP
LOAD d:/program files (x86)/gnu arm embedded toolchain/9 2020-q2-update/bin/../lib/gcc/arm-none-eabi/9.3.1/thumb/v7e-m+fp/hard/crtend.o
LOAD d:/program files (x86)/gnu arm embedded toolchain/9 2020-q2-update/bin/../lib/gcc/arm-none-eabi/9.3.1/thumb/v7e-m+fp/hard/crtn.o
                0x20020000                _estack = 0x20020000
                0x00000200                _Min_Heap_Size = 0x200
                0x00000400                _Min_Stack_Size = 0x400

.isr_vector     0x08000000      0x188
                0x08000000                . = ALIGN (0x4)
 *(.isr_vector)
 .isr_vector    0x08000000      0x188 CMakeFiles/DAC7811_VCA821.elf.dir/startup/startup_stm32f407xx.s.obj
                0x08000000                g_pfnVectors
                0x08000188                . = ALIGN (0x4)

.text           0x080001c0    0x116d4
                0x080001c0                . = ALIGN (0x4)
 *(.text)
 .text          0x080001c0       0x40 d:/program files (x86)/gnu arm embedded toolchain/9 2020-q2-update/bin/../lib/gcc/arm-none-eabi/9.3.1/thumb/v7e-m+fp/hard/crtbegin.o
 .text          0x08000200      0x378 d:/program files (x86)/gnu arm embedded toolchain/9 2020-q2-update/bin/../lib/gcc/arm-none-eabi/9.3.1/thumb/v7e-m+fp/hard\libgcc.a(_arm_addsubdf3.o)
                0x08000200                __aeabi_drsub
                0x08000208                __aeabi_dsub
                0x08000208                __subdf3
                0x0800020c                __aeabi_dadd
                0x0800020c                __adddf3
                0x08000484                __floatunsidf
                0x08000484                __aeabi_ui2d
                0x080004a4                __floatsidf
                0x080004a4                __aeabi_i2d
                0x080004c8                __aeabi_f2d
                0x080004c8                __extendsfdf2
                0x0800050c                __floatundidf
                0x0800050c                __aeabi_ul2d
                0x0800051c                __floatdidf
                0x0800051c                __aeabi_l2d
 .text          0x08000578      0x424 d:/program files (x86)/gnu arm embedded toolchain/9 2020-q2-update/bin/../lib/gcc/arm-none-eabi/9.3.1/thumb/v7e-m+fp/hard\libgcc.a(_arm_muldivdf3.o)
                0x08000578                __aeabi_dmul
                0x08000578                __muldf3
                0x080007cc                __divdf3
                0x080007cc                __aeabi_ddiv
 .text          0x0800099c      0x110 d:/program files (x86)/gnu arm embedded toolchain/9 2020-q2-update/bin/../lib/gcc/arm-none-eabi/9.3.1/thumb/v7e-m+fp/hard\libgcc.a(_arm_cmpdf2.o)
                0x0800099c                __gtdf2
                0x0800099c                __gedf2
                0x080009a4                __ltdf2
                0x080009a4                __ledf2
                0x080009ac                __nedf2
                0x080009ac                __eqdf2
                0x080009ac                __cmpdf2
                0x08000a28                __aeabi_cdrcmple
                0x08000a38                __aeabi_cdcmpeq
                0x08000a38                __aeabi_cdcmple
                0x08000a48                __aeabi_dcmpeq
                0x08000a5c                __aeabi_dcmplt
                0x08000a70                __aeabi_dcmple
                0x08000a84                __aeabi_dcmpge
                0x08000a98                __aeabi_dcmpgt
 .text          0x08000aac       0x50 d:/program files (x86)/gnu arm embedded toolchain/9 2020-q2-update/bin/../lib/gcc/arm-none-eabi/9.3.1/thumb/v7e-m+fp/hard\libgcc.a(_arm_fixdfsi.o)
                0x08000aac                __aeabi_d2iz
                0x08000aac                __fixdfsi
 .text          0x08000afc       0x40 d:/program files (x86)/gnu arm embedded toolchain/9 2020-q2-update/bin/../lib/gcc/arm-none-eabi/9.3.1/thumb/v7e-m+fp/hard\libgcc.a(_arm_fixunsdfsi.o)
                0x08000afc                __aeabi_d2uiz
                0x08000afc                __fixunsdfsi
 .text          0x08000b3c       0x30 d:/program files (x86)/gnu arm embedded toolchain/9 2020-q2-update/bin/../lib/gcc/arm-none-eabi/9.3.1/thumb/v7e-m+fp/hard\libgcc.a(_aeabi_uldivmod.o)
                0x08000b3c                __aeabi_uldivmod
 .text          0x08000b6c      0x2c4 d:/program files (x86)/gnu arm embedded toolchain/9 2020-q2-update/bin/../lib/gcc/arm-none-eabi/9.3.1/thumb/v7e-m+fp/hard\libgcc.a(_udivmoddi4.o)
                0x08000b6c                __udivmoddi4
 .text          0x08000e30        0x4 d:/program files (x86)/gnu arm embedded toolchain/9 2020-q2-update/bin/../lib/gcc/arm-none-eabi/9.3.1/thumb/v7e-m+fp/hard\libgcc.a(_dvmd_tls.o)
                0x08000e30                __aeabi_idiv0
                0x08000e30                __aeabi_ldiv0
 .text          0x08000e34      0x134 d:/program files (x86)/gnu arm embedded toolchain/9 2020-q2-update/bin/../lib/gcc/arm-none-eabi/9.3.1/../../../../arm-none-eabi/lib/thumb/v7e-m+fp/hard\libg.a(lib_a-memcpy.o)
                0x08000e34                memcpy
 *fill*         0x08000f68       0x18 
 .text          0x08000f80      0x2dc d:/program files (x86)/gnu arm embedded toolchain/9 2020-q2-update/bin/../lib/gcc/arm-none-eabi/9.3.1/../../../../arm-none-eabi/lib/thumb/v7e-m+fp/hard\libg.a(lib_a-strcmp.o)
                0x08000f88                strcmp
 *fill*         0x0800125c       0x24 
 .text          0x08001280       0xdc d:/program files (x86)/gnu arm embedded toolchain/9 2020-q2-update/bin/../lib/gcc/arm-none-eabi/9.3.1/../../../../arm-none-eabi/lib/thumb/v7e-m+fp/hard\libg.a(lib_a-strlen.o)
                0x08001280                strlen
 *fill*         0x0800135c        0x4 
 .text          0x08001360       0xa0 d:/program files (x86)/gnu arm embedded toolchain/9 2020-q2-update/bin/../lib/gcc/arm-none-eabi/9.3.1/../../../../arm-none-eabi/lib/thumb/v7e-m+fp/hard\libg.a(lib_a-memchr.o)
                0x08001360                memchr
 .text          0x08001400       0x2c d:/program files (x86)/gnu arm embedded toolchain/9 2020-q2-update/bin/../lib/gcc/arm-none-eabi/9.3.1/thumb/v7e-m+fp/hard\libgcc.a(_arm_unorddf2.o)
                0x08001400                __unorddf2
                0x08001400                __aeabi_dcmpun
 *(.text*)
 .text.HAL_InitTick
                0x0800142c       0x4c CMakeFiles/DAC7811_VCA821.elf.dir/Drivers/STM32F4xx_HAL_Driver/Src/stm32f4xx_hal.c.obj
                0x0800142c                HAL_InitTick
 .text.HAL_Init
                0x08001478       0x34 CMakeFiles/DAC7811_VCA821.elf.dir/Drivers/STM32F4xx_HAL_Driver/Src/stm32f4xx_hal.c.obj
                0x08001478                HAL_Init
 .text.HAL_IncTick
                0x080014ac       0x18 CMakeFiles/DAC7811_VCA821.elf.dir/Drivers/STM32F4xx_HAL_Driver/Src/stm32f4xx_hal.c.obj
                0x080014ac                HAL_IncTick
 .text.HAL_GetTick
                0x080014c4        0xc CMakeFiles/DAC7811_VCA821.elf.dir/Drivers/STM32F4xx_HAL_Driver/Src/stm32f4xx_hal.c.obj
                0x080014c4                HAL_GetTick
 .text.HAL_Delay
                0x080014d0       0x28 CMakeFiles/DAC7811_VCA821.elf.dir/Drivers/STM32F4xx_HAL_Driver/Src/stm32f4xx_hal.c.obj
                0x080014d0                HAL_Delay
 .text.HAL_NVIC_SetPriorityGrouping
                0x080014f8       0x24 CMakeFiles/DAC7811_VCA821.elf.dir/Drivers/STM32F4xx_HAL_Driver/Src/stm32f4xx_hal_cortex.c.obj
                0x080014f8                HAL_NVIC_SetPriorityGrouping
 .text.HAL_NVIC_SetPriority
                0x0800151c       0x68 CMakeFiles/DAC7811_VCA821.elf.dir/Drivers/STM32F4xx_HAL_Driver/Src/stm32f4xx_hal_cortex.c.obj
                0x0800151c                HAL_NVIC_SetPriority
 .text.HAL_NVIC_EnableIRQ
                0x08001584       0x1c CMakeFiles/DAC7811_VCA821.elf.dir/Drivers/STM32F4xx_HAL_Driver/Src/stm32f4xx_hal_cortex.c.obj
                0x08001584                HAL_NVIC_EnableIRQ
 .text.HAL_SYSTICK_Config
                0x080015a0       0x2c CMakeFiles/DAC7811_VCA821.elf.dir/Drivers/STM32F4xx_HAL_Driver/Src/stm32f4xx_hal_cortex.c.obj
                0x080015a0                HAL_SYSTICK_Config
 .text.HAL_CRC_Init
                0x080015cc       0x1e CMakeFiles/DAC7811_VCA821.elf.dir/Drivers/STM32F4xx_HAL_Driver/Src/stm32f4xx_hal_crc.c.obj
                0x080015cc                HAL_CRC_Init
 *fill*         0x080015ea        0x2 
 .text.HAL_GPIO_Init
                0x080015ec      0x1cc CMakeFiles/DAC7811_VCA821.elf.dir/Drivers/STM32F4xx_HAL_Driver/Src/stm32f4xx_hal_gpio.c.obj
                0x080015ec                HAL_GPIO_Init
 .text.HAL_GPIO_ReadPin
                0x080017b8        0xe CMakeFiles/DAC7811_VCA821.elf.dir/Drivers/STM32F4xx_HAL_Driver/Src/stm32f4xx_hal_gpio.c.obj
                0x080017b8                HAL_GPIO_ReadPin
 .text.HAL_GPIO_WritePin
                0x080017c6        0xc CMakeFiles/DAC7811_VCA821.elf.dir/Drivers/STM32F4xx_HAL_Driver/Src/stm32f4xx_hal_gpio.c.obj
                0x080017c6                HAL_GPIO_WritePin
 .text.HAL_GPIO_TogglePin
                0x080017d2       0x12 CMakeFiles/DAC7811_VCA821.elf.dir/Drivers/STM32F4xx_HAL_Driver/Src/stm32f4xx_hal_gpio.c.obj
                0x080017d2                HAL_GPIO_TogglePin
 .text.HAL_RCC_OscConfig
                0x080017e4      0x3ec CMakeFiles/DAC7811_VCA821.elf.dir/Drivers/STM32F4xx_HAL_Driver/Src/stm32f4xx_hal_rcc.c.obj
                0x080017e4                HAL_RCC_OscConfig
 .text.HAL_RCC_GetSysClockFreq
                0x08001bd0       0xcc CMakeFiles/DAC7811_VCA821.elf.dir/Drivers/STM32F4xx_HAL_Driver/Src/stm32f4xx_hal_rcc.c.obj
                0x08001bd0                HAL_RCC_GetSysClockFreq
 .text.HAL_RCC_ClockConfig
                0x08001c9c      0x160 CMakeFiles/DAC7811_VCA821.elf.dir/Drivers/STM32F4xx_HAL_Driver/Src/stm32f4xx_hal_rcc.c.obj
                0x08001c9c                HAL_RCC_ClockConfig
 .text.HAL_RCC_GetHCLKFreq
                0x08001dfc        0xc CMakeFiles/DAC7811_VCA821.elf.dir/Drivers/STM32F4xx_HAL_Driver/Src/stm32f4xx_hal_rcc.c.obj
                0x08001dfc                HAL_RCC_GetHCLKFreq
 .text.HAL_RCC_GetPCLK1Freq
                0x08001e08       0x20 CMakeFiles/DAC7811_VCA821.elf.dir/Drivers/STM32F4xx_HAL_Driver/Src/stm32f4xx_hal_rcc.c.obj
                0x08001e08                HAL_RCC_GetPCLK1Freq
 .text.HAL_RCC_GetPCLK2Freq
                0x08001e28       0x20 CMakeFiles/DAC7811_VCA821.elf.dir/Drivers/STM32F4xx_HAL_Driver/Src/stm32f4xx_hal_rcc.c.obj
                0x08001e28                HAL_RCC_GetPCLK2Freq
 .text.SPI_WaitFlagStateUntilTimeout
                0x08001e48       0x94 CMakeFiles/DAC7811_VCA821.elf.dir/Drivers/STM32F4xx_HAL_Driver/Src/stm32f4xx_hal_spi.c.obj
 .text.SPI_EndRxTxTransaction
                0x08001edc       0x68 CMakeFiles/DAC7811_VCA821.elf.dir/Drivers/STM32F4xx_HAL_Driver/Src/stm32f4xx_hal_spi.c.obj
 .text.HAL_SPI_Init
                0x08001f44       0x80 CMakeFiles/DAC7811_VCA821.elf.dir/Drivers/STM32F4xx_HAL_Driver/Src/stm32f4xx_hal_spi.c.obj
                0x08001f44                HAL_SPI_Init
 .text.HAL_SPI_Transmit
                0x08001fc4      0x1a4 CMakeFiles/DAC7811_VCA821.elf.dir/Drivers/STM32F4xx_HAL_Driver/Src/stm32f4xx_hal_spi.c.obj
                0x08001fc4                HAL_SPI_Transmit
 .text.HAL_SRAM_Init
                0x08002168       0x52 CMakeFiles/DAC7811_VCA821.elf.dir/Drivers/STM32F4xx_HAL_Driver/Src/stm32f4xx_hal_sram.c.obj
                0x08002168                HAL_SRAM_Init
 .text.TIM_TI1_ConfigInputStage
                0x080021ba       0x24 CMakeFiles/DAC7811_VCA821.elf.dir/Drivers/STM32F4xx_HAL_Driver/Src/stm32f4xx_hal_tim.c.obj
 .text.TIM_TI2_ConfigInputStage
                0x080021de       0x26 CMakeFiles/DAC7811_VCA821.elf.dir/Drivers/STM32F4xx_HAL_Driver/Src/stm32f4xx_hal_tim.c.obj
 .text.TIM_ITRx_SetConfig
                0x08002204       0x10 CMakeFiles/DAC7811_VCA821.elf.dir/Drivers/STM32F4xx_HAL_Driver/Src/stm32f4xx_hal_tim.c.obj
 .text.HAL_TIM_Base_Start_IT
                0x08002214       0x22 CMakeFiles/DAC7811_VCA821.elf.dir/Drivers/STM32F4xx_HAL_Driver/Src/stm32f4xx_hal_tim.c.obj
                0x08002214                HAL_TIM_Base_Start_IT
 .text.HAL_TIM_OC_DelayElapsedCallback
                0x08002236        0x2 CMakeFiles/DAC7811_VCA821.elf.dir/Drivers/STM32F4xx_HAL_Driver/Src/stm32f4xx_hal_tim.c.obj
                0x08002236                HAL_TIM_OC_DelayElapsedCallback
 .text.HAL_TIM_IC_CaptureCallback
                0x08002238        0x2 CMakeFiles/DAC7811_VCA821.elf.dir/Drivers/STM32F4xx_HAL_Driver/Src/stm32f4xx_hal_tim.c.obj
                0x08002238                HAL_TIM_IC_CaptureCallback
 .text.HAL_TIM_PWM_PulseFinishedCallback
                0x0800223a        0x2 CMakeFiles/DAC7811_VCA821.elf.dir/Drivers/STM32F4xx_HAL_Driver/Src/stm32f4xx_hal_tim.c.obj
                0x0800223a                HAL_TIM_PWM_PulseFinishedCallback
 .text.HAL_TIM_TriggerCallback
                0x0800223c        0x2 CMakeFiles/DAC7811_VCA821.elf.dir/Drivers/STM32F4xx_HAL_Driver/Src/stm32f4xx_hal_tim.c.obj
                0x0800223c                HAL_TIM_TriggerCallback
 .text.HAL_TIM_IRQHandler
                0x0800223e      0x17a CMakeFiles/DAC7811_VCA821.elf.dir/Drivers/STM32F4xx_HAL_Driver/Src/stm32f4xx_hal_tim.c.obj
                0x0800223e                HAL_TIM_IRQHandler
 .text.TIM_Base_SetConfig
                0x080023b8       0xc8 CMakeFiles/DAC7811_VCA821.elf.dir/Drivers/STM32F4xx_HAL_Driver/Src/stm32f4xx_hal_tim.c.obj
                0x080023b8                TIM_Base_SetConfig
 .text.HAL_TIM_Base_Init
                0x08002480       0x34 CMakeFiles/DAC7811_VCA821.elf.dir/Drivers/STM32F4xx_HAL_Driver/Src/stm32f4xx_hal_tim.c.obj
                0x08002480                HAL_TIM_Base_Init
 .text.TIM_ETR_SetConfig
                0x080024b4       0x18 CMakeFiles/DAC7811_VCA821.elf.dir/Drivers/STM32F4xx_HAL_Driver/Src/stm32f4xx_hal_tim.c.obj
                0x080024b4                TIM_ETR_SetConfig
 .text.HAL_TIM_ConfigClockSource
                0x080024cc       0xda CMakeFiles/DAC7811_VCA821.elf.dir/Drivers/STM32F4xx_HAL_Driver/Src/stm32f4xx_hal_tim.c.obj
                0x080024cc                HAL_TIM_ConfigClockSource
 *fill*         0x080025a6        0x2 
 .text.HAL_TIMEx_MasterConfigSynchronization
                0x080025a8       0x88 CMakeFiles/DAC7811_VCA821.elf.dir/Drivers/STM32F4xx_HAL_Driver/Src/stm32f4xx_hal_tim_ex.c.obj
                0x080025a8                HAL_TIMEx_MasterConfigSynchronization
 .text.HAL_TIMEx_CommutCallback
                0x08002630        0x2 CMakeFiles/DAC7811_VCA821.elf.dir/Drivers/STM32F4xx_HAL_Driver/Src/stm32f4xx_hal_tim_ex.c.obj
                0x08002630                HAL_TIMEx_CommutCallback
 .text.HAL_TIMEx_BreakCallback
                0x08002632        0x2 CMakeFiles/DAC7811_VCA821.elf.dir/Drivers/STM32F4xx_HAL_Driver/Src/stm32f4xx_hal_tim_ex.c.obj
                0x08002632                HAL_TIMEx_BreakCallback
 .text.UART_SetConfig
                0x08002634      0x1e8 CMakeFiles/DAC7811_VCA821.elf.dir/Drivers/STM32F4xx_HAL_Driver/Src/stm32f4xx_hal_uart.c.obj
 .text.UART_WaitOnFlagUntilTimeout
                0x0800281c       0x68 CMakeFiles/DAC7811_VCA821.elf.dir/Drivers/STM32F4xx_HAL_Driver/Src/stm32f4xx_hal_uart.c.obj
 .text.HAL_UART_Init
                0x08002884       0x5e CMakeFiles/DAC7811_VCA821.elf.dir/Drivers/STM32F4xx_HAL_Driver/Src/stm32f4xx_hal_uart.c.obj
                0x08002884                HAL_UART_Init
 .text.HAL_UART_Transmit
                0x080028e2       0xe2 CMakeFiles/DAC7811_VCA821.elf.dir/Drivers/STM32F4xx_HAL_Driver/Src/stm32f4xx_hal_uart.c.obj
                0x080028e2                HAL_UART_Transmit
 .text.HAL_UART_Receive
                0x080029c4       0xea CMakeFiles/DAC7811_VCA821.elf.dir/Drivers/STM32F4xx_HAL_Driver/Src/stm32f4xx_hal_uart.c.obj
                0x080029c4                HAL_UART_Receive
 *fill*         0x08002aae        0x2 
 .text.FSMC_NORSRAM_Init
                0x08002ab0       0x5c CMakeFiles/DAC7811_VCA821.elf.dir/Drivers/STM32F4xx_HAL_Driver/Src/stm32f4xx_ll_fsmc.c.obj
                0x08002ab0                FSMC_NORSRAM_Init
 .text.FSMC_NORSRAM_Timing_Init
                0x08002b0c       0x40 CMakeFiles/DAC7811_VCA821.elf.dir/Drivers/STM32F4xx_HAL_Driver/Src/stm32f4xx_ll_fsmc.c.obj
                0x08002b0c                FSMC_NORSRAM_Timing_Init
 .text.FSMC_NORSRAM_Extended_Timing_Init
                0x08002b4c       0x44 CMakeFiles/DAC7811_VCA821.elf.dir/Drivers/STM32F4xx_HAL_Driver/Src/stm32f4xx_ll_fsmc.c.obj
                0x08002b4c                FSMC_NORSRAM_Extended_Timing_Init
 .text.GUI_TOUCH_X_ActivateX
                0x08002b90        0x2 CMakeFiles/DAC7811_VCA821.elf.dir/STemWin_544/Config/GUI_X_Touch_Analog.c.obj
                0x08002b90                GUI_TOUCH_X_ActivateX
 .text.GUI_TOUCH_X_ActivateY
                0x08002b92        0x2 CMakeFiles/DAC7811_VCA821.elf.dir/STemWin_544/Config/GUI_X_Touch_Analog.c.obj
                0x08002b92                GUI_TOUCH_X_ActivateY
 .text.GUI_TOUCH_X_MeasureX
                0x08002b94       0x34 CMakeFiles/DAC7811_VCA821.elf.dir/STemWin_544/Config/GUI_X_Touch_Analog.c.obj
                0x08002b94                GUI_TOUCH_X_MeasureX
 .text.GUI_TOUCH_X_MeasureY
                0x08002bc8       0x34 CMakeFiles/DAC7811_VCA821.elf.dir/STemWin_544/Config/GUI_X_Touch_Analog.c.obj
                0x08002bc8                GUI_TOUCH_X_MeasureY
 .text.AT24CXX_ReadOneByte
                0x08002bfc       0x44 CMakeFiles/DAC7811_VCA821.elf.dir/Src/24CXX/24cxx.c.obj
                0x08002bfc                AT24CXX_ReadOneByte
 .text.AT24CXX_WriteOneByte
                0x08002c40       0x3e CMakeFiles/DAC7811_VCA821.elf.dir/Src/24CXX/24cxx.c.obj
                0x08002c40                AT24CXX_WriteOneByte
 .text.AT24CXX_WriteLenByte
                0x08002c7e       0x26 CMakeFiles/DAC7811_VCA821.elf.dir/Src/24CXX/24cxx.c.obj
                0x08002c7e                AT24CXX_WriteLenByte
 .text.AT24CXX_ReadLenByte
                0x08002ca4       0x2a CMakeFiles/DAC7811_VCA821.elf.dir/Src/24CXX/24cxx.c.obj
                0x08002ca4                AT24CXX_ReadLenByte
 *fill*         0x08002cce        0x2 
 .text.IIC_Start
                0x08002cd0       0x58 CMakeFiles/DAC7811_VCA821.elf.dir/Src/24CXX/myiic.c.obj
                0x08002cd0                IIC_Start
 .text.IIC_Stop
                0x08002d28       0x58 CMakeFiles/DAC7811_VCA821.elf.dir/Src/24CXX/myiic.c.obj
                0x08002d28                IIC_Stop
 .text.IIC_Wait_Ack
                0x08002d80       0x70 CMakeFiles/DAC7811_VCA821.elf.dir/Src/24CXX/myiic.c.obj
                0x08002d80                IIC_Wait_Ack
 .text.IIC_Ack  0x08002df0       0x58 CMakeFiles/DAC7811_VCA821.elf.dir/Src/24CXX/myiic.c.obj
                0x08002df0                IIC_Ack
 .text.IIC_NAck
                0x08002e48       0x58 CMakeFiles/DAC7811_VCA821.elf.dir/Src/24CXX/myiic.c.obj
                0x08002e48                IIC_NAck
 .text.IIC_Send_Byte
                0x08002ea0       0x84 CMakeFiles/DAC7811_VCA821.elf.dir/Src/24CXX/myiic.c.obj
                0x08002ea0                IIC_Send_Byte
 .text.IIC_Read_Byte
                0x08002f24       0x74 CMakeFiles/DAC7811_VCA821.elf.dir/Src/24CXX/myiic.c.obj
                0x08002f24                IIC_Read_Byte
 .text.DAC7811_send
                0x08002f98       0x48 CMakeFiles/DAC7811_VCA821.elf.dir/Src/DAC7811/DAC7811.c.obj
                0x08002f98                DAC7811_send
 .text.LCD_WR_REG
                0x08002fe0       0x20 CMakeFiles/DAC7811_VCA821.elf.dir/Src/LCD/ILI93xx.c.obj
                0x08002fe0                LCD_WR_REG
 .text.LCD_WR_DATA
                0x08003000       0x20 CMakeFiles/DAC7811_VCA821.elf.dir/Src/LCD/ILI93xx.c.obj
                0x08003000                LCD_WR_DATA
 .text.LCD_RD_DATA
                0x08003020       0x18 CMakeFiles/DAC7811_VCA821.elf.dir/Src/LCD/ILI93xx.c.obj
                0x08003020                LCD_RD_DATA
 .text.LCD_WriteReg
                0x08003038       0x20 CMakeFiles/DAC7811_VCA821.elf.dir/Src/LCD/ILI93xx.c.obj
                0x08003038                LCD_WriteReg
 .text.LCD_ReadReg
                0x08003058       0x22 CMakeFiles/DAC7811_VCA821.elf.dir/Src/LCD/ILI93xx.c.obj
                0x08003058                LCD_ReadReg
 *fill*         0x0800307a        0x2 
 .text.LCD_WriteRAM_Prepare
                0x0800307c       0x14 CMakeFiles/DAC7811_VCA821.elf.dir/Src/LCD/ILI93xx.c.obj
                0x0800307c                LCD_WriteRAM_Prepare
 .text.LCD_SetCursor
                0x08003090      0x190 CMakeFiles/DAC7811_VCA821.elf.dir/Src/LCD/ILI93xx.c.obj
                0x08003090                LCD_SetCursor
 .text.LCD_Scan_Dir
                0x08003220      0x260 CMakeFiles/DAC7811_VCA821.elf.dir/Src/LCD/ILI93xx.c.obj
                0x08003220                LCD_Scan_Dir
 .text.LCD_DrawPoint
                0x08003480       0x1c CMakeFiles/DAC7811_VCA821.elf.dir/Src/LCD/ILI93xx.c.obj
                0x08003480                LCD_DrawPoint
 .text.LCD_Fast_DrawPoint
                0x0800349c      0x174 CMakeFiles/DAC7811_VCA821.elf.dir/Src/LCD/ILI93xx.c.obj
                0x0800349c                LCD_Fast_DrawPoint
 .text.LCD_SSD_BackLightSet
                0x08003610       0x50 CMakeFiles/DAC7811_VCA821.elf.dir/Src/LCD/ILI93xx.c.obj
                0x08003610                LCD_SSD_BackLightSet
 .text.LCD_Display_Dir
                0x08003660      0x18c CMakeFiles/DAC7811_VCA821.elf.dir/Src/LCD/ILI93xx.c.obj
                0x08003660                LCD_Display_Dir
 .text.LCD_Clear
                0x080037ec       0x6c CMakeFiles/DAC7811_VCA821.elf.dir/Src/LCD/ILI93xx.c.obj
                0x080037ec                LCD_Clear
 .text.TFTLCD_Init
                0x08003858     0x3624 CMakeFiles/DAC7811_VCA821.elf.dir/Src/LCD/ILI93xx.c.obj
                0x08003858                TFTLCD_Init
 .text.LCD_DrawLine
                0x08006e7c       0x9e CMakeFiles/DAC7811_VCA821.elf.dir/Src/LCD/ILI93xx.c.obj
                0x08006e7c                LCD_DrawLine
 .text.LCD_Draw_Circle
                0x08006f1a       0xc6 CMakeFiles/DAC7811_VCA821.elf.dir/Src/LCD/ILI93xx.c.obj
                0x08006f1a                LCD_Draw_Circle
 .text.LCD_ShowChar
                0x08006fe0       0xf8 CMakeFiles/DAC7811_VCA821.elf.dir/Src/LCD/ILI93xx.c.obj
                0x08006fe0                LCD_ShowChar
 .text.LCD_Pow  0x080070d8       0x14 CMakeFiles/DAC7811_VCA821.elf.dir/Src/LCD/ILI93xx.c.obj
                0x080070d8                LCD_Pow
 .text.LCD_ShowNum
                0x080070ec       0x98 CMakeFiles/DAC7811_VCA821.elf.dir/Src/LCD/ILI93xx.c.obj
                0x080070ec                LCD_ShowNum
 .text.LCD_ShowString
                0x08007184       0x5a CMakeFiles/DAC7811_VCA821.elf.dir/Src/LCD/ILI93xx.c.obj
                0x08007184                LCD_ShowString
 .text.CT_Delay
                0x080071de        0xa CMakeFiles/DAC7811_VCA821.elf.dir/Src/TOUCH/ctiic.c.obj
                0x080071de                CT_Delay
 .text.CT_IIC_Start
                0x080071e8       0x58 CMakeFiles/DAC7811_VCA821.elf.dir/Src/TOUCH/ctiic.c.obj
                0x080071e8                CT_IIC_Start
 .text.CT_IIC_Stop
                0x08007240       0x4c CMakeFiles/DAC7811_VCA821.elf.dir/Src/TOUCH/ctiic.c.obj
                0x08007240                CT_IIC_Stop
 .text.CT_IIC_Wait_Ack
                0x0800728c       0x6c CMakeFiles/DAC7811_VCA821.elf.dir/Src/TOUCH/ctiic.c.obj
                0x0800728c                CT_IIC_Wait_Ack
 .text.CT_IIC_Ack
                0x080072f8       0x58 CMakeFiles/DAC7811_VCA821.elf.dir/Src/TOUCH/ctiic.c.obj
                0x080072f8                CT_IIC_Ack
 .text.CT_IIC_NAck
                0x08007350       0x54 CMakeFiles/DAC7811_VCA821.elf.dir/Src/TOUCH/ctiic.c.obj
                0x08007350                CT_IIC_NAck
 .text.CT_IIC_Send_Byte
                0x080073a4       0x7c CMakeFiles/DAC7811_VCA821.elf.dir/Src/TOUCH/ctiic.c.obj
                0x080073a4                CT_IIC_Send_Byte
 .text.CT_IIC_Read_Byte
                0x08007420       0x70 CMakeFiles/DAC7811_VCA821.elf.dir/Src/TOUCH/ctiic.c.obj
                0x08007420                CT_IIC_Read_Byte
 .text.GT9147_WR_Reg
                0x08007490       0x4e CMakeFiles/DAC7811_VCA821.elf.dir/Src/TOUCH/gt9147.c.obj
                0x08007490                GT9147_WR_Reg
 *fill*         0x080074de        0x2 
 .text.GT9147_Send_Cfg
                0x080074e0       0x54 CMakeFiles/DAC7811_VCA821.elf.dir/Src/TOUCH/gt9147.c.obj
                0x080074e0                GT9147_Send_Cfg
 .text.GT9147_RD_Reg
                0x08007534       0x58 CMakeFiles/DAC7811_VCA821.elf.dir/Src/TOUCH/gt9147.c.obj
                0x08007534                GT9147_RD_Reg
 .text.GT9147_Init
                0x0800758c       0xf0 CMakeFiles/DAC7811_VCA821.elf.dir/Src/TOUCH/gt9147.c.obj
                0x0800758c                GT9147_Init
 .text.GT9147_Scan
                0x0800767c      0x1f0 CMakeFiles/DAC7811_VCA821.elf.dir/Src/TOUCH/gt9147.c.obj
                0x0800767c                GT9147_Scan
 .text.TP_Init  0x0800786c       0x48 CMakeFiles/DAC7811_VCA821.elf.dir/Src/TOUCH/touch.c.obj
                0x0800786c                TP_Init
 .text.TP_Write_Byte
                0x080078b4       0x5c CMakeFiles/DAC7811_VCA821.elf.dir/Src/TOUCH/touch.c.obj
                0x080078b4                TP_Write_Byte
 .text.TP_Read_AD
                0x08007910       0xa4 CMakeFiles/DAC7811_VCA821.elf.dir/Src/TOUCH/touch.c.obj
                0x08007910                TP_Read_AD
 .text.TP_Read_XOY
                0x080079b4       0x98 CMakeFiles/DAC7811_VCA821.elf.dir/Src/TOUCH/touch.c.obj
                0x080079b4                TP_Read_XOY
 .text.TP_Read_XY
                0x08007a4c       0x28 CMakeFiles/DAC7811_VCA821.elf.dir/Src/TOUCH/touch.c.obj
                0x08007a4c                TP_Read_XY
 .text.TP_Read_XY2
                0x08007a74       0x8c CMakeFiles/DAC7811_VCA821.elf.dir/Src/TOUCH/touch.c.obj
                0x08007a74                TP_Read_XY2
 .text.TP_Scan  0x08007b00       0xe4 CMakeFiles/DAC7811_VCA821.elf.dir/Src/TOUCH/touch.c.obj
                0x08007b00                TP_Scan
 .text.TP_Drow_Touch_Point
                0x08007be4       0x78 CMakeFiles/DAC7811_VCA821.elf.dir/Src/TOUCH/touch.c.obj
                0x08007be4                TP_Drow_Touch_Point
 .text.TP_Save_Adjdata
                0x08007c5c       0x74 CMakeFiles/DAC7811_VCA821.elf.dir/Src/TOUCH/touch.c.obj
                0x08007c5c                TP_Save_Adjdata
 .text.TP_Get_Adjdata
                0x08007cd0       0x9c CMakeFiles/DAC7811_VCA821.elf.dir/Src/TOUCH/touch.c.obj
                0x08007cd0                TP_Get_Adjdata
 .text.TP_Adj_Info_Show
                0x08007d6c      0x178 CMakeFiles/DAC7811_VCA821.elf.dir/Src/TOUCH/touch.c.obj
                0x08007d6c                TP_Adj_Info_Show
 *fill*         0x08007ee4        0x4 
 .text.TP_Adjust
                0x08007ee8      0x620 CMakeFiles/DAC7811_VCA821.elf.dir/Src/TOUCH/touch.c.obj
                0x08007ee8                TP_Adjust
 .text.delay_us
                0x08008508       0x3c CMakeFiles/DAC7811_VCA821.elf.dir/Src/User/delay.c.obj
                0x08008508                delay_us
 .text.RetargetInit
                0x08008544       0x20 CMakeFiles/DAC7811_VCA821.elf.dir/Src/User/retarget.c.obj
                0x08008544                RetargetInit
 .text._isatty  0x08008564       0x16 CMakeFiles/DAC7811_VCA821.elf.dir/Src/User/retarget.c.obj
                0x08008564                _isatty
 *fill*         0x0800857a        0x2 
 .text._write   0x0800857c       0x34 CMakeFiles/DAC7811_VCA821.elf.dir/Src/User/retarget.c.obj
                0x0800857c                _write
 .text._close   0x080085b0       0x18 CMakeFiles/DAC7811_VCA821.elf.dir/Src/User/retarget.c.obj
                0x080085b0                _close
 .text._lseek   0x080085c8       0x10 CMakeFiles/DAC7811_VCA821.elf.dir/Src/User/retarget.c.obj
                0x080085c8                _lseek
 .text._read    0x080085d8       0x30 CMakeFiles/DAC7811_VCA821.elf.dir/Src/User/retarget.c.obj
                0x080085d8                _read
 .text._fstat   0x08008608       0x1a CMakeFiles/DAC7811_VCA821.elf.dir/Src/User/retarget.c.obj
                0x08008608                _fstat
 *fill*         0x08008622        0x2 
 .text.MX_CRC_Init
                0x08008624       0x20 CMakeFiles/DAC7811_VCA821.elf.dir/Src/crc.c.obj
                0x08008624                MX_CRC_Init
 .text.HAL_CRC_MspInit
                0x08008644       0x30 CMakeFiles/DAC7811_VCA821.elf.dir/Src/crc.c.obj
                0x08008644                HAL_CRC_MspInit
 .text.HAL_FSMC_MspInit
                0x08008674       0xa8 CMakeFiles/DAC7811_VCA821.elf.dir/Src/fsmc.c.obj
 .text.MX_FSMC_Init
                0x0800871c       0x7c CMakeFiles/DAC7811_VCA821.elf.dir/Src/fsmc.c.obj
                0x0800871c                MX_FSMC_Init
 .text.HAL_SRAM_MspInit
                0x08008798        0x8 CMakeFiles/DAC7811_VCA821.elf.dir/Src/fsmc.c.obj
                0x08008798                HAL_SRAM_MspInit
 .text.MX_GPIO_Init
                0x080087a0      0x1b4 CMakeFiles/DAC7811_VCA821.elf.dir/Src/gpio.c.obj
                0x080087a0                MX_GPIO_Init
 .text.SystemClock_Config
                0x08008954       0x94 CMakeFiles/DAC7811_VCA821.elf.dir/Src/main.c.obj
                0x08008954                SystemClock_Config
 .text.main     0x080089e8       0x6c CMakeFiles/DAC7811_VCA821.elf.dir/Src/main.c.obj
                0x080089e8                main
 .text.Error_Handler
                0x08008a54        0x2 CMakeFiles/DAC7811_VCA821.elf.dir/Src/main.c.obj
                0x08008a54                Error_Handler
 *fill*         0x08008a56        0x2 
 .text.MX_SPI2_Init
                0x08008a58       0x44 CMakeFiles/DAC7811_VCA821.elf.dir/Src/spi.c.obj
                0x08008a58                MX_SPI2_Init
 .text.HAL_SPI_MspInit
                0x08008a9c       0xa0 CMakeFiles/DAC7811_VCA821.elf.dir/Src/spi.c.obj
                0x08008a9c                HAL_SPI_MspInit
 .text.HAL_MspInit
                0x08008b3c       0x38 CMakeFiles/DAC7811_VCA821.elf.dir/Src/stm32f4xx_hal_msp.c.obj
                0x08008b3c                HAL_MspInit
 .text.NMI_Handler
                0x08008b74        0x2 CMakeFiles/DAC7811_VCA821.elf.dir/Src/stm32f4xx_it.c.obj
                0x08008b74                NMI_Handler
 .text.HardFault_Handler
                0x08008b76        0x2 CMakeFiles/DAC7811_VCA821.elf.dir/Src/stm32f4xx_it.c.obj
                0x08008b76                HardFault_Handler
 .text.MemManage_Handler
                0x08008b78        0x2 CMakeFiles/DAC7811_VCA821.elf.dir/Src/stm32f4xx_it.c.obj
                0x08008b78                MemManage_Handler
 .text.BusFault_Handler
                0x08008b7a        0x2 CMakeFiles/DAC7811_VCA821.elf.dir/Src/stm32f4xx_it.c.obj
                0x08008b7a                BusFault_Handler
 .text.UsageFault_Handler
                0x08008b7c        0x2 CMakeFiles/DAC7811_VCA821.elf.dir/Src/stm32f4xx_it.c.obj
                0x08008b7c                UsageFault_Handler
 .text.SVC_Handler
                0x08008b7e        0x2 CMakeFiles/DAC7811_VCA821.elf.dir/Src/stm32f4xx_it.c.obj
                0x08008b7e                SVC_Handler
 .text.DebugMon_Handler
                0x08008b80        0x2 CMakeFiles/DAC7811_VCA821.elf.dir/Src/stm32f4xx_it.c.obj
                0x08008b80                DebugMon_Handler
 .text.PendSV_Handler
                0x08008b82        0x2 CMakeFiles/DAC7811_VCA821.elf.dir/Src/stm32f4xx_it.c.obj
                0x08008b82                PendSV_Handler
 .text.SysTick_Handler
                0x08008b84        0x8 CMakeFiles/DAC7811_VCA821.elf.dir/Src/stm32f4xx_it.c.obj
                0x08008b84                SysTick_Handler
 .text.TIM3_IRQHandler
                0x08008b8c       0x10 CMakeFiles/DAC7811_VCA821.elf.dir/Src/stm32f4xx_it.c.obj
                0x08008b8c                TIM3_IRQHandler
 .text.TIM4_IRQHandler
                0x08008b9c       0x10 CMakeFiles/DAC7811_VCA821.elf.dir/Src/stm32f4xx_it.c.obj
                0x08008b9c                TIM4_IRQHandler
 .text.TIM5_IRQHandler
                0x08008bac       0x10 CMakeFiles/DAC7811_VCA821.elf.dir/Src/stm32f4xx_it.c.obj
                0x08008bac                TIM5_IRQHandler
 .text._getpid  0x08008bbc        0x4 CMakeFiles/DAC7811_VCA821.elf.dir/Src/syscalls.c.obj
                0x08008bbc                _getpid
 .text._kill    0x08008bc0       0x10 CMakeFiles/DAC7811_VCA821.elf.dir/Src/syscalls.c.obj
                0x08008bc0                _kill
 .text._exit    0x08008bd0        0xc CMakeFiles/DAC7811_VCA821.elf.dir/Src/syscalls.c.obj
                0x08008bd0                _exit
 .text._sbrk    0x08008bdc       0x3c CMakeFiles/DAC7811_VCA821.elf.dir/Src/syscalls.c.obj
                0x08008bdc                _sbrk
 .text.SystemInit
                0x08008c18       0x1c CMakeFiles/DAC7811_VCA821.elf.dir/Src/system_stm32f4xx.c.obj
                0x08008c18                SystemInit
 .text.MX_TIM3_Init
                0x08008c34       0x70 CMakeFiles/DAC7811_VCA821.elf.dir/Src/tim.c.obj
                0x08008c34                MX_TIM3_Init
 .text.MX_TIM4_Init
                0x08008ca4       0x74 CMakeFiles/DAC7811_VCA821.elf.dir/Src/tim.c.obj
                0x08008ca4                MX_TIM4_Init
 .text.MX_TIM5_Init
                0x08008d18       0x74 CMakeFiles/DAC7811_VCA821.elf.dir/Src/tim.c.obj
                0x08008d18                MX_TIM5_Init
 .text.HAL_TIM_Base_MspInit
                0x08008d8c       0xa8 CMakeFiles/DAC7811_VCA821.elf.dir/Src/tim.c.obj
                0x08008d8c                HAL_TIM_Base_MspInit
 .text.HAL_TIM_PeriodElapsedCallback
                0x08008e34       0x48 CMakeFiles/DAC7811_VCA821.elf.dir/Src/tim.c.obj
                0x08008e34                HAL_TIM_PeriodElapsedCallback
 .text.MX_USART1_UART_Init
                0x08008e7c       0x34 CMakeFiles/DAC7811_VCA821.elf.dir/Src/usart.c.obj
                0x08008e7c                MX_USART1_UART_Init
 .text.HAL_UART_MspInit
                0x08008eb0       0x74 CMakeFiles/DAC7811_VCA821.elf.dir/Src/usart.c.obj
                0x08008eb0                HAL_UART_MspInit
 .text.Reset_Handler
                0x08008f24       0x50 CMakeFiles/DAC7811_VCA821.elf.dir/startup/startup_stm32f407xx.s.obj
                0x08008f24                Reset_Handler
 .text.Default_Handler
                0x08008f74        0x2 CMakeFiles/DAC7811_VCA821.elf.dir/startup/startup_stm32f407xx.s.obj
                0x08008f74                RTC_Alarm_IRQHandler
                0x08008f74                HASH_RNG_IRQHandler
                0x08008f74                EXTI2_IRQHandler
                0x08008f74                TIM8_CC_IRQHandler
                0x08008f74                TIM1_CC_IRQHandler
                0x08008f74                DMA2_Stream5_IRQHandler
                0x08008f74                DMA1_Stream5_IRQHandler
                0x08008f74                PVD_IRQHandler
                0x08008f74                SDIO_IRQHandler
                0x08008f74                TAMP_STAMP_IRQHandler
                0x08008f74                CAN2_RX1_IRQHandler
                0x08008f74                EXTI3_IRQHandler
                0x08008f74                TIM8_TRG_COM_TIM14_IRQHandler
                0x08008f74                TIM1_UP_TIM10_IRQHandler
                0x08008f74                TIM8_UP_TIM13_IRQHandler
                0x08008f74                I2C3_ER_IRQHandler
                0x08008f74                EXTI0_IRQHandler
                0x08008f74                I2C2_EV_IRQHandler
                0x08008f74                DMA1_Stream2_IRQHandler
                0x08008f74                CAN1_RX0_IRQHandler
                0x08008f74                FPU_IRQHandler
                0x08008f74                OTG_HS_WKUP_IRQHandler
                0x08008f74                CAN2_SCE_IRQHandler
                0x08008f74                DMA2_Stream2_IRQHandler
                0x08008f74                SPI1_IRQHandler
                0x08008f74                TIM6_DAC_IRQHandler
                0x08008f74                TIM1_BRK_TIM9_IRQHandler
                0x08008f74                DCMI_IRQHandler
                0x08008f74                CAN2_RX0_IRQHandler
                0x08008f74                DMA2_Stream3_IRQHandler
                0x08008f74                USART6_IRQHandler
                0x08008f74                USART3_IRQHandler
                0x08008f74                CAN1_RX1_IRQHandler
                0x08008f74                UART5_IRQHandler
                0x08008f74                DMA2_Stream0_IRQHandler
                0x08008f74                I2C1_EV_IRQHandler
                0x08008f74                DMA1_Stream6_IRQHandler
                0x08008f74                DMA1_Stream1_IRQHandler
                0x08008f74                UART4_IRQHandler
                0x08008f74                RCC_IRQHandler
                0x08008f74                TIM8_BRK_TIM12_IRQHandler
                0x08008f74                Default_Handler
                0x08008f74                EXTI15_10_IRQHandler
                0x08008f74                ADC_IRQHandler
                0x08008f74                DMA1_Stream7_IRQHandler
                0x08008f74                TIM7_IRQHandler
                0x08008f74                CAN2_TX_IRQHandler
                0x08008f74                DMA2_Stream7_IRQHandler
                0x08008f74                I2C3_EV_IRQHandler
                0x08008f74                EXTI9_5_IRQHandler
                0x08008f74                RTC_WKUP_IRQHandler
                0x08008f74                ETH_WKUP_IRQHandler
                0x08008f74                SPI2_IRQHandler
                0x08008f74                OTG_HS_EP1_IN_IRQHandler
                0x08008f74                DMA1_Stream0_IRQHandler
                0x08008f74                CAN1_TX_IRQHandler
                0x08008f74                EXTI4_IRQHandler
                0x08008f74                FSMC_IRQHandler
                0x08008f74                ETH_IRQHandler
                0x08008f74                OTG_HS_EP1_OUT_IRQHandler
                0x08008f74                WWDG_IRQHandler
                0x08008f74                TIM2_IRQHandler
                0x08008f74                OTG_FS_WKUP_IRQHandler
                0x08008f74                TIM1_TRG_COM_TIM11_IRQHandler
                0x08008f74                OTG_HS_IRQHandler
                0x08008f74                EXTI1_IRQHandler
                0x08008f74                USART2_IRQHandler
                0x08008f74                I2C2_ER_IRQHandler
                0x08008f74                DMA2_Stream1_IRQHandler
                0x08008f74                CAN1_SCE_IRQHandler
                0x08008f74                FLASH_IRQHandler
                0x08008f74                DMA2_Stream4_IRQHandler
                0x08008f74                USART1_IRQHandler
                0x08008f74                OTG_FS_IRQHandler
                0x08008f74                SPI3_IRQHandler
                0x08008f74                DMA1_Stream4_IRQHandler
                0x08008f74                I2C1_ER_IRQHandler
                0x08008f74                DMA2_Stream6_IRQHandler
                0x08008f74                DMA1_Stream3_IRQHandler
 *fill*         0x08008f76        0x2 
 .text._PushFreeBlock
                0x08008f78       0x24 D:\Projects\MCU\STM32HAL\STM32F4_CLion\DAC7811_VCA821\STemWin_544\Lib\libSTemWin_CM4_wc32.a(GUI_Alloc.o)
 .text._RemoveFreeBlock
                0x08008f9c       0x40 D:\Projects\MCU\STM32HAL\STM32F4_CLion\DAC7811_VCA821\STemWin_544\Lib\libSTemWin_CM4_wc32.a(GUI_Alloc.o)
 .text._AddFreeMemory
                0x08008fdc       0xa4 D:\Projects\MCU\STM32HAL\STM32F4_CLion\DAC7811_VCA821\STemWin_544\Lib\libSTemWin_CM4_wc32.a(GUI_Alloc.o)
 .text._RemoveHoles
                0x08009080       0x9c D:\Projects\MCU\STM32HAL\STM32F4_CLion\DAC7811_VCA821\STemWin_544\Lib\libSTemWin_CM4_wc32.a(GUI_Alloc.o)
 .text.GUI_ALLOC_FreeFixedBlock
                0x0800911c       0x14 D:\Projects\MCU\STM32HAL\STM32F4_CLion\DAC7811_VCA821\STemWin_544\Lib\libSTemWin_CM4_wc32.a(GUI_Alloc.o)
                0x0800911c                GUI_ALLOC_FreeFixedBlock
 .text.GUI_ALLOC_h2p
                0x08009130       0x14 D:\Projects\MCU\STM32HAL\STM32F4_CLion\DAC7811_VCA821\STemWin_544\Lib\libSTemWin_CM4_wc32.a(GUI_Alloc.o)
                0x08009130                GUI_ALLOC_h2p
 .text.GUI_ALLOC_LockH
                0x08009144       0x1c D:\Projects\MCU\STM32HAL\STM32F4_CLion\DAC7811_VCA821\STemWin_544\Lib\libSTemWin_CM4_wc32.a(GUI_Alloc.o)
                0x08009144                GUI_ALLOC_LockH
 .text.GUI_ALLOC_UnlockH
                0x08009160       0x30 D:\Projects\MCU\STM32HAL\STM32F4_CLion\DAC7811_VCA821\STemWin_544\Lib\libSTemWin_CM4_wc32.a(GUI_Alloc.o)
                0x08009160                GUI_ALLOC_UnlockH
 .text.GUI_ALLOC_Free
                0x08009190       0x28 D:\Projects\MCU\STM32HAL\STM32F4_CLion\DAC7811_VCA821\STemWin_544\Lib\libSTemWin_CM4_wc32.a(GUI_Alloc.o)
                0x08009190                GUI_ALLOC_Free
 .text._EnlargeBlocks
                0x080091b8       0x9c D:\Projects\MCU\STM32HAL\STM32F4_CLion\DAC7811_VCA821\STemWin_544\Lib\libSTemWin_CM4_wc32.a(GUI_Alloc.o)
 .text._InitOnce
                0x08009254       0x68 D:\Projects\MCU\STM32HAL\STM32F4_CLion\DAC7811_VCA821\STemWin_544\Lib\libSTemWin_CM4_wc32.a(GUI_Alloc.o)
 .text.GUI_ALLOC_GetMaxSize
                0x080092bc       0x3c D:\Projects\MCU\STM32HAL\STM32F4_CLion\DAC7811_VCA821\STemWin_544\Lib\libSTemWin_CM4_wc32.a(GUI_Alloc.o)
                0x080092bc                GUI_ALLOC_GetMaxSize
 .text._Alloc   0x080092f8       0xf0 D:\Projects\MCU\STM32HAL\STM32F4_CLion\DAC7811_VCA821\STemWin_544\Lib\libSTemWin_CM4_wc32.a(GUI_Alloc.o)
 .text.GUI_ALLOC_AllocNoInit
                0x080093e8        0x8 D:\Projects\MCU\STM32HAL\STM32F4_CLion\DAC7811_VCA821\STemWin_544\Lib\libSTemWin_CM4_wc32.a(GUI_Alloc.o)
                0x080093e8                GUI_ALLOC_AllocNoInit
 .text.GUI__RegisterExit
                0x080093f0       0x28 D:\Projects\MCU\STM32HAL\STM32F4_CLion\DAC7811_VCA821\STemWin_544\Lib\libSTemWin_CM4_wc32.a(GUI_Core.o)
                0x080093f0                GUI__RegisterExit
 .text.GUI_DEVICE__GetpDriver
                0x08009418       0x20 D:\Projects\MCU\STM32HAL\STM32F4_CLion\DAC7811_VCA821\STemWin_544\Lib\libSTemWin_CM4_wc32.a(GUI_Device.o)
                0x08009418                GUI_DEVICE__GetpDriver
 .text.GUI_DEVICE_Delete
                0x08009438        0x4 D:\Projects\MCU\STM32HAL\STM32F4_CLion\DAC7811_VCA821\STemWin_544\Lib\libSTemWin_CM4_wc32.a(GUI_Device.o)
                0x08009438                GUI_DEVICE_Delete
 .text.GUI_DEVICE_Unlink
                0x0800943c       0x30 D:\Projects\MCU\STM32HAL\STM32F4_CLion\DAC7811_VCA821\STemWin_544\Lib\libSTemWin_CM4_wc32.a(GUI_Device.o)
                0x0800943c                GUI_DEVICE_Unlink
 .text.GUI_DEVICE_Link
                0x0800946c       0x84 D:\Projects\MCU\STM32HAL\STM32F4_CLion\DAC7811_VCA821\STemWin_544\Lib\libSTemWin_CM4_wc32.a(GUI_Device.o)
                0x0800946c                GUI_DEVICE_Link
 .text.GUI_TOUCH_Exec
                0x080094f0       0xa8 D:\Projects\MCU\STM32HAL\STM32F4_CLion\DAC7811_VCA821\STemWin_544\Lib\libSTemWin_CM4_wc32.a(GUI_TOUCH_DriverAnalog.o)
                0x080094f0                GUI_TOUCH_Exec
 .text.GUI_TOUCH_GetLayer
                0x08009598        0xc D:\Projects\MCU\STM32HAL\STM32F4_CLion\DAC7811_VCA821\STemWin_544\Lib\libSTemWin_CM4_wc32.a(GUI_TOUCH_StoreState.o)
                0x08009598                GUI_TOUCH_GetLayer
 .text.GUI__IntersectRect
                0x080095a4       0x3a D:\Projects\MCU\STM32HAL\STM32F4_CLion\DAC7811_VCA821\STemWin_544\Lib\libSTemWin_CM4_wc32.a(GUI__Private.o)
                0x080095a4                GUI__IntersectRect
 .text.GUI__IntersectRects
                0x080095de       0x56 D:\Projects\MCU\STM32HAL\STM32F4_CLion\DAC7811_VCA821\STemWin_544\Lib\libSTemWin_CM4_wc32.a(GUI__Private.o)
                0x080095de                GUI__IntersectRects
 .text._SetDrawMode
                0x08009634       0x28 D:\Projects\MCU\STM32HAL\STM32F4_CLion\DAC7811_VCA821\STemWin_544\Lib\libSTemWin_CM4_wc32.a(LCD.o)
 .text.LCD_SetDrawMode
                0x0800965c        0xc D:\Projects\MCU\STM32HAL\STM32F4_CLion\DAC7811_VCA821\STemWin_544\Lib\libSTemWin_CM4_wc32.a(LCD.o)
                0x0800965c                LCD_SetDrawMode
 .text.LCD_FillRect
                0x08009668       0x58 D:\Projects\MCU\STM32HAL\STM32F4_CLion\DAC7811_VCA821\STemWin_544\Lib\libSTemWin_CM4_wc32.a(LCD.o)
                0x08009668                LCD_FillRect
 .text.LCD_DrawBitmap
                0x080096c0      0x224 D:\Projects\MCU\STM32HAL\STM32F4_CLion\DAC7811_VCA821\STemWin_544\Lib\libSTemWin_CM4_wc32.a(LCD.o)
                0x080096c0                LCD_DrawBitmap
 .text.LCD_SetClipRectMax
                0x080098e4       0x1c D:\Projects\MCU\STM32HAL\STM32F4_CLion\DAC7811_VCA821\STemWin_544\Lib\libSTemWin_CM4_wc32.a(LCD.o)
                0x080098e4                LCD_SetClipRectMax
 .text.LCD_Color2Index
                0x08009900       0x1c D:\Projects\MCU\STM32HAL\STM32F4_CLion\DAC7811_VCA821\STemWin_544\Lib\libSTemWin_CM4_wc32.a(LCD.o)
                0x08009900                LCD_Color2Index
 .text.LCD_SetColorIndex
                0x0800991c       0x18 D:\Projects\MCU\STM32HAL\STM32F4_CLion\DAC7811_VCA821\STemWin_544\Lib\libSTemWin_CM4_wc32.a(LCD.o)
                0x0800991c                LCD_SetColorIndex
 .text._SetColor
                0x08009934       0x20 D:\Projects\MCU\STM32HAL\STM32F4_CLion\DAC7811_VCA821\STemWin_544\Lib\libSTemWin_CM4_wc32.a(LCD.o)
 .text.LCD_SetBkColorIndex
                0x08009954       0x18 D:\Projects\MCU\STM32HAL\STM32F4_CLion\DAC7811_VCA821\STemWin_544\Lib\libSTemWin_CM4_wc32.a(LCD.o)
                0x08009954                LCD_SetBkColorIndex
 .text._SetBkColor
                0x0800996c       0x20 D:\Projects\MCU\STM32HAL\STM32F4_CLion\DAC7811_VCA821\STemWin_544\Lib\libSTemWin_CM4_wc32.a(LCD.o)
 .text.LCD_GetpPalConvTableUncached
                0x0800998c       0x6c D:\Projects\MCU\STM32HAL\STM32F4_CLion\DAC7811_VCA821\STemWin_544\Lib\libSTemWin_CM4_wc32.a(LCD_Color.o)
                0x0800998c                LCD_GetpPalConvTableUncached
 .text.LCD_GetpPalConvTableBM
                0x080099f8        0x4 D:\Projects\MCU\STM32HAL\STM32F4_CLion\DAC7811_VCA821\STemWin_544\Lib\libSTemWin_CM4_wc32.a(LCD_Color.o)
                0x080099f8                LCD_GetpPalConvTableBM
 .text._GetDevProp
                0x080099fc       0x1e D:\Projects\MCU\STM32HAL\STM32F4_CLion\DAC7811_VCA821\STemWin_544\Lib\libSTemWin_CM4_wc32.a(LCD_GetEx.o)
 .text.LCD_GetXSizeEx
                0x08009a1a        0x6 D:\Projects\MCU\STM32HAL\STM32F4_CLion\DAC7811_VCA821\STemWin_544\Lib\libSTemWin_CM4_wc32.a(LCD_GetEx.o)
                0x08009a1a                LCD_GetXSizeEx
 .text.LCD_GetYSizeEx
                0x08009a20        0x6 D:\Projects\MCU\STM32HAL\STM32F4_CLion\DAC7811_VCA821\STemWin_544\Lib\libSTemWin_CM4_wc32.a(LCD_GetEx.o)
                0x08009a20                LCD_GetYSizeEx
 .text.LCD_GetPosEx
                0x08009a26       0x32 D:\Projects\MCU\STM32HAL\STM32F4_CLion\DAC7811_VCA821\STemWin_544\Lib\libSTemWin_CM4_wc32.a(LCD_Set.o)
                0x08009a26                LCD_GetPosEx
 .text.LCD_SetPosEx
                0x08009a58       0x30 D:\Projects\MCU\STM32HAL\STM32F4_CLion\DAC7811_VCA821\STemWin_544\Lib\libSTemWin_CM4_wc32.a(LCD_Set.o)
                0x08009a58                LCD_SetPosEx
 .text.GUI_USAGE_DecUseCnt
                0x08009a88       0x28 D:\Projects\MCU\STM32HAL\STM32F4_CLion\DAC7811_VCA821\STemWin_544\Lib\libSTemWin_CM4_wc32.a(GUIDEV_Usage.o)
                0x08009a88                GUI_USAGE_DecUseCnt
 .text.WM__ClipAtParentBorders
                0x08009ab0       0x58 D:\Projects\MCU\STM32HAL\STM32F4_CLion\DAC7811_VCA821\STemWin_544\Lib\libSTemWin_CM4_wc32.a(WM.o)
                0x08009ab0                WM__ClipAtParentBorders
 .text.WM__Client2Screen
                0x08009b08       0x10 D:\Projects\MCU\STM32HAL\STM32F4_CLion\DAC7811_VCA821\STemWin_544\Lib\libSTemWin_CM4_wc32.a(WM.o)
                0x08009b08                WM__Client2Screen
 .text.WM__IsWindow
                0x08009b18       0x20 D:\Projects\MCU\STM32HAL\STM32F4_CLion\DAC7811_VCA821\STemWin_544\Lib\libSTemWin_CM4_wc32.a(WM.o)
                0x08009b18                WM__IsWindow
 .text.WM__InvalidateDrawAndDescs
                0x08009b38       0x50 D:\Projects\MCU\STM32HAL\STM32F4_CLion\DAC7811_VCA821\STemWin_544\Lib\libSTemWin_CM4_wc32.a(WM.o)
                0x08009b38                WM__InvalidateDrawAndDescs
 .text.WM__RectIsNZ
                0x08009b88       0x22 D:\Projects\MCU\STM32HAL\STM32F4_CLion\DAC7811_VCA821\STemWin_544\Lib\libSTemWin_CM4_wc32.a(WM.o)
                0x08009b88                WM__RectIsNZ
 .text.WM__GetClientRectWin
                0x08009baa       0x18 D:\Projects\MCU\STM32HAL\STM32F4_CLion\DAC7811_VCA821\STemWin_544\Lib\libSTemWin_CM4_wc32.a(WM.o)
                0x08009baa                WM__GetClientRectWin
 *fill*         0x08009bc2        0x2 
 .text.WM__GetTopLevelLayer
                0x08009bc4       0x28 D:\Projects\MCU\STM32HAL\STM32F4_CLion\DAC7811_VCA821\STemWin_544\Lib\libSTemWin_CM4_wc32.a(WM.o)
                0x08009bc4                WM__GetTopLevelLayer
 .text._Invalidate1Abs
                0x08009bec       0xa0 D:\Projects\MCU\STM32HAL\STM32F4_CLion\DAC7811_VCA821\STemWin_544\Lib\libSTemWin_CM4_wc32.a(WM.o)
 .text.WM__Invalidate1Abs
                0x08009c8c        0x6 D:\Projects\MCU\STM32HAL\STM32F4_CLion\DAC7811_VCA821\STemWin_544\Lib\libSTemWin_CM4_wc32.a(WM.o)
                0x08009c8c                WM__Invalidate1Abs
 .text.WM_InvalidateWindowAndDescsEx
                0x08009c92       0x64 D:\Projects\MCU\STM32HAL\STM32F4_CLion\DAC7811_VCA821\STemWin_544\Lib\libSTemWin_CM4_wc32.a(WM.o)
                0x08009c92                WM_InvalidateWindowAndDescsEx
 .text.WM__InvalidateRect
                0x08009cf6       0x76 D:\Projects\MCU\STM32HAL\STM32F4_CLion\DAC7811_VCA821\STemWin_544\Lib\libSTemWin_CM4_wc32.a(WM.o)
                0x08009cf6                WM__InvalidateRect
 .text.WM__InvalidateRectEx
                0x08009d6c        0x6 D:\Projects\MCU\STM32HAL\STM32F4_CLion\DAC7811_VCA821\STemWin_544\Lib\libSTemWin_CM4_wc32.a(WM.o)
                0x08009d6c                WM__InvalidateRectEx
 .text.WM_InvalidateRect
                0x08009d72       0x78 D:\Projects\MCU\STM32HAL\STM32F4_CLion\DAC7811_VCA821\STemWin_544\Lib\libSTemWin_CM4_wc32.a(WM.o)
                0x08009d72                WM_InvalidateRect
 .text.WM_InvalidateWindow
                0x08009dea        0x6 D:\Projects\MCU\STM32HAL\STM32F4_CLion\DAC7811_VCA821\STemWin_544\Lib\libSTemWin_CM4_wc32.a(WM.o)
                0x08009dea                WM_InvalidateWindow
 .text.WM_Activate
                0x08009df0       0x10 D:\Projects\MCU\STM32HAL\STM32F4_CLion\DAC7811_VCA821\STemWin_544\Lib\libSTemWin_CM4_wc32.a(WM.o)
                0x08009df0                WM_Activate
 .text.WM_Deactivate
                0x08009e00       0x14 D:\Projects\MCU\STM32HAL\STM32F4_CLion\DAC7811_VCA821\STemWin_544\Lib\libSTemWin_CM4_wc32.a(WM.o)
                0x08009e00                WM_Deactivate
 .text.WM_DefaultProc
                0x08009e14       0x48 D:\Projects\MCU\STM32HAL\STM32F4_CLion\DAC7811_VCA821\STemWin_544\Lib\libSTemWin_CM4_wc32.a(WM.o)
                0x08009e14                WM_DefaultProc
 .text.WM_GetDesktopWindowEx
                0x08009e5c       0x14 D:\Projects\MCU\STM32HAL\STM32F4_CLion\DAC7811_VCA821\STemWin_544\Lib\libSTemWin_CM4_wc32.a(WM_Lib.o)
                0x08009e5c                WM_GetDesktopWindowEx
 .text.WM_GetFirstChild
                0x08009e70       0x10 D:\Projects\MCU\STM32HAL\STM32F4_CLion\DAC7811_VCA821\STemWin_544\Lib\libSTemWin_CM4_wc32.a(WM_Lib.o)
                0x08009e70                WM_GetFirstChild
 .text.WM_GetParent
                0x08009e80       0x10 D:\Projects\MCU\STM32HAL\STM32F4_CLion\DAC7811_VCA821\STemWin_544\Lib\libSTemWin_CM4_wc32.a(WM_Lib.o)
                0x08009e80                WM_GetParent
 .text.WM_IsWindow
                0x08009e90        0x4 D:\Projects\MCU\STM32HAL\STM32F4_CLion\DAC7811_VCA821\STemWin_544\Lib\libSTemWin_CM4_wc32.a(WM_Lib.o)
                0x08009e90                WM_IsWindow
 .text.WM_SendToParent
                0x08009e94       0x1c D:\Projects\MCU\STM32HAL\STM32F4_CLion\DAC7811_VCA821\STemWin_544\Lib\libSTemWin_CM4_wc32.a(WM_Lib.o)
                0x08009e94                WM_SendToParent
 .text.WM__IsInModalArea
                0x08009eb0       0x60 D:\Projects\MCU\STM32HAL\STM32F4_CLion\DAC7811_VCA821\STemWin_544\Lib\libSTemWin_CM4_wc32.a(WM_Touch.o)
                0x08009eb0                WM__IsInModalArea
 .text.WM__SendPIDMessage
                0x08009f10       0x42 D:\Projects\MCU\STM32HAL\STM32F4_CLion\DAC7811_VCA821\STemWin_544\Lib\libSTemWin_CM4_wc32.a(WM_Touch.o)
                0x08009f10                WM__SendPIDMessage
 .text.WM__SendTouchMessage
                0x08009f52       0x3a D:\Projects\MCU\STM32HAL\STM32F4_CLion\DAC7811_VCA821\STemWin_544\Lib\libSTemWin_CM4_wc32.a(WM_Touch.o)
                0x08009f52                WM__SendTouchMessage
 .text.WM_HandlePID
                0x08009f8c      0x378 D:\Projects\MCU\STM32HAL\STM32F4_CLion\DAC7811_VCA821\STemWin_544\Lib\libSTemWin_CM4_wc32.a(WM_Touch.o)
                0x08009f8c                WM_HandlePID
 .text.WM__IsAncestor
                0x0800a304       0x22 D:\Projects\MCU\STM32HAL\STM32F4_CLion\DAC7811_VCA821\STemWin_544\Lib\libSTemWin_CM4_wc32.a(WM__Private.o)
                0x0800a304                WM__IsAncestor
 .text.WM__IsEnabled
                0x0800a326       0x12 D:\Projects\MCU\STM32HAL\STM32F4_CLion\DAC7811_VCA821\STemWin_544\Lib\libSTemWin_CM4_wc32.a(WM__Private.o)
                0x0800a326                WM__IsEnabled
 .text.WM__SendMessage
                0x0800a338       0x3c D:\Projects\MCU\STM32HAL\STM32F4_CLion\DAC7811_VCA821\STemWin_544\Lib\libSTemWin_CM4_wc32.a(WM__Private.o)
                0x0800a338                WM__SendMessage
 .text.WM__SendMessageIfEnabled
                0x0800a374       0x1a D:\Projects\MCU\STM32HAL\STM32F4_CLion\DAC7811_VCA821\STemWin_544\Lib\libSTemWin_CM4_wc32.a(WM__Private.o)
                0x0800a374                WM__SendMessageIfEnabled
 *fill*         0x0800a38e        0x2 
 .text.WM__AddCriticalHandle
                0x0800a390       0x10 D:\Projects\MCU\STM32HAL\STM32F4_CLion\DAC7811_VCA821\STemWin_544\Lib\libSTemWin_CM4_wc32.a(WM__Private.o)
                0x0800a390                WM__AddCriticalHandle
 .text.WM__RemoveCriticalHandle
                0x0800a3a0       0x2c D:\Projects\MCU\STM32HAL\STM32F4_CLion\DAC7811_VCA821\STemWin_544\Lib\libSTemWin_CM4_wc32.a(WM__Private.o)
                0x0800a3a0                WM__RemoveCriticalHandle
 .text.WM__GetClientRectEx
                0x0800a3cc       0x22 D:\Projects\MCU\STM32HAL\STM32F4_CLion\DAC7811_VCA821\STemWin_544\Lib\libSTemWin_CM4_wc32.a(WM__Private.o)
                0x0800a3cc                WM__GetClientRectEx
 *fill*         0x0800a3ee        0x2 
 .text.GUIMONO_DispChar
                0x0800a3f0      0x13c D:\Projects\MCU\STM32HAL\STM32F4_CLion\DAC7811_VCA821\STemWin_544\Lib\libSTemWin_CM4_wc32.a(GUI_CharM.o)
                0x0800a3f0                GUIMONO_DispChar
 .text.GUIMONO_GetCharDistX
                0x0800a52c       0x18 D:\Projects\MCU\STM32HAL\STM32F4_CLion\DAC7811_VCA821\STemWin_544\Lib\libSTemWin_CM4_wc32.a(GUI_CharM.o)
                0x0800a52c                GUIMONO_GetCharDistX
 .text.GUIMONO_GetFontInfo
                0x0800a544        0x6 D:\Projects\MCU\STM32HAL\STM32F4_CLion\DAC7811_VCA821\STemWin_544\Lib\libSTemWin_CM4_wc32.a(GUI_CharM.o)
                0x0800a544                GUIMONO_GetFontInfo
 .text.GUIMONO_IsInFont
                0x0800a54a       0x36 D:\Projects\MCU\STM32HAL\STM32F4_CLion\DAC7811_VCA821\STemWin_544\Lib\libSTemWin_CM4_wc32.a(GUI_CharM.o)
                0x0800a54a                GUIMONO_IsInFont
 .text.GUI_MergeRect
                0x0800a580       0x56 D:\Projects\MCU\STM32HAL\STM32F4_CLion\DAC7811_VCA821\STemWin_544\Lib\libSTemWin_CM4_wc32.a(GUI_Common.o)
                0x0800a580                GUI_MergeRect
 .text.GUI_MoveRect
                0x0800a5d6       0x20 D:\Projects\MCU\STM32HAL\STM32F4_CLion\DAC7811_VCA821\STemWin_544\Lib\libSTemWin_CM4_wc32.a(GUI_Common.o)
                0x0800a5d6                GUI_MoveRect
 .text.GUI_GetBitmapPixelIndexEx
                0x0800a5f6       0x88 D:\Projects\MCU\STM32HAL\STM32F4_CLion\DAC7811_VCA821\STemWin_544\Lib\libSTemWin_CM4_wc32.a(GUI_Common.o)
                0x0800a5f6                GUI_GetBitmapPixelIndexEx
 .text.GUI_GetBitmapPixelIndex
                0x0800a67e       0x18 D:\Projects\MCU\STM32HAL\STM32F4_CLion\DAC7811_VCA821\STemWin_544\Lib\libSTemWin_CM4_wc32.a(GUI_Common.o)
                0x0800a67e                GUI_GetBitmapPixelIndex
 .text.GUI_SelectLCD
                0x0800a696       0x12 D:\Projects\MCU\STM32HAL\STM32F4_CLion\DAC7811_VCA821\STemWin_544\Lib\libSTemWin_CM4_wc32.a(GUI_Common.o)
                0x0800a696                GUI_SelectLCD
 .text.GUI_CURSOR_SetPositionEx
                0x0800a6a8       0x64 D:\Projects\MCU\STM32HAL\STM32F4_CLion\DAC7811_VCA821\STemWin_544\Lib\libSTemWin_CM4_wc32.a(GUI_Cursor.o)
                0x0800a6a8                GUI_CURSOR_SetPositionEx
 .text._OnExit  0x0800a70c       0x18 D:\Projects\MCU\STM32HAL\STM32F4_CLion\DAC7811_VCA821\STemWin_544\Lib\libSTemWin_CM4_wc32.a(GUI_PID.o)
 .text.GUI_PID_GetState
                0x0800a724       0x50 D:\Projects\MCU\STM32HAL\STM32F4_CLion\DAC7811_VCA821\STemWin_544\Lib\libSTemWin_CM4_wc32.a(GUI_PID.o)
                0x0800a724                GUI_PID_GetState
 .text.GUI_PID_StoreState
                0x0800a774       0xb8 D:\Projects\MCU\STM32HAL\STM32F4_CLion\DAC7811_VCA821\STemWin_544\Lib\libSTemWin_CM4_wc32.a(GUI_PID.o)
                0x0800a774                GUI_PID_StoreState
 .text.GUI_PID_IsEmpty
                0x0800a82c       0x10 D:\Projects\MCU\STM32HAL\STM32F4_CLion\DAC7811_VCA821\STemWin_544\Lib\libSTemWin_CM4_wc32.a(GUI_PID.o)
                0x0800a82c                GUI_PID_IsEmpty
 .text._CreateBuffer
                0x0800a83c       0xaa D:\Projects\MCU\STM32HAL\STM32F4_CLion\DAC7811_VCA821\STemWin_544\Lib\libSTemWin_CM4_wc32.a(GUI_SPRITE.o)
 .text._GetBkIndex.isra.0
                0x0800a8e6       0x70 D:\Projects\MCU\STM32HAL\STM32F4_CLion\DAC7811_VCA821\STemWin_544\Lib\libSTemWin_CM4_wc32.a(GUI_SPRITE.o)
 .text._GetBkIndexAlpha.isra.2
                0x0800a956       0x7a D:\Projects\MCU\STM32HAL\STM32F4_CLion\DAC7811_VCA821\STemWin_544\Lib\libSTemWin_CM4_wc32.a(GUI_SPRITE.o)
 .text._GetDeviceRect
                0x0800a9d0       0x3c D:\Projects\MCU\STM32HAL\STM32F4_CLion\DAC7811_VCA821\STemWin_544\Lib\libSTemWin_CM4_wc32.a(GUI_SPRITE.o)
 .text._FlushBuffer.isra.5
                0x0800aa0c       0x7a D:\Projects\MCU\STM32HAL\STM32F4_CLion\DAC7811_VCA821\STemWin_544\Lib\libSTemWin_CM4_wc32.a(GUI_SPRITE.o)
 .text._SetBkIndexBuffered
                0x0800aa86       0x44 D:\Projects\MCU\STM32HAL\STM32F4_CLion\DAC7811_VCA821\STemWin_544\Lib\libSTemWin_CM4_wc32.a(GUI_SPRITE.o)
 .text._ReleaseBuffer.isra.6
                0x0800aaca       0x1e D:\Projects\MCU\STM32HAL\STM32F4_CLion\DAC7811_VCA821\STemWin_544\Lib\libSTemWin_CM4_wc32.a(GUI_SPRITE.o)
 .text.GUI_SPRITE_SetPosition
                0x0800aae8      0x4b8 D:\Projects\MCU\STM32HAL\STM32F4_CLion\DAC7811_VCA821\STemWin_544\Lib\libSTemWin_CM4_wc32.a(GUI_SPRITE.o)
                0x0800aae8                GUI_SPRITE_SetPosition
 .text.GUI_GetCursorLayer
                0x0800afa0       0x14 D:\Projects\MCU\STM32HAL\STM32F4_CLion\DAC7811_VCA821\STemWin_544\Lib\libSTemWin_CM4_wc32.a(GUI_SelectLayer.o)
                0x0800afa0                GUI_GetCursorLayer
 .text.GUI_GetLayerPosEx
                0x0800afb4       0x14 D:\Projects\MCU\STM32HAL\STM32F4_CLion\DAC7811_VCA821\STemWin_544\Lib\libSTemWin_CM4_wc32.a(GUI_SelectLayer.o)
                0x0800afb4                GUI_GetLayerPosEx
 .text.GUI_SetLayerPosEx
                0x0800afc8        0x4 D:\Projects\MCU\STM32HAL\STM32F4_CLion\DAC7811_VCA821\STemWin_544\Lib\libSTemWin_CM4_wc32.a(GUI_SelectLayer.o)
                0x0800afc8                GUI_SetLayerPosEx
 .text.GUI_TOUCH_StoreStateEx
                0x0800afcc       0x50 D:\Projects\MCU\STM32HAL\STM32F4_CLion\DAC7811_VCA821\STemWin_544\Lib\libSTemWin_CM4_wc32.a(GUI_TOUCH.o)
                0x0800afcc                GUI_TOUCH_StoreStateEx
 .text.GUI_TOUCH_TransformPoint
                0x0800b01c       0x70 D:\Projects\MCU\STM32HAL\STM32F4_CLion\DAC7811_VCA821\STemWin_544\Lib\libSTemWin_CM4_wc32.a(GUI_TOUCH_Calibrate.o)
                0x0800b01c                GUI_TOUCH_TransformPoint
 .text.GUI_TOUCH_CalibratePoint
                0x0800b08c       0x34 D:\Projects\MCU\STM32HAL\STM32F4_CLion\DAC7811_VCA821\STemWin_544\Lib\libSTemWin_CM4_wc32.a(GUI_TOUCH_Calibrate.o)
                0x0800b08c                GUI_TOUCH_CalibratePoint
 .text.GUI_SignalEvent
                0x0800b0c0       0x10 D:\Projects\MCU\STM32HAL\STM32F4_CLion\DAC7811_VCA821\STemWin_544\Lib\libSTemWin_CM4_wc32.a(GUI_WaitEvent.o)
                0x0800b0c0                GUI_SignalEvent
 .text.GUI__MixColorsBulk
                0x0800b0d0       0x88 D:\Projects\MCU\STM32HAL\STM32F4_CLion\DAC7811_VCA821\STemWin_544\Lib\libSTemWin_CM4_wc32.a(GUI__Alpha.o)
                0x0800b0d0                GUI__MixColorsBulk
 .text.GUI__MixColors
                0x0800b158       0x56 D:\Projects\MCU\STM32HAL\STM32F4_CLion\DAC7811_VCA821\STemWin_544\Lib\libSTemWin_CM4_wc32.a(GUI__Alpha.o)
                0x0800b158                GUI__MixColors
 .text.GUI__CompactPixelIndices
                0x0800b1ae      0x15e D:\Projects\MCU\STM32HAL\STM32F4_CLion\DAC7811_VCA821\STemWin_544\Lib\libSTemWin_CM4_wc32.a(GUI__CompactPixelIndices.o)
                0x0800b1ae                GUI__CompactPixelIndices
 .text.LCD_SelectLCD
                0x0800b30c       0x40 D:\Projects\MCU\STM32HAL\STM32F4_CLion\DAC7811_VCA821\STemWin_544\Lib\libSTemWin_CM4_wc32.a(LCD_SelectLCD.o)
                0x0800b30c                LCD_SelectLCD
 .text.LCD_UpdateColorIndices
                0x0800b34c       0x24 D:\Projects\MCU\STM32HAL\STM32F4_CLion\DAC7811_VCA821\STemWin_544\Lib\libSTemWin_CM4_wc32.a(LCD_UpdateColorIndices.o)
                0x0800b34c                LCD_UpdateColorIndices
 .text.GUI_MEMDEV_Delete
                0x0800b370       0x44 D:\Projects\MCU\STM32HAL\STM32F4_CLion\DAC7811_VCA821\STemWin_544\Lib\libSTemWin_CM4_wc32.a(GUIDEV.o)
                0x0800b370                GUI_MEMDEV_Delete
 .text.GUI_MEMDEV_Select
                0x0800b3b4       0x4c D:\Projects\MCU\STM32HAL\STM32F4_CLion\DAC7811_VCA821\STemWin_544\Lib\libSTemWin_CM4_wc32.a(GUIDEV.o)
                0x0800b3b4                GUI_MEMDEV_Select
 .text.WM_PID__SetPrevState
                0x0800b400       0x14 D:\Projects\MCU\STM32HAL\STM32F4_CLion\DAC7811_VCA821\STemWin_544\Lib\libSTemWin_CM4_wc32.a(WM_PID__GetPrevState.o)
                0x0800b400                WM_PID__SetPrevState
 .text.WM__IsInWindow
                0x0800b414       0x36 D:\Projects\MCU\STM32HAL\STM32F4_CLion\DAC7811_VCA821\STemWin_544\Lib\libSTemWin_CM4_wc32.a(WM_Screen2Win.o)
                0x0800b414                WM__IsInWindow
 .text._Screen2hWin
                0x0800b44a       0x60 D:\Projects\MCU\STM32HAL\STM32F4_CLion\DAC7811_VCA821\STemWin_544\Lib\libSTemWin_CM4_wc32.a(WM_Screen2Win.o)
 *fill*         0x0800b4aa        0x2 
 .text.WM_Screen2hWin
                0x0800b4ac       0x20 D:\Projects\MCU\STM32HAL\STM32F4_CLion\DAC7811_VCA821\STemWin_544\Lib\libSTemWin_CM4_wc32.a(WM_Screen2Win.o)
                0x0800b4ac                WM_Screen2hWin
 .text.WM__ReleaseCapture
                0x0800b4cc       0x30 D:\Projects\MCU\STM32HAL\STM32F4_CLion\DAC7811_VCA821\STemWin_544\Lib\libSTemWin_CM4_wc32.a(WM_SetCapture.o)
 .text.WM_ReleaseCapture
                0x0800b4fc        0x4 D:\Projects\MCU\STM32HAL\STM32F4_CLion\DAC7811_VCA821\STemWin_544\Lib\libSTemWin_CM4_wc32.a(WM_SetCapture.o)
                0x0800b4fc                WM_ReleaseCapture
 .text.__errno  0x0800b500        0xc d:/program files (x86)/gnu arm embedded toolchain/9 2020-q2-update/bin/../lib/gcc/arm-none-eabi/9.3.1/../../../../arm-none-eabi/lib/thumb/v7e-m+fp/hard\libg.a(lib_a-errno.o)
                0x0800b500                __errno
 .text.__libc_init_array
                0x0800b50c       0x48 d:/program files (x86)/gnu arm embedded toolchain/9 2020-q2-update/bin/../lib/gcc/arm-none-eabi/9.3.1/../../../../arm-none-eabi/lib/thumb/v7e-m+fp/hard\libg.a(lib_a-init.o)
                0x0800b50c                __libc_init_array
 .text.memcmp   0x0800b554       0x60 d:/program files (x86)/gnu arm embedded toolchain/9 2020-q2-update/bin/../lib/gcc/arm-none-eabi/9.3.1/../../../../arm-none-eabi/lib/thumb/v7e-m+fp/hard\libg.a(lib_a-memcmp.o)
                0x0800b554                memcmp
 .text.memmove  0x0800b5b4       0xd8 d:/program files (x86)/gnu arm embedded toolchain/9 2020-q2-update/bin/../lib/gcc/arm-none-eabi/9.3.1/../../../../arm-none-eabi/lib/thumb/v7e-m+fp/hard\libg.a(lib_a-memmove.o)
                0x0800b5b4                memmove
 .text.memset   0x0800b68c       0xa0 d:/program files (x86)/gnu arm embedded toolchain/9 2020-q2-update/bin/../lib/gcc/arm-none-eabi/9.3.1/../../../../arm-none-eabi/lib/thumb/v7e-m+fp/hard\libg.a(lib_a-memset.o)
                0x0800b68c                memset
 .text.printf   0x0800b72c       0x28 d:/program files (x86)/gnu arm embedded toolchain/9 2020-q2-update/bin/../lib/gcc/arm-none-eabi/9.3.1/../../../../arm-none-eabi/lib/thumb/v7e-m+fp/hard\libg.a(lib_a-printf.o)
                0x0800b72c                printf
 .text.setvbuf  0x0800b754      0x1a0 d:/program files (x86)/gnu arm embedded toolchain/9 2020-q2-update/bin/../lib/gcc/arm-none-eabi/9.3.1/../../../../arm-none-eabi/lib/thumb/v7e-m+fp/hard\libg.a(lib_a-setvbuf.o)
                0x0800b754                setvbuf
 *fill*         0x0800b8f4        0x4 
 .text._vfprintf_r
                0x0800b8f8     0x1be0 d:/program files (x86)/gnu arm embedded toolchain/9 2020-q2-update/bin/../lib/gcc/arm-none-eabi/9.3.1/../../../../arm-none-eabi/lib/thumb/v7e-m+fp/hard\libg.a(lib_a-vfprintf.o)
                0x0800b8f8                _vfprintf_r
 .text.__sbprintf
                0x0800d4d8       0x84 d:/program files (x86)/gnu arm embedded toolchain/9 2020-q2-update/bin/../lib/gcc/arm-none-eabi/9.3.1/../../../../arm-none-eabi/lib/thumb/v7e-m+fp/hard\libg.a(lib_a-vfprintf.o)
 .text.__swsetup_r
                0x0800d55c       0xd0 d:/program files (x86)/gnu arm embedded toolchain/9 2020-q2-update/bin/../lib/gcc/arm-none-eabi/9.3.1/../../../../arm-none-eabi/lib/thumb/v7e-m+fp/hard\libg.a(lib_a-wsetup.o)
                0x0800d55c                __swsetup_r
 .text.startup.register_fini
                0x0800d62c       0x14 d:/program files (x86)/gnu arm embedded toolchain/9 2020-q2-update/bin/../lib/gcc/arm-none-eabi/9.3.1/../../../../arm-none-eabi/lib/thumb/v7e-m+fp/hard\libg.a(lib_a-__call_atexit.o)
 .text.atexit   0x0800d640        0xc d:/program files (x86)/gnu arm embedded toolchain/9 2020-q2-update/bin/../lib/gcc/arm-none-eabi/9.3.1/../../../../arm-none-eabi/lib/thumb/v7e-m+fp/hard\libg.a(lib_a-atexit.o)
                0x0800d640                atexit
 .text.quorem   0x0800d64c      0x11c d:/program files (x86)/gnu arm embedded toolchain/9 2020-q2-update/bin/../lib/gcc/arm-none-eabi/9.3.1/../../../../arm-none-eabi/lib/thumb/v7e-m+fp/hard\libg.a(lib_a-dtoa.o)
 .text._dtoa_r  0x0800d768      0xf44 d:/program files (x86)/gnu arm embedded toolchain/9 2020-q2-update/bin/../lib/gcc/arm-none-eabi/9.3.1/../../../../arm-none-eabi/lib/thumb/v7e-m+fp/hard\libg.a(lib_a-dtoa.o)
                0x0800d768                _dtoa_r
 .text.__sflush_r
                0x0800e6ac      0x130 d:/program files (x86)/gnu arm embedded toolchain/9 2020-q2-update/bin/../lib/gcc/arm-none-eabi/9.3.1/../../../../arm-none-eabi/lib/thumb/v7e-m+fp/hard\libg.a(lib_a-fflush.o)
                0x0800e6ac                __sflush_r
 .text._fflush_r
                0x0800e7dc       0x5c d:/program files (x86)/gnu arm embedded toolchain/9 2020-q2-update/bin/../lib/gcc/arm-none-eabi/9.3.1/../../../../arm-none-eabi/lib/thumb/v7e-m+fp/hard\libg.a(lib_a-fflush.o)
                0x0800e7dc                _fflush_r
 .text.std      0x0800e838       0x50 d:/program files (x86)/gnu arm embedded toolchain/9 2020-q2-update/bin/../lib/gcc/arm-none-eabi/9.3.1/../../../../arm-none-eabi/lib/thumb/v7e-m+fp/hard\libg.a(lib_a-findfp.o)
 .text._cleanup_r
                0x0800e888        0xc d:/program files (x86)/gnu arm embedded toolchain/9 2020-q2-update/bin/../lib/gcc/arm-none-eabi/9.3.1/../../../../arm-none-eabi/lib/thumb/v7e-m+fp/hard\libg.a(lib_a-findfp.o)
                0x0800e888                _cleanup_r
 .text.__sinit  0x0800e894       0x54 d:/program files (x86)/gnu arm embedded toolchain/9 2020-q2-update/bin/../lib/gcc/arm-none-eabi/9.3.1/../../../../arm-none-eabi/lib/thumb/v7e-m+fp/hard\libg.a(lib_a-findfp.o)
                0x0800e894                __sinit
 .text.__sfp_lock_acquire
                0x0800e8e8        0xc d:/program files (x86)/gnu arm embedded toolchain/9 2020-q2-update/bin/../lib/gcc/arm-none-eabi/9.3.1/../../../../arm-none-eabi/lib/thumb/v7e-m+fp/hard\libg.a(lib_a-findfp.o)
                0x0800e8e8                __sfp_lock_acquire
 .text.__sfp_lock_release
                0x0800e8f4        0xc d:/program files (x86)/gnu arm embedded toolchain/9 2020-q2-update/bin/../lib/gcc/arm-none-eabi/9.3.1/../../../../arm-none-eabi/lib/thumb/v7e-m+fp/hard\libg.a(lib_a-findfp.o)
                0x0800e8f4                __sfp_lock_release
 .text.__libc_fini_array
                0x0800e900       0x2c d:/program files (x86)/gnu arm embedded toolchain/9 2020-q2-update/bin/../lib/gcc/arm-none-eabi/9.3.1/../../../../arm-none-eabi/lib/thumb/v7e-m+fp/hard\libg.a(lib_a-fini.o)
                0x0800e900                __libc_fini_array
 .text._malloc_trim_r
                0x0800e92c       0xa0 d:/program files (x86)/gnu arm embedded toolchain/9 2020-q2-update/bin/../lib/gcc/arm-none-eabi/9.3.1/../../../../arm-none-eabi/lib/thumb/v7e-m+fp/hard\libg.a(lib_a-freer.o)
                0x0800e92c                _malloc_trim_r
 .text._free_r  0x0800e9cc      0x208 d:/program files (x86)/gnu arm embedded toolchain/9 2020-q2-update/bin/../lib/gcc/arm-none-eabi/9.3.1/../../../../arm-none-eabi/lib/thumb/v7e-m+fp/hard\libg.a(lib_a-freer.o)
                0x0800e9cc                _free_r
 .text._fwalk_reent
                0x0800ebd4       0x48 d:/program files (x86)/gnu arm embedded toolchain/9 2020-q2-update/bin/../lib/gcc/arm-none-eabi/9.3.1/../../../../arm-none-eabi/lib/thumb/v7e-m+fp/hard\libg.a(lib_a-fwalk.o)
                0x0800ebd4                _fwalk_reent
 .text._localeconv_r
                0x0800ec1c        0x8 d:/program files (x86)/gnu arm embedded toolchain/9 2020-q2-update/bin/../lib/gcc/arm-none-eabi/9.3.1/../../../../arm-none-eabi/lib/thumb/v7e-m+fp/hard\libg.a(lib_a-localeconv.o)
                0x0800ec1c                _localeconv_r
 .text.__retarget_lock_init_recursive
                0x0800ec24        0x4 d:/program files (x86)/gnu arm embedded toolchain/9 2020-q2-update/bin/../lib/gcc/arm-none-eabi/9.3.1/../../../../arm-none-eabi/lib/thumb/v7e-m+fp/hard\libg.a(lib_a-lock.o)
                0x0800ec24                __retarget_lock_init_recursive
 .text.__retarget_lock_close_recursive
                0x0800ec28        0x4 d:/program files (x86)/gnu arm embedded toolchain/9 2020-q2-update/bin/../lib/gcc/arm-none-eabi/9.3.1/../../../../arm-none-eabi/lib/thumb/v7e-m+fp/hard\libg.a(lib_a-lock.o)
                0x0800ec28                __retarget_lock_close_recursive
 .text.__retarget_lock_acquire_recursive
                0x0800ec2c        0x4 d:/program files (x86)/gnu arm embedded toolchain/9 2020-q2-update/bin/../lib/gcc/arm-none-eabi/9.3.1/../../../../arm-none-eabi/lib/thumb/v7e-m+fp/hard\libg.a(lib_a-lock.o)
                0x0800ec2c                __retarget_lock_acquire_recursive
 .text.__retarget_lock_release_recursive
                0x0800ec30        0x4 d:/program files (x86)/gnu arm embedded toolchain/9 2020-q2-update/bin/../lib/gcc/arm-none-eabi/9.3.1/../../../../arm-none-eabi/lib/thumb/v7e-m+fp/hard\libg.a(lib_a-lock.o)
                0x0800ec30                __retarget_lock_release_recursive
 .text.__swhatbuf_r
                0x0800ec34       0x5c d:/program files (x86)/gnu arm embedded toolchain/9 2020-q2-update/bin/../lib/gcc/arm-none-eabi/9.3.1/../../../../arm-none-eabi/lib/thumb/v7e-m+fp/hard\libg.a(lib_a-makebuf.o)
                0x0800ec34                __swhatbuf_r
 .text.__smakebuf_r
                0x0800ec90       0x98 d:/program files (x86)/gnu arm embedded toolchain/9 2020-q2-update/bin/../lib/gcc/arm-none-eabi/9.3.1/../../../../arm-none-eabi/lib/thumb/v7e-m+fp/hard\libg.a(lib_a-makebuf.o)
                0x0800ec90                __smakebuf_r
 .text.malloc   0x0800ed28       0x10 d:/program files (x86)/gnu arm embedded toolchain/9 2020-q2-update/bin/../lib/gcc/arm-none-eabi/9.3.1/../../../../arm-none-eabi/lib/thumb/v7e-m+fp/hard\libg.a(lib_a-malloc.o)
                0x0800ed28                malloc
 .text._malloc_r
                0x0800ed38      0x574 d:/program files (x86)/gnu arm embedded toolchain/9 2020-q2-update/bin/../lib/gcc/arm-none-eabi/9.3.1/../../../../arm-none-eabi/lib/thumb/v7e-m+fp/hard\libg.a(lib_a-mallocr.o)
                0x0800ed38                _malloc_r
 .text.__malloc_lock
                0x0800f2ac        0xc d:/program files (x86)/gnu arm embedded toolchain/9 2020-q2-update/bin/../lib/gcc/arm-none-eabi/9.3.1/../../../../arm-none-eabi/lib/thumb/v7e-m+fp/hard\libg.a(lib_a-mlock.o)
                0x0800f2ac                __malloc_lock
 .text.__malloc_unlock
                0x0800f2b8        0xc d:/program files (x86)/gnu arm embedded toolchain/9 2020-q2-update/bin/../lib/gcc/arm-none-eabi/9.3.1/../../../../arm-none-eabi/lib/thumb/v7e-m+fp/hard\libg.a(lib_a-mlock.o)
                0x0800f2b8                __malloc_unlock
 .text._Balloc  0x0800f2c4       0x4c d:/program files (x86)/gnu arm embedded toolchain/9 2020-q2-update/bin/../lib/gcc/arm-none-eabi/9.3.1/../../../../arm-none-eabi/lib/thumb/v7e-m+fp/hard\libg.a(lib_a-mprec.o)
                0x0800f2c4                _Balloc
 .text._Bfree   0x0800f310       0x14 d:/program files (x86)/gnu arm embedded toolchain/9 2020-q2-update/bin/../lib/gcc/arm-none-eabi/9.3.1/../../../../arm-none-eabi/lib/thumb/v7e-m+fp/hard\libg.a(lib_a-mprec.o)
                0x0800f310                _Bfree
 .text.__multadd
                0x0800f324       0xac d:/program files (x86)/gnu arm embedded toolchain/9 2020-q2-update/bin/../lib/gcc/arm-none-eabi/9.3.1/../../../../arm-none-eabi/lib/thumb/v7e-m+fp/hard\libg.a(lib_a-mprec.o)
                0x0800f324                __multadd
 .text.__hi0bits
                0x0800f3d0       0x40 d:/program files (x86)/gnu arm embedded toolchain/9 2020-q2-update/bin/../lib/gcc/arm-none-eabi/9.3.1/../../../../arm-none-eabi/lib/thumb/v7e-m+fp/hard\libg.a(lib_a-mprec.o)
                0x0800f3d0                __hi0bits
 .text.__lo0bits
                0x0800f410       0x60 d:/program files (x86)/gnu arm embedded toolchain/9 2020-q2-update/bin/../lib/gcc/arm-none-eabi/9.3.1/../../../../arm-none-eabi/lib/thumb/v7e-m+fp/hard\libg.a(lib_a-mprec.o)
                0x0800f410                __lo0bits
 .text.__i2b    0x0800f470       0x2c d:/program files (x86)/gnu arm embedded toolchain/9 2020-q2-update/bin/../lib/gcc/arm-none-eabi/9.3.1/../../../../arm-none-eabi/lib/thumb/v7e-m+fp/hard\libg.a(lib_a-mprec.o)
                0x0800f470                __i2b
 .text.__multiply
                0x0800f49c      0x160 d:/program files (x86)/gnu arm embedded toolchain/9 2020-q2-update/bin/../lib/gcc/arm-none-eabi/9.3.1/../../../../arm-none-eabi/lib/thumb/v7e-m+fp/hard\libg.a(lib_a-mprec.o)
                0x0800f49c                __multiply
 .text.__pow5mult
                0x0800f5fc       0x98 d:/program files (x86)/gnu arm embedded toolchain/9 2020-q2-update/bin/../lib/gcc/arm-none-eabi/9.3.1/../../../../arm-none-eabi/lib/thumb/v7e-m+fp/hard\libg.a(lib_a-mprec.o)
                0x0800f5fc                __pow5mult
 .text.__lshift
                0x0800f694       0xe8 d:/program files (x86)/gnu arm embedded toolchain/9 2020-q2-update/bin/../lib/gcc/arm-none-eabi/9.3.1/../../../../arm-none-eabi/lib/thumb/v7e-m+fp/hard\libg.a(lib_a-mprec.o)
                0x0800f694                __lshift
 .text.__mcmp   0x0800f77c       0x3c d:/program files (x86)/gnu arm embedded toolchain/9 2020-q2-update/bin/../lib/gcc/arm-none-eabi/9.3.1/../../../../arm-none-eabi/lib/thumb/v7e-m+fp/hard\libg.a(lib_a-mprec.o)
                0x0800f77c                __mcmp
 .text.__mdiff  0x0800f7b8      0x148 d:/program files (x86)/gnu arm embedded toolchain/9 2020-q2-update/bin/../lib/gcc/arm-none-eabi/9.3.1/../../../../arm-none-eabi/lib/thumb/v7e-m+fp/hard\libg.a(lib_a-mprec.o)
                0x0800f7b8                __mdiff
 .text.__d2b    0x0800f900       0xd0 d:/program files (x86)/gnu arm embedded toolchain/9 2020-q2-update/bin/../lib/gcc/arm-none-eabi/9.3.1/../../../../arm-none-eabi/lib/thumb/v7e-m+fp/hard\libg.a(lib_a-mprec.o)
                0x0800f900                __d2b
 .text.frexp    0x0800f9d0       0x6c d:/program files (x86)/gnu arm embedded toolchain/9 2020-q2-update/bin/../lib/gcc/arm-none-eabi/9.3.1/../../../../arm-none-eabi/lib/thumb/v7e-m+fp/hard\libg.a(lib_a-s_frexp.o)
                0x0800f9d0                frexp
 .text._sbrk_r  0x0800fa3c       0x24 d:/program files (x86)/gnu arm embedded toolchain/9 2020-q2-update/bin/../lib/gcc/arm-none-eabi/9.3.1/../../../../arm-none-eabi/lib/thumb/v7e-m+fp/hard\libg.a(lib_a-sbrkr.o)
                0x0800fa3c                _sbrk_r
 .text.__sread  0x0800fa60       0x24 d:/program files (x86)/gnu arm embedded toolchain/9 2020-q2-update/bin/../lib/gcc/arm-none-eabi/9.3.1/../../../../arm-none-eabi/lib/thumb/v7e-m+fp/hard\libg.a(lib_a-stdio.o)
                0x0800fa60                __sread
 .text.__swrite
                0x0800fa84       0x40 d:/program files (x86)/gnu arm embedded toolchain/9 2020-q2-update/bin/../lib/gcc/arm-none-eabi/9.3.1/../../../../arm-none-eabi/lib/thumb/v7e-m+fp/hard\libg.a(lib_a-stdio.o)
                0x0800fa84                __swrite
 .text.__sseek  0x0800fac4       0x20 d:/program files (x86)/gnu arm embedded toolchain/9 2020-q2-update/bin/../lib/gcc/arm-none-eabi/9.3.1/../../../../arm-none-eabi/lib/thumb/v7e-m+fp/hard\libg.a(lib_a-stdio.o)
                0x0800fac4                __sseek
 .text.__sclose
                0x0800fae4        0x8 d:/program files (x86)/gnu arm embedded toolchain/9 2020-q2-update/bin/../lib/gcc/arm-none-eabi/9.3.1/../../../../arm-none-eabi/lib/thumb/v7e-m+fp/hard\libg.a(lib_a-stdio.o)
                0x0800fae4                __sclose
 .text.strncpy  0x0800faec       0x68 d:/program files (x86)/gnu arm embedded toolchain/9 2020-q2-update/bin/../lib/gcc/arm-none-eabi/9.3.1/../../../../arm-none-eabi/lib/thumb/v7e-m+fp/hard\libg.a(lib_a-strncpy.o)
                0x0800faec                strncpy
 .text.__sprint_r.part.0
                0x0800fb54       0x78 d:/program files (x86)/gnu arm embedded toolchain/9 2020-q2-update/bin/../lib/gcc/arm-none-eabi/9.3.1/../../../../arm-none-eabi/lib/thumb/v7e-m+fp/hard\libg.a(lib_a-vfiprintf.o)
 .text.__sprint_r
                0x0800fbcc       0x18 d:/program files (x86)/gnu arm embedded toolchain/9 2020-q2-update/bin/../lib/gcc/arm-none-eabi/9.3.1/../../../../arm-none-eabi/lib/thumb/v7e-m+fp/hard\libg.a(lib_a-vfiprintf.o)
                0x0800fbcc                __sprint_r
 .text._vfiprintf_r
                0x0800fbe4      0xd4c d:/program files (x86)/gnu arm embedded toolchain/9 2020-q2-update/bin/../lib/gcc/arm-none-eabi/9.3.1/../../../../arm-none-eabi/lib/thumb/v7e-m+fp/hard\libg.a(lib_a-vfiprintf.o)
                0x0800fbe4                _vfiprintf_r
 .text.__sbprintf
                0x08010930       0x84 d:/program files (x86)/gnu arm embedded toolchain/9 2020-q2-update/bin/../lib/gcc/arm-none-eabi/9.3.1/../../../../arm-none-eabi/lib/thumb/v7e-m+fp/hard\libg.a(lib_a-vfiprintf.o)
 .text._write_r
                0x080109b4       0x2c d:/program files (x86)/gnu arm embedded toolchain/9 2020-q2-update/bin/../lib/gcc/arm-none-eabi/9.3.1/../../../../arm-none-eabi/lib/thumb/v7e-m+fp/hard\libg.a(lib_a-writer.o)
                0x080109b4                _write_r
 .text.__register_exitproc
                0x080109e0       0x8c d:/program files (x86)/gnu arm embedded toolchain/9 2020-q2-update/bin/../lib/gcc/arm-none-eabi/9.3.1/../../../../arm-none-eabi/lib/thumb/v7e-m+fp/hard\libg.a(lib_a-__atexit.o)
                0x080109e0                __register_exitproc
 .text.__assert_func
                0x08010a6c       0x3c d:/program files (x86)/gnu arm embedded toolchain/9 2020-q2-update/bin/../lib/gcc/arm-none-eabi/9.3.1/../../../../arm-none-eabi/lib/thumb/v7e-m+fp/hard\libg.a(lib_a-assert.o)
                0x08010a6c                __assert_func
 .text._calloc_r
                0x08010aa8       0x60 d:/program files (x86)/gnu arm embedded toolchain/9 2020-q2-update/bin/../lib/gcc/arm-none-eabi/9.3.1/../../../../arm-none-eabi/lib/thumb/v7e-m+fp/hard\libg.a(lib_a-callocr.o)
                0x08010aa8                _calloc_r
 .text._close_r
                0x08010b08       0x24 d:/program files (x86)/gnu arm embedded toolchain/9 2020-q2-update/bin/../lib/gcc/arm-none-eabi/9.3.1/../../../../arm-none-eabi/lib/thumb/v7e-m+fp/hard\libg.a(lib_a-closer.o)
                0x08010b08                _close_r
 .text._fclose_r
                0x08010b2c       0xcc d:/program files (x86)/gnu arm embedded toolchain/9 2020-q2-update/bin/../lib/gcc/arm-none-eabi/9.3.1/../../../../arm-none-eabi/lib/thumb/v7e-m+fp/hard\libg.a(lib_a-fclose.o)
                0x08010b2c                _fclose_r
 .text.fiprintf
                0x08010bf8       0x28 d:/program files (x86)/gnu arm embedded toolchain/9 2020-q2-update/bin/../lib/gcc/arm-none-eabi/9.3.1/../../../../arm-none-eabi/lib/thumb/v7e-m+fp/hard\libg.a(lib_a-fiprintf.o)
                0x08010bf8                fiprintf
 .text.__fputwc
                0x08010c20       0xa8 d:/program files (x86)/gnu arm embedded toolchain/9 2020-q2-update/bin/../lib/gcc/arm-none-eabi/9.3.1/../../../../arm-none-eabi/lib/thumb/v7e-m+fp/hard\libg.a(lib_a-fputwc.o)
                0x08010c20                __fputwc
 .text._fputwc_r
                0x08010cc8       0x68 d:/program files (x86)/gnu arm embedded toolchain/9 2020-q2-update/bin/../lib/gcc/arm-none-eabi/9.3.1/../../../../arm-none-eabi/lib/thumb/v7e-m+fp/hard\libg.a(lib_a-fputwc.o)
                0x08010cc8                _fputwc_r
 .text._fstat_r
                0x08010d30       0x2c d:/program files (x86)/gnu arm embedded toolchain/9 2020-q2-update/bin/../lib/gcc/arm-none-eabi/9.3.1/../../../../arm-none-eabi/lib/thumb/v7e-m+fp/hard\libg.a(lib_a-fstatr.o)
                0x08010d30                _fstat_r
 .text.__sfvwrite_r
                0x08010d5c      0x2e0 d:/program files (x86)/gnu arm embedded toolchain/9 2020-q2-update/bin/../lib/gcc/arm-none-eabi/9.3.1/../../../../arm-none-eabi/lib/thumb/v7e-m+fp/hard\libg.a(lib_a-fvwrite.o)
                0x08010d5c                __sfvwrite_r
 .text._isatty_r
                0x0801103c       0x24 d:/program files (x86)/gnu arm embedded toolchain/9 2020-q2-update/bin/../lib/gcc/arm-none-eabi/9.3.1/../../../../arm-none-eabi/lib/thumb/v7e-m+fp/hard\libg.a(lib_a-isattyr.o)
                0x0801103c                _isatty_r
 .text.__locale_mb_cur_max
                0x08011060        0xc d:/program files (x86)/gnu arm embedded toolchain/9 2020-q2-update/bin/../lib/gcc/arm-none-eabi/9.3.1/../../../../arm-none-eabi/lib/thumb/v7e-m+fp/hard\libg.a(lib_a-locale.o)
                0x08011060                __locale_mb_cur_max
 .text._lseek_r
                0x0801106c       0x2c d:/program files (x86)/gnu arm embedded toolchain/9 2020-q2-update/bin/../lib/gcc/arm-none-eabi/9.3.1/../../../../arm-none-eabi/lib/thumb/v7e-m+fp/hard\libg.a(lib_a-lseekr.o)
                0x0801106c                _lseek_r
 .text.__ascii_mbtowc
                0x08011098       0x2c d:/program files (x86)/gnu arm embedded toolchain/9 2020-q2-update/bin/../lib/gcc/arm-none-eabi/9.3.1/../../../../arm-none-eabi/lib/thumb/v7e-m+fp/hard\libg.a(lib_a-mbtowc_r.o)
                0x08011098                __ascii_mbtowc
 .text._read_r  0x080110c4       0x2c d:/program files (x86)/gnu arm embedded toolchain/9 2020-q2-update/bin/../lib/gcc/arm-none-eabi/9.3.1/../../../../arm-none-eabi/lib/thumb/v7e-m+fp/hard\libg.a(lib_a-readr.o)
                0x080110c4                _read_r
 .text._realloc_r
                0x080110f0      0x3e0 d:/program files (x86)/gnu arm embedded toolchain/9 2020-q2-update/bin/../lib/gcc/arm-none-eabi/9.3.1/../../../../arm-none-eabi/lib/thumb/v7e-m+fp/hard\libg.a(lib_a-reallocr.o)
                0x080110f0                _realloc_r
 .text.__swbuf_r
                0x080114d0       0xb0 d:/program files (x86)/gnu arm embedded toolchain/9 2020-q2-update/bin/../lib/gcc/arm-none-eabi/9.3.1/../../../../arm-none-eabi/lib/thumb/v7e-m+fp/hard\libg.a(lib_a-wbuf.o)
                0x080114d0                __swbuf_r
 .text._wcrtomb_r
                0x08011580       0x3c d:/program files (x86)/gnu arm embedded toolchain/9 2020-q2-update/bin/../lib/gcc/arm-none-eabi/9.3.1/../../../../arm-none-eabi/lib/thumb/v7e-m+fp/hard\libg.a(lib_a-wcrtomb.o)
                0x08011580                _wcrtomb_r
 .text.__ascii_wctomb
                0x080115bc       0x1c d:/program files (x86)/gnu arm embedded toolchain/9 2020-q2-update/bin/../lib/gcc/arm-none-eabi/9.3.1/../../../../arm-none-eabi/lib/thumb/v7e-m+fp/hard\libg.a(lib_a-wctomb_r.o)
                0x080115bc                __ascii_wctomb
 .text.abort    0x080115d8       0x10 d:/program files (x86)/gnu arm embedded toolchain/9 2020-q2-update/bin/../lib/gcc/arm-none-eabi/9.3.1/../../../../arm-none-eabi/lib/thumb/v7e-m+fp/hard\libg.a(lib_a-abort.o)
                0x080115d8                abort
 .text._raise_r
                0x080115e8       0x58 d:/program files (x86)/gnu arm embedded toolchain/9 2020-q2-update/bin/../lib/gcc/arm-none-eabi/9.3.1/../../../../arm-none-eabi/lib/thumb/v7e-m+fp/hard\libg.a(lib_a-signal.o)
                0x080115e8                _raise_r
 .text.raise    0x08011640       0x10 d:/program files (x86)/gnu arm embedded toolchain/9 2020-q2-update/bin/../lib/gcc/arm-none-eabi/9.3.1/../../../../arm-none-eabi/lib/thumb/v7e-m+fp/hard\libg.a(lib_a-signal.o)
                0x08011640                raise
 .text._kill_r  0x08011650       0x2c d:/program files (x86)/gnu arm embedded toolchain/9 2020-q2-update/bin/../lib/gcc/arm-none-eabi/9.3.1/../../../../arm-none-eabi/lib/thumb/v7e-m+fp/hard\libg.a(lib_a-signalr.o)
                0x08011650                _kill_r
 .text._getpid_r
                0x0801167c        0x4 d:/program files (x86)/gnu arm embedded toolchain/9 2020-q2-update/bin/../lib/gcc/arm-none-eabi/9.3.1/../../../../arm-none-eabi/lib/thumb/v7e-m+fp/hard\libg.a(lib_a-signalr.o)
                0x0801167c                _getpid_r
 .text.sqrt     0x08011680       0x74 d:/program files (x86)/gnu arm embedded toolchain/9 2020-q2-update/bin/../lib/gcc/arm-none-eabi/9.3.1/../../../../arm-none-eabi/lib/thumb/v7e-m+fp/hard\libm.a(lib_a-w_sqrt.o)
                0x08011680                sqrt
 .text.__ieee754_sqrt
                0x080116f4      0x188 d:/program files (x86)/gnu arm embedded toolchain/9 2020-q2-update/bin/../lib/gcc/arm-none-eabi/9.3.1/../../../../arm-none-eabi/lib/thumb/v7e-m+fp/hard\libm.a(lib_a-e_sqrt.o)
                0x080116f4                __ieee754_sqrt
 *(.glue_7)
 .glue_7        0x0801187c        0x0 linker stubs
 *(.glue_7t)
 .glue_7t       0x0801187c        0x0 linker stubs
 *(.eh_frame)
 .eh_frame      0x0801187c        0x0 d:/program files (x86)/gnu arm embedded toolchain/9 2020-q2-update/bin/../lib/gcc/arm-none-eabi/9.3.1/thumb/v7e-m+fp/hard/crtbegin.o
 *(.init)
 .init          0x0801187c        0x4 d:/program files (x86)/gnu arm embedded toolchain/9 2020-q2-update/bin/../lib/gcc/arm-none-eabi/9.3.1/thumb/v7e-m+fp/hard/crti.o
                0x0801187c                _init
 .init          0x08011880        0x8 d:/program files (x86)/gnu arm embedded toolchain/9 2020-q2-update/bin/../lib/gcc/arm-none-eabi/9.3.1/thumb/v7e-m+fp/hard/crtn.o
 *(.fini)
 .fini          0x08011888        0x4 d:/program files (x86)/gnu arm embedded toolchain/9 2020-q2-update/bin/../lib/gcc/arm-none-eabi/9.3.1/thumb/v7e-m+fp/hard/crti.o