Archive member included to satisfy reference by file (symbol)

d:/program files (x86)/gnu arm embedded toolchain/9 2020-q2-update/bin/../lib/gcc/arm-none-eabi/9.3.1/thumb/v7e-m/nofp\libgcc.a(_aeabi_uldivmod.o)
                              CMakeFiles/PWM.elf.dir/Drivers/STM32F4xx_HAL_Driver/Src/stm32f4xx_hal_rcc.c.obj (__aeabi_uldivmod)
d:/program files (x86)/gnu arm embedded toolchain/9 2020-q2-update/bin/../lib/gcc/arm-none-eabi/9.3.1/thumb/v7e-m/nofp\libgcc.a(_udivmoddi4.o)
                              d:/program files (x86)/gnu arm embedded toolchain/9 2020-q2-update/bin/../lib/gcc/arm-none-eabi/9.3.1/thumb/v7e-m/nofp\libgcc.a(_aeabi_uldivmod.o) (__udivmoddi4)
d:/program files (x86)/gnu arm embedded toolchain/9 2020-q2-update/bin/../lib/gcc/arm-none-eabi/9.3.1/thumb/v7e-m/nofp\libgcc.a(_dvmd_tls.o)
                              d:/program files (x86)/gnu arm embedded toolchain/9 2020-q2-update/bin/../lib/gcc/arm-none-eabi/9.3.1/thumb/v7e-m/nofp\libgcc.a(_aeabi_uldivmod.o) (__aeabi_ldiv0)
d:/program files (x86)/gnu arm embedded toolchain/9 2020-q2-update/bin/../lib/gcc/arm-none-eabi/9.3.1/../../../../arm-none-eabi/lib/thumb/v7e-m/nofp\libg.a(lib_a-errno.o)
                              CMakeFiles/PWM.elf.dir/Src/retarget.c.obj (__errno)
d:/program files (x86)/gnu arm embedded toolchain/9 2020-q2-update/bin/../lib/gcc/arm-none-eabi/9.3.1/../../../../arm-none-eabi/lib/thumb/v7e-m/nofp\libg.a(lib_a-exit.o)
                              d:/program files (x86)/gnu arm embedded toolchain/9 2020-q2-update/bin/../lib/gcc/arm-none-eabi/9.3.1/../../../../arm-none-eabi/lib/thumb/v7e-m/nofp/crt0.o (exit)
d:/program files (x86)/gnu arm embedded toolchain/9 2020-q2-update/bin/../lib/gcc/arm-none-eabi/9.3.1/../../../../arm-none-eabi/lib/thumb/v7e-m/nofp\libg.a(lib_a-impure.o)
                              d:/program files (x86)/gnu arm embedded toolchain/9 2020-q2-update/bin/../lib/gcc/arm-none-eabi/9.3.1/../../../../arm-none-eabi/lib/thumb/v7e-m/nofp\libg.a(lib_a-exit.o) (_global_impure_ptr)
d:/program files (x86)/gnu arm embedded toolchain/9 2020-q2-update/bin/../lib/gcc/arm-none-eabi/9.3.1/../../../../arm-none-eabi/lib/thumb/v7e-m/nofp\libg.a(lib_a-init.o)
                              d:/program files (x86)/gnu arm embedded toolchain/9 2020-q2-update/bin/../lib/gcc/arm-none-eabi/9.3.1/../../../../arm-none-eabi/lib/thumb/v7e-m/nofp/crt0.o (__libc_init_array)
d:/program files (x86)/gnu arm embedded toolchain/9 2020-q2-update/bin/../lib/gcc/arm-none-eabi/9.3.1/../../../../arm-none-eabi/lib/thumb/v7e-m/nofp\libg.a(lib_a-memset.o)
                              d:/program files (x86)/gnu arm embedded toolchain/9 2020-q2-update/bin/../lib/gcc/arm-none-eabi/9.3.1/../../../../arm-none-eabi/lib/thumb/v7e-m/nofp/crt0.o (memset)
d:/program files (x86)/gnu arm embedded toolchain/9 2020-q2-update/bin/../lib/gcc/arm-none-eabi/9.3.1/../../../../arm-none-eabi/lib/thumb/v7e-m/nofp\libg.a(lib_a-setvbuf.o)
                              CMakeFiles/PWM.elf.dir/Src/retarget.c.obj (setvbuf)
d:/program files (x86)/gnu arm embedded toolchain/9 2020-q2-update/bin/../lib/gcc/arm-none-eabi/9.3.1/../../../../arm-none-eabi/lib/thumb/v7e-m/nofp\libg.a(lib_a-__call_atexit.o)
                              d:/program files (x86)/gnu arm embedded toolchain/9 2020-q2-update/bin/../lib/gcc/arm-none-eabi/9.3.1/../../../../arm-none-eabi/lib/thumb/v7e-m/nofp\libg.a(lib_a-exit.o) (__call_exitprocs)
d:/program files (x86)/gnu arm embedded toolchain/9 2020-q2-update/bin/../lib/gcc/arm-none-eabi/9.3.1/../../../../arm-none-eabi/lib/thumb/v7e-m/nofp\libg.a(lib_a-atexit.o)
                              d:/program files (x86)/gnu arm embedded toolchain/9 2020-q2-update/bin/../lib/gcc/arm-none-eabi/9.3.1/../../../../arm-none-eabi/lib/thumb/v7e-m/nofp\libg.a(lib_a-__call_atexit.o) (atexit)
d:/program files (x86)/gnu arm embedded toolchain/9 2020-q2-update/bin/../lib/gcc/arm-none-eabi/9.3.1/../../../../arm-none-eabi/lib/thumb/v7e-m/nofp\libg.a(lib_a-fflush.o)
                              d:/program files (x86)/gnu arm embedded toolchain/9 2020-q2-update/bin/../lib/gcc/arm-none-eabi/9.3.1/../../../../arm-none-eabi/lib/thumb/v7e-m/nofp\libg.a(lib_a-setvbuf.o) (_fflush_r)
d:/program files (x86)/gnu arm embedded toolchain/9 2020-q2-update/bin/../lib/gcc/arm-none-eabi/9.3.1/../../../../arm-none-eabi/lib/thumb/v7e-m/nofp\libg.a(lib_a-findfp.o)
                              d:/program files (x86)/gnu arm embedded toolchain/9 2020-q2-update/bin/../lib/gcc/arm-none-eabi/9.3.1/../../../../arm-none-eabi/lib/thumb/v7e-m/nofp\libg.a(lib_a-setvbuf.o) (__sinit)
d:/program files (x86)/gnu arm embedded toolchain/9 2020-q2-update/bin/../lib/gcc/arm-none-eabi/9.3.1/../../../../arm-none-eabi/lib/thumb/v7e-m/nofp\libg.a(lib_a-fini.o)
                              d:/program files (x86)/gnu arm embedded toolchain/9 2020-q2-update/bin/../lib/gcc/arm-none-eabi/9.3.1/../../../../arm-none-eabi/lib/thumb/v7e-m/nofp\libg.a(lib_a-__call_atexit.o) (__libc_fini_array)
[...]
Memory Configuration

Name             Origin             Length             Attributes
RAM              0x20000000         0x00020000         xrw
CCMRAM           0x10000000         0x00010000         xrw
FLASH            0x08000000         0x00100000         xr
*default*        0x00000000         0xffffffff

Linker script and memory map

LOAD d:/program files (x86)/gnu arm embedded toolchain/9 2020-q2-update/bin/../lib/gcc/arm-none-eabi/9.3.1/thumb/v7e-m/nofp/crti.o
LOAD d:/program files (x86)/gnu arm embedded toolchain/9 2020-q2-update/bin/../lib/gcc/arm-none-eabi/9.3.1/thumb/v7e-m/nofp/crtbegin.o
LOAD d:/program files (x86)/gnu arm embedded toolchain/9 2020-q2-update/bin/../lib/gcc/arm-none-eabi/9.3.1/../../../../arm-none-eabi/lib/thumb/v7e-m/nofp/crt0.o
LOAD CMakeFiles/PWM.elf.dir/Drivers/STM32F4xx_HAL_Driver/Src/stm32f4xx_hal.c.obj
LOAD CMakeFiles/PWM.elf.dir/Drivers/STM32F4xx_HAL_Driver/Src/stm32f4xx_hal_cortex.c.obj
LOAD CMakeFiles/PWM.elf.dir/Drivers/STM32F4xx_HAL_Driver/Src/stm32f4xx_hal_dma.c.obj
LOAD CMakeFiles/PWM.elf.dir/Drivers/STM32F4xx_HAL_Driver/Src/stm32f4xx_hal_dma_ex.c.obj
LOAD CMakeFiles/PWM.elf.dir/Drivers/STM32F4xx_HAL_Driver/Src/stm32f4xx_hal_exti.c.obj
LOAD CMakeFiles/PWM.elf.dir/Drivers/STM32F4xx_HAL_Driver/Src/stm32f4xx_hal_flash.c.obj
LOAD CMakeFiles/PWM.elf.dir/Drivers/STM32F4xx_HAL_Driver/Src/stm32f4xx_hal_flash_ex.c.obj
LOAD CMakeFiles/PWM.elf.dir/Drivers/STM32F4xx_HAL_Driver/Src/stm32f4xx_hal_flash_ramfunc.c.obj
LOAD CMakeFiles/PWM.elf.dir/Drivers/STM32F4xx_HAL_Driver/Src/stm32f4xx_hal_gpio.c.obj
LOAD CMakeFiles/PWM.elf.dir/Drivers/STM32F4xx_HAL_Driver/Src/stm32f4xx_hal_pwr.c.obj
LOAD CMakeFiles/PWM.elf.dir/Drivers/STM32F4xx_HAL_Driver/Src/stm32f4xx_hal_pwr_ex.c.obj
LOAD CMakeFiles/PWM.elf.dir/Drivers/STM32F4xx_HAL_Driver/Src/stm32f4xx_hal_rcc.c.obj
LOAD CMakeFiles/PWM.elf.dir/Drivers/STM32F4xx_HAL_Driver/Src/stm32f4xx_hal_rcc_ex.c.obj
LOAD CMakeFiles/PWM.elf.dir/Drivers/STM32F4xx_HAL_Driver/Src/stm32f4xx_hal_tim.c.obj
LOAD CMakeFiles/PWM.elf.dir/Drivers/STM32F4xx_HAL_Driver/Src/stm32f4xx_hal_tim_ex.c.obj
LOAD CMakeFiles/PWM.elf.dir/Drivers/STM32F4xx_HAL_Driver/Src/stm32f4xx_hal_uart.c.obj
LOAD CMakeFiles/PWM.elf.dir/Src/gpio.c.obj
LOAD CMakeFiles/PWM.elf.dir/Src/main.c.obj
LOAD CMakeFiles/PWM.elf.dir/Src/retarget.c.obj
LOAD CMakeFiles/PWM.elf.dir/Src/stm32f4xx_hal_msp.c.obj
LOAD CMakeFiles/PWM.elf.dir/Src/stm32f4xx_it.c.obj
LOAD CMakeFiles/PWM.elf.dir/Src/syscalls.c.obj
LOAD CMakeFiles/PWM.elf.dir/Src/system_stm32f4xx.c.obj
LOAD CMakeFiles/PWM.elf.dir/Src/tim.c.obj
LOAD CMakeFiles/PWM.elf.dir/Src/usart.c.obj
LOAD CMakeFiles/PWM.elf.dir/startup/startup_stm32f407xx.s.obj
START GROUP
LOAD d:/program files (x86)/gnu arm embedded toolchain/9 2020-q2-update/bin/../lib/gcc/arm-none-eabi/9.3.1/thumb/v7e-m/nofp\libgcc.a
LOAD d:/program files (x86)/gnu arm embedded toolchain/9 2020-q2-update/bin/../lib/gcc/arm-none-eabi/9.3.1/../../../../arm-none-eabi/lib/thumb/v7e-m/nofp\libg.a
LOAD d:/program files (x86)/gnu arm embedded toolchain/9 2020-q2-update/bin/../lib/gcc/arm-none-eabi/9.3.1/../../../../arm-none-eabi/lib/thumb/v7e-m/nofp\libc.a
END GROUP
LOAD d:/program files (x86)/gnu arm embedded toolchain/9 2020-q2-update/bin/../lib/gcc/arm-none-eabi/9.3.1/thumb/v7e-m/nofp/crtend.o
LOAD d:/program files (x86)/gnu arm embedded toolchain/9 2020-q2-update/bin/../lib/gcc/arm-none-eabi/9.3.1/thumb/v7e-m/nofp/crtn.o
                0x20020000                _estack = 0x20020000
                0x00000200                _Min_Heap_Size = 0x200
                0x00000400                _Min_Stack_Size = 0x400

.isr_vector     0x08000000      0x188
                0x08000000                . = ALIGN (0x4)
 *(.isr_vector)
 .isr_vector    0x08000000      0x188 CMakeFiles/PWM.elf.dir/startup/startup_stm32f407xx.s.obj
                0x08000000                g_pfnVectors
                0x08000188                . = ALIGN (0x4)

.text           0x08000188     0x2b34
                0x08000188                . = ALIGN (0x4)
 *(.text)
 .text          0x08000188       0x40 d:/program files (x86)/gnu arm embedded toolchain/9 2020-q2-update/bin/../lib/gcc/arm-none-eabi/9.3.1/thumb/v7e-m/nofp/crtbegin.o
 .text          0x080001c8       0x30 d:/program files (x86)/gnu arm embedded toolchain/9 2020-q2-update/bin/../lib/gcc/arm-none-eabi/9.3.1/thumb/v7e-m/nofp\libgcc.a(_aeabi_uldivmod.o)
                0x080001c8                __aeabi_uldivmod
 .text          0x080001f8      0x2c0 d:/program files (x86)/gnu arm embedded toolchain/9 2020-q2-update/bin/../lib/gcc/arm-none-eabi/9.3.1/thumb/v7e-m/nofp\libgcc.a(_udivmoddi4.o)
                0x080001f8                __udivmoddi4
 .text          0x080004b8        0x4 d:/program files (x86)/gnu arm embedded toolchain/9 2020-q2-update/bin/../lib/gcc/arm-none-eabi/9.3.1/thumb/v7e-m/nofp\libgcc.a(_dvmd_tls.o)
                0x080004b8                __aeabi_idiv0
                0x080004b8                __aeabi_ldiv0
 *(.text*)
 .text.HAL_InitTick
                0x080004bc       0x4c CMakeFiles/PWM.elf.dir/Drivers/STM32F4xx_HAL_Driver/Src/stm32f4xx_hal.c.obj
                0x080004bc                HAL_InitTick
 .text.HAL_Init
                0x08000508       0x34 CMakeFiles/PWM.elf.dir/Drivers/STM32F4xx_HAL_Driver/Src/stm32f4xx_hal.c.obj
                0x08000508                HAL_Init
 .text.HAL_IncTick
                0x0800053c       0x18 CMakeFiles/PWM.elf.dir/Drivers/STM32F4xx_HAL_Driver/Src/stm32f4xx_hal.c.obj
                0x0800053c                HAL_IncTick
 .text.HAL_GetTick
                0x08000554        0xc CMakeFiles/PWM.elf.dir/Drivers/STM32F4xx_HAL_Driver/Src/stm32f4xx_hal.c.obj
                0x08000554                HAL_GetTick
 .text.HAL_Delay
                0x08000560       0x28 CMakeFiles/PWM.elf.dir/Drivers/STM32F4xx_HAL_Driver/Src/stm32f4xx_hal.c.obj
                0x08000560                HAL_Delay
 .text.HAL_NVIC_SetPriorityGrouping
                0x08000588       0x24 CMakeFiles/PWM.elf.dir/Drivers/STM32F4xx_HAL_Driver/Src/stm32f4xx_hal_cortex.c.obj
                0x08000588                HAL_NVIC_SetPriorityGrouping
 .text.HAL_NVIC_SetPriority
                0x080005ac       0x68 CMakeFiles/PWM.elf.dir/Drivers/STM32F4xx_HAL_Driver/Src/stm32f4xx_hal_cortex.c.obj
                0x080005ac                HAL_NVIC_SetPriority
 .text.HAL_SYSTICK_Config
                0x08000614       0x2c CMakeFiles/PWM.elf.dir/Drivers/STM32F4xx_HAL_Driver/Src/stm32f4xx_hal_cortex.c.obj
                0x08000614                HAL_SYSTICK_Config
 .text.HAL_GPIO_Init
                0x08000640      0x1cc CMakeFiles/PWM.elf.dir/Drivers/STM32F4xx_HAL_Driver/Src/stm32f4xx_hal_gpio.c.obj
                0x08000640                HAL_GPIO_Init
 .text.HAL_RCC_OscConfig
                0x0800080c      0x3ec CMakeFiles/PWM.elf.dir/Drivers/STM32F4xx_HAL_Driver/Src/stm32f4xx_hal_rcc.c.obj
                0x0800080c                HAL_RCC_OscConfig
 .text.HAL_RCC_GetSysClockFreq
                0x08000bf8       0xcc CMakeFiles/PWM.elf.dir/Drivers/STM32F4xx_HAL_Driver/Src/stm32f4xx_hal_rcc.c.obj
                0x08000bf8                HAL_RCC_GetSysClockFreq
 .text.HAL_RCC_ClockConfig
                0x08000cc4      0x160 CMakeFiles/PWM.elf.dir/Drivers/STM32F4xx_HAL_Driver/Src/stm32f4xx_hal_rcc.c.obj
                0x08000cc4                HAL_RCC_ClockConfig
 .text.HAL_RCC_GetHCLKFreq
                0x08000e24        0xc CMakeFiles/PWM.elf.dir/Drivers/STM32F4xx_HAL_Driver/Src/stm32f4xx_hal_rcc.c.obj
                0x08000e24                HAL_RCC_GetHCLKFreq
 .text.HAL_RCC_GetPCLK1Freq
                0x08000e30       0x20 CMakeFiles/PWM.elf.dir/Drivers/STM32F4xx_HAL_Driver/Src/stm32f4xx_hal_rcc.c.obj
                0x08000e30                HAL_RCC_GetPCLK1Freq
 .text.HAL_RCC_GetPCLK2Freq
                0x08000e50       0x20 CMakeFiles/PWM.elf.dir/Drivers/STM32F4xx_HAL_Driver/Src/stm32f4xx_hal_rcc.c.obj
                0x08000e50                HAL_RCC_GetPCLK2Freq
 .text.TIM_OC1_SetConfig
                0x08000e70       0x68 CMakeFiles/PWM.elf.dir/Drivers/STM32F4xx_HAL_Driver/Src/stm32f4xx_hal_tim.c.obj
 .text.TIM_OC3_SetConfig
                0x08000ed8       0x70 CMakeFiles/PWM.elf.dir/Drivers/STM32F4xx_HAL_Driver/Src/stm32f4xx_hal_tim.c.obj
 .text.TIM_OC4_SetConfig
                0x08000f48       0x50 CMakeFiles/PWM.elf.dir/Drivers/STM32F4xx_HAL_Driver/Src/stm32f4xx_hal_tim.c.obj
 .text.HAL_TIM_PWM_MspInit
                0x08000f98        0x2 CMakeFiles/PWM.elf.dir/Drivers/STM32F4xx_HAL_Driver/Src/stm32f4xx_hal_tim.c.obj
                0x08000f98                HAL_TIM_PWM_MspInit
 *fill*         0x08000f9a        0x2 
 .text.TIM_Base_SetConfig
                0x08000f9c       0xc8 CMakeFiles/PWM.elf.dir/Drivers/STM32F4xx_HAL_Driver/Src/stm32f4xx_hal_tim.c.obj
                0x08000f9c                TIM_Base_SetConfig
 .text.HAL_TIM_Base_Init
                0x08001064       0x34 CMakeFiles/PWM.elf.dir/Drivers/STM32F4xx_HAL_Driver/Src/stm32f4xx_hal_tim.c.obj
                0x08001064                HAL_TIM_Base_Init
 .text.HAL_TIM_PWM_Init
                0x08001098       0x34 CMakeFiles/PWM.elf.dir/Drivers/STM32F4xx_HAL_Driver/Src/stm32f4xx_hal_tim.c.obj
                0x08001098                HAL_TIM_PWM_Init
 .text.TIM_OC2_SetConfig
                0x080010cc       0x70 CMakeFiles/PWM.elf.dir/Drivers/STM32F4xx_HAL_Driver/Src/stm32f4xx_hal_tim.c.obj
                0x080010cc                TIM_OC2_SetConfig
 .text.HAL_TIM_PWM_ConfigChannel
                0x0800113c       0xdc CMakeFiles/PWM.elf.dir/Drivers/STM32F4xx_HAL_Driver/Src/stm32f4xx_hal_tim.c.obj
                0x0800113c                HAL_TIM_PWM_ConfigChannel
 .text.TIM_CCxChannelCmd
                0x08001218       0x22 CMakeFiles/PWM.elf.dir/Drivers/STM32F4xx_HAL_Driver/Src/stm32f4xx_hal_tim.c.obj
                0x08001218                TIM_CCxChannelCmd
 *fill*         0x0800123a        0x2 
 .text.HAL_TIM_PWM_Start
                0x0800123c       0x40 CMakeFiles/PWM.elf.dir/Drivers/STM32F4xx_HAL_Driver/Src/stm32f4xx_hal_tim.c.obj
                0x0800123c                HAL_TIM_PWM_Start
 .text.UART_SetConfig
                0x0800127c      0x1e8 CMakeFiles/PWM.elf.dir/Drivers/STM32F4xx_HAL_Driver/Src/stm32f4xx_hal_uart.c.obj
 .text.UART_WaitOnFlagUntilTimeout
                0x08001464       0x68 CMakeFiles/PWM.elf.dir/Drivers/STM32F4xx_HAL_Driver/Src/stm32f4xx_hal_uart.c.obj
 .text.HAL_UART_Init
                0x080014cc       0x5e CMakeFiles/PWM.elf.dir/Drivers/STM32F4xx_HAL_Driver/Src/stm32f4xx_hal_uart.c.obj
                0x080014cc                HAL_UART_Init
 .text.HAL_UART_Transmit
                0x0800152a       0xe2 CMakeFiles/PWM.elf.dir/Drivers/STM32F4xx_HAL_Driver/Src/stm32f4xx_hal_uart.c.obj
                0x0800152a                HAL_UART_Transmit
 .text.HAL_UART_Receive
                0x0800160c       0xea CMakeFiles/PWM.elf.dir/Drivers/STM32F4xx_HAL_Driver/Src/stm32f4xx_hal_uart.c.obj
                0x0800160c                HAL_UART_Receive
 *fill*         0x080016f6        0x2 
 .text.MX_GPIO_Init
                0x080016f8       0x4c CMakeFiles/PWM.elf.dir/Src/gpio.c.obj
                0x080016f8                MX_GPIO_Init
 .text.SystemClock_Config
                0x08001744       0x94 CMakeFiles/PWM.elf.dir/Src/main.c.obj
                0x08001744                SystemClock_Config
 .text.main     0x080017d8       0x58 CMakeFiles/PWM.elf.dir/Src/main.c.obj
                0x080017d8                main
 .text.Error_Handler
                0x08001830        0x2 CMakeFiles/PWM.elf.dir/Src/main.c.obj
                0x08001830                Error_Handler
 *fill*         0x08001832        0x2 
 .text.RetargetInit
                0x08001834       0x20 CMakeFiles/PWM.elf.dir/Src/retarget.c.obj
                0x08001834                RetargetInit
 .text._write   0x08001854       0x34 CMakeFiles/PWM.elf.dir/Src/retarget.c.obj
                0x08001854                _write
 .text._close   0x08001888       0x18 CMakeFiles/PWM.elf.dir/Src/retarget.c.obj
                0x08001888                _close
 .text._lseek   0x080018a0       0x10 CMakeFiles/PWM.elf.dir/Src/retarget.c.obj
                0x080018a0                _lseek
 .text._read    0x080018b0       0x30 CMakeFiles/PWM.elf.dir/Src/retarget.c.obj
                0x080018b0                _read
 .text._fstat   0x080018e0       0x1a CMakeFiles/PWM.elf.dir/Src/retarget.c.obj
                0x080018e0                _fstat
 *fill*         0x080018fa        0x2 
 .text.HAL_MspInit
                0x080018fc       0x38 CMakeFiles/PWM.elf.dir/Src/stm32f4xx_hal_msp.c.obj
                0x080018fc                HAL_MspInit
 .text.NMI_Handler
                0x08001934        0x2 CMakeFiles/PWM.elf.dir/Src/stm32f4xx_it.c.obj
                0x08001934                NMI_Handler
 .text.HardFault_Handler
                0x08001936        0x2 CMakeFiles/PWM.elf.dir/Src/stm32f4xx_it.c.obj
                0x08001936                HardFault_Handler
 .text.MemManage_Handler
                0x08001938        0x2 CMakeFiles/PWM.elf.dir/Src/stm32f4xx_it.c.obj
                0x08001938                MemManage_Handler
 .text.BusFault_Handler
                0x0800193a        0x2 CMakeFiles/PWM.elf.dir/Src/stm32f4xx_it.c.obj
                0x0800193a                BusFault_Handler
 .text.UsageFault_Handler
                0x0800193c        0x2 CMakeFiles/PWM.elf.dir/Src/stm32f4xx_it.c.obj
                0x0800193c                UsageFault_Handler
 .text.SVC_Handler
                0x0800193e        0x2 CMakeFiles/PWM.elf.dir/Src/stm32f4xx_it.c.obj
                0x0800193e                SVC_Handler
 .text.DebugMon_Handler
                0x08001940        0x2 CMakeFiles/PWM.elf.dir/Src/stm32f4xx_it.c.obj
                0x08001940                DebugMon_Handler
 .text.PendSV_Handler
                0x08001942        0x2 CMakeFiles/PWM.elf.dir/Src/stm32f4xx_it.c.obj
                0x08001942                PendSV_Handler
 .text.SysTick_Handler
                0x08001944        0x8 CMakeFiles/PWM.elf.dir/Src/stm32f4xx_it.c.obj
                0x08001944                SysTick_Handler
 .text._sbrk    0x0800194c       0x3c CMakeFiles/PWM.elf.dir/Src/syscalls.c.obj
                0x0800194c                _sbrk
 .text.SystemInit
                0x08001988       0x10 CMakeFiles/PWM.elf.dir/Src/system_stm32f4xx.c.obj
                0x08001988                SystemInit
 .text.HAL_TIM_Base_MspInit
                0x08001998       0x30 CMakeFiles/PWM.elf.dir/Src/tim.c.obj
                0x08001998                HAL_TIM_Base_MspInit
 .text.HAL_TIM_MspPostInit
                0x080019c8       0x60 CMakeFiles/PWM.elf.dir/Src/tim.c.obj
                0x080019c8                HAL_TIM_MspPostInit
 .text.MX_TIM14_Init
                0x08001a28       0x78 CMakeFiles/PWM.elf.dir/Src/tim.c.obj
                0x08001a28                MX_TIM14_Init
 .text.MX_USART1_UART_Init
                0x08001aa0       0x34 CMakeFiles/PWM.elf.dir/Src/usart.c.obj
                0x08001aa0                MX_USART1_UART_Init
 .text.HAL_UART_MspInit
                0x08001ad4       0x74 CMakeFiles/PWM.elf.dir/Src/usart.c.obj
                0x08001ad4                HAL_UART_MspInit
 .text.Reset_Handler
                0x08001b48       0x50 CMakeFiles/PWM.elf.dir/startup/startup_stm32f407xx.s.obj
                0x08001b48                Reset_Handler
 .text.Default_Handler
                0x08001b98        0x2 CMakeFiles/PWM.elf.dir/startup/startup_stm32f407xx.s.obj
                0x08001b98                RTC_Alarm_IRQHandler
                0x08001b98                HASH_RNG_IRQHandler
                0x08001b98                EXTI2_IRQHandler
                0x08001b98                TIM8_CC_IRQHandler
                0x08001b98                TIM1_CC_IRQHandler
                0x08001b98                DMA2_Stream5_IRQHandler
                0x08001b98                DMA1_Stream5_IRQHandler
                0x08001b98                PVD_IRQHandler
                0x08001b98                SDIO_IRQHandler
                0x08001b98                TAMP_STAMP_IRQHandler
                0x08001b98                CAN2_RX1_IRQHandler
                0x08001b98                EXTI3_IRQHandler
                0x08001b98                TIM8_TRG_COM_TIM14_IRQHandler
                0x08001b98                TIM1_UP_TIM10_IRQHandler
                0x08001b98                TIM8_UP_TIM13_IRQHandler
                0x08001b98                I2C3_ER_IRQHandler
                0x08001b98                EXTI0_IRQHandler
                0x08001b98                I2C2_EV_IRQHandler
                0x08001b98                DMA1_Stream2_IRQHandler
                0x08001b98                CAN1_RX0_IRQHandler
                0x08001b98                FPU_IRQHandler
                0x08001b98                OTG_HS_WKUP_IRQHandler
                0x08001b98                CAN2_SCE_IRQHandler
                0x08001b98                DMA2_Stream2_IRQHandler
                0x08001b98                SPI1_IRQHandler
                0x08001b98                TIM6_DAC_IRQHandler
                0x08001b98                TIM1_BRK_TIM9_IRQHandler
                0x08001b98                DCMI_IRQHandler
                0x08001b98                CAN2_RX0_IRQHandler
                0x08001b98                DMA2_Stream3_IRQHandler
                0x08001b98                USART6_IRQHandler
                0x08001b98                USART3_IRQHandler
                0x08001b98                CAN1_RX1_IRQHandler
                0x08001b98                UART5_IRQHandler
                0x08001b98                DMA2_Stream0_IRQHandler
                0x08001b98                TIM4_IRQHandler
                0x08001b98                I2C1_EV_IRQHandler
                0x08001b98                DMA1_Stream6_IRQHandler
                0x08001b98                DMA1_Stream1_IRQHandler
                0x08001b98                UART4_IRQHandler
                0x08001b98                TIM3_IRQHandler
                0x08001b98                RCC_IRQHandler
                0x08001b98                TIM8_BRK_TIM12_IRQHandler
                0x08001b98                Default_Handler
                0x08001b98                EXTI15_10_IRQHandler
                0x08001b98                ADC_IRQHandler
                0x08001b98                DMA1_Stream7_IRQHandler
                0x08001b98                TIM7_IRQHandler
                0x08001b98                CAN2_TX_IRQHandler
                0x08001b98                TIM5_IRQHandler
                0x08001b98                DMA2_Stream7_IRQHandler
                0x08001b98                I2C3_EV_IRQHandler
                0x08001b98                EXTI9_5_IRQHandler
                0x08001b98                RTC_WKUP_IRQHandler
                0x08001b98                ETH_WKUP_IRQHandler
                0x08001b98                SPI2_IRQHandler
                0x08001b98                OTG_HS_EP1_IN_IRQHandler
                0x08001b98                DMA1_Stream0_IRQHandler
                0x08001b98                CAN1_TX_IRQHandler
                0x08001b98                EXTI4_IRQHandler
                0x08001b98                FSMC_IRQHandler
                0x08001b98                ETH_IRQHandler
                0x08001b98                OTG_HS_EP1_OUT_IRQHandler
                0x08001b98                WWDG_IRQHandler
                0x08001b98                TIM2_IRQHandler
                0x08001b98                OTG_FS_WKUP_IRQHandler
                0x08001b98                TIM1_TRG_COM_TIM11_IRQHandler
                0x08001b98                OTG_HS_IRQHandler
                0x08001b98                EXTI1_IRQHandler
                0x08001b98                USART2_IRQHandler
                0x08001b98                I2C2_ER_IRQHandler
                0x08001b98                DMA2_Stream1_IRQHandler
                0x08001b98                CAN1_SCE_IRQHandler
                0x08001b98                FLASH_IRQHandler
                0x08001b98                DMA2_Stream4_IRQHandler
                0x08001b98                USART1_IRQHandler
                0x08001b98                OTG_FS_IRQHandler
                0x08001b98                SPI3_IRQHandler
                0x08001b98                DMA1_Stream4_IRQHandler
                0x08001b98                I2C1_ER_IRQHandler
                0x08001b98                DMA2_Stream6_IRQHandler
                0x08001b98                DMA1_Stream3_IRQHandler
 *fill*         0x08001b9a        0x2 
 .text.__errno  0x08001b9c        0xc d:/program files (x86)/gnu arm embedded toolchain/9 2020-q2-update/bin/../lib/gcc/arm-none-eabi/9.3.1/../../../../arm-none-eabi/lib/thumb/v7e-m/nofp\libg.a(lib_a-errno.o)
                0x08001b9c                __errno
 .text.__libc_init_array
                0x08001ba8       0x48 d:/program files (x86)/gnu arm embedded toolchain/9 2020-q2-update/bin/../lib/gcc/arm-none-eabi/9.3.1/../../../../arm-none-eabi/lib/thumb/v7e-m/nofp\libg.a(lib_a-init.o)
                0x08001ba8                __libc_init_array
 .text.memset   0x08001bf0       0xa0 d:/program files (x86)/gnu arm embedded toolchain/9 2020-q2-update/bin/../lib/gcc/arm-none-eabi/9.3.1/../../../../arm-none-eabi/lib/thumb/v7e-m/nofp\libg.a(lib_a-memset.o)
                0x08001bf0                memset
 .text.setvbuf  0x08001c90      0x1a0 d:/program files (x86)/gnu arm embedded toolchain/9 2020-q2-update/bin/../lib/gcc/arm-none-eabi/9.3.1/../../../../arm-none-eabi/lib/thumb/v7e-m/nofp\libg.a(lib_a-setvbuf.o)
                0x08001c90                setvbuf
 .text.startup.register_fini
                0x08001e30       0x14 d:/program files (x86)/gnu arm embedded toolchain/9 2020-q2-update/bin/../lib/gcc/arm-none-eabi/9.3.1/../../../../arm-none-eabi/lib/thumb/v7e-m/nofp\libg.a(lib_a-__call_atexit.o)
 .text.atexit   0x08001e44        0xc d:/program files (x86)/gnu arm embedded toolchain/9 2020-q2-update/bin/../lib/gcc/arm-none-eabi/9.3.1/../../../../arm-none-eabi/lib/thumb/v7e-m/nofp\libg.a(lib_a-atexit.o)
                0x08001e44                atexit
 .text.__sflush_r
                0x08001e50      0x130 d:/program files (x86)/gnu arm embedded toolchain/9 2020-q2-update/bin/../lib/gcc/arm-none-eabi/9.3.1/../../../../arm-none-eabi/lib/thumb/v7e-m/nofp\libg.a(lib_a-fflush.o)
                0x08001e50                __sflush_r
 .text._fflush_r
                0x08001f80       0x5c d:/program files (x86)/gnu arm embedded toolchain/9 2020-q2-update/bin/../lib/gcc/arm-none-eabi/9.3.1/../../../../arm-none-eabi/lib/thumb/v7e-m/nofp\libg.a(lib_a-fflush.o)
                0x08001f80                _fflush_r
 .text.std      0x08001fdc       0x50 d:/program files (x86)/gnu arm embedded toolchain/9 2020-q2-update/bin/../lib/gcc/arm-none-eabi/9.3.1/../../../../arm-none-eabi/lib/thumb/v7e-m/nofp\libg.a(lib_a-findfp.o)
 .text._cleanup_r
                0x0800202c        0xc d:/program files (x86)/gnu arm embedded toolchain/9 2020-q2-update/bin/../lib/gcc/arm-none-eabi/9.3.1/../../../../arm-none-eabi/lib/thumb/v7e-m/nofp\libg.a(lib_a-findfp.o)
                0x0800202c                _cleanup_r
 .text.__sinit  0x08002038       0x54 d:/program files (x86)/gnu arm embedded toolchain/9 2020-q2-update/bin/../lib/gcc/arm-none-eabi/9.3.1/../../../../arm-none-eabi/lib/thumb/v7e-m/nofp\libg.a(lib_a-findfp.o)
                0x08002038                __sinit
 .text.__sfp_lock_acquire
                0x0800208c        0xc d:/program files (x86)/gnu arm embedded toolchain/9 2020-q2-update/bin/../lib/gcc/arm-none-eabi/9.3.1/../../../../arm-none-eabi/lib/thumb/v7e-m/nofp\libg.a(lib_a-findfp.o)
                0x0800208c                __sfp_lock_acquire
 .text.__sfp_lock_release
                0x08002098        0xc d:/program files (x86)/gnu arm embedded toolchain/9 2020-q2-update/bin/../lib/gcc/arm-none-eabi/9.3.1/../../../../arm-none-eabi/lib/thumb/v7e-m/nofp\libg.a(lib_a-findfp.o)
                0x08002098                __sfp_lock_release
 .text.__libc_fini_array
                0x080020a4       0x2c d:/program files (x86)/gnu arm embedded toolchain/9 2020-q2-update/bin/../lib/gcc/arm-none-eabi/9.3.1/../../../../arm-none-eabi/lib/thumb/v7e-m/nofp\libg.a(lib_a-fini.o)
                0x080020a4                __libc_fini_array
 .text._malloc_trim_r
                0x080020d0       0xa0 d:/program files (x86)/gnu arm embedded toolchain/9 2020-q2-update/bin/../lib/gcc/arm-none-eabi/9.3.1/../../../../arm-none-eabi/lib/thumb/v7e-m/nofp\libg.a(lib_a-freer.o)
                0x080020d0                _malloc_trim_r
 .text._free_r  0x08002170      0x208 d:/program files (x86)/gnu arm embedded toolchain/9 2020-q2-update/bin/../lib/gcc/arm-none-eabi/9.3.1/../../../../arm-none-eabi/lib/thumb/v7e-m/nofp\libg.a(lib_a-freer.o)
                0x08002170                _free_r
 .text._fwalk_reent
                0x08002378       0x48 d:/program files (x86)/gnu arm embedded toolchain/9 2020-q2-update/bin/../lib/gcc/arm-none-eabi/9.3.1/../../../../arm-none-eabi/lib/thumb/v7e-m/nofp\libg.a(lib_a-fwalk.o)
                0x08002378                _fwalk_reent
 .text.__retarget_lock_init_recursive
                0x080023c0        0x4 d:/program files (x86)/gnu arm embedded toolchain/9 2020-q2-update/bin/../lib/gcc/arm-none-eabi/9.3.1/../../../../arm-none-eabi/lib/thumb/v7e-m/nofp\libg.a(lib_a-lock.o)
                0x080023c0                __retarget_lock_init_recursive
 .text.__retarget_lock_close_recursive
                0x080023c4        0x4 d:/program files (x86)/gnu arm embedded toolchain/9 2020-q2-update/bin/../lib/gcc/arm-none-eabi/9.3.1/../../../../arm-none-eabi/lib/thumb/v7e-m/nofp\libg.a(lib_a-lock.o)
                0x080023c4                __retarget_lock_close_recursive
 .text.__retarget_lock_acquire_recursive
                0x080023c8        0x4 d:/program files (x86)/gnu arm embedded toolchain/9 2020-q2-update/bin/../lib/gcc/arm-none-eabi/9.3.1/../../../../arm-none-eabi/lib/thumb/v7e-m/nofp\libg.a(lib_a-lock.o)
                0x080023c8                __retarget_lock_acquire_recursive
 .text.__retarget_lock_release_recursive
                0x080023cc        0x4 d:/program files (x86)/gnu arm embedded toolchain/9 2020-q2-update/bin/../lib/gcc/arm-none-eabi/9.3.1/../../../../arm-none-eabi/lib/thumb/v7e-m/nofp\libg.a(lib_a-lock.o)
                0x080023cc                __retarget_lock_release_recursive
 .text.__swhatbuf_r
                0x080023d0       0x5c d:/program files (x86)/gnu arm embedded toolchain/9 2020-q2-update/bin/../lib/gcc/arm-none-eabi/9.3.1/../../../../arm-none-eabi/lib/thumb/v7e-m/nofp\libg.a(lib_a-makebuf.o)
                0x080023d0                __swhatbuf_r
 .text.malloc   0x0800242c       0x10 d:/program files (x86)/gnu arm embedded toolchain/9 2020-q2-update/bin/../lib/gcc/arm-none-eabi/9.3.1/../../../../arm-none-eabi/lib/thumb/v7e-m/nofp\libg.a(lib_a-malloc.o)
                0x0800242c                malloc
 .text._malloc_r
                0x0800243c      0x574 d:/program files (x86)/gnu arm embedded toolchain/9 2020-q2-update/bin/../lib/gcc/arm-none-eabi/9.3.1/../../../../arm-none-eabi/lib/thumb/v7e-m/nofp\libg.a(lib_a-mallocr.o)
                0x0800243c                _malloc_r
 .text.__malloc_lock
                0x080029b0        0xc d:/program files (x86)/gnu arm embedded toolchain/9 2020-q2-update/bin/../lib/gcc/arm-none-eabi/9.3.1/../../../../arm-none-eabi/lib/thumb/v7e-m/nofp\libg.a(lib_a-mlock.o)
                0x080029b0                __malloc_lock
 .text.__malloc_unlock
                0x080029bc        0xc d:/program files (x86)/gnu arm embedded toolchain/9 2020-q2-update/bin/../lib/gcc/arm-none-eabi/9.3.1/../../../../arm-none-eabi/lib/thumb/v7e-m/nofp\libg.a(lib_a-mlock.o)
                0x080029bc                __malloc_unlock
 .text._sbrk_r  0x080029c8       0x24 d:/program files (x86)/gnu arm embedded toolchain/9 2020-q2-update/bin/../lib/gcc/arm-none-eabi/9.3.1/../../../../arm-none-eabi/lib/thumb/v7e-m/nofp\libg.a(lib_a-sbrkr.o)
                0x080029c8                _sbrk_r
 .text.__sread  0x080029ec       0x24 d:/program files (x86)/gnu arm embedded toolchain/9 2020-q2-update/bin/../lib/gcc/arm-none-eabi/9.3.1/../../../../arm-none-eabi/lib/thumb/v7e-m/nofp\libg.a(lib_a-stdio.o)
                0x080029ec                __sread
 .text.__swrite
                0x08002a10       0x40 d:/program files (x86)/gnu arm embedded toolchain/9 2020-q2-update/bin/../lib/gcc/arm-none-eabi/9.3.1/../../../../arm-none-eabi/lib/thumb/v7e-m/nofp\libg.a(lib_a-stdio.o)
                0x08002a10                __swrite
 .text.__sseek  0x08002a50       0x20 d:/program files (x86)/gnu arm embedded toolchain/9 2020-q2-update/bin/../lib/gcc/arm-none-eabi/9.3.1/../../../../arm-none-eabi/lib/thumb/v7e-m/nofp\libg.a(lib_a-stdio.o)
                0x08002a50                __sseek
 .text.__sclose
                0x08002a70        0x8 d:/program files (x86)/gnu arm embedded toolchain/9 2020-q2-update/bin/../lib/gcc/arm-none-eabi/9.3.1/../../../../arm-none-eabi/lib/thumb/v7e-m/nofp\libg.a(lib_a-stdio.o)
                0x08002a70                __sclose
 .text._write_r
                0x08002a78       0x2c d:/program files (x86)/gnu arm embedded toolchain/9 2020-q2-update/bin/../lib/gcc/arm-none-eabi/9.3.1/../../../../arm-none-eabi/lib/thumb/v7e-m/nofp\libg.a(lib_a-writer.o)
                0x08002a78                _write_r
 .text.__register_exitproc
                0x08002aa4       0x8c d:/program files (x86)/gnu arm embedded toolchain/9 2020-q2-update/bin/../lib/gcc/arm-none-eabi/9.3.1/../../../../arm-none-eabi/lib/thumb/v7e-m/nofp\libg.a(lib_a-__atexit.o)
                0x08002aa4                __register_exitproc
 .text._close_r
                0x08002b30       0x24 d:/program files (x86)/gnu arm embedded toolchain/9 2020-q2-update/bin/../lib/gcc/arm-none-eabi/9.3.1/../../../../arm-none-eabi/lib/thumb/v7e-m/nofp\libg.a(lib_a-closer.o)
                0x08002b30                _close_r
 .text._fclose_r
                0x08002b54       0xcc d:/program files (x86)/gnu arm embedded toolchain/9 2020-q2-update/bin/../lib/gcc/arm-none-eabi/9.3.1/../../../../arm-none-eabi/lib/thumb/v7e-m/nofp\libg.a(lib_a-fclose.o)
                0x08002b54                _fclose_r
 .text._fstat_r
                0x08002c20       0x2c d:/program files (x86)/gnu arm embedded toolchain/9 2020-q2-update/bin/../lib/gcc/arm-none-eabi/9.3.1/../../../../arm-none-eabi/lib/thumb/v7e-m/nofp\libg.a(lib_a-fstatr.o)
                0x08002c20                _fstat_r
 .text._lseek_r
                0x08002c4c       0x2c d:/program files (x86)/gnu arm embedded toolchain/9 2020-q2-update/bin/../lib/gcc/arm-none-eabi/9.3.1/../../../../arm-none-eabi/lib/thumb/v7e-m/nofp\libg.a(lib_a-lseekr.o)
                0x08002c4c                _lseek_r
 .text._read_r  0x08002c78       0x2c d:/program files (x86)/gnu arm embedded toolchain/9 2020-q2-update/bin/../lib/gcc/arm-none-eabi/9.3.1/../../../../arm-none-eabi/lib/thumb/v7e-m/nofp\libg.a(lib_a-readr.o)
                0x08002c78                _read_r
 *(.glue_7)
 .glue_7        0x08002ca4        0x0 linker stubs
 *(.glue_7t)
 .glue_7t       0x08002ca4        0x0 linker stubs
 *(.eh_frame)
 .eh_frame      0x08002ca4        0x0 d:/program files (x86)/gnu arm embedded toolchain/9 2020-q2-update/bin/../lib/gcc/arm-none-eabi/9.3.1/thumb/v7e-m/nofp/crtbegin.o
 *(.init)
 .init          0x08002ca4        0x4 d:/program files (x86)/gnu arm embedded toolchain/9 2020-q2-update/bin/../lib/gcc/arm-none-eabi/9.3.1/thumb/v7e-m/nofp/crti.o
                0x08002ca4                _init
 .init          0x08002ca8        0x8 d:/program files (x86)/gnu arm embedded toolchain/9 2020-q2-update/bin/../lib/gcc/arm-none-eabi/9.3.1/thumb/v7e-m/nofp/crtn.o
 *(.fini)
 .fini          0x08002cb0        0x4 d:/program files (x86)/gnu arm embedded toolchain/9 2020-q2-update/bin/../lib/gcc/arm-none-eabi/9.3.1/thumb/v7e-m/nofp/crti.o
                0x08002cb0                _fini
 .fini          0x08002cb4        0x8 d:/program files (x86)/gnu arm embedded toolchain/9 2020-q2-update/bin/../lib/gcc/arm-none-eabi/9.3.1/thumb/v7e-m/nofp/crtn.o
                0x08002cbc                . = ALIGN (0x4)
                0x08002cbc                _etext = .

.vfp11_veneer   0x08002cbc        0x0
 .vfp11_veneer  0x08002cbc        0x0 linker stubs

.v4_bx          0x08002cbc        0x0
 .v4_bx         0x08002cbc        0x0 linker stubs

.iplt           0x08002cbc        0x0
 .iplt          0x08002cbc        0x0 d:/program files (x86)/gnu arm embedded toolchain/9 2020-q2-update/bin/../lib/gcc/arm-none-eabi/9.3.1/thumb/v7e-m/nofp/crtbegin.o

.rodata         0x08002cbc       0x1c
                0x08002cbc                . = ALIGN (0x4)
 *(.rodata)
 *(.rodata*)
 .rodata.AHBPrescTable
                0x08002cbc       0x10 CMakeFiles/PWM.elf.dir/Src/system_stm32f4xx.c.obj
                0x08002cbc                AHBPrescTable
 .rodata.APBPrescTable
                0x08002ccc        0x8 CMakeFiles/PWM.elf.dir/Src/system_stm32f4xx.c.obj
                0x08002ccc                APBPrescTable
 .rodata._global_impure_ptr
                0x08002cd4        0x4 d:/program files (x86)/gnu arm embedded toolchain/9 2020-q2-update/bin/../lib/gcc/arm-none-eabi/9.3.1/../../../../arm-none-eabi/lib/thumb/v7e-m/nofp\libg.a(lib_a-impure.o)
                0x08002cd4                _global_impure_ptr
                0x08002cd8                . = ALIGN (0x4)

.ARM.extab
 *(.ARM.extab* .gnu.linkonce.armextab.*)

.ARM            0x08002cd8        0x8
                0x08002cd8                __exidx_start = .
 *(.ARM.exidx*)
 .ARM.exidx     0x08002cd8        0x8 d:/program files (x86)/gnu arm embedded toolchain/9 2020-q2-update/bin/../lib/gcc/arm-none-eabi/9.3.1/thumb/v7e-m/nofp\libgcc.a(_udivmoddi4.o)
                0x08002ce0                __exidx_end = .

.rel.dyn        0x08002ce0        0x0
 .rel.iplt      0x08002ce0        0x0 d:/program files (x86)/gnu arm embedded toolchain/9 2020-q2-update/bin/../lib/gcc/arm-none-eabi/9.3.1/thumb/v7e-m/nofp/crtbegin.o

.preinit_array  0x08002ce0        0x0
                0x08002ce0                PROVIDE (__preinit_array_start = .)
 *(.preinit_array*)
                0x08002ce0                PROVIDE (__preinit_array_end = .)

.init_array     0x08002ce0        0x8
                0x08002ce0                PROVIDE (__init_array_start = .)
 *(SORT_BY_NAME(.init_array.*))
 .init_array.00000
                0x08002ce0        0x4 d:/program files (x86)/gnu arm embedded toolchain/9 2020-q2-update/bin/../lib/gcc/arm-none-eabi/9.3.1/../../../../arm-none-eabi/lib/thumb/v7e-m/nofp\libg.a(lib_a-__call_atexit.o)
 *(.init_array*)
 .init_array    0x08002ce4        0x4 d:/program files (x86)/gnu arm embedded toolchain/9 2020-q2-update/bin/../lib/gcc/arm-none-eabi/9.3.1/thumb/v7e-m/nofp/crtbegin.o
                0x08002ce8                PROVIDE (__init_array_end = .)

.fini_array     0x08002ce8        0x4
                0x08002ce8                PROVIDE (__fini_array_start = .)
 *(SORT_BY_NAME(.fini_array.*))
 *(.fini_array*)
 .fini_array    0x08002ce8        0x4 d:/program files (x86)/gnu arm embedded toolchain/9 2020-q2-update/bin/../lib/gcc/arm-none-eabi/9.3.1/thumb/v7e-m/nofp/crtbegin.o
                0x08002cec                PROVIDE (__fini_array_end = .)
                0x08002cec                _sidata = LOADADDR (.data)

.data           0x20000000      0x84c load address 0x08002cec
                0x20000000                . = ALIGN (0x4)
                0x20000000                _sdata = .
 *(.data)
 *(.data*)
 .data.uwTickFreq
                0x20000000        0x1 CMakeFiles/PWM.elf.dir/Drivers/STM32F4xx_HAL_Driver/Src/stm32f4xx_hal.c.obj
                0x20000000                uwTickFreq
 *fill*         0x20000001        0x3 
 .data.uwTickPrio
                0x20000004        0x4 CMakeFiles/PWM.elf.dir/Drivers/STM32F4xx_HAL_Driver/Src/stm32f4xx_hal.c.obj
                0x20000004                uwTickPrio
 .data.SystemCoreClock
                0x20000008        0x4 CMakeFiles/PWM.elf.dir/Src/system_stm32f4xx.c.obj
                0x20000008                SystemCoreClock
 .data._impure_ptr
                0x2000000c        0x4 d:/program files (x86)/gnu arm embedded toolchain/9 2020-q2-update/bin/../lib/gcc/arm-none-eabi/9.3.1/../../../../arm-none-eabi/lib/thumb/v7e-m/nofp\libg.a(lib_a-impure.o)
                0x2000000c                _impure_ptr
 .data.impure_data
                0x20000010      0x428 d:/program files (x86)/gnu arm embedded toolchain/9 2020-q2-update/bin/../lib/gcc/arm-none-eabi/9.3.1/../../../../arm-none-eabi/lib/thumb/v7e-m/nofp\libg.a(lib_a-impure.o)
 .data.__atexit_recursive_mutex
                0x20000438        0x4 d:/program files (x86)/gnu arm embedded toolchain/9 2020-q2-update/bin/../lib/gcc/arm-none-eabi/9.3.1/../../../../arm-none-eabi/lib/thumb/v7e-m/nofp\libg.a(lib_a-__call_atexit.o)
                0x20000438                __atexit_recursive_mutex
 .data.__malloc_av_
                0x2000043c      0x408 d:/program files (x86)/gnu arm embedded toolchain/9 2020-q2-update/bin/../lib/gcc/arm-none-eabi/9.3.1/../../../../arm-none-eabi/lib/thumb/v7e-m/nofp\libg.a(lib_a-mallocr.o)
                0x2000043c                __malloc_av_
 .data.__malloc_sbrk_base
                0x20000844        0x4 d:/program files (x86)/gnu arm embedded toolchain/9 2020-q2-update/bin/../lib/gcc/arm-none-eabi/9.3.1/../../../../arm-none-eabi/lib/thumb/v7e-m/nofp\libg.a(lib_a-mallocr.o)
                0x20000844                __malloc_sbrk_base
 .data.__malloc_trim_threshold
                0x20000848        0x4 d:/program files (x86)/gnu arm embedded toolchain/9 2020-q2-update/bin/../lib/gcc/arm-none-eabi/9.3.1/../../../../arm-none-eabi/lib/thumb/v7e-m/nofp\libg.a(lib_a-mallocr.o)
                0x20000848                __malloc_trim_threshold
                0x2000084c                . = ALIGN (0x4)
                0x2000084c                _edata = .
                0x08003538                _siccmram = LOADADDR (.ccmram)

.igot.plt       0x2000084c        0x0 load address 0x08003538
 .igot.plt      0x2000084c        0x0 d:/program files (x86)/gnu arm embedded toolchain/9 2020-q2-update/bin/../lib/gcc/arm-none-eabi/9.3.1/thumb/v7e-m/nofp/crtbegin.o

.ccmram         0x10000000        0x0 load address 0x08003538
                0x10000000                . = ALIGN (0x4)
                0x10000000                _sccmram = .
 *(.ccmram)
 *(.ccmram*)
                0x10000000                . = ALIGN (0x4)
                0x10000000                _eccmram = .
                0x10000000                . = ALIGN (0x4)

.bss            0x2000084c      0x104
                0x2000084c                _sbss = .
                0x2000084c                __bss_start__ = _sbss
 *(.bss)
 .bss           0x2000084c       0x1c d:/program files (x86)/gnu arm embedded toolchain/9 2020-q2-update/bin/../lib/gcc/arm-none-eabi/9.3.1/thumb/v7e-m/nofp/crtbegin.o
 *(.bss*)
 .bss.uwTick    0x20000868        0x4 CMakeFiles/PWM.elf.dir/Drivers/STM32F4xx_HAL_Driver/Src/stm32f4xx_hal.c.obj
                0x20000868                uwTick
 .bss.gHuart    0x2000086c        0x4 CMakeFiles/PWM.elf.dir/Src/retarget.c.obj
                0x2000086c                gHuart
 .bss.heap_end.6022
                0x20000870        0x4 CMakeFiles/PWM.elf.dir/Src/syscalls.c.obj
 .bss.htim14    0x20000874       0x40 CMakeFiles/PWM.elf.dir/Src/tim.c.obj
                0x20000874                htim14
 .bss.huart1    0x200008b4       0x40 CMakeFiles/PWM.elf.dir/Src/usart.c.obj
                0x200008b4                huart1
 .bss.__malloc_current_mallinfo
                0x200008f4       0x28 d:/program files (x86)/gnu arm embedded toolchain/9 2020-q2-update/bin/../lib/gcc/arm-none-eabi/9.3.1/../../../../arm-none-eabi/lib/thumb/v7e-m/nofp\libg.a(lib_a-mallocr.o)
                0x200008f4                __malloc_current_mallinfo
 .bss.__malloc_max_sbrked_mem
                0x2000091c        0x4 d:/program files (x86)/gnu arm embedded toolchain/9 2020-q2-update/bin/../lib/gcc/arm-none-eabi/9.3.1/../../../../arm-none-eabi/lib/thumb/v7e-m/nofp\libg.a(lib_a-mallocr.o)
                0x2000091c                __malloc_max_sbrked_mem
 .bss.__malloc_max_total_mem
                0x20000920        0x4 d:/program files (x86)/gnu arm embedded toolchain/9 2020-q2-update/bin/../lib/gcc/arm-none-eabi/9.3.1/../../../../arm-none-eabi/lib/thumb/v7e-m/nofp\libg.a(lib_a-mallocr.o)
                0x20000920                __malloc_max_total_mem
 .bss.__malloc_top_pad
                0x20000924        0x4 d:/program files (x86)/gnu arm embedded toolchain/9 2020-q2-update/bin/../lib/gcc/arm-none-eabi/9.3.1/../../../../arm-none-eabi/lib/thumb/v7e-m/nofp\libg.a(lib_a-mallocr.o)
                0x20000924                __malloc_top_pad
 *(COMMON)
 COMMON         0x20000928       0x21 d:/program files (x86)/gnu arm embedded toolchain/9 2020-q2-update/bin/../lib/gcc/arm-none-eabi/9.3.1/../../../../arm-none-eabi/lib/thumb/v7e-m/nofp\libg.a(lib_a-lock.o)
                0x20000928                __lock___atexit_recursive_mutex
                0x2000092c                __lock___arc4random_mutex
                0x20000930                __lock___env_recursive_mutex
                0x20000934                __lock___sinit_recursive_mutex
                0x20000938                __lock___malloc_recursive_mutex
                0x2000093c                __lock___at_quick_exit_mutex
                0x20000940                __lock___dd_hash_mutex
                0x20000944                __lock___tz_mutex
                0x20000948                __lock___sfp_recursive_mutex
 *fill*         0x20000949        0x3 
 COMMON         0x2000094c        0x4 d:/program files (x86)/gnu arm embedded toolchain/9 2020-q2-update/bin/../lib/gcc/arm-none-eabi/9.3.1/../../../../arm-none-eabi/lib/thumb/v7e-m/nofp\libg.a(lib_a-reent.o)
                0x2000094c                errno
                0x20000950                . = ALIGN (0x4)
                0x20000950                _ebss = .
                0x20000950                __bss_end__ = _ebss

._user_heap_stack
                0x20000950      0x600
                0x20000950                . = ALIGN (0x8)
                0x20000950                PROVIDE (end = .)
                [!provide]                PROVIDE (_end = .)
                0x20000b50                . = (. + _Min_Heap_Size)
 *fill*         0x20000950      0x200 
                0x20000f50                . = (. + _Min_Stack_Size)
 *fill*         0x20000b50      0x400 
                0x20000f50                . = ALIGN (0x8)

/DISCARD/
 libc.a(*)
 libm.a(*)
 libgcc.a(*)

.ARM.attributes
                0x00000000       0x2a
 *(.ARM.attributes)
 .ARM.attributes
                0x00000000       0x1e d:/program files (x86)/gnu arm embedded toolchain/9 2020-q2-update/bin/../lib/gcc/arm-none-eabi/9.3.1/thumb/v7e-m/nofp/crti.o
 .ARM.attributes
                0x0000001e       0x2e d:/program files (x86)/gnu arm embedded toolchain/9 2020-q2-update/bin/../lib/gcc/arm-none-eabi/9.3.1/thumb/v7e-m/nofp/crtbegin.o
 .ARM.attributes
                0x0000004c       0x2e CMakeFiles/PWM.elf.dir/Drivers/STM32F4xx_HAL_Driver/Src/stm32f4xx_hal.c.obj
 .ARM.attributes
                0x0000007a       0x2e CMakeFiles/PWM.elf.dir/Drivers/STM32F4xx_HAL_Driver/Src/stm32f4xx_hal_cortex.c.obj
 .ARM.attributes
                0x000000a8       0x2e CMakeFiles/PWM.elf.dir/Drivers/STM32F4xx_HAL_Driver/Src/stm32f4xx_hal_gpio.c.obj
 .ARM.attributes
                0x000000d6       0x2e CMakeFiles/PWM.elf.dir/Drivers/STM32F4xx_HAL_Driver/Src/stm32f4xx_hal_rcc.c.obj
 .ARM.attributes
                0x00000104       0x2e CMakeFiles/PWM.elf.dir/Drivers/STM32F4xx_HAL_Driver/Src/stm32f4xx_hal_tim.c.obj
 .ARM.attributes
                0x00000132       0x2e CMakeFiles/PWM.elf.dir/Drivers/STM32F4xx_HAL_Driver/Src/stm32f4xx_hal_uart.c.obj
 .ARM.attributes
                0x00000160       0x2e CMakeFiles/PWM.elf.dir/Src/gpio.c.obj
 .ARM.attributes
                0x0000018e       0x2e CMakeFiles/PWM.elf.dir/Src/main.c.obj
 .ARM.attributes
                0x000001bc       0x2e CMakeFiles/PWM.elf.dir/Src/retarget.c.obj
 .ARM.attributes
                0x000001ea       0x2e CMakeFiles/PWM.elf.dir/Src/stm32f4xx_hal_msp.c.obj
 .ARM.attributes
                0x00000218       0x2e CMakeFiles/PWM.elf.dir/Src/stm32f4xx_it.c.obj
 .ARM.attributes
                0x00000246       0x2e CMakeFiles/PWM.elf.dir/Src/syscalls.c.obj
 .ARM.attributes
                0x00000274       0x2e CMakeFiles/PWM.elf.dir/Src/system_stm32f4xx.c.obj
 .ARM.attributes
                0x000002a2       0x2e CMakeFiles/PWM.elf.dir/Src/tim.c.obj
 .ARM.attributes
                0x000002d0       0x2e CMakeFiles/PWM.elf.dir/Src/usart.c.obj
 .ARM.attributes
                0x000002fe       0x21 CMakeFiles/PWM.elf.dir/startup/startup_stm32f407xx.s.obj
 .ARM.attributes
                0x0000031f       0x1e d:/program files (x86)/gnu arm embedded toolchain/9 2020-q2-update/bin/../lib/gcc/arm-none-eabi/9.3.1/thumb/v7e-m/nofp\libgcc.a(_aeabi_uldivmod.o)
 .ARM.attributes
                0x0000033d       0x2e d:/program files (x86)/gnu arm embedded toolchain/9 2020-q2-update/bin/../lib/gcc/arm-none-eabi/9.3.1/thumb/v7e-m/nofp\libgcc.a(_udivmoddi4.o)
 .ARM.attributes
                0x0000036b       0x1e d:/program files (x86)/gnu arm embedded toolchain/9 2020-q2-update/bin/../lib/gcc/arm-none-eabi/9.3.1/thumb/v7e-m/nofp\libgcc.a(_dvmd_tls.o)
 .ARM.attributes
                0x00000389       0x2e d:/program files (x86)/gnu arm embedded toolchain/9 2020-q2-update/bin/../lib/gcc/arm-none-eabi/9.3.1/../../../../arm-none-eabi/lib/thumb/v7e-m/nofp\libg.a(lib_a-errno.o)
 .ARM.attributes
                0x000003b7       0x2e d:/program files (x86)/gnu arm embedded toolchain/9 2020-q2-update/bin/../lib/gcc/arm-none-eabi/9.3.1/../../../../arm-none-eabi/lib/thumb/v7e-m/nofp\libg.a(lib_a-impure.o)
 .ARM.attributes
                0x000003e5       0x2e d:/program files (x86)/gnu arm embedded toolchain/9 2020-q2-update/bin/../lib/gcc/arm-none-eabi/9.3.1/../../../../arm-none-eabi/lib/thumb/v7e-m/nofp\libg.a(lib_a-init.o)
 .ARM.attributes
                0x00000413       0x2e d:/program files (x86)/gnu arm embedded toolchain/9 2020-q2-update/bin/../lib/gcc/arm-none-eabi/9.3.1/../../../../arm-none-eabi/lib/thumb/v7e-m/nofp\libg.a(lib_a-memset.o)
 .ARM.attributes
                0x00000441       0x2e d:/program files (x86)/gnu arm embedded toolchain/9 2020-q2-update/bin/../lib/gcc/arm-none-eabi/9.3.1/../../../../arm-none-eabi/lib/thumb/v7e-m/nofp\libg.a(lib_a-setvbuf.o)
 .ARM.attributes
                0x0000046f       0x2e d:/program files (x86)/gnu arm embedded toolchain/9 2020-q2-update/bin/../lib/gcc/arm-none-eabi/9.3.1/../../../../arm-none-eabi/lib/thumb/v7e-m/nofp\libg.a(lib_a-__call_atexit.o)
 .ARM.attributes
                0x0000049d       0x2e d:/program files (x86)/gnu arm embedded toolchain/9 2020-q2-update/bin/../lib/gcc/arm-none-eabi/9.3.1/../../../../arm-none-eabi/lib/thumb/v7e-m/nofp\libg.a(lib_a-atexit.o)
 .ARM.attributes
                0x000004cb       0x2e d:/program files (x86)/gnu arm embedded toolchain/9 2020-q2-update/bin/../lib/gcc/arm-none-eabi/9.3.1/../../../../arm-none-eabi/lib/thumb/v7e-m/nofp\libg.a(lib_a-fflush.o)
 .ARM.attributes
                0x000004f9       0x2e d:/program files (x86)/gnu arm embedded toolchain/9 2020-q2-update/bin/../lib/gcc/arm-none-eabi/9.3.1/../../../../arm-none-eabi/lib/thumb/v7e-m/nofp\libg.a(lib_a-findfp.o)
 .ARM.attributes
                0x00000527       0x2e d:/program files (x86)/gnu arm embedded toolchain/9 2020-q2-update/bin/../lib/gcc/arm-none-eabi/9.3.1/../../../../arm-none-eabi/lib/thumb/v7e-m/nofp\libg.a(lib_a-fini.o)
 .ARM.attributes
                0x00000555       0x2e d:/program files (x86)/gnu arm embedded toolchain/9 2020-q2-update/bin/../lib/gcc/arm-none-eabi/9.3.1/../../../../arm-none-eabi/lib/thumb/v7e-m/nofp\libg.a(lib_a-freer.o)
 .ARM.attributes
                0x00000583       0x2e d:/program files (x86)/gnu arm embedded toolchain/9 2020-q2-update/bin/../lib/gcc/arm-none-eabi/9.3.1/../../../../arm-none-eabi/lib/thumb/v7e-m/nofp\libg.a(lib_a-fwalk.o)
 .ARM.attributes
                0x000005b1       0x2e d:/program files (x86)/gnu arm embedded toolchain/9 2020-q2-update/bin/../lib/gcc/arm-none-eabi/9.3.1/../../../../arm-none-eabi/lib/thumb/v7e-m/nofp\libg.a(lib_a-lock.o)
 .ARM.attributes
                0x000005df       0x2e d:/program files (x86)/gnu arm embedded toolchain/9 2020-q2-update/bin/../lib/gcc/arm-none-eabi/9.3.1/../../../../arm-none-eabi/lib/thumb/v7e-m/nofp\libg.a(lib_a-makebuf.o)
 .ARM.attributes
                0x0000060d       0x2e d:/program files (x86)/gnu arm embedded toolchain/9 2020-q2-update/bin/../lib/gcc/arm-none-eabi/9.3.1/../../../../arm-none-eabi/lib/thumb/v7e-m/nofp\libg.a(lib_a-malloc.o)
 .ARM.attributes
                0x0000063b       0x2e d:/program files (x86)/gnu arm embedded toolchain/9 2020-q2-update/bin/../lib/gcc/arm-none-eabi/9.3.1/../../../../arm-none-eabi/lib/thumb/v7e-m/nofp\libg.a(lib_a-mallocr.o)
 .ARM.attributes
                0x00000669       0x2e d:/program files (x86)/gnu arm embedded toolchain/9 2020-q2-update/bin/../lib/gcc/arm-none-eabi/9.3.1/../../../../arm-none-eabi/lib/thumb/v7e-m/nofp\libg.a(lib_a-mlock.o)
 .ARM.attributes
                0x00000697       0x2e d:/program files (x86)/gnu arm embedded toolchain/9 2020-q2-update/bin/../lib/gcc/arm-none-eabi/9.3.1/../../../../arm-none-eabi/lib/thumb/v7e-m/nofp\libg.a(lib_a-sbrkr.o)
 .ARM.attributes
                0x000006c5       0x2e d:/program files (x86)/gnu arm embedded toolchain/9 2020-q2-update/bin/../lib/gcc/arm-none-eabi/9.3.1/../../../../arm-none-eabi/lib/thumb/v7e-m/nofp\libg.a(lib_a-stdio.o)
 .ARM.attributes
                0x000006f3       0x2e d:/program files (x86)/gnu arm embedded toolchain/9 2020-q2-update/bin/../lib/gcc/arm-none-eabi/9.3.1/../../../../arm-none-eabi/lib/thumb/v7e-m/nofp\libg.a(lib_a-writer.o)
 .ARM.attributes
                0x00000721       0x2e d:/program files (x86)/gnu arm embedded toolchain/9 2020-q2-update/bin/../lib/gcc/arm-none-eabi/9.3.1/../../../../arm-none-eabi/lib/thumb/v7e-m/nofp\libg.a(lib_a-__atexit.o)
 .ARM.attributes
                0x0000074f       0x2e d:/program files (x86)/gnu arm embedded toolchain/9 2020-q2-update/bin/../lib/gcc/arm-none-eabi/9.3.1/../../../../arm-none-eabi/lib/thumb/v7e-m/nofp\libg.a(lib_a-closer.o)
 .ARM.attributes
                0x0000077d       0x2e d:/program files (x86)/gnu arm embedded toolchain/9 2020-q2-update/bin/../lib/gcc/arm-none-eabi/9.3.1/../../../../arm-none-eabi/lib/thumb/v7e-m/nofp\libg.a(lib_a-fclose.o)
 .ARM.attributes
                0x000007ab       0x2e d:/program files (x86)/gnu arm embedded toolchain/9 2020-q2-update/bin/../lib/gcc/arm-none-eabi/9.3.1/../../../../arm-none-eabi/lib/thumb/v7e-m/nofp\libg.a(lib_a-fstatr.o)
 .ARM.attributes
                0x000007d9       0x2e d:/program files (x86)/gnu arm embedded toolchain/9 2020-q2-update/bin/../lib/gcc/arm-none-eabi/9.3.1/../../../../arm-none-eabi/lib/thumb/v7e-m/nofp\libg.a(lib_a-lseekr.o)
 .ARM.attributes
                0x00000807       0x2e d:/program files (x86)/gnu arm embedded toolchain/9 2020-q2-update/bin/../lib/gcc/arm-none-eabi/9.3.1/../../../../arm-none-eabi/lib/thumb/v7e-m/nofp\libg.a(lib_a-readr.o)
 .ARM.attributes
                0x00000835       0x2e d:/program files (x86)/gnu arm embedded toolchain/9 2020-q2-update/bin/../lib/gcc/arm-none-eabi/9.3.1/../../../../arm-none-eabi/lib/thumb/v7e-m/nofp\libg.a(lib_a-reent.o)
 .ARM.attributes
                0x00000863       0x1e d:/program files (x86)/gnu arm embedded toolchain/9 2020-q2-update/bin/../lib/gcc/arm-none-eabi/9.3.1/thumb/v7e-m/nofp/crtn.o
OUTPUT(PWM.elf elf32-littlearm)
LOAD linker stubs
LOAD d:/program files (x86)/gnu arm embedded toolchain/9 2020-q2-update/bin/../lib/gcc/arm-none-eabi/9.3.1/../../../../arm-none-eabi/lib/thumb/v7e-m/nofp\libc.a
LOAD d:/program files (x86)/gnu arm embedded toolchain/9 2020-q2-update/bin/../lib/gcc/arm-none-eabi/9.3.1/../../../../arm-none-eabi/lib/thumb/v7e-m/nofp\libm.a
LOAD d:/program files (x86)/gnu arm embedded toolchain/9 2020-q2-update/bin/../lib/gcc/arm-none-eabi/9.3.1/thumb/v7e-m/nofp\libgcc.a

.debug_info     0x00000000     0xe0ff
 .debug_info    0x00000000      0xa79 CMakeFiles/PWM.elf.dir/Drivers/STM32F4xx_HAL_Driver/Src/stm32f4xx_hal.c.obj
 .debug_info    0x00000a79     0x1154 CMakeFiles/PWM.elf.dir/Drivers/STM32F4xx_HAL_Driver/Src/stm32f4xx_hal_cortex.c.obj
 .debug_info    0x00001bcd      0x86f CMakeFiles/PWM.elf.dir/Drivers/STM32F4xx_HAL_Driver/Src/stm32f4xx_hal_gpio.c.obj
 .debug_info    0x0000243c      0xb5d CMakeFiles/PWM.elf.dir/Drivers/STM32F4xx_HAL_Driver/Src/stm32f4xx_hal_rcc.c.obj
 .debug_info    0x00002f99     0x36b9 CMakeFiles/PWM.elf.dir/Drivers/STM32F4xx_HAL_Driver/Src/stm32f4xx_hal_tim.c.obj
 .debug_info    0x00006652     0x19ad CMakeFiles/PWM.elf.dir/Drivers/STM32F4xx_HAL_Driver/Src/stm32f4xx_hal_uart.c.obj
 .debug_info    0x00007fff      0x3ad CMakeFiles/PWM.elf.dir/Src/gpio.c.obj
 .debug_info    0x000083ac     0x16e7 CMakeFiles/PWM.elf.dir/Src/main.c.obj
 .debug_info    0x00009a93     0x141d CMakeFiles/PWM.elf.dir/Src/retarget.c.obj
 .debug_info    0x0000aeb0      0x390 CMakeFiles/PWM.elf.dir/Src/stm32f4xx_hal_msp.c.obj
 .debug_info    0x0000b240      0x238 CMakeFiles/PWM.elf.dir/Src/stm32f4xx_it.c.obj
 .debug_info    0x0000b478     0x1046 CMakeFiles/PWM.elf.dir/Src/syscalls.c.obj
 .debug_info    0x0000c4be      0x5b9 CMakeFiles/PWM.elf.dir/Src/system_stm32f4xx.c.obj
 .debug_info    0x0000ca77      0xbed CMakeFiles/PWM.elf.dir/Src/tim.c.obj
 .debug_info    0x0000d664      0xa79 CMakeFiles/PWM.elf.dir/Src/usart.c.obj
 .debug_info    0x0000e0dd       0x22 CMakeFiles/PWM.elf.dir/startup/startup_stm32f407xx.s.obj

.debug_abbrev   0x00000000     0x20f3
 .debug_abbrev  0x00000000      0x219 CMakeFiles/PWM.elf.dir/Drivers/STM32F4xx_HAL_Driver/Src/stm32f4xx_hal.c.obj
 .debug_abbrev  0x00000219      0x390 CMakeFiles/PWM.elf.dir/Drivers/STM32F4xx_HAL_Driver/Src/stm32f4xx_hal_cortex.c.obj
 .debug_abbrev  0x000005a9      0x21c CMakeFiles/PWM.elf.dir/Drivers/STM32F4xx_HAL_Driver/Src/stm32f4xx_hal_gpio.c.obj
 .debug_abbrev  0x000007c5      0x2ae CMakeFiles/PWM.elf.dir/Drivers/STM32F4xx_HAL_Driver/Src/stm32f4xx_hal_rcc.c.obj
 .debug_abbrev  0x00000a73      0x258 CMakeFiles/PWM.elf.dir/Drivers/STM32F4xx_HAL_Driver/Src/stm32f4xx_hal_tim.c.obj
 .debug_abbrev  0x00000ccb      0x2c0 CMakeFiles/PWM.elf.dir/Drivers/STM32F4xx_HAL_Driver/Src/stm32f4xx_hal_uart.c.obj
 .debug_abbrev  0x00000f8b      0x11a CMakeFiles/PWM.elf.dir/Src/gpio.c.obj
 .debug_abbrev  0x000010a5      0x2fa CMakeFiles/PWM.elf.dir/Src/main.c.obj
 .debug_abbrev  0x0000139f      0x2cc CMakeFiles/PWM.elf.dir/Src/retarget.c.obj
 .debug_abbrev  0x0000166b      0x11a CMakeFiles/PWM.elf.dir/Src/stm32f4xx_hal_msp.c.obj
 .debug_abbrev  0x00001785       0xef CMakeFiles/PWM.elf.dir/Src/stm32f4xx_it.c.obj
 .debug_abbrev  0x00001874      0x31e CMakeFiles/PWM.elf.dir/Src/syscalls.c.obj
 .debug_abbrev  0x00001b92      0x148 CMakeFiles/PWM.elf.dir/Src/system_stm32f4xx.c.obj
 .debug_abbrev  0x00001cda      0x21a CMakeFiles/PWM.elf.dir/Src/tim.c.obj
 .debug_abbrev  0x00001ef4      0x1ed CMakeFiles/PWM.elf.dir/Src/usart.c.obj
 .debug_abbrev  0x000020e1       0x12 CMakeFiles/PWM.elf.dir/startup/startup_stm32f407xx.s.obj

.debug_loc      0x00000000     0x7003
 .debug_loc     0x00000000      0x141 CMakeFiles/PWM.elf.dir/Drivers/STM32F4xx_HAL_Driver/Src/stm32f4xx_hal.c.obj
 .debug_loc     0x00000141      0x744 CMakeFiles/PWM.elf.dir/Drivers/STM32F4xx_HAL_Driver/Src/stm32f4xx_hal_cortex.c.obj
 .debug_loc     0x00000885      0x4ff CMakeFiles/PWM.elf.dir/Drivers/STM32F4xx_HAL_Driver/Src/stm32f4xx_hal_gpio.c.obj
 .debug_loc     0x00000d84      0x56f CMakeFiles/PWM.elf.dir/Drivers/STM32F4xx_HAL_Driver/Src/stm32f4xx_hal_rcc.c.obj
 .debug_loc     0x000012f3     0x3a8e CMakeFiles/PWM.elf.dir/Drivers/STM32F4xx_HAL_Driver/Src/stm32f4xx_hal_tim.c.obj
 .debug_loc     0x00004d81     0x18c5 CMakeFiles/PWM.elf.dir/Drivers/STM32F4xx_HAL_Driver/Src/stm32f4xx_hal_uart.c.obj
 .debug_loc     0x00006646       0x60 CMakeFiles/PWM.elf.dir/Src/main.c.obj
 .debug_loc     0x000066a6      0x389 CMakeFiles/PWM.elf.dir/Src/retarget.c.obj
 .debug_loc     0x00006a2f      0x3a2 CMakeFiles/PWM.elf.dir/Src/syscalls.c.obj
 .debug_loc     0x00006dd1      0x16c CMakeFiles/PWM.elf.dir/Src/system_stm32f4xx.c.obj
 .debug_loc     0x00006f3d       0x42 CMakeFiles/PWM.elf.dir/Src/tim.c.obj
 .debug_loc     0x00006f7f       0x84 CMakeFiles/PWM.elf.dir/Src/usart.c.obj

.debug_aranges  0x00000000      0xa58
 .debug_aranges
                0x00000000       0xf0 CMakeFiles/PWM.elf.dir/Drivers/STM32F4xx_HAL_Driver/Src/stm32f4xx_hal.c.obj
 .debug_aranges
                0x000000f0       0xa8 CMakeFiles/PWM.elf.dir/Drivers/STM32F4xx_HAL_Driver/Src/stm32f4xx_hal_cortex.c.obj
 .debug_aranges
                0x00000198       0x58 CMakeFiles/PWM.elf.dir/Drivers/STM32F4xx_HAL_Driver/Src/stm32f4xx_hal_gpio.c.obj
 .debug_aranges
                0x000001f0       0x88 CMakeFiles/PWM.elf.dir/Drivers/STM32F4xx_HAL_Driver/Src/stm32f4xx_hal_rcc.c.obj
 .debug_aranges
                0x00000278      0x3a8 CMakeFiles/PWM.elf.dir/Drivers/STM32F4xx_HAL_Driver/Src/stm32f4xx_hal_tim.c.obj
 .debug_aranges
                0x00000620      0x1d0 CMakeFiles/PWM.elf.dir/Drivers/STM32F4xx_HAL_Driver/Src/stm32f4xx_hal_uart.c.obj
 .debug_aranges
                0x000007f0       0x20 CMakeFiles/PWM.elf.dir/Src/gpio.c.obj
 .debug_aranges
                0x00000810       0x30 CMakeFiles/PWM.elf.dir/Src/main.c.obj
 .debug_aranges
                0x00000840       0x50 CMakeFiles/PWM.elf.dir/Src/retarget.c.obj
 .debug_aranges
                0x00000890       0x20 CMakeFiles/PWM.elf.dir/Src/stm32f4xx_hal_msp.c.obj
 .debug_aranges
                0x000008b0       0x60 CMakeFiles/PWM.elf.dir/Src/stm32f4xx_it.c.obj
 .debug_aranges
                0x00000910       0x90 CMakeFiles/PWM.elf.dir/Src/syscalls.c.obj
 .debug_aranges
                0x000009a0       0x28 CMakeFiles/PWM.elf.dir/Src/system_stm32f4xx.c.obj
 .debug_aranges
                0x000009c8       0x38 CMakeFiles/PWM.elf.dir/Src/tim.c.obj
 .debug_aranges
                0x00000a00       0x30 CMakeFiles/PWM.elf.dir/Src/usart.c.obj
 .debug_aranges
                0x00000a30       0x28 CMakeFiles/PWM.elf.dir/startup/startup_stm32f407xx.s.obj

.debug_ranges   0x00000000      0x9d8
 .debug_ranges  0x00000000       0xe0 CMakeFiles/PWM.elf.dir/Drivers/STM32F4xx_HAL_Driver/Src/stm32f4xx_hal.c.obj
 .debug_ranges  0x000000e0       0xf8 CMakeFiles/PWM.elf.dir/Drivers/STM32F4xx_HAL_Driver/Src/stm32f4xx_hal_cortex.c.obj
 .debug_ranges  0x000001d8       0x48 CMakeFiles/PWM.elf.dir/Drivers/STM32F4xx_HAL_Driver/Src/stm32f4xx_hal_gpio.c.obj
 .debug_ranges  0x00000220       0x90 CMakeFiles/PWM.elf.dir/Drivers/STM32F4xx_HAL_Driver/Src/stm32f4xx_hal_rcc.c.obj
 .debug_ranges  0x000002b0      0x398 CMakeFiles/PWM.elf.dir/Drivers/STM32F4xx_HAL_Driver/Src/stm32f4xx_hal_tim.c.obj
 .debug_ranges  0x00000648      0x1c0 CMakeFiles/PWM.elf.dir/Drivers/STM32F4xx_HAL_Driver/Src/stm32f4xx_hal_uart.c.obj
 .debug_ranges  0x00000808       0x10 CMakeFiles/PWM.elf.dir/Src/gpio.c.obj
 .debug_ranges  0x00000818       0x20 CMakeFiles/PWM.elf.dir/Src/main.c.obj
 .debug_ranges  0x00000838       0x40 CMakeFiles/PWM.elf.dir/Src/retarget.c.obj
 .debug_ranges  0x00000878       0x10 CMakeFiles/PWM.elf.dir/Src/stm32f4xx_hal_msp.c.obj
 .debug_ranges  0x00000888       0x50 CMakeFiles/PWM.elf.dir/Src/stm32f4xx_it.c.obj
 .debug_ranges  0x000008d8       0x80 CMakeFiles/PWM.elf.dir/Src/syscalls.c.obj
 .debug_ranges  0x00000958       0x18 CMakeFiles/PWM.elf.dir/Src/system_stm32f4xx.c.obj
 .debug_ranges  0x00000970       0x28 CMakeFiles/PWM.elf.dir/Src/tim.c.obj
 .debug_ranges  0x00000998       0x20 CMakeFiles/PWM.elf.dir/Src/usart.c.obj
 .debug_ranges  0x000009b8       0x20 CMakeFiles/PWM.elf.dir/startup/startup_stm32f407xx.s.obj

.debug_line     0x00000000     0x9c1b
 .debug_line    0x00000000      0x631 CMakeFiles/PWM.elf.dir/Drivers/STM32F4xx_HAL_Driver/Src/stm32f4xx_hal.c.obj
 .debug_line    0x00000631      0x86e CMakeFiles/PWM.elf.dir/Drivers/STM32F4xx_HAL_Driver/Src/stm32f4xx_hal_cortex.c.obj
 .debug_line    0x00000e9f      0x7f5 CMakeFiles/PWM.elf.dir/Drivers/STM32F4xx_HAL_Driver/Src/stm32f4xx_hal_gpio.c.obj
 .debug_line    0x00001694      0xc04 CMakeFiles/PWM.elf.dir/Drivers/STM32F4xx_HAL_Driver/Src/stm32f4xx_hal_rcc.c.obj
 .debug_line    0x00002298     0x3793 CMakeFiles/PWM.elf.dir/Drivers/STM32F4xx_HAL_Driver/Src/stm32f4xx_hal_tim.c.obj
 .debug_line    0x00005a2b     0x1d35 CMakeFiles/PWM.elf.dir/Drivers/STM32F4xx_HAL_Driver/Src/stm32f4xx_hal_uart.c.obj
 .debug_line    0x00007760      0x288 CMakeFiles/PWM.elf.dir/Src/gpio.c.obj
 .debug_line    0x000079e8      0x581 CMakeFiles/PWM.elf.dir/Src/main.c.obj
 .debug_line    0x00007f69      0x570 CMakeFiles/PWM.elf.dir/Src/retarget.c.obj
 .debug_line    0x000084d9      0x290 CMakeFiles/PWM.elf.dir/Src/stm32f4xx_hal_msp.c.obj
 .debug_line    0x00008769      0x34f CMakeFiles/PWM.elf.dir/Src/stm32f4xx_it.c.obj
 .debug_line    0x00008ab8      0x51e CMakeFiles/PWM.elf.dir/Src/syscalls.c.obj
 .debug_line    0x00008fd6      0x34d CMakeFiles/PWM.elf.dir/Src/system_stm32f4xx.c.obj
 .debug_line    0x00009323      0x44f CMakeFiles/PWM.elf.dir/Src/tim.c.obj
 .debug_line    0x00009772      0x402 CMakeFiles/PWM.elf.dir/Src/usart.c.obj
 .debug_line    0x00009b74       0xa7 CMakeFiles/PWM.elf.dir/startup/startup_stm32f407xx.s.obj

.debug_str      0x00000000     0x38f0
 .debug_str     0x00000000      0xb7a CMakeFiles/PWM.elf.dir/Drivers/STM32F4xx_HAL_Driver/Src/stm32f4xx_hal.c.obj
                                0xbe8 (size before relaxing)
 .debug_str     0x00000b7a      0x4d0 CMakeFiles/PWM.elf.dir/Drivers/STM32F4xx_HAL_Driver/Src/stm32f4xx_hal_cortex.c.obj
                                0xd27 (size before relaxing)
 .debug_str     0x0000104a      0x206 CMakeFiles/PWM.elf.dir/Drivers/STM32F4xx_HAL_Driver/Src/stm32f4xx_hal_gpio.c.obj
                                0x5ed (size before relaxing)
 .debug_str     0x00001250      0x31c CMakeFiles/PWM.elf.dir/Drivers/STM32F4xx_HAL_Driver/Src/stm32f4xx_hal_rcc.c.obj
                                0x7cb (size before relaxing)
 .debug_str     0x0000156c     0x1268 CMakeFiles/PWM.elf.dir/Drivers/STM32F4xx_HAL_Driver/Src/stm32f4xx_hal_tim.c.obj
                               0x15ca (size before relaxing)
 .debug_str     0x000027d4      0x724 CMakeFiles/PWM.elf.dir/Drivers/STM32F4xx_HAL_Driver/Src/stm32f4xx_hal_uart.c.obj
                                0xd2e (size before relaxing)
 .debug_str     0x00002ef8       0x43 CMakeFiles/PWM.elf.dir/Src/gpio.c.obj
                                0x3c9 (size before relaxing)
 .debug_str     0x00002f3b      0x478 CMakeFiles/PWM.elf.dir/Src/main.c.obj
                                0xfba (size before relaxing)
 .debug_str     0x000033b3      0x17b CMakeFiles/PWM.elf.dir/Src/retarget.c.obj
                                0xcbe (size before relaxing)
 .debug_str     0x0000352e       0x43 CMakeFiles/PWM.elf.dir/Src/stm32f4xx_hal_msp.c.obj
                                0x3d5 (size before relaxing)
 .debug_str     0x00003571       0xce CMakeFiles/PWM.elf.dir/Src/stm32f4xx_it.c.obj
                                0x35d (size before relaxing)
 .debug_str     0x0000363f      0x13f CMakeFiles/PWM.elf.dir/Src/syscalls.c.obj
                                0x851 (size before relaxing)
 .debug_str     0x0000377e       0x6d CMakeFiles/PWM.elf.dir/Src/system_stm32f4xx.c.obj
                                0x451 (size before relaxing)
 .debug_str     0x000037eb       0x6c CMakeFiles/PWM.elf.dir/Src/tim.c.obj
                                0x9a8 (size before relaxing)
 .debug_str     0x00003857       0x42 CMakeFiles/PWM.elf.dir/Src/usart.c.obj
                                0x8df (size before relaxing)
 .debug_str     0x00003899       0x57 CMakeFiles/PWM.elf.dir/startup/startup_stm32f407xx.s.obj
                                 0x94 (size before relaxing)

.comment        0x00000000       0x4c
 .comment       0x00000000       0x4c CMakeFiles/PWM.elf.dir/Drivers/STM32F4xx_HAL_Driver/Src/stm32f4xx_hal.c.obj
                                 0x4d (size before relaxing)
 .comment       0x0000004c       0x4d CMakeFiles/PWM.elf.dir/Drivers/STM32F4xx_HAL_Driver/Src/stm32f4xx_hal_cortex.c.obj
 .comment       0x0000004c       0x4d CMakeFiles/PWM.elf.dir/Drivers/STM32F4xx_HAL_Driver/Src/stm32f4xx_hal_gpio.c.obj
 .comment       0x0000004c       0x4d CMakeFiles/PWM.elf.dir/Drivers/STM32F4xx_HAL_Driver/Src/stm32f4xx_hal_rcc.c.obj
 .comment       0x0000004c       0x4d CMakeFiles/PWM.elf.dir/Drivers/STM32F4xx_HAL_Driver/Src/stm32f4xx_hal_tim.c.obj
 .comment       0x0000004c       0x4d CMakeFiles/PWM.elf.dir/Drivers/STM32F4xx_HAL_Driver/Src/stm32f4xx_hal_uart.c.obj
 .comment       0x0000004c       0x4d CMakeFiles/PWM.elf.dir/Src/gpio.c.obj
 .comment       0x0000004c       0x4d CMakeFiles/PWM.elf.dir/Src/main.c.obj
 .comment       0x0000004c       0x4d CMakeFiles/PWM.elf.dir/Src/retarget.c.obj
 .comment       0x0000004c       0x4d CMakeFiles/PWM.elf.dir/Src/stm32f4xx_hal_msp.c.obj
 .comment       0x0000004c       0x4d CMakeFiles/PWM.elf.dir/Src/stm32f4xx_it.c.obj
 .comment       0x0000004c       0x4d CMakeFiles/PWM.elf.dir/Src/syscalls.c.obj
 .comment       0x0000004c       0x4d CMakeFiles/PWM.elf.dir/Src/system_stm32f4xx.c.obj
 .comment       0x0000004c       0x4d CMakeFiles/PWM.elf.dir/Src/tim.c.obj
 .comment       0x0000004c       0x4d CMakeFiles/PWM.elf.dir/Src/usart.c.obj

.debug_frame    0x00000000     0x2208
 .debug_frame   0x00000000      0x1ec CMakeFiles/PWM.elf.dir/Drivers/STM32F4xx_HAL_Driver/Src/stm32f4xx_hal.c.obj
 .debug_frame   0x000001ec      0x15c CMakeFiles/PWM.elf.dir/Drivers/STM32F4xx_HAL_Driver/Src/stm32f4xx_hal_cortex.c.obj
 .debug_frame   0x00000348       0xd8 CMakeFiles/PWM.elf.dir/Drivers/STM32F4xx_HAL_Driver/Src/stm32f4xx_hal_gpio.c.obj
 .debug_frame   0x00000420      0x174 CMakeFiles/PWM.elf.dir/Drivers/STM32F4xx_HAL_Driver/Src/stm32f4xx_hal_rcc.c.obj
 .debug_frame   0x00000594      0xa7c CMakeFiles/PWM.elf.dir/Drivers/STM32F4xx_HAL_Driver/Src/stm32f4xx_hal_tim.c.obj
 .debug_frame   0x00001010      0x4ec CMakeFiles/PWM.elf.dir/Drivers/STM32F4xx_HAL_Driver/Src/stm32f4xx_hal_uart.c.obj
 .debug_frame   0x000014fc       0x28 CMakeFiles/PWM.elf.dir/Src/gpio.c.obj
 .debug_frame   0x00001524       0x5c CMakeFiles/PWM.elf.dir/Src/main.c.obj
 .debug_frame   0x00001580       0xb8 CMakeFiles/PWM.elf.dir/Src/retarget.c.obj
 .debug_frame   0x00001638       0x28 CMakeFiles/PWM.elf.dir/Src/stm32f4xx_hal_msp.c.obj
 .debug_frame   0x00001660       0xa8 CMakeFiles/PWM.elf.dir/Src/stm32f4xx_it.c.obj
 .debug_frame   0x00001708      0x168 CMakeFiles/PWM.elf.dir/Src/syscalls.c.obj
 .debug_frame   0x00001870       0x30 CMakeFiles/PWM.elf.dir/Src/system_stm32f4xx.c.obj
 .debug_frame   0x000018a0       0x78 CMakeFiles/PWM.elf.dir/Src/tim.c.obj
 .debug_frame   0x00001918       0x60 CMakeFiles/PWM.elf.dir/Src/usart.c.obj
 .debug_frame   0x00001978       0x2c d:/program files (x86)/gnu arm embedded toolchain/9 2020-q2-update/bin/../lib/gcc/arm-none-eabi/9.3.1/thumb/v7e-m/nofp\libgcc.a(_aeabi_uldivmod.o)
 .debug_frame   0x000019a4       0x34 d:/program files (x86)/gnu arm embedded toolchain/9 2020-q2-update/bin/../lib/gcc/arm-none-eabi/9.3.1/thumb/v7e-m/nofp\libgcc.a(_udivmoddi4.o)
 .debug_frame   0x000019d8       0x20 d:/program files (x86)/gnu arm embedded toolchain/9 2020-q2-update/bin/../lib/gcc/arm-none-eabi/9.3.1/../../../../arm-none-eabi/lib/thumb/v7e-m/nofp\libg.a(lib_a-errno.o)
 .debug_frame   0x000019f8       0x2c d:/program files (x86)/gnu arm embedded toolchain/9 2020-q2-update/bin/../lib/gcc/arm-none-eabi/9.3.1/../../../../arm-none-eabi/lib/thumb/v7e-m/nofp\libg.a(lib_a-init.o)
 .debug_frame   0x00001a24       0x38 d:/program files (x86)/gnu arm embedded toolchain/9 2020-q2-update/bin/../lib/gcc/arm-none-eabi/9.3.1/../../../../arm-none-eabi/lib/thumb/v7e-m/nofp\libg.a(lib_a-memset.o)
 .debug_frame   0x00001a5c       0x48 d:/program files (x86)/gnu arm embedded toolchain/9 2020-q2-update/bin/../lib/gcc/arm-none-eabi/9.3.1/../../../../arm-none-eabi/lib/thumb/v7e-m/nofp\libg.a(lib_a-setvbuf.o)
 .debug_frame   0x00001aa4       0x5c d:/program files (x86)/gnu arm embedded toolchain/9 2020-q2-update/bin/../lib/gcc/arm-none-eabi/9.3.1/../../../../arm-none-eabi/lib/thumb/v7e-m/nofp\libg.a(lib_a-__call_atexit.o)
 .debug_frame   0x00001b00       0x20 d:/program files (x86)/gnu arm embedded toolchain/9 2020-q2-update/bin/../lib/gcc/arm-none-eabi/9.3.1/../../../../arm-none-eabi/lib/thumb/v7e-m/nofp\libg.a(lib_a-atexit.o)
 .debug_frame   0x00001b20       0x5c d:/program files (x86)/gnu arm embedded toolchain/9 2020-q2-update/bin/../lib/gcc/arm-none-eabi/9.3.1/../../../../arm-none-eabi/lib/thumb/v7e-m/nofp\libg.a(lib_a-fflush.o)
 .debug_frame   0x00001b7c      0x14c d:/program files (x86)/gnu arm embedded toolchain/9 2020-q2-update/bin/../lib/gcc/arm-none-eabi/9.3.1/../../../../arm-none-eabi/lib/thumb/v7e-m/nofp\libg.a(lib_a-findfp.o)
 .debug_frame   0x00001cc8       0x34 d:/program files (x86)/gnu arm embedded toolchain/9 2020-q2-update/bin/../lib/gcc/arm-none-eabi/9.3.1/../../../../arm-none-eabi/lib/thumb/v7e-m/nofp\libg.a(lib_a-fini.o)
 .debug_frame   0x00001cfc       0x8c d:/program files (x86)/gnu arm embedded toolchain/9 2020-q2-update/bin/../lib/gcc/arm-none-eabi/9.3.1/../../../../arm-none-eabi/lib/thumb/v7e-m/nofp\libg.a(lib_a-freer.o)
 .debug_frame   0x00001d88       0x54 d:/program files (x86)/gnu arm embedded toolchain/9 2020-q2-update/bin/../lib/gcc/arm-none-eabi/9.3.1/../../../../arm-none-eabi/lib/thumb/v7e-m/nofp\libg.a(lib_a-fwalk.o)
 .debug_frame   0x00001ddc       0xb0 d:/program files (x86)/gnu arm embedded toolchain/9 2020-q2-update/bin/../lib/gcc/arm-none-eabi/9.3.1/../../../../arm-none-eabi/lib/thumb/v7e-m/nofp\libg.a(lib_a-lock.o)
 .debug_frame   0x00001e8c       0x6c d:/program files (x86)/gnu arm embedded toolchain/9 2020-q2-update/bin/../lib/gcc/arm-none-eabi/9.3.1/../../../../arm-none-eabi/lib/thumb/v7e-m/nofp\libg.a(lib_a-makebuf.o)
 .debug_frame   0x00001ef8       0x30 d:/program files (x86)/gnu arm embedded toolchain/9 2020-q2-update/bin/../lib/gcc/arm-none-eabi/9.3.1/../../../../arm-none-eabi/lib/thumb/v7e-m/nofp\libg.a(lib_a-malloc.o)
 .debug_frame   0x00001f28       0x4c d:/program files (x86)/gnu arm embedded toolchain/9 2020-q2-update/bin/../lib/gcc/arm-none-eabi/9.3.1/../../../../arm-none-eabi/lib/thumb/v7e-m/nofp\libg.a(lib_a-mallocr.o)
 .debug_frame   0x00001f74       0x30 d:/program files (x86)/gnu arm embedded toolchain/9 2020-q2-update/bin/../lib/gcc/arm-none-eabi/9.3.1/../../../../arm-none-eabi/lib/thumb/v7e-m/nofp\libg.a(lib_a-mlock.o)
 .debug_frame   0x00001fa4       0x2c d:/program files (x86)/gnu arm embedded toolchain/9 2020-q2-update/bin/../lib/gcc/arm-none-eabi/9.3.1/../../../../arm-none-eabi/lib/thumb/v7e-m/nofp\libg.a(lib_a-sbrkr.o)
 .debug_frame   0x00001fd0       0x8c d:/program files (x86)/gnu arm embedded toolchain/9 2020-q2-update/bin/../lib/gcc/arm-none-eabi/9.3.1/../../../../arm-none-eabi/lib/thumb/v7e-m/nofp\libg.a(lib_a-stdio.o)
 .debug_frame   0x0000205c       0x2c d:/program files (x86)/gnu arm embedded toolchain/9 2020-q2-update/bin/../lib/gcc/arm-none-eabi/9.3.1/../../../../arm-none-eabi/lib/thumb/v7e-m/nofp\libg.a(lib_a-writer.o)
 .debug_frame   0x00002088       0x34 d:/program files (x86)/gnu arm embedded toolchain/9 2020-q2-update/bin/../lib/gcc/arm-none-eabi/9.3.1/../../../../arm-none-eabi/lib/thumb/v7e-m/nofp\libg.a(lib_a-__atexit.o)
 .debug_frame   0x000020bc       0x2c d:/program files (x86)/gnu arm embedded toolchain/9 2020-q2-update/bin/../lib/gcc/arm-none-eabi/9.3.1/../../../../arm-none-eabi/lib/thumb/v7e-m/nofp\libg.a(lib_a-closer.o)
 .debug_frame   0x000020e8       0x3c d:/program files (x86)/gnu arm embedded toolchain/9 2020-q2-update/bin/../lib/gcc/arm-none-eabi/9.3.1/../../../../arm-none-eabi/lib/thumb/v7e-m/nofp\libg.a(lib_a-fclose.o)
 .debug_frame   0x00002124       0x2c d:/program files (x86)/gnu arm embedded toolchain/9 2020-q2-update/bin/../lib/gcc/arm-none-eabi/9.3.1/../../../../arm-none-eabi/lib/thumb/v7e-m/nofp\libg.a(lib_a-fstatr.o)
 .debug_frame   0x00002150       0x2c d:/program files (x86)/gnu arm embedded toolchain/9 2020-q2-update/bin/../lib/gcc/arm-none-eabi/9.3.1/../../../../arm-none-eabi/lib/thumb/v7e-m/nofp\libg.a(lib_a-lseekr.o)
 .debug_frame   0x0000217c       0x2c d:/program files (x86)/gnu arm embedded toolchain/9 2020-q2-update/bin/../lib/gcc/arm-none-eabi/9.3.1/../../../../arm-none-eabi/lib/thumb/v7e-m/nofp\libg.a(lib_a-readr.o)
 .debug_frame   0x000021a8       0x60 d:/program files (x86)/gnu arm embedded toolchain/9 2020-q2-update/bin/../lib/gcc/arm-none-eabi/9.3.1/../../../../arm-none-eabi/lib/thumb/v7e-m/nofp\libg.a(lib_a-reent.o)
