Archive member included to satisfy reference by file (symbol)

d:/program files (x86)/gnu arm embedded toolchain/9 2020-q2-update/bin/../lib/gcc/arm-none-eabi/9.3.1/thumb/v7e-m/nofp\libgcc.a(_aeabi_uldivmod.o)
                              CMakeFiles/EXTI_KEY.elf.dir/Drivers/STM32F4xx_HAL_Driver/Src/stm32f4xx_hal_rcc.c.obj (__aeabi_uldivmod)
d:/program files (x86)/gnu arm embedded toolchain/9 2020-q2-update/bin/../lib/gcc/arm-none-eabi/9.3.1/thumb/v7e-m/nofp\libgcc.a(_udivmoddi4.o)
                              d:/program files (x86)/gnu arm embedded toolchain/9 2020-q2-update/bin/../lib/gcc/arm-none-eabi/9.3.1/thumb/v7e-m/nofp\libgcc.a(_aeabi_uldivmod.o) (__udivmoddi4)
d:/program files (x86)/gnu arm embedded toolchain/9 2020-q2-update/bin/../lib/gcc/arm-none-eabi/9.3.1/thumb/v7e-m/nofp\libgcc.a(_dvmd_tls.o)
                              d:/program files (x86)/gnu arm embedded toolchain/9 2020-q2-update/bin/../lib/gcc/arm-none-eabi/9.3.1/thumb/v7e-m/nofp\libgcc.a(_aeabi_uldivmod.o) (__aeabi_ldiv0)
d:/program files (x86)/gnu arm embedded toolchain/9 2020-q2-update/bin/../lib/gcc/arm-none-eabi/9.3.1/../../../../arm-none-eabi/lib/thumb/v7e-m/nofp\libg.a(lib_a-errno.o)
                              CMakeFiles/EXTI_KEY.elf.dir/Src/retarget.c.obj (__errno)
d:/program files (x86)/gnu arm embedded toolchain/9 2020-q2-update/bin/../lib/gcc/arm-none-eabi/9.3.1/../../../../arm-none-eabi/lib/thumb/v7e-m/nofp\libg.a(lib_a-exit.o)
                              d:/program files (x86)/gnu arm embedded toolchain/9 2020-q2-update/bin/../lib/gcc/arm-none-eabi/9.3.1/../../../../arm-none-eabi/lib/thumb/v7e-m/nofp/crt0.o (exit)
d:/program files (x86)/gnu arm embedded toolchain/9 2020-q2-update/bin/../lib/gcc/arm-none-eabi/9.3.1/../../../../arm-none-eabi/lib/thumb/v7e-m/nofp\libg.a(lib_a-impure.o)
                              d:/program files (x86)/gnu arm embedded toolchain/9 2020-q2-update/bin/../lib/gcc/arm-none-eabi/9.3.1/../../../../arm-none-eabi/lib/thumb/v7e-m/nofp\libg.a(lib_a-exit.o) (_global_impure_ptr)
d:/program files (x86)/gnu arm embedded toolchain/9 2020-q2-update/bin/../lib/gcc/arm-none-eabi/9.3.1/../../../../arm-none-eabi/lib/thumb/v7e-m/nofp\libg.a(lib_a-init.o)
                              d:/program files (x86)/gnu arm embedded toolchain/9 2020-q2-update/bin/../lib/gcc/arm-none-eabi/9.3.1/../../../../arm-none-eabi/lib/thumb/v7e-m/nofp/crt0.o (__libc_init_array)
d:/program files (x86)/gnu arm embedded toolchain/9 2020-q2-update/bin/../lib/gcc/arm-none-eabi/9.3.1/../../../../arm-none-eabi/lib/thumb/v7e-m/nofp\libg.a(lib_a-memset.o)
                              d:/program files (x86)/gnu arm embedded toolchain/9 2020-q2-update/bin/../lib/gcc/arm-none-eabi/9.3.1/../../../../arm-none-eabi/lib/thumb/v7e-m/nofp/crt0.o (memset)
d:/program files (x86)/gnu arm embedded toolchain/9 2020-q2-update/bin/../lib/gcc/arm-none-eabi/9.3.1/../../../../arm-none-eabi/lib/thumb/v7e-m/nofp\libg.a(lib_a-putchar.o)
                              CMakeFiles/EXTI_KEY.elf.dir/Src/main.c.obj (putchar)
d:/program files (x86)/gnu arm embedded toolchain/9 2020-q2-update/bin/../lib/gcc/arm-none-eabi/9.3.1/../../../../arm-none-eabi/lib/thumb/v7e-m/nofp\libg.a(lib_a-setvbuf.o)
                              CMakeFiles/EXTI_KEY.elf.dir/Src/retarget.c.obj (setvbuf)
d:/program files (x86)/gnu arm embedded toolchain/9 2020-q2-update/bin/../lib/gcc/arm-none-eabi/9.3.1/../../../../arm-none-eabi/lib/thumb/v7e-m/nofp\libg.a(lib_a-__call_atexit.o)
                              d:/program files (x86)/gnu arm embedded toolchain/9 2020-q2-update/bin/../lib/gcc/arm-none-eabi/9.3.1/../../../../arm-none-eabi/lib/thumb/v7e-m/nofp\libg.a(lib_a-exit.o) (__call_exitprocs)
d:/program files (x86)/gnu arm embedded toolchain/9 2020-q2-update/bin/../lib/gcc/arm-none-eabi/9.3.1/../../../../arm-none-eabi/lib/thumb/v7e-m/nofp\libg.a(lib_a-atexit.o)
                              d:/program files (x86)/gnu arm embedded toolchain/9 2020-q2-update/bin/../lib/gcc/arm-none-eabi/9.3.1/../../../../arm-none-eabi/lib/thumb/v7e-m/nofp\libg.a(lib_a-__call_atexit.o) (atexit)
d:/program files (x86)/gnu arm embedded toolchain/9 2020-q2-update/bin/../lib/gcc/arm-none-eabi/9.3.1/../../../../arm-none-eabi/lib/thumb/v7e-m/nofp\libg.a(lib_a-fflush.o)
                              d:/program files (x86)/gnu arm embedded toolchain/9 2020-q2-update/bin/../lib/gcc/arm-none-eabi/9.3.1/../../../../arm-none-eabi/lib/thumb/v7e-m/nofp\libg.a(lib_a-setvbuf.o) (_fflush_r)
d:/program files (x86)/gnu arm embedded toolchain/9 2020-q2-update/bin/../lib/gcc/arm-none-eabi/9.3.1/../../../../arm-none-eabi/lib/thumb/v7e-m/nofp\libg.a(lib_a-findfp.o)
                              d:/program files (x86)/gnu arm embedded toolchain/9 2020-q2-update/bin/../lib/gcc/arm-none-eabi/9.3.1/../../../../arm-none-eabi/lib/thumb/v7e-m/nofp\libg.a(lib_a-setvbuf.o) (__sinit)
[...]
Memory Configuration

Name             Origin             Length             Attributes
RAM              0x20000000         0x00020000         xrw
CCMRAM           0x10000000         0x00010000         xrw
FLASH            0x08000000         0x00100000         xr
*default*        0x00000000         0xffffffff

Linker script and memory map

LOAD d:/program files (x86)/gnu arm embedded toolchain/9 2020-q2-update/bin/../lib/gcc/arm-none-eabi/9.3.1/thumb/v7e-m/nofp/crti.o
LOAD d:/program files (x86)/gnu arm embedded toolchain/9 2020-q2-update/bin/../lib/gcc/arm-none-eabi/9.3.1/thumb/v7e-m/nofp/crtbegin.o
LOAD d:/program files (x86)/gnu arm embedded toolchain/9 2020-q2-update/bin/../lib/gcc/arm-none-eabi/9.3.1/../../../../arm-none-eabi/lib/thumb/v7e-m/nofp/crt0.o
LOAD CMakeFiles/EXTI_KEY.elf.dir/Drivers/STM32F4xx_HAL_Driver/Src/stm32f4xx_hal.c.obj
LOAD CMakeFiles/EXTI_KEY.elf.dir/Drivers/STM32F4xx_HAL_Driver/Src/stm32f4xx_hal_cortex.c.obj
LOAD CMakeFiles/EXTI_KEY.elf.dir/Drivers/STM32F4xx_HAL_Driver/Src/stm32f4xx_hal_dma.c.obj
LOAD CMakeFiles/EXTI_KEY.elf.dir/Drivers/STM32F4xx_HAL_Driver/Src/stm32f4xx_hal_dma_ex.c.obj
LOAD CMakeFiles/EXTI_KEY.elf.dir/Drivers/STM32F4xx_HAL_Driver/Src/stm32f4xx_hal_exti.c.obj
LOAD CMakeFiles/EXTI_KEY.elf.dir/Drivers/STM32F4xx_HAL_Driver/Src/stm32f4xx_hal_flash.c.obj
LOAD CMakeFiles/EXTI_KEY.elf.dir/Drivers/STM32F4xx_HAL_Driver/Src/stm32f4xx_hal_flash_ex.c.obj
LOAD CMakeFiles/EXTI_KEY.elf.dir/Drivers/STM32F4xx_HAL_Driver/Src/stm32f4xx_hal_flash_ramfunc.c.obj
LOAD CMakeFiles/EXTI_KEY.elf.dir/Drivers/STM32F4xx_HAL_Driver/Src/stm32f4xx_hal_gpio.c.obj
LOAD CMakeFiles/EXTI_KEY.elf.dir/Drivers/STM32F4xx_HAL_Driver/Src/stm32f4xx_hal_pwr.c.obj
LOAD CMakeFiles/EXTI_KEY.elf.dir/Drivers/STM32F4xx_HAL_Driver/Src/stm32f4xx_hal_pwr_ex.c.obj
LOAD CMakeFiles/EXTI_KEY.elf.dir/Drivers/STM32F4xx_HAL_Driver/Src/stm32f4xx_hal_rcc.c.obj
LOAD CMakeFiles/EXTI_KEY.elf.dir/Drivers/STM32F4xx_HAL_Driver/Src/stm32f4xx_hal_rcc_ex.c.obj
LOAD CMakeFiles/EXTI_KEY.elf.dir/Drivers/STM32F4xx_HAL_Driver/Src/stm32f4xx_hal_tim.c.obj
LOAD CMakeFiles/EXTI_KEY.elf.dir/Drivers/STM32F4xx_HAL_Driver/Src/stm32f4xx_hal_tim_ex.c.obj
LOAD CMakeFiles/EXTI_KEY.elf.dir/Drivers/STM32F4xx_HAL_Driver/Src/stm32f4xx_hal_uart.c.obj
LOAD CMakeFiles/EXTI_KEY.elf.dir/Src/gpio.c.obj
LOAD CMakeFiles/EXTI_KEY.elf.dir/Src/main.c.obj
LOAD CMakeFiles/EXTI_KEY.elf.dir/Src/retarget.c.obj
LOAD CMakeFiles/EXTI_KEY.elf.dir/Src/stm32f4xx_hal_msp.c.obj
LOAD CMakeFiles/EXTI_KEY.elf.dir/Src/stm32f4xx_it.c.obj
LOAD CMakeFiles/EXTI_KEY.elf.dir/Src/syscalls.c.obj
LOAD CMakeFiles/EXTI_KEY.elf.dir/Src/system_stm32f4xx.c.obj
LOAD CMakeFiles/EXTI_KEY.elf.dir/Src/usart.c.obj
LOAD CMakeFiles/EXTI_KEY.elf.dir/startup/startup_stm32f407xx.s.obj
START GROUP
LOAD d:/program files (x86)/gnu arm embedded toolchain/9 2020-q2-update/bin/../lib/gcc/arm-none-eabi/9.3.1/thumb/v7e-m/nofp\libgcc.a
LOAD d:/program files (x86)/gnu arm embedded toolchain/9 2020-q2-update/bin/../lib/gcc/arm-none-eabi/9.3.1/../../../../arm-none-eabi/lib/thumb/v7e-m/nofp\libg.a
LOAD d:/program files (x86)/gnu arm embedded toolchain/9 2020-q2-update/bin/../lib/gcc/arm-none-eabi/9.3.1/../../../../arm-none-eabi/lib/thumb/v7e-m/nofp\libc.a
END GROUP
LOAD d:/program files (x86)/gnu arm embedded toolchain/9 2020-q2-update/bin/../lib/gcc/arm-none-eabi/9.3.1/thumb/v7e-m/nofp/crtend.o
LOAD d:/program files (x86)/gnu arm embedded toolchain/9 2020-q2-update/bin/../lib/gcc/arm-none-eabi/9.3.1/thumb/v7e-m/nofp/crtn.o
                0x20020000                _estack = 0x20020000
                0x00000200                _Min_Heap_Size = 0x200
                0x00000400                _Min_Stack_Size = 0x400

.isr_vector     0x08000000      0x188
                0x08000000                . = ALIGN (0x4)
 *(.isr_vector)
 .isr_vector    0x08000000      0x188 CMakeFiles/EXTI_KEY.elf.dir/startup/startup_stm32f407xx.s.obj
                0x08000000                g_pfnVectors
                0x08000188                . = ALIGN (0x4)

.text           0x08000188     0x2ae4
                0x08000188                . = ALIGN (0x4)
 *(.text)
 .text          0x08000188       0x40 d:/program files (x86)/gnu arm embedded toolchain/9 2020-q2-update/bin/../lib/gcc/arm-none-eabi/9.3.1/thumb/v7e-m/nofp/crtbegin.o
 .text          0x080001c8       0x30 d:/program files (x86)/gnu arm embedded toolchain/9 2020-q2-update/bin/../lib/gcc/arm-none-eabi/9.3.1/thumb/v7e-m/nofp\libgcc.a(_aeabi_uldivmod.o)
                0x080001c8                __aeabi_uldivmod
 .text          0x080001f8      0x2c0 d:/program files (x86)/gnu arm embedded toolchain/9 2020-q2-update/bin/../lib/gcc/arm-none-eabi/9.3.1/thumb/v7e-m/nofp\libgcc.a(_udivmoddi4.o)
                0x080001f8                __udivmoddi4
 .text          0x080004b8        0x4 d:/program files (x86)/gnu arm embedded toolchain/9 2020-q2-update/bin/../lib/gcc/arm-none-eabi/9.3.1/thumb/v7e-m/nofp\libgcc.a(_dvmd_tls.o)
                0x080004b8                __aeabi_idiv0
                0x080004b8                __aeabi_ldiv0
 *(.text*)
 .text.HAL_InitTick
                0x080004bc       0x4c CMakeFiles/EXTI_KEY.elf.dir/Drivers/STM32F4xx_HAL_Driver/Src/stm32f4xx_hal.c.obj
                0x080004bc                HAL_InitTick
 .text.HAL_Init
                0x08000508       0x34 CMakeFiles/EXTI_KEY.elf.dir/Drivers/STM32F4xx_HAL_Driver/Src/stm32f4xx_hal.c.obj
                0x08000508                HAL_Init
 .text.HAL_IncTick
                0x0800053c       0x18 CMakeFiles/EXTI_KEY.elf.dir/Drivers/STM32F4xx_HAL_Driver/Src/stm32f4xx_hal.c.obj
                0x0800053c                HAL_IncTick
 .text.HAL_GetTick
                0x08000554        0xc CMakeFiles/EXTI_KEY.elf.dir/Drivers/STM32F4xx_HAL_Driver/Src/stm32f4xx_hal.c.obj
                0x08000554                HAL_GetTick
 .text.HAL_Delay
                0x08000560       0x28 CMakeFiles/EXTI_KEY.elf.dir/Drivers/STM32F4xx_HAL_Driver/Src/stm32f4xx_hal.c.obj
                0x08000560                HAL_Delay
 .text.HAL_NVIC_SetPriorityGrouping
                0x08000588       0x24 CMakeFiles/EXTI_KEY.elf.dir/Drivers/STM32F4xx_HAL_Driver/Src/stm32f4xx_hal_cortex.c.obj
                0x08000588                HAL_NVIC_SetPriorityGrouping
 .text.HAL_NVIC_SetPriority
                0x080005ac       0x68 CMakeFiles/EXTI_KEY.elf.dir/Drivers/STM32F4xx_HAL_Driver/Src/stm32f4xx_hal_cortex.c.obj
                0x080005ac                HAL_NVIC_SetPriority
 .text.HAL_NVIC_EnableIRQ
                0x08000614       0x1c CMakeFiles/EXTI_KEY.elf.dir/Drivers/STM32F4xx_HAL_Driver/Src/stm32f4xx_hal_cortex.c.obj
                0x08000614                HAL_NVIC_EnableIRQ
 .text.HAL_SYSTICK_Config
                0x08000630       0x2c CMakeFiles/EXTI_KEY.elf.dir/Drivers/STM32F4xx_HAL_Driver/Src/stm32f4xx_hal_cortex.c.obj
                0x08000630                HAL_SYSTICK_Config
 .text.HAL_GPIO_Init
                0x0800065c      0x1cc CMakeFiles/EXTI_KEY.elf.dir/Drivers/STM32F4xx_HAL_Driver/Src/stm32f4xx_hal_gpio.c.obj
                0x0800065c                HAL_GPIO_Init
 .text.HAL_GPIO_ReadPin
                0x08000828        0xe CMakeFiles/EXTI_KEY.elf.dir/Drivers/STM32F4xx_HAL_Driver/Src/stm32f4xx_hal_gpio.c.obj
                0x08000828                HAL_GPIO_ReadPin
 .text.HAL_GPIO_WritePin
                0x08000836        0xc CMakeFiles/EXTI_KEY.elf.dir/Drivers/STM32F4xx_HAL_Driver/Src/stm32f4xx_hal_gpio.c.obj
                0x08000836                HAL_GPIO_WritePin
 .text.HAL_GPIO_TogglePin
                0x08000842       0x12 CMakeFiles/EXTI_KEY.elf.dir/Drivers/STM32F4xx_HAL_Driver/Src/stm32f4xx_hal_gpio.c.obj
                0x08000842                HAL_GPIO_TogglePin
 .text.HAL_GPIO_EXTI_IRQHandler
                0x08000854       0x1c CMakeFiles/EXTI_KEY.elf.dir/Drivers/STM32F4xx_HAL_Driver/Src/stm32f4xx_hal_gpio.c.obj
                0x08000854                HAL_GPIO_EXTI_IRQHandler
 .text.HAL_RCC_OscConfig
                0x08000870      0x3ec CMakeFiles/EXTI_KEY.elf.dir/Drivers/STM32F4xx_HAL_Driver/Src/stm32f4xx_hal_rcc.c.obj
                0x08000870                HAL_RCC_OscConfig
 .text.HAL_RCC_GetSysClockFreq
                0x08000c5c       0xcc CMakeFiles/EXTI_KEY.elf.dir/Drivers/STM32F4xx_HAL_Driver/Src/stm32f4xx_hal_rcc.c.obj
                0x08000c5c                HAL_RCC_GetSysClockFreq
 .text.HAL_RCC_ClockConfig
                0x08000d28      0x160 CMakeFiles/EXTI_KEY.elf.dir/Drivers/STM32F4xx_HAL_Driver/Src/stm32f4xx_hal_rcc.c.obj
                0x08000d28                HAL_RCC_ClockConfig
 .text.HAL_RCC_GetHCLKFreq
                0x08000e88        0xc CMakeFiles/EXTI_KEY.elf.dir/Drivers/STM32F4xx_HAL_Driver/Src/stm32f4xx_hal_rcc.c.obj
                0x08000e88                HAL_RCC_GetHCLKFreq
 .text.HAL_RCC_GetPCLK1Freq
                0x08000e94       0x20 CMakeFiles/EXTI_KEY.elf.dir/Drivers/STM32F4xx_HAL_Driver/Src/stm32f4xx_hal_rcc.c.obj
                0x08000e94                HAL_RCC_GetPCLK1Freq
 .text.HAL_RCC_GetPCLK2Freq
                0x08000eb4       0x20 CMakeFiles/EXTI_KEY.elf.dir/Drivers/STM32F4xx_HAL_Driver/Src/stm32f4xx_hal_rcc.c.obj
                0x08000eb4                HAL_RCC_GetPCLK2Freq
 .text.UART_SetConfig
                0x08000ed4      0x1e8 CMakeFiles/EXTI_KEY.elf.dir/Drivers/STM32F4xx_HAL_Driver/Src/stm32f4xx_hal_uart.c.obj
 .text.UART_WaitOnFlagUntilTimeout
                0x080010bc       0x68 CMakeFiles/EXTI_KEY.elf.dir/Drivers/STM32F4xx_HAL_Driver/Src/stm32f4xx_hal_uart.c.obj
 .text.HAL_UART_Init
                0x08001124       0x5e CMakeFiles/EXTI_KEY.elf.dir/Drivers/STM32F4xx_HAL_Driver/Src/stm32f4xx_hal_uart.c.obj
                0x08001124                HAL_UART_Init
 .text.HAL_UART_Transmit
                0x08001182       0xe2 CMakeFiles/EXTI_KEY.elf.dir/Drivers/STM32F4xx_HAL_Driver/Src/stm32f4xx_hal_uart.c.obj
                0x08001182                HAL_UART_Transmit
 .text.HAL_UART_Receive
                0x08001264       0xea CMakeFiles/EXTI_KEY.elf.dir/Drivers/STM32F4xx_HAL_Driver/Src/stm32f4xx_hal_uart.c.obj
                0x08001264                HAL_UART_Receive
 *fill*         0x0800134e        0x2 
 .text.MX_GPIO_Init
                0x08001350      0x108 CMakeFiles/EXTI_KEY.elf.dir/Src/gpio.c.obj
                0x08001350                MX_GPIO_Init
 .text.HAL_GPIO_EXTI_Callback
                0x08001458       0xc4 CMakeFiles/EXTI_KEY.elf.dir/Src/main.c.obj
                0x08001458                HAL_GPIO_EXTI_Callback
 .text.SystemClock_Config
                0x0800151c       0x94 CMakeFiles/EXTI_KEY.elf.dir/Src/main.c.obj
                0x0800151c                SystemClock_Config
 .text.main     0x080015b0       0x34 CMakeFiles/EXTI_KEY.elf.dir/Src/main.c.obj
                0x080015b0                main
 .text.Error_Handler
                0x080015e4        0x2 CMakeFiles/EXTI_KEY.elf.dir/Src/main.c.obj
                0x080015e4                Error_Handler
 *fill*         0x080015e6        0x2 
 .text.RetargetInit
                0x080015e8       0x20 CMakeFiles/EXTI_KEY.elf.dir/Src/retarget.c.obj
                0x080015e8                RetargetInit
 .text._isatty  0x08001608       0x16 CMakeFiles/EXTI_KEY.elf.dir/Src/retarget.c.obj
                0x08001608                _isatty
 *fill*         0x0800161e        0x2 
 .text._write   0x08001620       0x34 CMakeFiles/EXTI_KEY.elf.dir/Src/retarget.c.obj
                0x08001620                _write
 .text._close   0x08001654       0x18 CMakeFiles/EXTI_KEY.elf.dir/Src/retarget.c.obj
                0x08001654                _close
 .text._lseek   0x0800166c       0x10 CMakeFiles/EXTI_KEY.elf.dir/Src/retarget.c.obj
                0x0800166c                _lseek
 .text._read    0x0800167c       0x30 CMakeFiles/EXTI_KEY.elf.dir/Src/retarget.c.obj
                0x0800167c                _read
 .text._fstat   0x080016ac       0x1a CMakeFiles/EXTI_KEY.elf.dir/Src/retarget.c.obj
                0x080016ac                _fstat
 *fill*         0x080016c6        0x2 
 .text.HAL_MspInit
                0x080016c8       0x38 CMakeFiles/EXTI_KEY.elf.dir/Src/stm32f4xx_hal_msp.c.obj
                0x080016c8                HAL_MspInit
 .text.NMI_Handler
                0x08001700        0x2 CMakeFiles/EXTI_KEY.elf.dir/Src/stm32f4xx_it.c.obj
                0x08001700                NMI_Handler
 .text.HardFault_Handler
                0x08001702        0x2 CMakeFiles/EXTI_KEY.elf.dir/Src/stm32f4xx_it.c.obj
                0x08001702                HardFault_Handler
 .text.MemManage_Handler
                0x08001704        0x2 CMakeFiles/EXTI_KEY.elf.dir/Src/stm32f4xx_it.c.obj
                0x08001704                MemManage_Handler
 .text.BusFault_Handler
                0x08001706        0x2 CMakeFiles/EXTI_KEY.elf.dir/Src/stm32f4xx_it.c.obj
                0x08001706                BusFault_Handler
 .text.UsageFault_Handler
                0x08001708        0x2 CMakeFiles/EXTI_KEY.elf.dir/Src/stm32f4xx_it.c.obj
                0x08001708                UsageFault_Handler
 .text.SVC_Handler
                0x0800170a        0x2 CMakeFiles/EXTI_KEY.elf.dir/Src/stm32f4xx_it.c.obj
                0x0800170a                SVC_Handler
 .text.DebugMon_Handler
                0x0800170c        0x2 CMakeFiles/EXTI_KEY.elf.dir/Src/stm32f4xx_it.c.obj
                0x0800170c                DebugMon_Handler
 .text.PendSV_Handler
                0x0800170e        0x2 CMakeFiles/EXTI_KEY.elf.dir/Src/stm32f4xx_it.c.obj
                0x0800170e                PendSV_Handler
 .text.SysTick_Handler
                0x08001710        0x8 CMakeFiles/EXTI_KEY.elf.dir/Src/stm32f4xx_it.c.obj
                0x08001710                SysTick_Handler
 .text.EXTI0_IRQHandler
                0x08001718        0xa CMakeFiles/EXTI_KEY.elf.dir/Src/stm32f4xx_it.c.obj
                0x08001718                EXTI0_IRQHandler
 .text.EXTI2_IRQHandler
                0x08001722        0xa CMakeFiles/EXTI_KEY.elf.dir/Src/stm32f4xx_it.c.obj
                0x08001722                EXTI2_IRQHandler
 .text.EXTI3_IRQHandler
                0x0800172c        0xa CMakeFiles/EXTI_KEY.elf.dir/Src/stm32f4xx_it.c.obj
                0x0800172c                EXTI3_IRQHandler
 .text.EXTI4_IRQHandler
                0x08001736        0xa CMakeFiles/EXTI_KEY.elf.dir/Src/stm32f4xx_it.c.obj
                0x08001736                EXTI4_IRQHandler
 .text._sbrk    0x08001740       0x3c CMakeFiles/EXTI_KEY.elf.dir/Src/syscalls.c.obj
                0x08001740                _sbrk
 .text.SystemInit
                0x0800177c       0x10 CMakeFiles/EXTI_KEY.elf.dir/Src/system_stm32f4xx.c.obj
                0x0800177c                SystemInit
 .text.MX_USART1_UART_Init
                0x0800178c       0x34 CMakeFiles/EXTI_KEY.elf.dir/Src/usart.c.obj
                0x0800178c                MX_USART1_UART_Init
 .text.HAL_UART_MspInit
                0x080017c0       0x74 CMakeFiles/EXTI_KEY.elf.dir/Src/usart.c.obj
                0x080017c0                HAL_UART_MspInit
 .text.Reset_Handler
                0x08001834       0x50 CMakeFiles/EXTI_KEY.elf.dir/startup/startup_stm32f407xx.s.obj
                0x08001834                Reset_Handler
 .text.Default_Handler
                0x08001884        0x2 CMakeFiles/EXTI_KEY.elf.dir/startup/startup_stm32f407xx.s.obj
                0x08001884                RTC_Alarm_IRQHandler
                0x08001884                HASH_RNG_IRQHandler
                0x08001884                TIM8_CC_IRQHandler
                0x08001884                TIM1_CC_IRQHandler
                0x08001884                DMA2_Stream5_IRQHandler
                0x08001884                DMA1_Stream5_IRQHandler
                0x08001884                PVD_IRQHandler
                0x08001884                SDIO_IRQHandler
                0x08001884                TAMP_STAMP_IRQHandler
                0x08001884                CAN2_RX1_IRQHandler
                0x08001884                TIM8_TRG_COM_TIM14_IRQHandler
                0x08001884                TIM1_UP_TIM10_IRQHandler
                0x08001884                TIM8_UP_TIM13_IRQHandler
                0x08001884                I2C3_ER_IRQHandler
                0x08001884                I2C2_EV_IRQHandler
                0x08001884                DMA1_Stream2_IRQHandler
                0x08001884                CAN1_RX0_IRQHandler
                0x08001884                FPU_IRQHandler
                0x08001884                OTG_HS_WKUP_IRQHandler
                0x08001884                CAN2_SCE_IRQHandler
                0x08001884                DMA2_Stream2_IRQHandler
                0x08001884                SPI1_IRQHandler
                0x08001884                TIM6_DAC_IRQHandler
                0x08001884                TIM1_BRK_TIM9_IRQHandler
                0x08001884                DCMI_IRQHandler
                0x08001884                CAN2_RX0_IRQHandler
                0x08001884                DMA2_Stream3_IRQHandler
                0x08001884                USART6_IRQHandler
                0x08001884                USART3_IRQHandler
                0x08001884                CAN1_RX1_IRQHandler
                0x08001884                UART5_IRQHandler
                0x08001884                DMA2_Stream0_IRQHandler
                0x08001884                TIM4_IRQHandler
                0x08001884                I2C1_EV_IRQHandler
                0x08001884                DMA1_Stream6_IRQHandler
                0x08001884                DMA1_Stream1_IRQHandler
                0x08001884                UART4_IRQHandler
                0x08001884                TIM3_IRQHandler
                0x08001884                RCC_IRQHandler
                0x08001884                TIM8_BRK_TIM12_IRQHandler
                0x08001884                Default_Handler
                0x08001884                EXTI15_10_IRQHandler
                0x08001884                ADC_IRQHandler
                0x08001884                DMA1_Stream7_IRQHandler
                0x08001884                TIM7_IRQHandler
                0x08001884                CAN2_TX_IRQHandler
                0x08001884                TIM5_IRQHandler
                0x08001884                DMA2_Stream7_IRQHandler
                0x08001884                I2C3_EV_IRQHandler
                0x08001884                EXTI9_5_IRQHandler
                0x08001884                RTC_WKUP_IRQHandler
                0x08001884                ETH_WKUP_IRQHandler
                0x08001884                SPI2_IRQHandler
                0x08001884                OTG_HS_EP1_IN_IRQHandler
                0x08001884                DMA1_Stream0_IRQHandler
                0x08001884                CAN1_TX_IRQHandler
                0x08001884                FSMC_IRQHandler
                0x08001884                ETH_IRQHandler
                0x08001884                OTG_HS_EP1_OUT_IRQHandler
                0x08001884                WWDG_IRQHandler
                0x08001884                TIM2_IRQHandler
                0x08001884                OTG_FS_WKUP_IRQHandler
                0x08001884                TIM1_TRG_COM_TIM11_IRQHandler
                0x08001884                OTG_HS_IRQHandler
                0x08001884                EXTI1_IRQHandler
                0x08001884                USART2_IRQHandler
                0x08001884                I2C2_ER_IRQHandler
                0x08001884                DMA2_Stream1_IRQHandler
                0x08001884                CAN1_SCE_IRQHandler
                0x08001884                FLASH_IRQHandler
                0x08001884                DMA2_Stream4_IRQHandler
                0x08001884                USART1_IRQHandler
                0x08001884                OTG_FS_IRQHandler
                0x08001884                SPI3_IRQHandler
                0x08001884                DMA1_Stream4_IRQHandler
                0x08001884                I2C1_ER_IRQHandler
                0x08001884                DMA2_Stream6_IRQHandler
                0x08001884                DMA1_Stream3_IRQHandler
 *fill*         0x08001886        0x2 
 .text.__errno  0x08001888        0xc d:/program files (x86)/gnu arm embedded toolchain/9 2020-q2-update/bin/../lib/gcc/arm-none-eabi/9.3.1/../../../../arm-none-eabi/lib/thumb/v7e-m/nofp\libg.a(lib_a-errno.o)
                0x08001888                __errno
 .text.__libc_init_array
                0x08001894       0x48 d:/program files (x86)/gnu arm embedded toolchain/9 2020-q2-update/bin/../lib/gcc/arm-none-eabi/9.3.1/../../../../arm-none-eabi/lib/thumb/v7e-m/nofp\libg.a(lib_a-init.o)
                0x08001894                __libc_init_array
 .text.memset   0x080018dc       0xa0 d:/program files (x86)/gnu arm embedded toolchain/9 2020-q2-update/bin/../lib/gcc/arm-none-eabi/9.3.1/../../../../arm-none-eabi/lib/thumb/v7e-m/nofp\libg.a(lib_a-memset.o)
                0x080018dc                memset
 .text.putchar  0x0800197c       0x14 d:/program files (x86)/gnu arm embedded toolchain/9 2020-q2-update/bin/../lib/gcc/arm-none-eabi/9.3.1/../../../../arm-none-eabi/lib/thumb/v7e-m/nofp\libg.a(lib_a-putchar.o)
                0x0800197c                putchar
 .text.setvbuf  0x08001990      0x1a0 d:/program files (x86)/gnu arm embedded toolchain/9 2020-q2-update/bin/../lib/gcc/arm-none-eabi/9.3.1/../../../../arm-none-eabi/lib/thumb/v7e-m/nofp\libg.a(lib_a-setvbuf.o)
                0x08001990                setvbuf
 .text.startup.register_fini
                0x08001b30       0x14 d:/program files (x86)/gnu arm embedded toolchain/9 2020-q2-update/bin/../lib/gcc/arm-none-eabi/9.3.1/../../../../arm-none-eabi/lib/thumb/v7e-m/nofp\libg.a(lib_a-__call_atexit.o)
 .text.atexit   0x08001b44        0xc d:/program files (x86)/gnu arm embedded toolchain/9 2020-q2-update/bin/../lib/gcc/arm-none-eabi/9.3.1/../../../../arm-none-eabi/lib/thumb/v7e-m/nofp\libg.a(lib_a-atexit.o)
                0x08001b44                atexit
 .text.__sflush_r
                0x08001b50      0x130 d:/program files (x86)/gnu arm embedded toolchain/9 2020-q2-update/bin/../lib/gcc/arm-none-eabi/9.3.1/../../../../arm-none-eabi/lib/thumb/v7e-m/nofp\libg.a(lib_a-fflush.o)
                0x08001b50                __sflush_r
 .text._fflush_r
                0x08001c80       0x5c d:/program files (x86)/gnu arm embedded toolchain/9 2020-q2-update/bin/../lib/gcc/arm-none-eabi/9.3.1/../../../../arm-none-eabi/lib/thumb/v7e-m/nofp\libg.a(lib_a-fflush.o)
                0x08001c80                _fflush_r
 .text.std      0x08001cdc       0x50 d:/program files (x86)/gnu arm embedded toolchain/9 2020-q2-update/bin/../lib/gcc/arm-none-eabi/9.3.1/../../../../arm-none-eabi/lib/thumb/v7e-m/nofp\libg.a(lib_a-findfp.o)
 .text._cleanup_r
                0x08001d2c        0xc d:/program files (x86)/gnu arm embedded toolchain/9 2020-q2-update/bin/../lib/gcc/arm-none-eabi/9.3.1/../../../../arm-none-eabi/lib/thumb/v7e-m/nofp\libg.a(lib_a-findfp.o)
                0x08001d2c                _cleanup_r
 .text.__sinit  0x08001d38       0x54 d:/program files (x86)/gnu arm embedded toolchain/9 2020-q2-update/bin/../lib/gcc/arm-none-eabi/9.3.1/../../../../arm-none-eabi/lib/thumb/v7e-m/nofp\libg.a(lib_a-findfp.o)
                0x08001d38                __sinit
 .text.__sfp_lock_acquire
                0x08001d8c        0xc d:/program files (x86)/gnu arm embedded toolchain/9 2020-q2-update/bin/../lib/gcc/arm-none-eabi/9.3.1/../../../../arm-none-eabi/lib/thumb/v7e-m/nofp\libg.a(lib_a-findfp.o)
                0x08001d8c                __sfp_lock_acquire
 .text.__sfp_lock_release
                0x08001d98        0xc d:/program files (x86)/gnu arm embedded toolchain/9 2020-q2-update/bin/../lib/gcc/arm-none-eabi/9.3.1/../../../../arm-none-eabi/lib/thumb/v7e-m/nofp\libg.a(lib_a-findfp.o)
                0x08001d98                __sfp_lock_release
 .text.__libc_fini_array
                0x08001da4       0x2c d:/program files (x86)/gnu arm embedded toolchain/9 2020-q2-update/bin/../lib/gcc/arm-none-eabi/9.3.1/../../../../arm-none-eabi/lib/thumb/v7e-m/nofp\libg.a(lib_a-fini.o)
                0x08001da4                __libc_fini_array
 .text._malloc_trim_r
                0x08001dd0       0xa0 d:/program files (x86)/gnu arm embedded toolchain/9 2020-q2-update/bin/../lib/gcc/arm-none-eabi/9.3.1/../../../../arm-none-eabi/lib/thumb/v7e-m/nofp\libg.a(lib_a-freer.o)
                0x08001dd0                _malloc_trim_r
 .text._free_r  0x08001e70      0x208 d:/program files (x86)/gnu arm embedded toolchain/9 2020-q2-update/bin/../lib/gcc/arm-none-eabi/9.3.1/../../../../arm-none-eabi/lib/thumb/v7e-m/nofp\libg.a(lib_a-freer.o)
                0x08001e70                _free_r
 .text._fwalk_reent
                0x08002078       0x48 d:/program files (x86)/gnu arm embedded toolchain/9 2020-q2-update/bin/../lib/gcc/arm-none-eabi/9.3.1/../../../../arm-none-eabi/lib/thumb/v7e-m/nofp\libg.a(lib_a-fwalk.o)
                0x08002078                _fwalk_reent
 .text.__retarget_lock_init_recursive
                0x080020c0        0x4 d:/program files (x86)/gnu arm embedded toolchain/9 2020-q2-update/bin/../lib/gcc/arm-none-eabi/9.3.1/../../../../arm-none-eabi/lib/thumb/v7e-m/nofp\libg.a(lib_a-lock.o)
                0x080020c0                __retarget_lock_init_recursive
 .text.__retarget_lock_close_recursive
                0x080020c4        0x4 d:/program files (x86)/gnu arm embedded toolchain/9 2020-q2-update/bin/../lib/gcc/arm-none-eabi/9.3.1/../../../../arm-none-eabi/lib/thumb/v7e-m/nofp\libg.a(lib_a-lock.o)
                0x080020c4                __retarget_lock_close_recursive
 .text.__retarget_lock_acquire_recursive
                0x080020c8        0x4 d:/program files (x86)/gnu arm embedded toolchain/9 2020-q2-update/bin/../lib/gcc/arm-none-eabi/9.3.1/../../../../arm-none-eabi/lib/thumb/v7e-m/nofp\libg.a(lib_a-lock.o)
                0x080020c8                __retarget_lock_acquire_recursive
 .text.__retarget_lock_release_recursive
                0x080020cc        0x4 d:/program files (x86)/gnu arm embedded toolchain/9 2020-q2-update/bin/../lib/gcc/arm-none-eabi/9.3.1/../../../../arm-none-eabi/lib/thumb/v7e-m/nofp\libg.a(lib_a-lock.o)
                0x080020cc                __retarget_lock_release_recursive
 .text.__swhatbuf_r
                0x080020d0       0x5c d:/program files (x86)/gnu arm embedded toolchain/9 2020-q2-update/bin/../lib/gcc/arm-none-eabi/9.3.1/../../../../arm-none-eabi/lib/thumb/v7e-m/nofp\libg.a(lib_a-makebuf.o)
                0x080020d0                __swhatbuf_r
 .text.__smakebuf_r
                0x0800212c       0x98 d:/program files (x86)/gnu arm embedded toolchain/9 2020-q2-update/bin/../lib/gcc/arm-none-eabi/9.3.1/../../../../arm-none-eabi/lib/thumb/v7e-m/nofp\libg.a(lib_a-makebuf.o)
                0x0800212c                __smakebuf_r
 .text.malloc   0x080021c4       0x10 d:/program files (x86)/gnu arm embedded toolchain/9 2020-q2-update/bin/../lib/gcc/arm-none-eabi/9.3.1/../../../../arm-none-eabi/lib/thumb/v7e-m/nofp\libg.a(lib_a-malloc.o)
                0x080021c4                malloc
 .text._malloc_r
                0x080021d4      0x574 d:/program files (x86)/gnu arm embedded toolchain/9 2020-q2-update/bin/../lib/gcc/arm-none-eabi/9.3.1/../../../../arm-none-eabi/lib/thumb/v7e-m/nofp\libg.a(lib_a-mallocr.o)
                0x080021d4                _malloc_r
 .text.__malloc_lock
                0x08002748        0xc d:/program files (x86)/gnu arm embedded toolchain/9 2020-q2-update/bin/../lib/gcc/arm-none-eabi/9.3.1/../../../../arm-none-eabi/lib/thumb/v7e-m/nofp\libg.a(lib_a-mlock.o)
                0x08002748                __malloc_lock
 .text.__malloc_unlock
                0x08002754        0xc d:/program files (x86)/gnu arm embedded toolchain/9 2020-q2-update/bin/../lib/gcc/arm-none-eabi/9.3.1/../../../../arm-none-eabi/lib/thumb/v7e-m/nofp\libg.a(lib_a-mlock.o)
                0x08002754                __malloc_unlock
 .text._putc_r  0x08002760       0x74 d:/program files (x86)/gnu arm embedded toolchain/9 2020-q2-update/bin/../lib/gcc/arm-none-eabi/9.3.1/../../../../arm-none-eabi/lib/thumb/v7e-m/nofp\libg.a(lib_a-putc.o)
                0x08002760                _putc_r
 .text._sbrk_r  0x080027d4       0x24 d:/program files (x86)/gnu arm embedded toolchain/9 2020-q2-update/bin/../lib/gcc/arm-none-eabi/9.3.1/../../../../arm-none-eabi/lib/thumb/v7e-m/nofp\libg.a(lib_a-sbrkr.o)
                0x080027d4                _sbrk_r
 .text.__sread  0x080027f8       0x24 d:/program files (x86)/gnu arm embedded toolchain/9 2020-q2-update/bin/../lib/gcc/arm-none-eabi/9.3.1/../../../../arm-none-eabi/lib/thumb/v7e-m/nofp\libg.a(lib_a-stdio.o)
                0x080027f8                __sread
 .text.__swrite
                0x0800281c       0x40 d:/program files (x86)/gnu arm embedded toolchain/9 2020-q2-update/bin/../lib/gcc/arm-none-eabi/9.3.1/../../../../arm-none-eabi/lib/thumb/v7e-m/nofp\libg.a(lib_a-stdio.o)
                0x0800281c                __swrite
 .text.__sseek  0x0800285c       0x20 d:/program files (x86)/gnu arm embedded toolchain/9 2020-q2-update/bin/../lib/gcc/arm-none-eabi/9.3.1/../../../../arm-none-eabi/lib/thumb/v7e-m/nofp\libg.a(lib_a-stdio.o)
                0x0800285c                __sseek
 .text.__sclose
                0x0800287c        0x8 d:/program files (x86)/gnu arm embedded toolchain/9 2020-q2-update/bin/../lib/gcc/arm-none-eabi/9.3.1/../../../../arm-none-eabi/lib/thumb/v7e-m/nofp\libg.a(lib_a-stdio.o)
                0x0800287c                __sclose
 .text.__swbuf_r
                0x08002884       0xb0 d:/program files (x86)/gnu arm embedded toolchain/9 2020-q2-update/bin/../lib/gcc/arm-none-eabi/9.3.1/../../../../arm-none-eabi/lib/thumb/v7e-m/nofp\libg.a(lib_a-wbuf.o)
                0x08002884                __swbuf_r
 .text._write_r
                0x08002934       0x2c d:/program files (x86)/gnu arm embedded toolchain/9 2020-q2-update/bin/../lib/gcc/arm-none-eabi/9.3.1/../../../../arm-none-eabi/lib/thumb/v7e-m/nofp\libg.a(lib_a-writer.o)
                0x08002934                _write_r
 .text.__swsetup_r
                0x08002960       0xd0 d:/program files (x86)/gnu arm embedded toolchain/9 2020-q2-update/bin/../lib/gcc/arm-none-eabi/9.3.1/../../../../arm-none-eabi/lib/thumb/v7e-m/nofp\libg.a(lib_a-wsetup.o)
                0x08002960                __swsetup_r
 .text.__register_exitproc
                0x08002a30       0x8c d:/program files (x86)/gnu arm embedded toolchain/9 2020-q2-update/bin/../lib/gcc/arm-none-eabi/9.3.1/../../../../arm-none-eabi/lib/thumb/v7e-m/nofp\libg.a(lib_a-__atexit.o)
                0x08002a30                __register_exitproc
 .text._close_r
                0x08002abc       0x24 d:/program files (x86)/gnu arm embedded toolchain/9 2020-q2-update/bin/../lib/gcc/arm-none-eabi/9.3.1/../../../../arm-none-eabi/lib/thumb/v7e-m/nofp\libg.a(lib_a-closer.o)
                0x08002abc                _close_r
 .text._fclose_r
                0x08002ae0       0xcc d:/program files (x86)/gnu arm embedded toolchain/9 2020-q2-update/bin/../lib/gcc/arm-none-eabi/9.3.1/../../../../arm-none-eabi/lib/thumb/v7e-m/nofp\libg.a(lib_a-fclose.o)
                0x08002ae0                _fclose_r
 .text._fstat_r
                0x08002bac       0x2c d:/program files (x86)/gnu arm embedded toolchain/9 2020-q2-update/bin/../lib/gcc/arm-none-eabi/9.3.1/../../../../arm-none-eabi/lib/thumb/v7e-m/nofp\libg.a(lib_a-fstatr.o)
                0x08002bac                _fstat_r
 .text._isatty_r
                0x08002bd8       0x24 d:/program files (x86)/gnu arm embedded toolchain/9 2020-q2-update/bin/../lib/gcc/arm-none-eabi/9.3.1/../../../../arm-none-eabi/lib/thumb/v7e-m/nofp\libg.a(lib_a-isattyr.o)
                0x08002bd8                _isatty_r
 .text._lseek_r
                0x08002bfc       0x2c d:/program files (x86)/gnu arm embedded toolchain/9 2020-q2-update/bin/../lib/gcc/arm-none-eabi/9.3.1/../../../../arm-none-eabi/lib/thumb/v7e-m/nofp\libg.a(lib_a-lseekr.o)
                0x08002bfc                _lseek_r
 .text._read_r  0x08002c28       0x2c d:/program files (x86)/gnu arm embedded toolchain/9 2020-q2-update/bin/../lib/gcc/arm-none-eabi/9.3.1/../../../../arm-none-eabi/lib/thumb/v7e-m/nofp\libg.a(lib_a-readr.o)
                0x08002c28                _read_r
 *(.glue_7)
 .glue_7        0x08002c54        0x0 linker stubs
 *(.glue_7t)
 .glue_7t       0x08002c54        0x0 linker stubs
 *(.eh_frame)
 .eh_frame      0x08002c54        0x0 d:/program files (x86)/gnu arm embedded toolchain/9 2020-q2-update/bin/../lib/gcc/arm-none-eabi/9.3.1/thumb/v7e-m/nofp/crtbegin.o
 *(.init)
 .init          0x08002c54        0x4 d:/program files (x86)/gnu arm embedded toolchain/9 2020-q2-update/bin/../lib/gcc/arm-none-eabi/9.3.1/thumb/v7e-m/nofp/crti.o
                0x08002c54                _init
 .init          0x08002c58        0x8 d:/program files (x86)/gnu arm embedded toolchain/9 2020-q2-update/bin/../lib/gcc/arm-none-eabi/9.3.1/thumb/v7e-m/nofp/crtn.o
 *(.fini)
 .fini          0x08002c60        0x4 d:/program files (x86)/gnu arm embedded toolchain/9 2020-q2-update/bin/../lib/gcc/arm-none-eabi/9.3.1/thumb/v7e-m/nofp/crti.o
                0x08002c60                _fini
 .fini          0x08002c64        0x8 d:/program files (x86)/gnu arm embedded toolchain/9 2020-q2-update/bin/../lib/gcc/arm-none-eabi/9.3.1/thumb/v7e-m/nofp/crtn.o
                0x08002c6c                . = ALIGN (0x4)
                0x08002c6c                _etext = .

.vfp11_veneer   0x08002c6c        0x0
 .vfp11_veneer  0x08002c6c        0x0 linker stubs

.v4_bx          0x08002c6c        0x0
 .v4_bx         0x08002c6c        0x0 linker stubs

.iplt           0x08002c6c        0x0
 .iplt          0x08002c6c        0x0 d:/program files (x86)/gnu arm embedded toolchain/9 2020-q2-update/bin/../lib/gcc/arm-none-eabi/9.3.1/thumb/v7e-m/nofp/crtbegin.o

.rodata         0x08002c6c       0x1c
                0x08002c6c                . = ALIGN (0x4)
 *(.rodata)
 *(.rodata*)
 .rodata.AHBPrescTable
                0x08002c6c       0x10 CMakeFiles/EXTI_KEY.elf.dir/Src/system_stm32f4xx.c.obj
                0x08002c6c                AHBPrescTable
 .rodata.APBPrescTable
                0x08002c7c        0x8 CMakeFiles/EXTI_KEY.elf.dir/Src/system_stm32f4xx.c.obj
                0x08002c7c                APBPrescTable
 .rodata._global_impure_ptr
                0x08002c84        0x4 d:/program files (x86)/gnu arm embedded toolchain/9 2020-q2-update/bin/../lib/gcc/arm-none-eabi/9.3.1/../../../../arm-none-eabi/lib/thumb/v7e-m/nofp\libg.a(lib_a-impure.o)
                0x08002c84                _global_impure_ptr
                0x08002c88                . = ALIGN (0x4)

.ARM.extab
 *(.ARM.extab* .gnu.linkonce.armextab.*)

.ARM            0x08002c88        0x8
                0x08002c88                __exidx_start = .
 *(.ARM.exidx*)
 .ARM.exidx     0x08002c88        0x8 d:/program files (x86)/gnu arm embedded toolchain/9 2020-q2-update/bin/../lib/gcc/arm-none-eabi/9.3.1/thumb/v7e-m/nofp\libgcc.a(_udivmoddi4.o)
                0x08002c90                __exidx_end = .

.rel.dyn        0x08002c90        0x0
 .rel.iplt      0x08002c90        0x0 d:/program files (x86)/gnu arm embedded toolchain/9 2020-q2-update/bin/../lib/gcc/arm-none-eabi/9.3.1/thumb/v7e-m/nofp/crtbegin.o

.preinit_array  0x08002c90        0x0
                0x08002c90                PROVIDE (__preinit_array_start = .)
 *(.preinit_array*)
                0x08002c90                PROVIDE (__preinit_array_end = .)

.init_array     0x08002c90        0x8
                0x08002c90                PROVIDE (__init_array_start = .)
 *(SORT_BY_NAME(.init_array.*))
 .init_array.00000
                0x08002c90        0x4 d:/program files (x86)/gnu arm embedded toolchain/9 2020-q2-update/bin/../lib/gcc/arm-none-eabi/9.3.1/../../../../arm-none-eabi/lib/thumb/v7e-m/nofp\libg.a(lib_a-__call_atexit.o)
 *(.init_array*)
 .init_array    0x08002c94        0x4 d:/program files (x86)/gnu arm embedded toolchain/9 2020-q2-update/bin/../lib/gcc/arm-none-eabi/9.3.1/thumb/v7e-m/nofp/crtbegin.o
                0x08002c98                PROVIDE (__init_array_end = .)

.fini_array     0x08002c98        0x4
                0x08002c98                PROVIDE (__fini_array_start = .)
 *(SORT_BY_NAME(.fini_array.*))
 *(.fini_array*)
 .fini_array    0x08002c98        0x4 d:/program files (x86)/gnu arm embedded toolchain/9 2020-q2-update/bin/../lib/gcc/arm-none-eabi/9.3.1/thumb/v7e-m/nofp/crtbegin.o
                0x08002c9c                PROVIDE (__fini_array_end = .)
                0x08002c9c                _sidata = LOADADDR (.data)

.data           0x20000000      0x84c load address 0x08002c9c
                0x20000000                . = ALIGN (0x4)
                0x20000000                _sdata = .
 *(.data)
 *(.data*)
 .data.uwTickFreq
                0x20000000        0x1 CMakeFiles/EXTI_KEY.elf.dir/Drivers/STM32F4xx_HAL_Driver/Src/stm32f4xx_hal.c.obj
                0x20000000                uwTickFreq
 *fill*         0x20000001        0x3 
 .data.uwTickPrio
                0x20000004        0x4 CMakeFiles/EXTI_KEY.elf.dir/Drivers/STM32F4xx_HAL_Driver/Src/stm32f4xx_hal.c.obj
                0x20000004                uwTickPrio
 .data.SystemCoreClock
                0x20000008        0x4 CMakeFiles/EXTI_KEY.elf.dir/Src/system_stm32f4xx.c.obj
                0x20000008                SystemCoreClock
 .data._impure_ptr
                0x2000000c        0x4 d:/program files (x86)/gnu arm embedded toolchain/9 2020-q2-update/bin/../lib/gcc/arm-none-eabi/9.3.1/../../../../arm-none-eabi/lib/thumb/v7e-m/nofp\libg.a(lib_a-impure.o)
                0x2000000c                _impure_ptr
 .data.impure_data
                0x20000010      0x428 d:/program files (x86)/gnu arm embedded toolchain/9 2020-q2-update/bin/../lib/gcc/arm-none-eabi/9.3.1/../../../../arm-none-eabi/lib/thumb/v7e-m/nofp\libg.a(lib_a-impure.o)
 .data.__atexit_recursive_mutex
                0x20000438        0x4 d:/program files (x86)/gnu arm embedded toolchain/9 2020-q2-update/bin/../lib/gcc/arm-none-eabi/9.3.1/../../../../arm-none-eabi/lib/thumb/v7e-m/nofp\libg.a(lib_a-__call_atexit.o)
                0x20000438                __atexit_recursive_mutex
 .data.__malloc_av_
                0x2000043c      0x408 d:/program files (x86)/gnu arm embedded toolchain/9 2020-q2-update/bin/../lib/gcc/arm-none-eabi/9.3.1/../../../../arm-none-eabi/lib/thumb/v7e-m/nofp\libg.a(lib_a-mallocr.o)
                0x2000043c                __malloc_av_
 .data.__malloc_sbrk_base
                0x20000844        0x4 d:/program files (x86)/gnu arm embedded toolchain/9 2020-q2-update/bin/../lib/gcc/arm-none-eabi/9.3.1/../../../../arm-none-eabi/lib/thumb/v7e-m/nofp\libg.a(lib_a-mallocr.o)
                0x20000844                __malloc_sbrk_base
 .data.__malloc_trim_threshold
                0x20000848        0x4 d:/program files (x86)/gnu arm embedded toolchain/9 2020-q2-update/bin/../lib/gcc/arm-none-eabi/9.3.1/../../../../arm-none-eabi/lib/thumb/v7e-m/nofp\libg.a(lib_a-mallocr.o)
                0x20000848                __malloc_trim_threshold
                0x2000084c                . = ALIGN (0x4)
                0x2000084c                _edata = .
                0x080034e8                _siccmram = LOADADDR (.ccmram)

.igot.plt       0x2000084c        0x0 load address 0x080034e8
 .igot.plt      0x2000084c        0x0 d:/program files (x86)/gnu arm embedded toolchain/9 2020-q2-update/bin/../lib/gcc/arm-none-eabi/9.3.1/thumb/v7e-m/nofp/crtbegin.o

.ccmram         0x10000000        0x0 load address 0x080034e8
                0x10000000                . = ALIGN (0x4)
                0x10000000                _sccmram = .
 *(.ccmram)
 *(.ccmram*)
                0x10000000                . = ALIGN (0x4)
                0x10000000                _eccmram = .
                0x10000000                . = ALIGN (0x4)

.bss            0x2000084c       0xc4
                0x2000084c                _sbss = .
                0x2000084c                __bss_start__ = _sbss
 *(.bss)
 .bss           0x2000084c       0x1c d:/program files (x86)/gnu arm embedded toolchain/9 2020-q2-update/bin/../lib/gcc/arm-none-eabi/9.3.1/thumb/v7e-m/nofp/crtbegin.o
 *(.bss*)
 .bss.uwTick    0x20000868        0x4 CMakeFiles/EXTI_KEY.elf.dir/Drivers/STM32F4xx_HAL_Driver/Src/stm32f4xx_hal.c.obj
                0x20000868                uwTick
 .bss.gHuart    0x2000086c        0x4 CMakeFiles/EXTI_KEY.elf.dir/Src/retarget.c.obj
                0x2000086c                gHuart
 .bss.heap_end.6022
                0x20000870        0x4 CMakeFiles/EXTI_KEY.elf.dir/Src/syscalls.c.obj
 .bss.huart1    0x20000874       0x40 CMakeFiles/EXTI_KEY.elf.dir/Src/usart.c.obj
                0x20000874                huart1
 .bss.__malloc_current_mallinfo
                0x200008b4       0x28 d:/program files (x86)/gnu arm embedded toolchain/9 2020-q2-update/bin/../lib/gcc/arm-none-eabi/9.3.1/../../../../arm-none-eabi/lib/thumb/v7e-m/nofp\libg.a(lib_a-mallocr.o)
                0x200008b4                __malloc_current_mallinfo
 .bss.__malloc_max_sbrked_mem
                0x200008dc        0x4 d:/program files (x86)/gnu arm embedded toolchain/9 2020-q2-update/bin/../lib/gcc/arm-none-eabi/9.3.1/../../../../arm-none-eabi/lib/thumb/v7e-m/nofp\libg.a(lib_a-mallocr.o)
                0x200008dc                __malloc_max_sbrked_mem
 .bss.__malloc_max_total_mem
                0x200008e0        0x4 d:/program files (x86)/gnu arm embedded toolchain/9 2020-q2-update/bin/../lib/gcc/arm-none-eabi/9.3.1/../../../../arm-none-eabi/lib/thumb/v7e-m/nofp\libg.a(lib_a-mallocr.o)
                0x200008e0                __malloc_max_total_mem
 .bss.__malloc_top_pad
                0x200008e4        0x4 d:/program files (x86)/gnu arm embedded toolchain/9 2020-q2-update/bin/../lib/gcc/arm-none-eabi/9.3.1/../../../../arm-none-eabi/lib/thumb/v7e-m/nofp\libg.a(lib_a-mallocr.o)
                0x200008e4                __malloc_top_pad
 *(COMMON)
 COMMON         0x200008e8       0x21 d:/program files (x86)/gnu arm embedded toolchain/9 2020-q2-update/bin/../lib/gcc/arm-none-eabi/9.3.1/../../../../arm-none-eabi/lib/thumb/v7e-m/nofp\libg.a(lib_a-lock.o)
                0x200008e8                __lock___atexit_recursive_mutex
                0x200008ec                __lock___arc4random_mutex
                0x200008f0                __lock___env_recursive_mutex
                0x200008f4                __lock___sinit_recursive_mutex
                0x200008f8                __lock___malloc_recursive_mutex
                0x200008fc                __lock___at_quick_exit_mutex
                0x20000900                __lock___dd_hash_mutex
                0x20000904                __lock___tz_mutex
                0x20000908                __lock___sfp_recursive_mutex
 *fill*         0x20000909        0x3 
 COMMON         0x2000090c        0x4 d:/program files (x86)/gnu arm embedded toolchain/9 2020-q2-update/bin/../lib/gcc/arm-none-eabi/9.3.1/../../../../arm-none-eabi/lib/thumb/v7e-m/nofp\libg.a(lib_a-reent.o)
                0x2000090c                errno
                0x20000910                . = ALIGN (0x4)
                0x20000910                _ebss = .
                0x20000910                __bss_end__ = _ebss

._user_heap_stack
                0x20000910      0x600
                0x20000910                . = ALIGN (0x8)
                0x20000910                PROVIDE (end = .)
                [!provide]                PROVIDE (_end = .)
                0x20000b10                . = (. + _Min_Heap_Size)
 *fill*         0x20000910      0x200 
                0x20000f10                . = (. + _Min_Stack_Size)
 *fill*         0x20000b10      0x400 
                0x20000f10                . = ALIGN (0x8)

/DISCARD/
 libc.a(*)
 libm.a(*)
 libgcc.a(*)

.ARM.attributes
                0x00000000       0x2a
 *(.ARM.attributes)
 .ARM.attributes
                0x00000000       0x1e d:/program files (x86)/gnu arm embedded toolchain/9 2020-q2-update/bin/../lib/gcc/arm-none-eabi/9.3.1/thumb/v7e-m/nofp/crti.o
 .ARM.attributes
                0x0000001e       0x2e d:/program files (x86)/gnu arm embedded toolchain/9 2020-q2-update/bin/../lib/gcc/arm-none-eabi/9.3.1/thumb/v7e-m/nofp/crtbegin.o
 .ARM.attributes
                0x0000004c       0x2e CMakeFiles/EXTI_KEY.elf.dir/Drivers/STM32F4xx_HAL_Driver/Src/stm32f4xx_hal.c.obj
 .ARM.attributes
                0x0000007a       0x2e CMakeFiles/EXTI_KEY.elf.dir/Drivers/STM32F4xx_HAL_Driver/Src/stm32f4xx_hal_cortex.c.obj
 .ARM.attributes
                0x000000a8       0x2e CMakeFiles/EXTI_KEY.elf.dir/Drivers/STM32F4xx_HAL_Driver/Src/stm32f4xx_hal_gpio.c.obj
 .ARM.attributes
                0x000000d6       0x2e CMakeFiles/EXTI_KEY.elf.dir/Drivers/STM32F4xx_HAL_Driver/Src/stm32f4xx_hal_rcc.c.obj
 .ARM.attributes
                0x00000104       0x2e CMakeFiles/EXTI_KEY.elf.dir/Drivers/STM32F4xx_HAL_Driver/Src/stm32f4xx_hal_uart.c.obj
 .ARM.attributes
                0x00000132       0x2e CMakeFiles/EXTI_KEY.elf.dir/Src/gpio.c.obj
 .ARM.attributes
                0x00000160       0x2e CMakeFiles/EXTI_KEY.elf.dir/Src/main.c.obj
 .ARM.attributes
                0x0000018e       0x2e CMakeFiles/EXTI_KEY.elf.dir/Src/retarget.c.obj
 .ARM.attributes
                0x000001bc       0x2e CMakeFiles/EXTI_KEY.elf.dir/Src/stm32f4xx_hal_msp.c.obj
 .ARM.attributes
                0x000001ea       0x2e CMakeFiles/EXTI_KEY.elf.dir/Src/stm32f4xx_it.c.obj
 .ARM.attributes
                0x00000218       0x2e CMakeFiles/EXTI_KEY.elf.dir/Src/syscalls.c.obj
 .ARM.attributes
                0x00000246       0x2e CMakeFiles/EXTI_KEY.elf.dir/Src/system_stm32f4xx.c.obj
 .ARM.attributes
                0x00000274       0x2e CMakeFiles/EXTI_KEY.elf.dir/Src/usart.c.obj
 .ARM.attributes
                0x000002a2       0x21 CMakeFiles/EXTI_KEY.elf.dir/startup/startup_stm32f407xx.s.obj
 .ARM.attributes
                0x000002c3       0x1e d:/program files (x86)/gnu arm embedded toolchain/9 2020-q2-update/bin/../lib/gcc/arm-none-eabi/9.3.1/thumb/v7e-m/nofp\libgcc.a(_aeabi_uldivmod.o)
 .ARM.attributes
                0x000002e1       0x2e d:/program files (x86)/gnu arm embedded toolchain/9 2020-q2-update/bin/../lib/gcc/arm-none-eabi/9.3.1/thumb/v7e-m/nofp\libgcc.a(_udivmoddi4.o)
 .ARM.attributes
                0x0000030f       0x1e d:/program files (x86)/gnu arm embedded toolchain/9 2020-q2-update/bin/../lib/gcc/arm-none-eabi/9.3.1/thumb/v7e-m/nofp\libgcc.a(_dvmd_tls.o)
 .ARM.attributes
                0x0000032d       0x2e d:/program files (x86)/gnu arm embedded toolchain/9 2020-q2-update/bin/../lib/gcc/arm-none-eabi/9.3.1/../../../../arm-none-eabi/lib/thumb/v7e-m/nofp\libg.a(lib_a-errno.o)
 .ARM.attributes
                0x0000035b       0x2e d:/program files (x86)/gnu arm embedded toolchain/9 2020-q2-update/bin/../lib/gcc/arm-none-eabi/9.3.1/../../../../arm-none-eabi/lib/thumb/v7e-m/nofp\libg.a(lib_a-impure.o)
 .ARM.attributes
                0x00000389       0x2e d:/program files (x86)/gnu arm embedded toolchain/9 2020-q2-update/bin/../lib/gcc/arm-none-eabi/9.3.1/../../../../arm-none-eabi/lib/thumb/v7e-m/nofp\libg.a(lib_a-init.o)
 .ARM.attributes
                0x000003b7       0x2e d:/program files (x86)/gnu arm embedded toolchain/9 2020-q2-update/bin/../lib/gcc/arm-none-eabi/9.3.1/../../../../arm-none-eabi/lib/thumb/v7e-m/nofp\libg.a(lib_a-memset.o)
 .ARM.attributes
                0x000003e5       0x2e d:/program files (x86)/gnu arm embedded toolchain/9 2020-q2-update/bin/../lib/gcc/arm-none-eabi/9.3.1/../../../../arm-none-eabi/lib/thumb/v7e-m/nofp\libg.a(lib_a-putchar.o)
 .ARM.attributes
                0x00000413       0x2e d:/program files (x86)/gnu arm embedded toolchain/9 2020-q2-update/bin/../lib/gcc/arm-none-eabi/9.3.1/../../../../arm-none-eabi/lib/thumb/v7e-m/nofp\libg.a(lib_a-setvbuf.o)
 .ARM.attributes
                0x00000441       0x2e d:/program files (x86)/gnu arm embedded toolchain/9 2020-q2-update/bin/../lib/gcc/arm-none-eabi/9.3.1/../../../../arm-none-eabi/lib/thumb/v7e-m/nofp\libg.a(lib_a-__call_atexit.o)
 .ARM.attributes
                0x0000046f       0x2e d:/program files (x86)/gnu arm embedded toolchain/9 2020-q2-update/bin/../lib/gcc/arm-none-eabi/9.3.1/../../../../arm-none-eabi/lib/thumb/v7e-m/nofp\libg.a(lib_a-atexit.o)
 .ARM.attributes
                0x0000049d       0x2e d:/program files (x86)/gnu arm embedded toolchain/9 2020-q2-update/bin/../lib/gcc/arm-none-eabi/9.3.1/../../../../arm-none-eabi/lib/thumb/v7e-m/nofp\libg.a(lib_a-fflush.o)
 .ARM.attributes
                0x000004cb       0x2e d:/program files (x86)/gnu arm embedded toolchain/9 2020-q2-update/bin/../lib/gcc/arm-none-eabi/9.3.1/../../../../arm-none-eabi/lib/thumb/v7e-m/nofp\libg.a(lib_a-findfp.o)
 .ARM.attributes
                0x000004f9       0x2e d:/program files (x86)/gnu arm embedded toolchain/9 2020-q2-update/bin/../lib/gcc/arm-none-eabi/9.3.1/../../../../arm-none-eabi/lib/thumb/v7e-m/nofp\libg.a(lib_a-fini.o)
 .ARM.attributes
                0x00000527       0x2e d:/program files (x86)/gnu arm embedded toolchain/9 2020-q2-update/bin/../lib/gcc/arm-none-eabi/9.3.1/../../../../arm-none-eabi/lib/thumb/v7e-m/nofp\libg.a(lib_a-freer.o)
 .ARM.attributes
                0x00000555       0x2e d:/program files (x86)/gnu arm embedded toolchain/9 2020-q2-update/bin/../lib/gcc/arm-none-eabi/9.3.1/../../../../arm-none-eabi/lib/thumb/v7e-m/nofp\libg.a(lib_a-fwalk.o)
 .ARM.attributes
                0x00000583       0x2e d:/program files (x86)/gnu arm embedded toolchain/9 2020-q2-update/bin/../lib/gcc/arm-none-eabi/9.3.1/../../../../arm-none-eabi/lib/thumb/v7e-m/nofp\libg.a(lib_a-lock.o)
 .ARM.attributes
                0x000005b1       0x2e d:/program files (x86)/gnu arm embedded toolchain/9 2020-q2-update/bin/../lib/gcc/arm-none-eabi/9.3.1/../../../../arm-none-eabi/lib/thumb/v7e-m/nofp\libg.a(lib_a-makebuf.o)
 .ARM.attributes
                0x000005df       0x2e d:/program files (x86)/gnu arm embedded toolchain/9 2020-q2-update/bin/../lib/gcc/arm-none-eabi/9.3.1/../../../../arm-none-eabi/lib/thumb/v7e-m/nofp\libg.a(lib_a-malloc.o)
 .ARM.attributes
                0x0000060d       0x2e d:/program files (x86)/gnu arm embedded toolchain/9 2020-q2-update/bin/../lib/gcc/arm-none-eabi/9.3.1/../../../../arm-none-eabi/lib/thumb/v7e-m/nofp\libg.a(lib_a-mallocr.o)
 .ARM.attributes
                0x0000063b       0x2e d:/program files (x86)/gnu arm embedded toolchain/9 2020-q2-update/bin/../lib/gcc/arm-none-eabi/9.3.1/../../../../arm-none-eabi/lib/thumb/v7e-m/nofp\libg.a(lib_a-mlock.o)
 .ARM.attributes
                0x00000669       0x2e d:/program files (x86)/gnu arm embedded toolchain/9 2020-q2-update/bin/../lib/gcc/arm-none-eabi/9.3.1/../../../../arm-none-eabi/lib/thumb/v7e-m/nofp\libg.a(lib_a-putc.o)
 .ARM.attributes
                0x00000697       0x2e d:/program files (x86)/gnu arm embedded toolchain/9 2020-q2-update/bin/../lib/gcc/arm-none-eabi/9.3.1/../../../../arm-none-eabi/lib/thumb/v7e-m/nofp\libg.a(lib_a-sbrkr.o)
 .ARM.attributes
                0x000006c5       0x2e d:/program files (x86)/gnu arm embedded toolchain/9 2020-q2-update/bin/../lib/gcc/arm-none-eabi/9.3.1/../../../../arm-none-eabi/lib/thumb/v7e-m/nofp\libg.a(lib_a-stdio.o)
 .ARM.attributes
                0x000006f3       0x2e d:/program files (x86)/gnu arm embedded toolchain/9 2020-q2-update/bin/../lib/gcc/arm-none-eabi/9.3.1/../../../../arm-none-eabi/lib/thumb/v7e-m/nofp\libg.a(lib_a-wbuf.o)
 .ARM.attributes
                0x00000721       0x2e d:/program files (x86)/gnu arm embedded toolchain/9 2020-q2-update/bin/../lib/gcc/arm-none-eabi/9.3.1/../../../../arm-none-eabi/lib/thumb/v7e-m/nofp\libg.a(lib_a-writer.o)
 .ARM.attributes
                0x0000074f       0x2e d:/program files (x86)/gnu arm embedded toolchain/9 2020-q2-update/bin/../lib/gcc/arm-none-eabi/9.3.1/../../../../arm-none-eabi/lib/thumb/v7e-m/nofp\libg.a(lib_a-wsetup.o)
 .ARM.attributes
                0x0000077d       0x2e d:/program files (x86)/gnu arm embedded toolchain/9 2020-q2-update/bin/../lib/gcc/arm-none-eabi/9.3.1/../../../../arm-none-eabi/lib/thumb/v7e-m/nofp\libg.a(lib_a-__atexit.o)
 .ARM.attributes
                0x000007ab       0x2e d:/program files (x86)/gnu arm embedded toolchain/9 2020-q2-update/bin/../lib/gcc/arm-none-eabi/9.3.1/../../../../arm-none-eabi/lib/thumb/v7e-m/nofp\libg.a(lib_a-closer.o)
 .ARM.attributes
                0x000007d9       0x2e d:/program files (x86)/gnu arm embedded toolchain/9 2020-q2-update/bin/../lib/gcc/arm-none-eabi/9.3.1/../../../../arm-none-eabi/lib/thumb/v7e-m/nofp\libg.a(lib_a-fclose.o)
 .ARM.attributes
                0x00000807       0x2e d:/program files (x86)/gnu arm embedded toolchain/9 2020-q2-update/bin/../lib/gcc/arm-none-eabi/9.3.1/../../../../arm-none-eabi/lib/thumb/v7e-m/nofp\libg.a(lib_a-fstatr.o)
 .ARM.attributes
                0x00000835       0x2e d:/program files (x86)/gnu arm embedded toolchain/9 2020-q2-update/bin/../lib/gcc/arm-none-eabi/9.3.1/../../../../arm-none-eabi/lib/thumb/v7e-m/nofp\libg.a(lib_a-isattyr.o)
 .ARM.attributes
                0x00000863       0x2e d:/program files (x86)/gnu arm embedded toolchain/9 2020-q2-update/bin/../lib/gcc/arm-none-eabi/9.3.1/../../../../arm-none-eabi/lib/thumb/v7e-m/nofp\libg.a(lib_a-lseekr.o)
 .ARM.attributes
                0x00000891       0x2e d:/program files (x86)/gnu arm embedded toolchain/9 2020-q2-update/bin/../lib/gcc/arm-none-eabi/9.3.1/../../../../arm-none-eabi/lib/thumb/v7e-m/nofp\libg.a(lib_a-readr.o)
 .ARM.attributes
                0x000008bf       0x2e d:/program files (x86)/gnu arm embedded toolchain/9 2020-q2-update/bin/../lib/gcc/arm-none-eabi/9.3.1/../../../../arm-none-eabi/lib/thumb/v7e-m/nofp\libg.a(lib_a-reent.o)
 .ARM.attributes
                0x000008ed       0x1e d:/program files (x86)/gnu arm embedded toolchain/9 2020-q2-update/bin/../lib/gcc/arm-none-eabi/9.3.1/thumb/v7e-m/nofp/crtn.o
OUTPUT(EXTI_KEY.elf elf32-littlearm)
LOAD linker stubs
LOAD d:/program files (x86)/gnu arm embedded toolchain/9 2020-q2-update/bin/../lib/gcc/arm-none-eabi/9.3.1/../../../../arm-none-eabi/lib/thumb/v7e-m/nofp\libc.a
LOAD d:/program files (x86)/gnu arm embedded toolchain/9 2020-q2-update/bin/../lib/gcc/arm-none-eabi/9.3.1/../../../../arm-none-eabi/lib/thumb/v7e-m/nofp\libm.a
LOAD d:/program files (x86)/gnu arm embedded toolchain/9 2020-q2-update/bin/../lib/gcc/arm-none-eabi/9.3.1/thumb/v7e-m/nofp\libgcc.a

.debug_info     0x00000000     0xa3e7
 .debug_info    0x00000000      0xa79 CMakeFiles/EXTI_KEY.elf.dir/Drivers/STM32F4xx_HAL_Driver/Src/stm32f4xx_hal.c.obj
 .debug_info    0x00000a79     0x1154 CMakeFiles/EXTI_KEY.elf.dir/Drivers/STM32F4xx_HAL_Driver/Src/stm32f4xx_hal_cortex.c.obj
 .debug_info    0x00001bcd      0x86f CMakeFiles/EXTI_KEY.elf.dir/Drivers/STM32F4xx_HAL_Driver/Src/stm32f4xx_hal_gpio.c.obj
 .debug_info    0x0000243c      0xb5d CMakeFiles/EXTI_KEY.elf.dir/Drivers/STM32F4xx_HAL_Driver/Src/stm32f4xx_hal_rcc.c.obj
 .debug_info    0x00002f99     0x19ad CMakeFiles/EXTI_KEY.elf.dir/Drivers/STM32F4xx_HAL_Driver/Src/stm32f4xx_hal_uart.c.obj
 .debug_info    0x00004946      0x8a5 CMakeFiles/EXTI_KEY.elf.dir/Src/gpio.c.obj
 .debug_info    0x000051eb     0x16c1 CMakeFiles/EXTI_KEY.elf.dir/Src/main.c.obj
 .debug_info    0x000068ac     0x141d CMakeFiles/EXTI_KEY.elf.dir/Src/retarget.c.obj
 .debug_info    0x00007cc9      0x390 CMakeFiles/EXTI_KEY.elf.dir/Src/stm32f4xx_hal_msp.c.obj
 .debug_info    0x00008059      0x2f4 CMakeFiles/EXTI_KEY.elf.dir/Src/stm32f4xx_it.c.obj
 .debug_info    0x0000834d     0x1046 CMakeFiles/EXTI_KEY.elf.dir/Src/syscalls.c.obj
 .debug_info    0x00009393      0x5b9 CMakeFiles/EXTI_KEY.elf.dir/Src/system_stm32f4xx.c.obj
 .debug_info    0x0000994c      0xa79 CMakeFiles/EXTI_KEY.elf.dir/Src/usart.c.obj
 .debug_info    0x0000a3c5       0x22 CMakeFiles/EXTI_KEY.elf.dir/startup/startup_stm32f407xx.s.obj

.debug_abbrev   0x00000000     0x1cee
 .debug_abbrev  0x00000000      0x219 CMakeFiles/EXTI_KEY.elf.dir/Drivers/STM32F4xx_HAL_Driver/Src/stm32f4xx_hal.c.obj
 .debug_abbrev  0x00000219      0x390 CMakeFiles/EXTI_KEY.elf.dir/Drivers/STM32F4xx_HAL_Driver/Src/stm32f4xx_hal_cortex.c.obj
 .debug_abbrev  0x000005a9      0x21c CMakeFiles/EXTI_KEY.elf.dir/Drivers/STM32F4xx_HAL_Driver/Src/stm32f4xx_hal_gpio.c.obj
 .debug_abbrev  0x000007c5      0x2ae CMakeFiles/EXTI_KEY.elf.dir/Drivers/STM32F4xx_HAL_Driver/Src/stm32f4xx_hal_rcc.c.obj
 .debug_abbrev  0x00000a73      0x2c0 CMakeFiles/EXTI_KEY.elf.dir/Drivers/STM32F4xx_HAL_Driver/Src/stm32f4xx_hal_uart.c.obj
 .debug_abbrev  0x00000d33      0x197 CMakeFiles/EXTI_KEY.elf.dir/Src/gpio.c.obj
 .debug_abbrev  0x00000eca      0x2d3 CMakeFiles/EXTI_KEY.elf.dir/Src/main.c.obj
 .debug_abbrev  0x0000119d      0x2cc CMakeFiles/EXTI_KEY.elf.dir/Src/retarget.c.obj
 .debug_abbrev  0x00001469      0x11a CMakeFiles/EXTI_KEY.elf.dir/Src/stm32f4xx_hal_msp.c.obj
 .debug_abbrev  0x00001583      0x106 CMakeFiles/EXTI_KEY.elf.dir/Src/stm32f4xx_it.c.obj
 .debug_abbrev  0x00001689      0x31e CMakeFiles/EXTI_KEY.elf.dir/Src/syscalls.c.obj
 .debug_abbrev  0x000019a7      0x148 CMakeFiles/EXTI_KEY.elf.dir/Src/system_stm32f4xx.c.obj
 .debug_abbrev  0x00001aef      0x1ed CMakeFiles/EXTI_KEY.elf.dir/Src/usart.c.obj
 .debug_abbrev  0x00001cdc       0x12 CMakeFiles/EXTI_KEY.elf.dir/startup/startup_stm32f407xx.s.obj

.debug_loc      0x00000000     0x34f8
 .debug_loc     0x00000000      0x141 CMakeFiles/EXTI_KEY.elf.dir/Drivers/STM32F4xx_HAL_Driver/Src/stm32f4xx_hal.c.obj
 .debug_loc     0x00000141      0x744 CMakeFiles/EXTI_KEY.elf.dir/Drivers/STM32F4xx_HAL_Driver/Src/stm32f4xx_hal_cortex.c.obj
 .debug_loc     0x00000885      0x4ff CMakeFiles/EXTI_KEY.elf.dir/Drivers/STM32F4xx_HAL_Driver/Src/stm32f4xx_hal_gpio.c.obj
 .debug_loc     0x00000d84      0x56f CMakeFiles/EXTI_KEY.elf.dir/Drivers/STM32F4xx_HAL_Driver/Src/stm32f4xx_hal_rcc.c.obj
 .debug_loc     0x000012f3     0x18c5 CMakeFiles/EXTI_KEY.elf.dir/Drivers/STM32F4xx_HAL_Driver/Src/stm32f4xx_hal_uart.c.obj
 .debug_loc     0x00002bb8       0x25 CMakeFiles/EXTI_KEY.elf.dir/Src/main.c.obj
 .debug_loc     0x00002bdd      0x389 CMakeFiles/EXTI_KEY.elf.dir/Src/retarget.c.obj
 .debug_loc     0x00002f66      0x3a2 CMakeFiles/EXTI_KEY.elf.dir/Src/syscalls.c.obj
 .debug_loc     0x00003308      0x16c CMakeFiles/EXTI_KEY.elf.dir/Src/system_stm32f4xx.c.obj
 .debug_loc     0x00003474       0x84 CMakeFiles/EXTI_KEY.elf.dir/Src/usart.c.obj

.debug_aranges  0x00000000      0x6a0
 .debug_aranges
                0x00000000       0xf0 CMakeFiles/EXTI_KEY.elf.dir/Drivers/STM32F4xx_HAL_Driver/Src/stm32f4xx_hal.c.obj
 .debug_aranges
                0x000000f0       0xa8 CMakeFiles/EXTI_KEY.elf.dir/Drivers/STM32F4xx_HAL_Driver/Src/stm32f4xx_hal_cortex.c.obj
 .debug_aranges
                0x00000198       0x58 CMakeFiles/EXTI_KEY.elf.dir/Drivers/STM32F4xx_HAL_Driver/Src/stm32f4xx_hal_gpio.c.obj
 .debug_aranges
                0x000001f0       0x88 CMakeFiles/EXTI_KEY.elf.dir/Drivers/STM32F4xx_HAL_Driver/Src/stm32f4xx_hal_rcc.c.obj
 .debug_aranges
                0x00000278      0x1d0 CMakeFiles/EXTI_KEY.elf.dir/Drivers/STM32F4xx_HAL_Driver/Src/stm32f4xx_hal_uart.c.obj
 .debug_aranges
                0x00000448       0x20 CMakeFiles/EXTI_KEY.elf.dir/Src/gpio.c.obj
 .debug_aranges
                0x00000468       0x38 CMakeFiles/EXTI_KEY.elf.dir/Src/main.c.obj
 .debug_aranges
                0x000004a0       0x50 CMakeFiles/EXTI_KEY.elf.dir/Src/retarget.c.obj
 .debug_aranges
                0x000004f0       0x20 CMakeFiles/EXTI_KEY.elf.dir/Src/stm32f4xx_hal_msp.c.obj
 .debug_aranges
                0x00000510       0x80 CMakeFiles/EXTI_KEY.elf.dir/Src/stm32f4xx_it.c.obj
 .debug_aranges
                0x00000590       0x90 CMakeFiles/EXTI_KEY.elf.dir/Src/syscalls.c.obj
 .debug_aranges
                0x00000620       0x28 CMakeFiles/EXTI_KEY.elf.dir/Src/system_stm32f4xx.c.obj
 .debug_aranges
                0x00000648       0x30 CMakeFiles/EXTI_KEY.elf.dir/Src/usart.c.obj
 .debug_aranges
                0x00000678       0x28 CMakeFiles/EXTI_KEY.elf.dir/startup/startup_stm32f407xx.s.obj

.debug_ranges   0x00000000      0x640
 .debug_ranges  0x00000000       0xe0 CMakeFiles/EXTI_KEY.elf.dir/Drivers/STM32F4xx_HAL_Driver/Src/stm32f4xx_hal.c.obj
 .debug_ranges  0x000000e0       0xf8 CMakeFiles/EXTI_KEY.elf.dir/Drivers/STM32F4xx_HAL_Driver/Src/stm32f4xx_hal_cortex.c.obj
 .debug_ranges  0x000001d8       0x48 CMakeFiles/EXTI_KEY.elf.dir/Drivers/STM32F4xx_HAL_Driver/Src/stm32f4xx_hal_gpio.c.obj
 .debug_ranges  0x00000220       0x90 CMakeFiles/EXTI_KEY.elf.dir/Drivers/STM32F4xx_HAL_Driver/Src/stm32f4xx_hal_rcc.c.obj
 .debug_ranges  0x000002b0      0x1c0 CMakeFiles/EXTI_KEY.elf.dir/Drivers/STM32F4xx_HAL_Driver/Src/stm32f4xx_hal_uart.c.obj
 .debug_ranges  0x00000470       0x10 CMakeFiles/EXTI_KEY.elf.dir/Src/gpio.c.obj
 .debug_ranges  0x00000480       0x28 CMakeFiles/EXTI_KEY.elf.dir/Src/main.c.obj
 .debug_ranges  0x000004a8       0x40 CMakeFiles/EXTI_KEY.elf.dir/Src/retarget.c.obj
 .debug_ranges  0x000004e8       0x10 CMakeFiles/EXTI_KEY.elf.dir/Src/stm32f4xx_hal_msp.c.obj
 .debug_ranges  0x000004f8       0x70 CMakeFiles/EXTI_KEY.elf.dir/Src/stm32f4xx_it.c.obj
 .debug_ranges  0x00000568       0x80 CMakeFiles/EXTI_KEY.elf.dir/Src/syscalls.c.obj
 .debug_ranges  0x000005e8       0x18 CMakeFiles/EXTI_KEY.elf.dir/Src/system_stm32f4xx.c.obj
 .debug_ranges  0x00000600       0x20 CMakeFiles/EXTI_KEY.elf.dir/Src/usart.c.obj
 .debug_ranges  0x00000620       0x20 CMakeFiles/EXTI_KEY.elf.dir/startup/startup_stm32f407xx.s.obj

.debug_line     0x00000000     0x6274
 .debug_line    0x00000000      0x645 CMakeFiles/EXTI_KEY.elf.dir/Drivers/STM32F4xx_HAL_Driver/Src/stm32f4xx_hal.c.obj
 .debug_line    0x00000645      0x882 CMakeFiles/EXTI_KEY.elf.dir/Drivers/STM32F4xx_HAL_Driver/Src/stm32f4xx_hal_cortex.c.obj
 .debug_line    0x00000ec7      0x809 CMakeFiles/EXTI_KEY.elf.dir/Drivers/STM32F4xx_HAL_Driver/Src/stm32f4xx_hal_gpio.c.obj
 .debug_line    0x000016d0      0xc18 CMakeFiles/EXTI_KEY.elf.dir/Drivers/STM32F4xx_HAL_Driver/Src/stm32f4xx_hal_rcc.c.obj
 .debug_line    0x000022e8     0x1d49 CMakeFiles/EXTI_KEY.elf.dir/Drivers/STM32F4xx_HAL_Driver/Src/stm32f4xx_hal_uart.c.obj
 .debug_line    0x00004031      0x338 CMakeFiles/EXTI_KEY.elf.dir/Src/gpio.c.obj
 .debug_line    0x00004369      0x5b9 CMakeFiles/EXTI_KEY.elf.dir/Src/main.c.obj
 .debug_line    0x00004922      0x584 CMakeFiles/EXTI_KEY.elf.dir/Src/retarget.c.obj
 .debug_line    0x00004ea6      0x2a4 CMakeFiles/EXTI_KEY.elf.dir/Src/stm32f4xx_hal_msp.c.obj
 .debug_line    0x0000514a      0x3df CMakeFiles/EXTI_KEY.elf.dir/Src/stm32f4xx_it.c.obj
 .debug_line    0x00005529      0x523 CMakeFiles/EXTI_KEY.elf.dir/Src/syscalls.c.obj
 .debug_line    0x00005a4c      0x361 CMakeFiles/EXTI_KEY.elf.dir/Src/system_stm32f4xx.c.obj
 .debug_line    0x00005dad      0x41b CMakeFiles/EXTI_KEY.elf.dir/Src/usart.c.obj
 .debug_line    0x000061c8       0xac CMakeFiles/EXTI_KEY.elf.dir/startup/startup_stm32f407xx.s.obj

.debug_str      0x00000000     0x28f1
 .debug_str     0x00000000      0xb84 CMakeFiles/EXTI_KEY.elf.dir/Drivers/STM32F4xx_HAL_Driver/Src/stm32f4xx_hal.c.obj
                                0xbf2 (size before relaxing)
 .debug_str     0x00000b84      0x4d5 CMakeFiles/EXTI_KEY.elf.dir/Drivers/STM32F4xx_HAL_Driver/Src/stm32f4xx_hal_cortex.c.obj
                                0xd31 (size before relaxing)
 .debug_str     0x00001059      0x20b CMakeFiles/EXTI_KEY.elf.dir/Drivers/STM32F4xx_HAL_Driver/Src/stm32f4xx_hal_gpio.c.obj
                                0x5f7 (size before relaxing)
 .debug_str     0x00001264      0x321 CMakeFiles/EXTI_KEY.elf.dir/Drivers/STM32F4xx_HAL_Driver/Src/stm32f4xx_hal_rcc.c.obj
                                0x7d5 (size before relaxing)
 .debug_str     0x00001585      0x97d CMakeFiles/EXTI_KEY.elf.dir/Drivers/STM32F4xx_HAL_Driver/Src/stm32f4xx_hal_uart.c.obj
                                0xd38 (size before relaxing)
 .debug_str     0x00001f02       0x48 CMakeFiles/EXTI_KEY.elf.dir/Src/gpio.c.obj
                                0x9a6 (size before relaxing)
 .debug_str     0x00001f4a      0x46f CMakeFiles/EXTI_KEY.elf.dir/Src/main.c.obj
                                0xe96 (size before relaxing)
 .debug_str     0x000023b9      0x180 CMakeFiles/EXTI_KEY.elf.dir/Src/retarget.c.obj
                                0xcc8 (size before relaxing)
 .debug_str     0x00002539       0x48 CMakeFiles/EXTI_KEY.elf.dir/Src/stm32f4xx_hal_msp.c.obj
                                0x3df (size before relaxing)
 .debug_str     0x00002581      0x117 CMakeFiles/EXTI_KEY.elf.dir/Src/stm32f4xx_it.c.obj
                                0x3d8 (size before relaxing)
 .debug_str     0x00002698      0x144 CMakeFiles/EXTI_KEY.elf.dir/Src/syscalls.c.obj
                                0x85b (size before relaxing)
 .debug_str     0x000027dc       0x72 CMakeFiles/EXTI_KEY.elf.dir/Src/system_stm32f4xx.c.obj
                                0x45b (size before relaxing)
 .debug_str     0x0000284e       0x47 CMakeFiles/EXTI_KEY.elf.dir/Src/usart.c.obj
                                0x8e9 (size before relaxing)
 .debug_str     0x00002895       0x5c CMakeFiles/EXTI_KEY.elf.dir/startup/startup_stm32f407xx.s.obj
                                 0x9e (size before relaxing)

.comment        0x00000000       0x4c
 .comment       0x00000000       0x4c CMakeFiles/EXTI_KEY.elf.dir/Drivers/STM32F4xx_HAL_Driver/Src/stm32f4xx_hal.c.obj
                                 0x4d (size before relaxing)
 .comment       0x0000004c       0x4d CMakeFiles/EXTI_KEY.elf.dir/Drivers/STM32F4xx_HAL_Driver/Src/stm32f4xx_hal_cortex.c.obj
 .comment       0x0000004c       0x4d CMakeFiles/EXTI_KEY.elf.dir/Drivers/STM32F4xx_HAL_Driver/Src/stm32f4xx_hal_gpio.c.obj
 .comment       0x0000004c       0x4d CMakeFiles/EXTI_KEY.elf.dir/Drivers/STM32F4xx_HAL_Driver/Src/stm32f4xx_hal_rcc.c.obj
 .comment       0x0000004c       0x4d CMakeFiles/EXTI_KEY.elf.dir/Drivers/STM32F4xx_HAL_Driver/Src/stm32f4xx_hal_uart.c.obj
 .comment       0x0000004c       0x4d CMakeFiles/EXTI_KEY.elf.dir/Src/gpio.c.obj
 .comment       0x0000004c       0x4d CMakeFiles/EXTI_KEY.elf.dir/Src/main.c.obj
 .comment       0x0000004c       0x4d CMakeFiles/EXTI_KEY.elf.dir/Src/retarget.c.obj
 .comment       0x0000004c       0x4d CMakeFiles/EXTI_KEY.elf.dir/Src/stm32f4xx_hal_msp.c.obj
 .comment       0x0000004c       0x4d CMakeFiles/EXTI_KEY.elf.dir/Src/stm32f4xx_it.c.obj
 .comment       0x0000004c       0x4d CMakeFiles/EXTI_KEY.elf.dir/Src/syscalls.c.obj
 .comment       0x0000004c       0x4d CMakeFiles/EXTI_KEY.elf.dir/Src/system_stm32f4xx.c.obj
 .comment       0x0000004c       0x4d CMakeFiles/EXTI_KEY.elf.dir/Src/usart.c.obj

.debug_frame    0x00000000     0x18a4
 .debug_frame   0x00000000      0x1ec CMakeFiles/EXTI_KEY.elf.dir/Drivers/STM32F4xx_HAL_Driver/Src/stm32f4xx_hal.c.obj
 .debug_frame   0x000001ec      0x15c CMakeFiles/EXTI_KEY.elf.dir/Drivers/STM32F4xx_HAL_Driver/Src/stm32f4xx_hal_cortex.c.obj
 .debug_frame   0x00000348       0xd8 CMakeFiles/EXTI_KEY.elf.dir/Drivers/STM32F4xx_HAL_Driver/Src/stm32f4xx_hal_gpio.c.obj
 .debug_frame   0x00000420      0x174 CMakeFiles/EXTI_KEY.elf.dir/Drivers/STM32F4xx_HAL_Driver/Src/stm32f4xx_hal_rcc.c.obj
 .debug_frame   0x00000594      0x4ec CMakeFiles/EXTI_KEY.elf.dir/Drivers/STM32F4xx_HAL_Driver/Src/stm32f4xx_hal_uart.c.obj
 .debug_frame   0x00000a80       0x34 CMakeFiles/EXTI_KEY.elf.dir/Src/gpio.c.obj
 .debug_frame   0x00000ab4       0x70 CMakeFiles/EXTI_KEY.elf.dir/Src/main.c.obj
 .debug_frame   0x00000b24       0xb8 CMakeFiles/EXTI_KEY.elf.dir/Src/retarget.c.obj
 .debug_frame   0x00000bdc       0x28 CMakeFiles/EXTI_KEY.elf.dir/Src/stm32f4xx_hal_msp.c.obj
 .debug_frame   0x00000c04      0x108 CMakeFiles/EXTI_KEY.elf.dir/Src/stm32f4xx_it.c.obj
 .debug_frame   0x00000d0c      0x168 CMakeFiles/EXTI_KEY.elf.dir/Src/syscalls.c.obj
 .debug_frame   0x00000e74       0x30 CMakeFiles/EXTI_KEY.elf.dir/Src/system_stm32f4xx.c.obj
 .debug_frame   0x00000ea4       0x60 CMakeFiles/EXTI_KEY.elf.dir/Src/usart.c.obj
 .debug_frame   0x00000f04       0x2c d:/program files (x86)/gnu arm embedded toolchain/9 2020-q2-update/bin/../lib/gcc/arm-none-eabi/9.3.1/thumb/v7e-m/nofp\libgcc.a(_aeabi_uldivmod.o)
 .debug_frame   0x00000f30       0x34 d:/program files (x86)/gnu arm embedded toolchain/9 2020-q2-update/bin/../lib/gcc/arm-none-eabi/9.3.1/thumb/v7e-m/nofp\libgcc.a(_udivmoddi4.o)
 .debug_frame   0x00000f64       0x20 d:/program files (x86)/gnu arm embedded toolchain/9 2020-q2-update/bin/../lib/gcc/arm-none-eabi/9.3.1/../../../../arm-none-eabi/lib/thumb/v7e-m/nofp\libg.a(lib_a-errno.o)
 .debug_frame   0x00000f84       0x2c d:/program files (x86)/gnu arm embedded toolchain/9 2020-q2-update/bin/../lib/gcc/arm-none-eabi/9.3.1/../../../../arm-none-eabi/lib/thumb/v7e-m/nofp\libg.a(lib_a-init.o)
 .debug_frame   0x00000fb0       0x38 d:/program files (x86)/gnu arm embedded toolchain/9 2020-q2-update/bin/../lib/gcc/arm-none-eabi/9.3.1/../../../../arm-none-eabi/lib/thumb/v7e-m/nofp\libg.a(lib_a-memset.o)
 .debug_frame   0x00000fe8       0x30 d:/program files (x86)/gnu arm embedded toolchain/9 2020-q2-update/bin/../lib/gcc/arm-none-eabi/9.3.1/../../../../arm-none-eabi/lib/thumb/v7e-m/nofp\libg.a(lib_a-putchar.o)
 .debug_frame   0x00001018       0x48 d:/program files (x86)/gnu arm embedded toolchain/9 2020-q2-update/bin/../lib/gcc/arm-none-eabi/9.3.1/../../../../arm-none-eabi/lib/thumb/v7e-m/nofp\libg.a(lib_a-setvbuf.o)
 .debug_frame   0x00001060       0x5c d:/program files (x86)/gnu arm embedded toolchain/9 2020-q2-update/bin/../lib/gcc/arm-none-eabi/9.3.1/../../../../arm-none-eabi/lib/thumb/v7e-m/nofp\libg.a(lib_a-__call_atexit.o)
 .debug_frame   0x000010bc       0x20 d:/program files (x86)/gnu arm embedded toolchain/9 2020-q2-update/bin/../lib/gcc/arm-none-eabi/9.3.1/../../../../arm-none-eabi/lib/thumb/v7e-m/nofp\libg.a(lib_a-atexit.o)
 .debug_frame   0x000010dc       0x5c d:/program files (x86)/gnu arm embedded toolchain/9 2020-q2-update/bin/../lib/gcc/arm-none-eabi/9.3.1/../../../../arm-none-eabi/lib/thumb/v7e-m/nofp\libg.a(lib_a-fflush.o)
 .debug_frame   0x00001138      0x14c d:/program files (x86)/gnu arm embedded toolchain/9 2020-q2-update/bin/../lib/gcc/arm-none-eabi/9.3.1/../../../../arm-none-eabi/lib/thumb/v7e-m/nofp\libg.a(lib_a-findfp.o)
 .debug_frame   0x00001284       0x34 d:/program files (x86)/gnu arm embedded toolchain/9 2020-q2-update/bin/../lib/gcc/arm-none-eabi/9.3.1/../../../../arm-none-eabi/lib/thumb/v7e-m/nofp\libg.a(lib_a-fini.o)
 .debug_frame   0x000012b8       0x8c d:/program files (x86)/gnu arm embedded toolchain/9 2020-q2-update/bin/../lib/gcc/arm-none-eabi/9.3.1/../../../../arm-none-eabi/lib/thumb/v7e-m/nofp\libg.a(lib_a-freer.o)
 .debug_frame   0x00001344       0x54 d:/program files (x86)/gnu arm embedded toolchain/9 2020-q2-update/bin/../lib/gcc/arm-none-eabi/9.3.1/../../../../arm-none-eabi/lib/thumb/v7e-m/nofp\libg.a(lib_a-fwalk.o)
 .debug_frame   0x00001398       0xb0 d:/program files (x86)/gnu arm embedded toolchain/9 2020-q2-update/bin/../lib/gcc/arm-none-eabi/9.3.1/../../../../arm-none-eabi/lib/thumb/v7e-m/nofp\libg.a(lib_a-lock.o)
 .debug_frame   0x00001448       0x6c d:/program files (x86)/gnu arm embedded toolchain/9 2020-q2-update/bin/../lib/gcc/arm-none-eabi/9.3.1/../../../../arm-none-eabi/lib/thumb/v7e-m/nofp\libg.a(lib_a-makebuf.o)
 .debug_frame   0x000014b4       0x30 d:/program files (x86)/gnu arm embedded toolchain/9 2020-q2-update/bin/../lib/gcc/arm-none-eabi/9.3.1/../../../../arm-none-eabi/lib/thumb/v7e-m/nofp\libg.a(lib_a-malloc.o)
 .debug_frame   0x000014e4       0x4c d:/program files (x86)/gnu arm embedded toolchain/9 2020-q2-update/bin/../lib/gcc/arm-none-eabi/9.3.1/../../../../arm-none-eabi/lib/thumb/v7e-m/nofp\libg.a(lib_a-mallocr.o)
 .debug_frame   0x00001530       0x30 d:/program files (x86)/gnu arm embedded toolchain/9 2020-q2-update/bin/../lib/gcc/arm-none-eabi/9.3.1/../../../../arm-none-eabi/lib/thumb/v7e-m/nofp\libg.a(lib_a-mlock.o)
 .debug_frame   0x00001560       0x48 d:/program files (x86)/gnu arm embedded toolchain/9 2020-q2-update/bin/../lib/gcc/arm-none-eabi/9.3.1/../../../../arm-none-eabi/lib/thumb/v7e-m/nofp\libg.a(lib_a-putc.o)
 .debug_frame   0x000015a8       0x2c d:/program files (x86)/gnu arm embedded toolchain/9 2020-q2-update/bin/../lib/gcc/arm-none-eabi/9.3.1/../../../../arm-none-eabi/lib/thumb/v7e-m/nofp\libg.a(lib_a-sbrkr.o)
 .debug_frame   0x000015d4       0x8c d:/program files (x86)/gnu arm embedded toolchain/9 2020-q2-update/bin/../lib/gcc/arm-none-eabi/9.3.1/../../../../arm-none-eabi/lib/thumb/v7e-m/nofp\libg.a(lib_a-stdio.o)
 .debug_frame   0x00001660       0x40 d:/program files (x86)/gnu arm embedded toolchain/9 2020-q2-update/bin/../lib/gcc/arm-none-eabi/9.3.1/../../../../arm-none-eabi/lib/thumb/v7e-m/nofp\libg.a(lib_a-wbuf.o)
 .debug_frame   0x000016a0       0x2c d:/program files (x86)/gnu arm embedded toolchain/9 2020-q2-update/bin/../lib/gcc/arm-none-eabi/9.3.1/../../../../arm-none-eabi/lib/thumb/v7e-m/nofp\libg.a(lib_a-writer.o)
 .debug_frame   0x000016cc       0x2c d:/program files (x86)/gnu arm embedded toolchain/9 2020-q2-update/bin/../lib/gcc/arm-none-eabi/9.3.1/../../../../arm-none-eabi/lib/thumb/v7e-m/nofp\libg.a(lib_a-wsetup.o)
 .debug_frame   0x000016f8       0x34 d:/program files (x86)/gnu arm embedded toolchain/9 2020-q2-update/bin/../lib/gcc/arm-none-eabi/9.3.1/../../../../arm-none-eabi/lib/thumb/v7e-m/nofp\libg.a(lib_a-__atexit.o)
 .debug_frame   0x0000172c       0x2c d:/program files (x86)/gnu arm embedded toolchain/9 2020-q2-update/bin/../lib/gcc/arm-none-eabi/9.3.1/../../../../arm-none-eabi/lib/thumb/v7e-m/nofp\libg.a(lib_a-closer.o)
 .debug_frame   0x00001758       0x3c d:/program files (x86)/gnu arm embedded toolchain/9 2020-q2-update/bin/../lib/gcc/arm-none-eabi/9.3.1/../../../../arm-none-eabi/lib/thumb/v7e-m/nofp\libg.a(lib_a-fclose.o)
 .debug_frame   0x00001794       0x2c d:/program files (x86)/gnu arm embedded toolchain/9 2020-q2-update/bin/../lib/gcc/arm-none-eabi/9.3.1/../../../../arm-none-eabi/lib/thumb/v7e-m/nofp\libg.a(lib_a-fstatr.o)
 .debug_frame   0x000017c0       0x2c d:/program files (x86)/gnu arm embedded toolchain/9 2020-q2-update/bin/../lib/gcc/arm-none-eabi/9.3.1/../../../../arm-none-eabi/lib/thumb/v7e-m/nofp\libg.a(lib_a-isattyr.o)
 .debug_frame   0x000017ec       0x2c d:/program files (x86)/gnu arm embedded toolchain/9 2020-q2-update/bin/../lib/gcc/arm-none-eabi/9.3.1/../../../../arm-none-eabi/lib/thumb/v7e-m/nofp\libg.a(lib_a-lseekr.o)
 .debug_frame   0x00001818       0x2c d:/program files (x86)/gnu arm embedded toolchain/9 2020-q2-update/bin/../lib/gcc/arm-none-eabi/9.3.1/../../../../arm-none-eabi/lib/thumb/v7e-m/nofp\libg.a(lib_a-readr.o)
 .debug_frame   0x00001844       0x60 d:/program files (x86)/gnu arm embedded toolchain/9 2020-q2-update/bin/../lib/gcc/arm-none-eabi/9.3.1/../../../../arm-none-eabi/lib/thumb/v7e-m/nofp\libg.a(lib_a-reent.o)
