Archive member included to satisfy reference by file (symbol)

D:\Projects\MCU\STM32HAL\STM32F4_CLion\ZJA003_Project\Drivers\CMSIS\Lib\GCC\libarm_cortexM4lf_math.a(arm_cfft_radix2_init_f32.o)
                              CMakeFiles/ZJA003_Project.elf.dir/Src/FFT/FFT.c.obj (arm_cfft_radix2_init_f32)
D:\Projects\MCU\STM32HAL\STM32F4_CLion\ZJA003_Project\Drivers\CMSIS\Lib\GCC\libarm_cortexM4lf_math.a(arm_cfft_radix2_f32.o)
                              CMakeFiles/ZJA003_Project.elf.dir/Src/FFT/FFT.c.obj (arm_cfft_radix2_f32)
D:\Projects\MCU\STM32HAL\STM32F4_CLion\ZJA003_Project\Drivers\CMSIS\Lib\GCC\libarm_cortexM4lf_math.a(arm_bitreversal.o)
                              D:\Projects\MCU\STM32HAL\STM32F4_CLion\ZJA003_Project\Drivers\CMSIS\Lib\GCC\libarm_cortexM4lf_math.a(arm_cfft_radix2_f32.o) (arm_bitreversal_f32)
D:\Projects\MCU\STM32HAL\STM32F4_CLion\ZJA003_Project\Drivers\CMSIS\Lib\GCC\libarm_cortexM4lf_math.a(arm_cmplx_mag_f32.o)
                              CMakeFiles/ZJA003_Project.elf.dir/Src/FFT/FFT.c.obj (arm_cmplx_mag_f32)
D:\Projects\MCU\STM32HAL\STM32F4_CLion\ZJA003_Project\Drivers\CMSIS\Lib\GCC\libarm_cortexM4lf_math.a(arm_common_tables.o)
                              D:\Projects\MCU\STM32HAL\STM32F4_CLion\ZJA003_Project\Drivers\CMSIS\Lib\GCC\libarm_cortexM4lf_math.a(arm_cfft_radix2_init_f32.o) (twiddleCoef_4096)
D:\Projects\MCU\STM32HAL\STM32F4_CLion\ZJA003_Project\STemWin_544\Lib\libSTemWin_CM4_wc32.a(GUICC_M565.o)
                              CMakeFiles/ZJA003_Project.elf.dir/STemWin_544/Config/LCDConf_FlexColor_Template.c.obj (LCD_API_ColorConv_M565)
D:\Projects\MCU\STM32HAL\STM32F4_CLion\ZJA003_Project\STemWin_544\Lib\libSTemWin_CM4_wc32.a(GUI_Alloc.o)
                              CMakeFiles/ZJA003_Project.elf.dir/STemWin_544/Config/GUIConf.c.obj (GUI_ALLOC_AssignMemory)
D:\Projects\MCU\STM32HAL\STM32F4_CLion\ZJA003_Project\STemWin_544\Lib\libSTemWin_CM4_wc32.a(GUI_Core.o)
                              CMakeFiles/ZJA003_Project.elf.dir/STemWin_544/Config/GUIDRV_Template.c.obj (GUI_pContext)
D:\Projects\MCU\STM32HAL\STM32F4_CLion\ZJA003_Project\STemWin_544\Lib\libSTemWin_CM4_wc32.a(GUI_Device.o)
                              CMakeFiles/ZJA003_Project.elf.dir/STemWin_544/Config/LCDConf_FlexColor_Template.c.obj (GUI_DEVICE_CreateAndLink)
D:\Projects\MCU\STM32HAL\STM32F4_CLion\ZJA003_Project\STemWin_544\Lib\libSTemWin_CM4_wc32.a(GUI_TOUCH_DriverAnalog.o)
                              CMakeFiles/ZJA003_Project.elf.dir/STemWin_544/Config/LCDConf_FlexColor_Template.c.obj (GUI_TOUCH_SetOrientation)
D:\Projects\MCU\STM32HAL\STM32F4_CLion\ZJA003_Project\STemWin_544\Lib\libSTemWin_CM4_wc32.a(GUI_TOUCH_StoreState.o)
                              D:\Projects\MCU\STM32HAL\STM32F4_CLion\ZJA003_Project\STemWin_544\Lib\libSTemWin_CM4_wc32.a(GUI_TOUCH_DriverAnalog.o) (GUI_TOUCH_GetLayer)
D:\Projects\MCU\STM32HAL\STM32F4_CLion\ZJA003_Project\STemWin_544\Lib\libSTemWin_CM4_wc32.a(GUI_Time.o)
                              CMakeFiles/ZJA003_Project.elf.dir/Src/main.c.obj (GUI_Delay)
D:\Projects\MCU\STM32HAL\STM32F4_CLion\ZJA003_Project\STemWin_544\Lib\libSTemWin_CM4_wc32.a(GUI_UC_EncodeNone.o)
                              D:\Projects\MCU\STM32HAL\STM32F4_CLion\ZJA003_Project\STemWin_544\Lib\libSTemWin_CM4_wc32.a(GUI_Core.o) (GUI_UC_None)
D:\Projects\MCU\STM32HAL\STM32F4_CLion\ZJA003_Project\STemWin_544\Lib\libSTemWin_CM4_wc32.a(GUI__DivTbl.o)
                              D:\Projects\MCU\STM32HAL\STM32F4_CLion\ZJA003_Project\STemWin_544\Lib\libSTemWin_CM4_wc32.a(GUICC_M565.o) (GUI__aConvert_255_63)
D:\Projects\MCU\STM32HAL\STM32F4_CLion\ZJA003_Project\STemWin_544\Lib\libSTemWin_CM4_wc32.a(GUI__Private.o)
                              D:\Projects\MCU\STM32HAL\STM32F4_CLion\ZJA003_Project\STemWin_544\Lib\libSTemWin_CM4_wc32.a(GUI_Alloc.o) (GUI__pfMemcpy)
D:\Projects\MCU\STM32HAL\STM32F4_CLion\ZJA003_Project\STemWin_544\Lib\libSTemWin_CM4_wc32.a(LCD.o)
                              D:\Projects\MCU\STM32HAL\STM32F4_CLion\ZJA003_Project\STemWin_544\Lib\libSTemWin_CM4_wc32.a(GUI_Core.o) (LCD_SetDrawMode)
D:\Projects\MCU\STM32HAL\STM32F4_CLion\ZJA003_Project\STemWin_544\Lib\libSTemWin_CM4_wc32.a(LCD_Color.o)
                              D:\Projects\MCU\STM32HAL\STM32F4_CLion\ZJA003_Project\STemWin_544\Lib\libSTemWin_CM4_wc32.a(LCD.o) (LCD_InitColors)
D:\Projects\MCU\STM32HAL\STM32F4_CLion\ZJA003_Project\STemWin_544\Lib\libSTemWin_CM4_wc32.a(LCD_GetEx.o)
                              D:\Projects\MCU\STM32HAL\STM32F4_CLion\ZJA003_Project\STemWin_544\Lib\libSTemWin_CM4_wc32.a(GUI_TOUCH_DriverAnalog.o) (LCD_GetXSizeEx)
D:\Projects\MCU\STM32HAL\STM32F4_CLion\ZJA003_Project\STemWin_544\Lib\libSTemWin_CM4_wc32.a(LCD_GetNumDisplays.o)
                              D:\Projects\MCU\STM32HAL\STM32F4_CLion\ZJA003_Project\STemWin_544\Lib\libSTemWin_CM4_wc32.a(LCD_Color.o) (LCD_GetNumLayers)
D:\Projects\MCU\STM32HAL\STM32F4_CLion\ZJA003_Project\STemWin_544\Lib\libSTemWin_CM4_wc32.a(LCD_GetPixelColor.o)
[...]
Memory Configuration

Name             Origin             Length             Attributes
RAM              0x20000000         0x00020000         xrw
CCMRAM           0x10000000         0x00010000         xrw
FLASH            0x08000000         0x00100000         xr
*default*        0x00000000         0xffffffff

Linker script and memory map

LOAD d:/program files (x86)/gnu arm embedded toolchain/9 2020-q2-update/bin/../lib/gcc/arm-none-eabi/9.3.1/thumb/v7e-m+fp/hard/crti.o
LOAD d:/program files (x86)/gnu arm embedded toolchain/9 2020-q2-update/bin/../lib/gcc/arm-none-eabi/9.3.1/thumb/v7e-m+fp/hard/crtbegin.o
LOAD d:/program files (x86)/gnu arm embedded toolchain/9 2020-q2-update/bin/../lib/gcc/arm-none-eabi/9.3.1/../../../../arm-none-eabi/lib/thumb/v7e-m+fp/hard/crt0.o
LOAD CMakeFiles/ZJA003_Project.elf.dir/Drivers/STM32F4xx_HAL_Driver/Src/stm32f4xx_hal.c.obj
LOAD CMakeFiles/ZJA003_Project.elf.dir/Drivers/STM32F4xx_HAL_Driver/Src/stm32f4xx_hal_cortex.c.obj
LOAD CMakeFiles/ZJA003_Project.elf.dir/Drivers/STM32F4xx_HAL_Driver/Src/stm32f4xx_hal_crc.c.obj
LOAD CMakeFiles/ZJA003_Project.elf.dir/Drivers/STM32F4xx_HAL_Driver/Src/stm32f4xx_hal_dma.c.obj
LOAD CMakeFiles/ZJA003_Project.elf.dir/Drivers/STM32F4xx_HAL_Driver/Src/stm32f4xx_hal_dma_ex.c.obj
LOAD CMakeFiles/ZJA003_Project.elf.dir/Drivers/STM32F4xx_HAL_Driver/Src/stm32f4xx_hal_exti.c.obj
LOAD CMakeFiles/ZJA003_Project.elf.dir/Drivers/STM32F4xx_HAL_Driver/Src/stm32f4xx_hal_flash.c.obj
LOAD CMakeFiles/ZJA003_Project.elf.dir/Drivers/STM32F4xx_HAL_Driver/Src/stm32f4xx_hal_flash_ex.c.obj
LOAD CMakeFiles/ZJA003_Project.elf.dir/Drivers/STM32F4xx_HAL_Driver/Src/stm32f4xx_hal_flash_ramfunc.c.obj
LOAD CMakeFiles/ZJA003_Project.elf.dir/Drivers/STM32F4xx_HAL_Driver/Src/stm32f4xx_hal_gpio.c.obj
LOAD CMakeFiles/ZJA003_Project.elf.dir/Drivers/STM32F4xx_HAL_Driver/Src/stm32f4xx_hal_pwr.c.obj
LOAD CMakeFiles/ZJA003_Project.elf.dir/Drivers/STM32F4xx_HAL_Driver/Src/stm32f4xx_hal_pwr_ex.c.obj
LOAD CMakeFiles/ZJA003_Project.elf.dir/Drivers/STM32F4xx_HAL_Driver/Src/stm32f4xx_hal_rcc.c.obj
LOAD CMakeFiles/ZJA003_Project.elf.dir/Drivers/STM32F4xx_HAL_Driver/Src/stm32f4xx_hal_rcc_ex.c.obj
LOAD CMakeFiles/ZJA003_Project.elf.dir/Drivers/STM32F4xx_HAL_Driver/Src/stm32f4xx_hal_sram.c.obj
LOAD CMakeFiles/ZJA003_Project.elf.dir/Drivers/STM32F4xx_HAL_Driver/Src/stm32f4xx_hal_tim.c.obj
LOAD CMakeFiles/ZJA003_Project.elf.dir/Drivers/STM32F4xx_HAL_Driver/Src/stm32f4xx_hal_tim_ex.c.obj
LOAD CMakeFiles/ZJA003_Project.elf.dir/Drivers/STM32F4xx_HAL_Driver/Src/stm32f4xx_hal_uart.c.obj
LOAD CMakeFiles/ZJA003_Project.elf.dir/Drivers/STM32F4xx_HAL_Driver/Src/stm32f4xx_ll_fsmc.c.obj
LOAD CMakeFiles/ZJA003_Project.elf.dir/STemWin_544/Config/GUIConf.c.obj
LOAD CMakeFiles/ZJA003_Project.elf.dir/STemWin_544/Config/GUIDRV_Template.c.obj
LOAD CMakeFiles/ZJA003_Project.elf.dir/STemWin_544/Config/GUI_X_Touch_Analog.c.obj
LOAD CMakeFiles/ZJA003_Project.elf.dir/STemWin_544/Config/LCDConf_FlexColor_Template.c.obj
LOAD CMakeFiles/ZJA003_Project.elf.dir/STemWin_544/OS/GUI_X.c.obj
LOAD CMakeFiles/ZJA003_Project.elf.dir/Src/24CXX/24cxx.c.obj
LOAD CMakeFiles/ZJA003_Project.elf.dir/Src/24CXX/myiic.c.obj
LOAD CMakeFiles/ZJA003_Project.elf.dir/Src/FFT/FFT.c.obj
LOAD CMakeFiles/ZJA003_Project.elf.dir/Src/LCD/ILI93xx.c.obj
LOAD CMakeFiles/ZJA003_Project.elf.dir/Src/ParallelCommunication/ParallelCommunication.c.obj
LOAD CMakeFiles/ZJA003_Project.elf.dir/Src/TOUCH/ctiic.c.obj
LOAD CMakeFiles/ZJA003_Project.elf.dir/Src/TOUCH/gt9147.c.obj
LOAD CMakeFiles/ZJA003_Project.elf.dir/Src/TOUCH/touch.c.obj
LOAD CMakeFiles/ZJA003_Project.elf.dir/Src/User/delay.c.obj
LOAD CMakeFiles/ZJA003_Project.elf.dir/Src/User/emwinDemo.c.obj
LOAD CMakeFiles/ZJA003_Project.elf.dir/Src/User/retarget.c.obj
LOAD CMakeFiles/ZJA003_Project.elf.dir/Src/crc.c.obj
LOAD CMakeFiles/ZJA003_Project.elf.dir/Src/fsmc.c.obj
LOAD CMakeFiles/ZJA003_Project.elf.dir/Src/gpio.c.obj
LOAD CMakeFiles/ZJA003_Project.elf.dir/Src/main.c.obj
LOAD CMakeFiles/ZJA003_Project.elf.dir/Src/stm32f4xx_hal_msp.c.obj
LOAD CMakeFiles/ZJA003_Project.elf.dir/Src/stm32f4xx_it.c.obj
LOAD CMakeFiles/ZJA003_Project.elf.dir/Src/syscalls.c.obj
LOAD CMakeFiles/ZJA003_Project.elf.dir/Src/system_stm32f4xx.c.obj
LOAD CMakeFiles/ZJA003_Project.elf.dir/Src/tim.c.obj
LOAD CMakeFiles/ZJA003_Project.elf.dir/Src/usart.c.obj
LOAD CMakeFiles/ZJA003_Project.elf.dir/startup/startup_stm32f407xx.s.obj
LOAD D:\Projects\MCU\STM32HAL\STM32F4_CLion\ZJA003_Project\Drivers\CMSIS\Lib\GCC\libarm_cortexM4lf_math.a
LOAD D:\Projects\MCU\STM32HAL\STM32F4_CLion\ZJA003_Project\STemWin_544\Lib\libSTemWin_CM4_wc32.a
START GROUP
LOAD d:/program files (x86)/gnu arm embedded toolchain/9 2020-q2-update/bin/../lib/gcc/arm-none-eabi/9.3.1/thumb/v7e-m+fp/hard\libgcc.a
LOAD d:/program files (x86)/gnu arm embedded toolchain/9 2020-q2-update/bin/../lib/gcc/arm-none-eabi/9.3.1/../../../../arm-none-eabi/lib/thumb/v7e-m+fp/hard\libg.a
LOAD d:/program files (x86)/gnu arm embedded toolchain/9 2020-q2-update/bin/../lib/gcc/arm-none-eabi/9.3.1/../../../../arm-none-eabi/lib/thumb/v7e-m+fp/hard\libc.a
END GROUP
LOAD d:/program files (x86)/gnu arm embedded toolchain/9 2020-q2-update/bin/../lib/gcc/arm-none-eabi/9.3.1/thumb/v7e-m+fp/hard/crtend.o
LOAD d:/program files (x86)/gnu arm embedded toolchain/9 2020-q2-update/bin/../lib/gcc/arm-none-eabi/9.3.1/thumb/v7e-m+fp/hard/crtn.o
                0x20020000                _estack = 0x20020000
                0x00000200                _Min_Heap_Size = 0x200
                0x00000400                _Min_Stack_Size = 0x400

.isr_vector     0x08000000      0x188
                0x08000000                . = ALIGN (0x4)
 *(.isr_vector)
 .isr_vector    0x08000000      0x188 CMakeFiles/ZJA003_Project.elf.dir/startup/startup_stm32f407xx.s.obj
                0x08000000                g_pfnVectors
                0x08000188                . = ALIGN (0x4)

.text           0x080001c0    0x213bc
                0x080001c0                . = ALIGN (0x4)
 *(.text)
 .text          0x080001c0       0x40 d:/program files (x86)/gnu arm embedded toolchain/9 2020-q2-update/bin/../lib/gcc/arm-none-eabi/9.3.1/thumb/v7e-m+fp/hard/crtbegin.o
 .text          0x08000200      0x378 d:/program files (x86)/gnu arm embedded toolchain/9 2020-q2-update/bin/../lib/gcc/arm-none-eabi/9.3.1/thumb/v7e-m+fp/hard\libgcc.a(_arm_addsubdf3.o)
                0x08000200                __aeabi_drsub
                0x08000208                __aeabi_dsub
                0x08000208                __subdf3
                0x0800020c                __aeabi_dadd
                0x0800020c                __adddf3
                0x08000484                __floatunsidf
                0x08000484                __aeabi_ui2d
                0x080004a4                __floatsidf
                0x080004a4                __aeabi_i2d
                0x080004c8                __aeabi_f2d
                0x080004c8                __extendsfdf2
                0x0800050c                __floatundidf
                0x0800050c                __aeabi_ul2d
                0x0800051c                __floatdidf
                0x0800051c                __aeabi_l2d
 .text          0x08000578      0x424 d:/program files (x86)/gnu arm embedded toolchain/9 2020-q2-update/bin/../lib/gcc/arm-none-eabi/9.3.1/thumb/v7e-m+fp/hard\libgcc.a(_arm_muldivdf3.o)
                0x08000578                __aeabi_dmul
                0x08000578                __muldf3
                0x080007cc                __divdf3
                0x080007cc                __aeabi_ddiv
 .text          0x0800099c      0x110 d:/program files (x86)/gnu arm embedded toolchain/9 2020-q2-update/bin/../lib/gcc/arm-none-eabi/9.3.1/thumb/v7e-m+fp/hard\libgcc.a(_arm_cmpdf2.o)
                0x0800099c                __gtdf2
                0x0800099c                __gedf2
                0x080009a4                __ltdf2
                0x080009a4                __ledf2
                0x080009ac                __nedf2
                0x080009ac                __eqdf2
                0x080009ac                __cmpdf2
                0x08000a28                __aeabi_cdrcmple
                0x08000a38                __aeabi_cdcmpeq
                0x08000a38                __aeabi_cdcmple
                0x08000a48                __aeabi_dcmpeq
                0x08000a5c                __aeabi_dcmplt
                0x08000a70                __aeabi_dcmple
                0x08000a84                __aeabi_dcmpge
                0x08000a98                __aeabi_dcmpgt
 .text          0x08000aac       0x50 d:/program files (x86)/gnu arm embedded toolchain/9 2020-q2-update/bin/../lib/gcc/arm-none-eabi/9.3.1/thumb/v7e-m+fp/hard\libgcc.a(_arm_fixdfsi.o)
                0x08000aac                __aeabi_d2iz
                0x08000aac                __fixdfsi
 .text          0x08000afc       0x40 d:/program files (x86)/gnu arm embedded toolchain/9 2020-q2-update/bin/../lib/gcc/arm-none-eabi/9.3.1/thumb/v7e-m+fp/hard\libgcc.a(_arm_fixunsdfsi.o)
                0x08000afc                __aeabi_d2uiz
                0x08000afc                __fixunsdfsi
 .text          0x08000b3c       0xa0 d:/program files (x86)/gnu arm embedded toolchain/9 2020-q2-update/bin/../lib/gcc/arm-none-eabi/9.3.1/thumb/v7e-m+fp/hard\libgcc.a(_arm_truncdfsf2.o)
                0x08000b3c                __truncdfsf2
                0x08000b3c                __aeabi_d2f
 .text          0x08000bdc       0x30 d:/program files (x86)/gnu arm embedded toolchain/9 2020-q2-update/bin/../lib/gcc/arm-none-eabi/9.3.1/thumb/v7e-m+fp/hard\libgcc.a(_aeabi_uldivmod.o)
                0x08000bdc                __aeabi_uldivmod
 .text          0x08000c0c      0x2c4 d:/program files (x86)/gnu arm embedded toolchain/9 2020-q2-update/bin/../lib/gcc/arm-none-eabi/9.3.1/thumb/v7e-m+fp/hard\libgcc.a(_udivmoddi4.o)
                0x08000c0c                __udivmoddi4
 .text          0x08000ed0        0x4 d:/program files (x86)/gnu arm embedded toolchain/9 2020-q2-update/bin/../lib/gcc/arm-none-eabi/9.3.1/thumb/v7e-m+fp/hard\libgcc.a(_dvmd_tls.o)
                0x08000ed0                __aeabi_idiv0
                0x08000ed0                __aeabi_ldiv0
 .text          0x08000ed4      0x134 d:/program files (x86)/gnu arm embedded toolchain/9 2020-q2-update/bin/../lib/gcc/arm-none-eabi/9.3.1/../../../../arm-none-eabi/lib/thumb/v7e-m+fp/hard\libg.a(lib_a-memcpy.o)
                0x08000ed4                memcpy
 *fill*         0x08001008       0x18 
 .text          0x08001020      0x2dc d:/program files (x86)/gnu arm embedded toolchain/9 2020-q2-update/bin/../lib/gcc/arm-none-eabi/9.3.1/../../../../arm-none-eabi/lib/thumb/v7e-m+fp/hard\libg.a(lib_a-strcmp.o)
                0x08001028                strcmp
 *fill*         0x080012fc        0x4 
 .text          0x08001300       0xdc d:/program files (x86)/gnu arm embedded toolchain/9 2020-q2-update/bin/../lib/gcc/arm-none-eabi/9.3.1/../../../../arm-none-eabi/lib/thumb/v7e-m+fp/hard\libg.a(lib_a-strlen.o)
                0x08001300                strlen
 *fill*         0x080013dc        0x4 
 .text          0x080013e0       0xa0 d:/program files (x86)/gnu arm embedded toolchain/9 2020-q2-update/bin/../lib/gcc/arm-none-eabi/9.3.1/../../../../arm-none-eabi/lib/thumb/v7e-m+fp/hard\libg.a(lib_a-memchr.o)
                0x080013e0                memchr
 .text          0x08001480       0x2c d:/program files (x86)/gnu arm embedded toolchain/9 2020-q2-update/bin/../lib/gcc/arm-none-eabi/9.3.1/thumb/v7e-m+fp/hard\libgcc.a(_arm_unorddf2.o)
                0x08001480                __unorddf2
                0x08001480                __aeabi_dcmpun
 *(.text*)
 .text.HAL_InitTick
                0x080014ac       0x4c CMakeFiles/ZJA003_Project.elf.dir/Drivers/STM32F4xx_HAL_Driver/Src/stm32f4xx_hal.c.obj
                0x080014ac                HAL_InitTick
 .text.HAL_Init
                0x080014f8       0x34 CMakeFiles/ZJA003_Project.elf.dir/Drivers/STM32F4xx_HAL_Driver/Src/stm32f4xx_hal.c.obj
                0x080014f8                HAL_Init
 .text.HAL_IncTick
                0x0800152c       0x18 CMakeFiles/ZJA003_Project.elf.dir/Drivers/STM32F4xx_HAL_Driver/Src/stm32f4xx_hal.c.obj
                0x0800152c                HAL_IncTick
 .text.HAL_GetTick
                0x08001544        0xc CMakeFiles/ZJA003_Project.elf.dir/Drivers/STM32F4xx_HAL_Driver/Src/stm32f4xx_hal.c.obj
                0x08001544                HAL_GetTick
 .text.HAL_Delay
                0x08001550       0x28 CMakeFiles/ZJA003_Project.elf.dir/Drivers/STM32F4xx_HAL_Driver/Src/stm32f4xx_hal.c.obj
                0x08001550                HAL_Delay
 .text.HAL_NVIC_SetPriorityGrouping
                0x08001578       0x24 CMakeFiles/ZJA003_Project.elf.dir/Drivers/STM32F4xx_HAL_Driver/Src/stm32f4xx_hal_cortex.c.obj
                0x08001578                HAL_NVIC_SetPriorityGrouping
 .text.HAL_NVIC_SetPriority
                0x0800159c       0x68 CMakeFiles/ZJA003_Project.elf.dir/Drivers/STM32F4xx_HAL_Driver/Src/stm32f4xx_hal_cortex.c.obj
                0x0800159c                HAL_NVIC_SetPriority
 .text.HAL_NVIC_EnableIRQ
                0x08001604       0x1c CMakeFiles/ZJA003_Project.elf.dir/Drivers/STM32F4xx_HAL_Driver/Src/stm32f4xx_hal_cortex.c.obj
                0x08001604                HAL_NVIC_EnableIRQ
 .text.HAL_SYSTICK_Config
                0x08001620       0x2c CMakeFiles/ZJA003_Project.elf.dir/Drivers/STM32F4xx_HAL_Driver/Src/stm32f4xx_hal_cortex.c.obj
                0x08001620                HAL_SYSTICK_Config
 .text.HAL_CRC_Init
                0x0800164c       0x1e CMakeFiles/ZJA003_Project.elf.dir/Drivers/STM32F4xx_HAL_Driver/Src/stm32f4xx_hal_crc.c.obj
                0x0800164c                HAL_CRC_Init
 *fill*         0x0800166a        0x2 
 .text.HAL_GPIO_Init
                0x0800166c      0x1cc CMakeFiles/ZJA003_Project.elf.dir/Drivers/STM32F4xx_HAL_Driver/Src/stm32f4xx_hal_gpio.c.obj
                0x0800166c                HAL_GPIO_Init
 .text.HAL_GPIO_ReadPin
                0x08001838        0xe CMakeFiles/ZJA003_Project.elf.dir/Drivers/STM32F4xx_HAL_Driver/Src/stm32f4xx_hal_gpio.c.obj
                0x08001838                HAL_GPIO_ReadPin
 .text.HAL_GPIO_WritePin
                0x08001846        0xc CMakeFiles/ZJA003_Project.elf.dir/Drivers/STM32F4xx_HAL_Driver/Src/stm32f4xx_hal_gpio.c.obj
                0x08001846                HAL_GPIO_WritePin
 .text.HAL_GPIO_TogglePin
                0x08001852       0x12 CMakeFiles/ZJA003_Project.elf.dir/Drivers/STM32F4xx_HAL_Driver/Src/stm32f4xx_hal_gpio.c.obj
                0x08001852                HAL_GPIO_TogglePin
 .text.HAL_RCC_OscConfig
                0x08001864      0x3ec CMakeFiles/ZJA003_Project.elf.dir/Drivers/STM32F4xx_HAL_Driver/Src/stm32f4xx_hal_rcc.c.obj
                0x08001864                HAL_RCC_OscConfig
 .text.HAL_RCC_GetSysClockFreq
                0x08001c50       0xcc CMakeFiles/ZJA003_Project.elf.dir/Drivers/STM32F4xx_HAL_Driver/Src/stm32f4xx_hal_rcc.c.obj
                0x08001c50                HAL_RCC_GetSysClockFreq
 .text.HAL_RCC_ClockConfig
                0x08001d1c      0x160 CMakeFiles/ZJA003_Project.elf.dir/Drivers/STM32F4xx_HAL_Driver/Src/stm32f4xx_hal_rcc.c.obj
                0x08001d1c                HAL_RCC_ClockConfig
 .text.HAL_RCC_GetHCLKFreq
                0x08001e7c        0xc CMakeFiles/ZJA003_Project.elf.dir/Drivers/STM32F4xx_HAL_Driver/Src/stm32f4xx_hal_rcc.c.obj
                0x08001e7c                HAL_RCC_GetHCLKFreq
 .text.HAL_RCC_GetPCLK1Freq
                0x08001e88       0x20 CMakeFiles/ZJA003_Project.elf.dir/Drivers/STM32F4xx_HAL_Driver/Src/stm32f4xx_hal_rcc.c.obj
                0x08001e88                HAL_RCC_GetPCLK1Freq
 .text.HAL_RCC_GetPCLK2Freq
                0x08001ea8       0x20 CMakeFiles/ZJA003_Project.elf.dir/Drivers/STM32F4xx_HAL_Driver/Src/stm32f4xx_hal_rcc.c.obj
                0x08001ea8                HAL_RCC_GetPCLK2Freq
 .text.HAL_SRAM_Init
                0x08001ec8       0x52 CMakeFiles/ZJA003_Project.elf.dir/Drivers/STM32F4xx_HAL_Driver/Src/stm32f4xx_hal_sram.c.obj
                0x08001ec8                HAL_SRAM_Init
 .text.TIM_TI1_ConfigInputStage
                0x08001f1a       0x24 CMakeFiles/ZJA003_Project.elf.dir/Drivers/STM32F4xx_HAL_Driver/Src/stm32f4xx_hal_tim.c.obj
 .text.TIM_TI2_ConfigInputStage
                0x08001f3e       0x26 CMakeFiles/ZJA003_Project.elf.dir/Drivers/STM32F4xx_HAL_Driver/Src/stm32f4xx_hal_tim.c.obj
 .text.TIM_ITRx_SetConfig
                0x08001f64       0x10 CMakeFiles/ZJA003_Project.elf.dir/Drivers/STM32F4xx_HAL_Driver/Src/stm32f4xx_hal_tim.c.obj
 .text.HAL_TIM_Base_Start_IT
                0x08001f74       0x22 CMakeFiles/ZJA003_Project.elf.dir/Drivers/STM32F4xx_HAL_Driver/Src/stm32f4xx_hal_tim.c.obj
                0x08001f74                HAL_TIM_Base_Start_IT
 .text.HAL_TIM_OC_DelayElapsedCallback
                0x08001f96        0x2 CMakeFiles/ZJA003_Project.elf.dir/Drivers/STM32F4xx_HAL_Driver/Src/stm32f4xx_hal_tim.c.obj
                0x08001f96                HAL_TIM_OC_DelayElapsedCallback
 .text.HAL_TIM_IC_CaptureCallback
                0x08001f98        0x2 CMakeFiles/ZJA003_Project.elf.dir/Drivers/STM32F4xx_HAL_Driver/Src/stm32f4xx_hal_tim.c.obj
                0x08001f98                HAL_TIM_IC_CaptureCallback
 .text.HAL_TIM_PWM_PulseFinishedCallback
                0x08001f9a        0x2 CMakeFiles/ZJA003_Project.elf.dir/Drivers/STM32F4xx_HAL_Driver/Src/stm32f4xx_hal_tim.c.obj
                0x08001f9a                HAL_TIM_PWM_PulseFinishedCallback
 .text.HAL_TIM_TriggerCallback
                0x08001f9c        0x2 CMakeFiles/ZJA003_Project.elf.dir/Drivers/STM32F4xx_HAL_Driver/Src/stm32f4xx_hal_tim.c.obj
                0x08001f9c                HAL_TIM_TriggerCallback
 .text.HAL_TIM_IRQHandler
                0x08001f9e      0x17a CMakeFiles/ZJA003_Project.elf.dir/Drivers/STM32F4xx_HAL_Driver/Src/stm32f4xx_hal_tim.c.obj
                0x08001f9e                HAL_TIM_IRQHandler
 .text.TIM_Base_SetConfig
                0x08002118       0xc8 CMakeFiles/ZJA003_Project.elf.dir/Drivers/STM32F4xx_HAL_Driver/Src/stm32f4xx_hal_tim.c.obj
                0x08002118                TIM_Base_SetConfig
 .text.HAL_TIM_Base_Init
                0x080021e0       0x34 CMakeFiles/ZJA003_Project.elf.dir/Drivers/STM32F4xx_HAL_Driver/Src/stm32f4xx_hal_tim.c.obj
                0x080021e0                HAL_TIM_Base_Init
 .text.TIM_ETR_SetConfig
                0x08002214       0x18 CMakeFiles/ZJA003_Project.elf.dir/Drivers/STM32F4xx_HAL_Driver/Src/stm32f4xx_hal_tim.c.obj
                0x08002214                TIM_ETR_SetConfig
 .text.HAL_TIM_ConfigClockSource
                0x0800222c       0xda CMakeFiles/ZJA003_Project.elf.dir/Drivers/STM32F4xx_HAL_Driver/Src/stm32f4xx_hal_tim.c.obj
                0x0800222c                HAL_TIM_ConfigClockSource
 *fill*         0x08002306        0x2 
 .text.HAL_TIMEx_MasterConfigSynchronization
                0x08002308       0x88 CMakeFiles/ZJA003_Project.elf.dir/Drivers/STM32F4xx_HAL_Driver/Src/stm32f4xx_hal_tim_ex.c.obj
                0x08002308                HAL_TIMEx_MasterConfigSynchronization
 .text.HAL_TIMEx_CommutCallback
                0x08002390        0x2 CMakeFiles/ZJA003_Project.elf.dir/Drivers/STM32F4xx_HAL_Driver/Src/stm32f4xx_hal_tim_ex.c.obj
                0x08002390                HAL_TIMEx_CommutCallback
 .text.HAL_TIMEx_BreakCallback
                0x08002392        0x2 CMakeFiles/ZJA003_Project.elf.dir/Drivers/STM32F4xx_HAL_Driver/Src/stm32f4xx_hal_tim_ex.c.obj
                0x08002392                HAL_TIMEx_BreakCallback
 .text.UART_SetConfig
                0x08002394      0x1e8 CMakeFiles/ZJA003_Project.elf.dir/Drivers/STM32F4xx_HAL_Driver/Src/stm32f4xx_hal_uart.c.obj
 .text.UART_WaitOnFlagUntilTimeout
                0x0800257c       0x68 CMakeFiles/ZJA003_Project.elf.dir/Drivers/STM32F4xx_HAL_Driver/Src/stm32f4xx_hal_uart.c.obj
 .text.HAL_UART_Init
                0x080025e4       0x5e CMakeFiles/ZJA003_Project.elf.dir/Drivers/STM32F4xx_HAL_Driver/Src/stm32f4xx_hal_uart.c.obj
                0x080025e4                HAL_UART_Init
 .text.HAL_UART_Transmit
                0x08002642       0xe2 CMakeFiles/ZJA003_Project.elf.dir/Drivers/STM32F4xx_HAL_Driver/Src/stm32f4xx_hal_uart.c.obj
                0x08002642                HAL_UART_Transmit
 .text.HAL_UART_Receive
                0x08002724       0xea CMakeFiles/ZJA003_Project.elf.dir/Drivers/STM32F4xx_HAL_Driver/Src/stm32f4xx_hal_uart.c.obj
                0x08002724                HAL_UART_Receive
 *fill*         0x0800280e        0x2 
 .text.FSMC_NORSRAM_Init
                0x08002810       0x5c CMakeFiles/ZJA003_Project.elf.dir/Drivers/STM32F4xx_HAL_Driver/Src/stm32f4xx_ll_fsmc.c.obj
                0x08002810                FSMC_NORSRAM_Init
 .text.FSMC_NORSRAM_Timing_Init
                0x0800286c       0x40 CMakeFiles/ZJA003_Project.elf.dir/Drivers/STM32F4xx_HAL_Driver/Src/stm32f4xx_ll_fsmc.c.obj
                0x0800286c                FSMC_NORSRAM_Timing_Init
 .text.FSMC_NORSRAM_Extended_Timing_Init
                0x080028ac       0x44 CMakeFiles/ZJA003_Project.elf.dir/Drivers/STM32F4xx_HAL_Driver/Src/stm32f4xx_ll_fsmc.c.obj
                0x080028ac                FSMC_NORSRAM_Extended_Timing_Init
 .text.GUI_X_Config
                0x080028f0       0x24 CMakeFiles/ZJA003_Project.elf.dir/STemWin_544/Config/GUIConf.c.obj
                0x080028f0                GUI_X_Config
 .text._GetDevProp
                0x08002914       0x3c CMakeFiles/ZJA003_Project.elf.dir/STemWin_544/Config/GUIDRV_Template.c.obj
 .text._GetDevData
                0x08002950       0x10 CMakeFiles/ZJA003_Project.elf.dir/STemWin_544/Config/GUIDRV_Template.c.obj
 .text._GetRect
                0x08002960       0x16 CMakeFiles/ZJA003_Project.elf.dir/STemWin_544/Config/GUIDRV_Template.c.obj
 *fill*         0x08002976        0x2 
 .text._GetDevFunc
                0x08002978       0x50 CMakeFiles/ZJA003_Project.elf.dir/STemWin_544/Config/GUIDRV_Template.c.obj
 .text._SetLUTEntry
                0x080029c8       0x24 CMakeFiles/ZJA003_Project.elf.dir/STemWin_544/Config/GUIDRV_Template.c.obj
 .text._Off     0x080029ec        0xe CMakeFiles/ZJA003_Project.elf.dir/STemWin_544/Config/GUIDRV_Template.c.obj
 .text._On      0x080029fa        0xe CMakeFiles/ZJA003_Project.elf.dir/STemWin_544/Config/GUIDRV_Template.c.obj
 .text._SetOrg  0x08002a08       0x18 CMakeFiles/ZJA003_Project.elf.dir/STemWin_544/Config/GUIDRV_Template.c.obj
 .text._InitOnce
                0x08002a20       0x2a CMakeFiles/ZJA003_Project.elf.dir/STemWin_544/Config/GUIDRV_Template.c.obj
 .text._Init    0x08002a4a       0x18 CMakeFiles/ZJA003_Project.elf.dir/STemWin_544/Config/GUIDRV_Template.c.obj
 .text._SetSize
                0x08002a62       0x36 CMakeFiles/ZJA003_Project.elf.dir/STemWin_544/Config/GUIDRV_Template.c.obj
 .text._SetVSize
                0x08002a98       0x18 CMakeFiles/ZJA003_Project.elf.dir/STemWin_544/Config/GUIDRV_Template.c.obj
 .text._SetVRAMAddr
                0x08002ab0       0x26 CMakeFiles/ZJA003_Project.elf.dir/STemWin_544/Config/GUIDRV_Template.c.obj
 .text._SetPixelIndex
                0x08002ad6       0x12 CMakeFiles/ZJA003_Project.elf.dir/STemWin_544/Config/GUIDRV_Template.c.obj
 .text._DrawBitLine2BPP
                0x08002ae8      0x120 CMakeFiles/ZJA003_Project.elf.dir/STemWin_544/Config/GUIDRV_Template.c.obj
 .text._DrawBitLine4BPP
                0x08002c08      0x120 CMakeFiles/ZJA003_Project.elf.dir/STemWin_544/Config/GUIDRV_Template.c.obj
 .text._DrawBitLine8BPP
                0x08002d28       0xac CMakeFiles/ZJA003_Project.elf.dir/STemWin_544/Config/GUIDRV_Template.c.obj
 .text._DrawBitLine32BPP
                0x08002dd4       0x2a CMakeFiles/ZJA003_Project.elf.dir/STemWin_544/Config/GUIDRV_Template.c.obj
 .text._GetPixelIndex
                0x08002dfe        0xe CMakeFiles/ZJA003_Project.elf.dir/STemWin_544/Config/GUIDRV_Template.c.obj
 .text._XorPixel
                0x08002e0c       0x24 CMakeFiles/ZJA003_Project.elf.dir/STemWin_544/Config/GUIDRV_Template.c.obj
 .text._DrawBitLine1BPP
                0x08002e30       0xd0 CMakeFiles/ZJA003_Project.elf.dir/STemWin_544/Config/GUIDRV_Template.c.obj
 .text._FillRect
                0x08002f00       0x2c CMakeFiles/ZJA003_Project.elf.dir/STemWin_544/Config/GUIDRV_Template.c.obj
 .text._DrawVLine
                0x08002f2c       0x12 CMakeFiles/ZJA003_Project.elf.dir/STemWin_544/Config/GUIDRV_Template.c.obj
 .text._DrawHLine
                0x08002f3e       0x10 CMakeFiles/ZJA003_Project.elf.dir/STemWin_544/Config/GUIDRV_Template.c.obj
 *fill*         0x08002f4e        0x2 
 .text._DrawBitLine16BPP
                0x08002f50       0x3c CMakeFiles/ZJA003_Project.elf.dir/STemWin_544/Config/GUIDRV_Template.c.obj
 .text._DrawBitmap
                0x08002f8c      0x154 CMakeFiles/ZJA003_Project.elf.dir/STemWin_544/Config/GUIDRV_Template.c.obj
 .text.GUI_TOUCH_X_ActivateX
                0x080030e0        0x2 CMakeFiles/ZJA003_Project.elf.dir/STemWin_544/Config/GUI_X_Touch_Analog.c.obj
                0x080030e0                GUI_TOUCH_X_ActivateX
 .text.GUI_TOUCH_X_ActivateY
                0x080030e2        0x2 CMakeFiles/ZJA003_Project.elf.dir/STemWin_544/Config/GUI_X_Touch_Analog.c.obj
                0x080030e2                GUI_TOUCH_X_ActivateY
 .text.GUI_TOUCH_X_MeasureX
                0x080030e4       0x34 CMakeFiles/ZJA003_Project.elf.dir/STemWin_544/Config/GUI_X_Touch_Analog.c.obj
                0x080030e4                GUI_TOUCH_X_MeasureX
 .text.GUI_TOUCH_X_MeasureY
                0x08003118       0x34 CMakeFiles/ZJA003_Project.elf.dir/STemWin_544/Config/GUI_X_Touch_Analog.c.obj
                0x08003118                GUI_TOUCH_X_MeasureY
 .text.LCD_X_Config
                0x0800314c      0x1c8 CMakeFiles/ZJA003_Project.elf.dir/STemWin_544/Config/LCDConf_FlexColor_Template.c.obj
                0x0800314c                LCD_X_Config
 .text.LCD_X_DisplayDriver
                0x08003314        0xe CMakeFiles/ZJA003_Project.elf.dir/STemWin_544/Config/LCDConf_FlexColor_Template.c.obj
                0x08003314                LCD_X_DisplayDriver
 *fill*         0x08003322        0x2 
 .text.GUI_X_GetTime
                0x08003324        0xc CMakeFiles/ZJA003_Project.elf.dir/STemWin_544/OS/GUI_X.c.obj
                0x08003324                GUI_X_GetTime
 .text.GUI_X_Delay
                0x08003330       0x18 CMakeFiles/ZJA003_Project.elf.dir/STemWin_544/OS/GUI_X.c.obj
                0x08003330                GUI_X_Delay
 .text.GUI_X_Init
                0x08003348        0x2 CMakeFiles/ZJA003_Project.elf.dir/STemWin_544/OS/GUI_X.c.obj
                0x08003348                GUI_X_Init
 .text.AT24CXX_ReadOneByte
                0x0800334a       0x44 CMakeFiles/ZJA003_Project.elf.dir/Src/24CXX/24cxx.c.obj
                0x0800334a                AT24CXX_ReadOneByte
 .text.AT24CXX_WriteOneByte
                0x0800338e       0x3e CMakeFiles/ZJA003_Project.elf.dir/Src/24CXX/24cxx.c.obj
                0x0800338e                AT24CXX_WriteOneByte
 .text.AT24CXX_WriteLenByte
                0x080033cc       0x26 CMakeFiles/ZJA003_Project.elf.dir/Src/24CXX/24cxx.c.obj
                0x080033cc                AT24CXX_WriteLenByte
 .text.AT24CXX_ReadLenByte
                0x080033f2       0x2a CMakeFiles/ZJA003_Project.elf.dir/Src/24CXX/24cxx.c.obj
                0x080033f2                AT24CXX_ReadLenByte
 .text.IIC_Start
                0x0800341c       0x58 CMakeFiles/ZJA003_Project.elf.dir/Src/24CXX/myiic.c.obj
                0x0800341c                IIC_Start
 .text.IIC_Stop
                0x08003474       0x58 CMakeFiles/ZJA003_Project.elf.dir/Src/24CXX/myiic.c.obj
                0x08003474                IIC_Stop
 .text.IIC_Wait_Ack
                0x080034cc       0x70 CMakeFiles/ZJA003_Project.elf.dir/Src/24CXX/myiic.c.obj
                0x080034cc                IIC_Wait_Ack
 .text.IIC_Ack  0x0800353c       0x58 CMakeFiles/ZJA003_Project.elf.dir/Src/24CXX/myiic.c.obj
                0x0800353c                IIC_Ack
 .text.IIC_NAck
                0x08003594       0x58 CMakeFiles/ZJA003_Project.elf.dir/Src/24CXX/myiic.c.obj
                0x08003594                IIC_NAck
 .text.IIC_Send_Byte
                0x080035ec       0x84 CMakeFiles/ZJA003_Project.elf.dir/Src/24CXX/myiic.c.obj
                0x080035ec                IIC_Send_Byte
 .text.IIC_Read_Byte
                0x08003670       0x74 CMakeFiles/ZJA003_Project.elf.dir/Src/24CXX/myiic.c.obj
                0x08003670                IIC_Read_Byte
 .text.FFT_Init
                0x080036e4       0x18 CMakeFiles/ZJA003_Project.elf.dir/Src/FFT/FFT.c.obj
                0x080036e4                FFT_Init
 .text.FFT_Process
                0x080036fc       0xf0 CMakeFiles/ZJA003_Project.elf.dir/Src/FFT/FFT.c.obj
                0x080036fc                FFT_Process
 .text.LCD_WR_REG
                0x080037ec       0x20 CMakeFiles/ZJA003_Project.elf.dir/Src/LCD/ILI93xx.c.obj
                0x080037ec                LCD_WR_REG
 .text.LCD_WR_DATA
                0x0800380c       0x20 CMakeFiles/ZJA003_Project.elf.dir/Src/LCD/ILI93xx.c.obj
                0x0800380c                LCD_WR_DATA
 .text.LCD_RD_DATA
                0x0800382c       0x18 CMakeFiles/ZJA003_Project.elf.dir/Src/LCD/ILI93xx.c.obj
                0x0800382c                LCD_RD_DATA
 .text.LCD_WriteReg
                0x08003844       0x20 CMakeFiles/ZJA003_Project.elf.dir/Src/LCD/ILI93xx.c.obj
                0x08003844                LCD_WriteReg
 .text.LCD_ReadReg
                0x08003864       0x22 CMakeFiles/ZJA003_Project.elf.dir/Src/LCD/ILI93xx.c.obj
                0x08003864                LCD_ReadReg
 *fill*         0x08003886        0x2 
 .text.LCD_WriteRAM_Prepare
                0x08003888       0x14 CMakeFiles/ZJA003_Project.elf.dir/Src/LCD/ILI93xx.c.obj
                0x08003888                LCD_WriteRAM_Prepare
 .text.LCD_BGR2RGB
                0x0800389c       0x16 CMakeFiles/ZJA003_Project.elf.dir/Src/LCD/ILI93xx.c.obj
                0x0800389c                LCD_BGR2RGB
 *fill*         0x080038b2        0x2 
 .text.LCD_SetCursor
                0x080038b4      0x190 CMakeFiles/ZJA003_Project.elf.dir/Src/LCD/ILI93xx.c.obj
                0x080038b4                LCD_SetCursor
 .text.LCD_ReadPoint
                0x08003a44      0x158 CMakeFiles/ZJA003_Project.elf.dir/Src/LCD/ILI93xx.c.obj
                0x08003a44                LCD_ReadPoint
 .text.LCD_Scan_Dir
                0x08003b9c      0x260 CMakeFiles/ZJA003_Project.elf.dir/Src/LCD/ILI93xx.c.obj
                0x08003b9c                LCD_Scan_Dir
 .text.LCD_DrawPoint
                0x08003dfc       0x1c CMakeFiles/ZJA003_Project.elf.dir/Src/LCD/ILI93xx.c.obj
                0x08003dfc                LCD_DrawPoint
 .text.LCD_Fast_DrawPoint
                0x08003e18      0x174 CMakeFiles/ZJA003_Project.elf.dir/Src/LCD/ILI93xx.c.obj
                0x08003e18                LCD_Fast_DrawPoint
 *fill*         0x08003f8c        0x4 
 .text.LCD_SSD_BackLightSet
                0x08003f90       0x50 CMakeFiles/ZJA003_Project.elf.dir/Src/LCD/ILI93xx.c.obj
                0x08003f90                LCD_SSD_BackLightSet
 .text.LCD_Display_Dir
                0x08003fe0      0x18c CMakeFiles/ZJA003_Project.elf.dir/Src/LCD/ILI93xx.c.obj
                0x08003fe0                LCD_Display_Dir
 .text.LCD_Clear
                0x0800416c       0x6c CMakeFiles/ZJA003_Project.elf.dir/Src/LCD/ILI93xx.c.obj
                0x0800416c                LCD_Clear
 .text.TFTLCD_Init
                0x080041d8     0x3624 CMakeFiles/ZJA003_Project.elf.dir/Src/LCD/ILI93xx.c.obj
                0x080041d8                TFTLCD_Init
 .text.LCD_Fill
                0x080077fc       0x9c CMakeFiles/ZJA003_Project.elf.dir/Src/LCD/ILI93xx.c.obj
                0x080077fc                LCD_Fill
 .text.LCD_DrawLine
                0x08007898       0x9e CMakeFiles/ZJA003_Project.elf.dir/Src/LCD/ILI93xx.c.obj
                0x08007898                LCD_DrawLine
 .text.LCD_Draw_Circle
                0x08007936       0xc6 CMakeFiles/ZJA003_Project.elf.dir/Src/LCD/ILI93xx.c.obj
                0x08007936                LCD_Draw_Circle
 .text.LCD_ShowChar
                0x080079fc       0xf8 CMakeFiles/ZJA003_Project.elf.dir/Src/LCD/ILI93xx.c.obj
                0x080079fc                LCD_ShowChar
 .text.LCD_Pow  0x08007af4       0x14 CMakeFiles/ZJA003_Project.elf.dir/Src/LCD/ILI93xx.c.obj
                0x08007af4                LCD_Pow
 .text.LCD_ShowNum
                0x08007b08       0x98 CMakeFiles/ZJA003_Project.elf.dir/Src/LCD/ILI93xx.c.obj
                0x08007b08                LCD_ShowNum
 .text.LCD_ShowString
                0x08007ba0       0x5a CMakeFiles/ZJA003_Project.elf.dir/Src/LCD/ILI93xx.c.obj
                0x08007ba0                LCD_ShowString
 *fill*         0x08007bfa        0x2 
 .text.ParallelReadData
                0x08007bfc      0x128 CMakeFiles/ZJA003_Project.elf.dir/Src/ParallelCommunication/ParallelCommunication.c.obj
 .text.getWaveData
                0x08007d24       0x58 CMakeFiles/ZJA003_Project.elf.dir/Src/ParallelCommunication/ParallelCommunication.c.obj
                0x08007d24                getWaveData
 .text.CT_Delay
                0x08007d7c        0xa CMakeFiles/ZJA003_Project.elf.dir/Src/TOUCH/ctiic.c.obj
                0x08007d7c                CT_Delay
 *fill*         0x08007d86        0x2 
 .text.CT_IIC_Start
                0x08007d88       0x58 CMakeFiles/ZJA003_Project.elf.dir/Src/TOUCH/ctiic.c.obj
                0x08007d88                CT_IIC_Start
 .text.CT_IIC_Stop
                0x08007de0       0x4c CMakeFiles/ZJA003_Project.elf.dir/Src/TOUCH/ctiic.c.obj
                0x08007de0                CT_IIC_Stop
 .text.CT_IIC_Wait_Ack
                0x08007e2c       0x6c CMakeFiles/ZJA003_Project.elf.dir/Src/TOUCH/ctiic.c.obj
                0x08007e2c                CT_IIC_Wait_Ack
 .text.CT_IIC_Ack
                0x08007e98       0x58 CMakeFiles/ZJA003_Project.elf.dir/Src/TOUCH/ctiic.c.obj
                0x08007e98                CT_IIC_Ack
 .text.CT_IIC_NAck
                0x08007ef0       0x54 CMakeFiles/ZJA003_Project.elf.dir/Src/TOUCH/ctiic.c.obj
                0x08007ef0                CT_IIC_NAck
 .text.CT_IIC_Send_Byte
                0x08007f44       0x7c CMakeFiles/ZJA003_Project.elf.dir/Src/TOUCH/ctiic.c.obj
                0x08007f44                CT_IIC_Send_Byte
 .text.CT_IIC_Read_Byte
                0x08007fc0       0x70 CMakeFiles/ZJA003_Project.elf.dir/Src/TOUCH/ctiic.c.obj
                0x08007fc0                CT_IIC_Read_Byte
 .text.GT9147_WR_Reg
                0x08008030       0x4e CMakeFiles/ZJA003_Project.elf.dir/Src/TOUCH/gt9147.c.obj
                0x08008030                GT9147_WR_Reg
 *fill*         0x0800807e        0x2 
 .text.GT9147_Send_Cfg
                0x08008080       0x54 CMakeFiles/ZJA003_Project.elf.dir/Src/TOUCH/gt9147.c.obj
                0x08008080                GT9147_Send_Cfg
 .text.GT9147_RD_Reg
                0x080080d4       0x58 CMakeFiles/ZJA003_Project.elf.dir/Src/TOUCH/gt9147.c.obj
                0x080080d4                GT9147_RD_Reg
 .text.GT9147_Init
                0x0800812c       0xf0 CMakeFiles/ZJA003_Project.elf.dir/Src/TOUCH/gt9147.c.obj
                0x0800812c                GT9147_Init
 .text.GT9147_Scan
                0x0800821c      0x1f0 CMakeFiles/ZJA003_Project.elf.dir/Src/TOUCH/gt9147.c.obj
                0x0800821c                GT9147_Scan
 .text.TP_Init  0x0800840c       0x48 CMakeFiles/ZJA003_Project.elf.dir/Src/TOUCH/touch.c.obj
                0x0800840c                TP_Init
 .text.TP_Write_Byte
                0x08008454       0x5c CMakeFiles/ZJA003_Project.elf.dir/Src/TOUCH/touch.c.obj
                0x08008454                TP_Write_Byte
 .text.TP_Read_AD
                0x080084b0       0xa4 CMakeFiles/ZJA003_Project.elf.dir/Src/TOUCH/touch.c.obj
                0x080084b0                TP_Read_AD
 .text.TP_Read_XOY
                0x08008554       0x98 CMakeFiles/ZJA003_Project.elf.dir/Src/TOUCH/touch.c.obj
                0x08008554                TP_Read_XOY
 .text.TP_Read_XY
                0x080085ec       0x28 CMakeFiles/ZJA003_Project.elf.dir/Src/TOUCH/touch.c.obj
                0x080085ec                TP_Read_XY
 .text.TP_Read_XY2
                0x08008614       0x8c CMakeFiles/ZJA003_Project.elf.dir/Src/TOUCH/touch.c.obj
                0x08008614                TP_Read_XY2
 .text.TP_Scan  0x080086a0       0xe4 CMakeFiles/ZJA003_Project.elf.dir/Src/TOUCH/touch.c.obj
                0x080086a0                TP_Scan
 .text.TP_Drow_Touch_Point
                0x08008784       0x78 CMakeFiles/ZJA003_Project.elf.dir/Src/TOUCH/touch.c.obj
                0x08008784                TP_Drow_Touch_Point
 .text.TP_Save_Adjdata
                0x080087fc       0x74 CMakeFiles/ZJA003_Project.elf.dir/Src/TOUCH/touch.c.obj
                0x080087fc                TP_Save_Adjdata
 .text.TP_Get_Adjdata
                0x08008870       0x9c CMakeFiles/ZJA003_Project.elf.dir/Src/TOUCH/touch.c.obj
                0x08008870                TP_Get_Adjdata
 .text.TP_Adj_Info_Show
                0x0800890c      0x178 CMakeFiles/ZJA003_Project.elf.dir/Src/TOUCH/touch.c.obj
                0x0800890c                TP_Adj_Info_Show
 *fill*         0x08008a84        0x4 
 .text.TP_Adjust
                0x08008a88      0x620 CMakeFiles/ZJA003_Project.elf.dir/Src/TOUCH/touch.c.obj
                0x08008a88                TP_Adjust
 .text.delay_us
                0x080090a8       0x3c CMakeFiles/ZJA003_Project.elf.dir/Src/User/delay.c.obj
                0x080090a8                delay_us
 .text._cbDialog
                0x080090e4      0xca8 CMakeFiles/ZJA003_Project.elf.dir/Src/User/emwinDemo.c.obj
 .text.CreateFramewin
                0x08009d8c       0x28 CMakeFiles/ZJA003_Project.elf.dir/Src/User/emwinDemo.c.obj
                0x08009d8c                CreateFramewin
 .text.emwinDemo
                0x08009db4       0x10 CMakeFiles/ZJA003_Project.elf.dir/Src/User/emwinDemo.c.obj
                0x08009db4                emwinDemo
 .text.RetargetInit
                0x08009dc4       0x20 CMakeFiles/ZJA003_Project.elf.dir/Src/User/retarget.c.obj
                0x08009dc4                RetargetInit
 .text._isatty  0x08009de4       0x16 CMakeFiles/ZJA003_Project.elf.dir/Src/User/retarget.c.obj
                0x08009de4                _isatty
 *fill*         0x08009dfa        0x2 
 .text._write   0x08009dfc       0x34 CMakeFiles/ZJA003_Project.elf.dir/Src/User/retarget.c.obj
                0x08009dfc                _write
 .text._close   0x08009e30       0x18 CMakeFiles/ZJA003_Project.elf.dir/Src/User/retarget.c.obj
                0x08009e30                _close
 .text._lseek   0x08009e48       0x10 CMakeFiles/ZJA003_Project.elf.dir/Src/User/retarget.c.obj
                0x08009e48                _lseek
 .text._read    0x08009e58       0x30 CMakeFiles/ZJA003_Project.elf.dir/Src/User/retarget.c.obj
                0x08009e58                _read
 .text._fstat   0x08009e88       0x1a CMakeFiles/ZJA003_Project.elf.dir/Src/User/retarget.c.obj
                0x08009e88                _fstat
 *fill*         0x08009ea2        0x2 
 .text.MX_CRC_Init
                0x08009ea4       0x20 CMakeFiles/ZJA003_Project.elf.dir/Src/crc.c.obj
                0x08009ea4                MX_CRC_Init
 .text.HAL_CRC_MspInit
                0x08009ec4       0x30 CMakeFiles/ZJA003_Project.elf.dir/Src/crc.c.obj
                0x08009ec4                HAL_CRC_MspInit
 .text.HAL_FSMC_MspInit
                0x08009ef4       0xa8 CMakeFiles/ZJA003_Project.elf.dir/Src/fsmc.c.obj
 .text.MX_FSMC_Init
                0x08009f9c       0x7c CMakeFiles/ZJA003_Project.elf.dir/Src/fsmc.c.obj
                0x08009f9c                MX_FSMC_Init
 .text.HAL_SRAM_MspInit
                0x0800a018        0x8 CMakeFiles/ZJA003_Project.elf.dir/Src/fsmc.c.obj
                0x0800a018                HAL_SRAM_MspInit
 .text.MX_GPIO_Init
                0x0800a020      0x254 CMakeFiles/ZJA003_Project.elf.dir/Src/gpio.c.obj
                0x0800a020                MX_GPIO_Init
 .text.SystemClock_Config
                0x0800a274       0x94 CMakeFiles/ZJA003_Project.elf.dir/Src/main.c.obj
                0x0800a274                SystemClock_Config
 .text.main     0x0800a308       0xa0 CMakeFiles/ZJA003_Project.elf.dir/Src/main.c.obj
                0x0800a308                main
 .text.Error_Handler
                0x0800a3a8        0x2 CMakeFiles/ZJA003_Project.elf.dir/Src/main.c.obj
                0x0800a3a8                Error_Handler
 *fill*         0x0800a3aa        0x2 
 .text.HAL_MspInit
                0x0800a3ac       0x38 CMakeFiles/ZJA003_Project.elf.dir/Src/stm32f4xx_hal_msp.c.obj
                0x0800a3ac                HAL_MspInit
 .text.NMI_Handler
                0x0800a3e4        0x2 CMakeFiles/ZJA003_Project.elf.dir/Src/stm32f4xx_it.c.obj
                0x0800a3e4                NMI_Handler
 .text.HardFault_Handler
                0x0800a3e6        0x2 CMakeFiles/ZJA003_Project.elf.dir/Src/stm32f4xx_it.c.obj
                0x0800a3e6                HardFault_Handler
 .text.MemManage_Handler
                0x0800a3e8        0x2 CMakeFiles/ZJA003_Project.elf.dir/Src/stm32f4xx_it.c.obj
                0x0800a3e8                MemManage_Handler
 .text.BusFault_Handler
                0x0800a3ea        0x2 CMakeFiles/ZJA003_Project.elf.dir/Src/stm32f4xx_it.c.obj
                0x0800a3ea                BusFault_Handler
 .text.UsageFault_Handler
                0x0800a3ec        0x2 CMakeFiles/ZJA003_Project.elf.dir/Src/stm32f4xx_it.c.obj
                0x0800a3ec                UsageFault_Handler
 .text.SVC_Handler
                0x0800a3ee        0x2 CMakeFiles/ZJA003_Project.elf.dir/Src/stm32f4xx_it.c.obj
                0x0800a3ee                SVC_Handler
 .text.DebugMon_Handler
                0x0800a3f0        0x2 CMakeFiles/ZJA003_Project.elf.dir/Src/stm32f4xx_it.c.obj
                0x0800a3f0                DebugMon_Handler
 .text.PendSV_Handler
                0x0800a3f2        0x2 CMakeFiles/ZJA003_Project.elf.dir/Src/stm32f4xx_it.c.obj
                0x0800a3f2                PendSV_Handler
 .text.SysTick_Handler
                0x0800a3f4        0x8 CMakeFiles/ZJA003_Project.elf.dir/Src/stm32f4xx_it.c.obj
                0x0800a3f4                SysTick_Handler
 .text.TIM3_IRQHandler
                0x0800a3fc       0x10 CMakeFiles/ZJA003_Project.elf.dir/Src/stm32f4xx_it.c.obj
                0x0800a3fc                TIM3_IRQHandler
 .text.TIM4_IRQHandler
                0x0800a40c       0x10 CMakeFiles/ZJA003_Project.elf.dir/Src/stm32f4xx_it.c.obj
                0x0800a40c                TIM4_IRQHandler
 .text.TIM5_IRQHandler
                0x0800a41c       0x10 CMakeFiles/ZJA003_Project.elf.dir/Src/stm32f4xx_it.c.obj
                0x0800a41c                TIM5_IRQHandler
 .text._getpid  0x0800a42c        0x4 CMakeFiles/ZJA003_Project.elf.dir/Src/syscalls.c.obj
                0x0800a42c                _getpid
 .text._kill    0x0800a430       0x10 CMakeFiles/ZJA003_Project.elf.dir/Src/syscalls.c.obj
                0x0800a430                _kill
 .text._exit    0x0800a440        0xc CMakeFiles/ZJA003_Project.elf.dir/Src/syscalls.c.obj
                0x0800a440                _exit
 .text._sbrk    0x0800a44c       0x3c CMakeFiles/ZJA003_Project.elf.dir/Src/syscalls.c.obj
                0x0800a44c                _sbrk
 .text.SystemInit
                0x0800a488       0x1c CMakeFiles/ZJA003_Project.elf.dir/Src/system_stm32f4xx.c.obj
                0x0800a488                SystemInit
 .text.MX_TIM3_Init
                0x0800a4a4       0x70 CMakeFiles/ZJA003_Project.elf.dir/Src/tim.c.obj
                0x0800a4a4                MX_TIM3_Init
 .text.MX_TIM4_Init
                0x0800a514       0x74 CMakeFiles/ZJA003_Project.elf.dir/Src/tim.c.obj
                0x0800a514                MX_TIM4_Init
 .text.MX_TIM5_Init
                0x0800a588       0x74 CMakeFiles/ZJA003_Project.elf.dir/Src/tim.c.obj
                0x0800a588                MX_TIM5_Init
 .text.MX_TIM6_Init
                0x0800a5fc       0x50 CMakeFiles/ZJA003_Project.elf.dir/Src/tim.c.obj
                0x0800a5fc                MX_TIM6_Init
 .text.HAL_TIM_Base_MspInit
                0x0800a64c       0xcc CMakeFiles/ZJA003_Project.elf.dir/Src/tim.c.obj
                0x0800a64c                HAL_TIM_Base_MspInit
 .text.HAL_TIM_PeriodElapsedCallback
                0x0800a718       0x60 CMakeFiles/ZJA003_Project.elf.dir/Src/tim.c.obj
                0x0800a718                HAL_TIM_PeriodElapsedCallback
 .text.MX_USART1_UART_Init
                0x0800a778       0x34 CMakeFiles/ZJA003_Project.elf.dir/Src/usart.c.obj
                0x0800a778                MX_USART1_UART_Init
 .text.HAL_UART_MspInit
                0x0800a7ac       0x74 CMakeFiles/ZJA003_Project.elf.dir/Src/usart.c.obj
                0x0800a7ac                HAL_UART_MspInit
 .text.Reset_Handler
                0x0800a820       0x50 CMakeFiles/ZJA003_Project.elf.dir/startup/startup_stm32f407xx.s.obj
                0x0800a820                Reset_Handler
 .text.Default_Handler
                0x0800a870        0x2 CMakeFiles/ZJA003_Project.elf.dir/startup/startup_stm32f407xx.s.obj
                0x0800a870                RTC_Alarm_IRQHandler
                0x0800a870                HASH_RNG_IRQHandler
                0x0800a870                EXTI2_IRQHandler
                0x0800a870                TIM8_CC_IRQHandler
                0x0800a870                TIM1_CC_IRQHandler
                0x0800a870                DMA2_Stream5_IRQHandler
                0x0800a870                DMA1_Stream5_IRQHandler
                0x0800a870                PVD_IRQHandler
                0x0800a870                SDIO_IRQHandler
                0x0800a870                TAMP_STAMP_IRQHandler
                0x0800a870                CAN2_RX1_IRQHandler
                0x0800a870                EXTI3_IRQHandler
                0x0800a870                TIM8_TRG_COM_TIM14_IRQHandler
                0x0800a870                TIM1_UP_TIM10_IRQHandler
                0x0800a870                TIM8_UP_TIM13_IRQHandler
                0x0800a870                I2C3_ER_IRQHandler
                0x0800a870                EXTI0_IRQHandler
                0x0800a870                I2C2_EV_IRQHandler
                0x0800a870                DMA1_Stream2_IRQHandler
                0x0800a870                CAN1_RX0_IRQHandler
                0x0800a870                FPU_IRQHandler
                0x0800a870                OTG_HS_WKUP_IRQHandler
                0x0800a870                CAN2_SCE_IRQHandler
                0x0800a870                DMA2_Stream2_IRQHandler
                0x0800a870                SPI1_IRQHandler
                0x0800a870                TIM6_DAC_IRQHandler
                0x0800a870                TIM1_BRK_TIM9_IRQHandler
                0x0800a870                DCMI_IRQHandler
                0x0800a870                CAN2_RX0_IRQHandler
                0x0800a870                DMA2_Stream3_IRQHandler
                0x0800a870                USART6_IRQHandler
                0x0800a870                USART3_IRQHandler
                0x0800a870                CAN1_RX1_IRQHandler
                0x0800a870                UART5_IRQHandler
                0x0800a870                DMA2_Stream0_IRQHandler
                0x0800a870                I2C1_EV_IRQHandler
                0x0800a870                DMA1_Stream6_IRQHandler
                0x0800a870                DMA1_Stream1_IRQHandler
                0x0800a870                UART4_IRQHandler
                0x0800a870                RCC_IRQHandler
                0x0800a870                TIM8_BRK_TIM12_IRQHandler
                0x0800a870                Default_Handler
                0x0800a870                EXTI15_10_IRQHandler
                0x0800a870                ADC_IRQHandler
                0x0800a870                DMA1_Stream7_IRQHandler
                0x0800a870                TIM7_IRQHandler
                0x0800a870                CAN2_TX_IRQHandler
                0x0800a870                DMA2_Stream7_IRQHandler
                0x0800a870                I2C3_EV_IRQHandler
                0x0800a870                EXTI9_5_IRQHandler
                0x0800a870                RTC_WKUP_IRQHandler
                0x0800a870                ETH_WKUP_IRQHandler
                0x0800a870                SPI2_IRQHandler
                0x0800a870                OTG_HS_EP1_IN_IRQHandler
                0x0800a870                DMA1_Stream0_IRQHandler
                0x0800a870                CAN1_TX_IRQHandler
                0x0800a870                EXTI4_IRQHandler
                0x0800a870                FSMC_IRQHandler
                0x0800a870                ETH_IRQHandler
                0x0800a870                OTG_HS_EP1_OUT_IRQHandler
                0x0800a870                WWDG_IRQHandler
                0x0800a870                TIM2_IRQHandler
                0x0800a870                OTG_FS_WKUP_IRQHandler
                0x0800a870                TIM1_TRG_COM_TIM11_IRQHandler
                0x0800a870                OTG_HS_IRQHandler
                0x0800a870                EXTI1_IRQHandler
                0x0800a870                USART2_IRQHandler
                0x0800a870                I2C2_ER_IRQHandler
                0x0800a870                DMA2_Stream1_IRQHandler
                0x0800a870                CAN1_SCE_IRQHandler
                0x0800a870                FLASH_IRQHandler
                0x0800a870                DMA2_Stream4_IRQHandler
                0x0800a870                USART1_IRQHandler
                0x0800a870                OTG_FS_IRQHandler
                0x0800a870                SPI3_IRQHandler
                0x0800a870                DMA1_Stream4_IRQHandler
                0x0800a870                I2C1_ER_IRQHandler
                0x0800a870                DMA2_Stream6_IRQHandler
                0x0800a870                DMA1_Stream3_IRQHandler
 *fill*         0x0800a872        0x2 
 .text.arm_cfft_radix2_init_f32
                0x0800a874      0x14c D:\Projects\MCU\STM32HAL\STM32F4_CLion\ZJA003_Project\Drivers\CMSIS\Lib\GCC\libarm_cortexM4lf_math.a(arm_cfft_radix2_init_f32.o)
                0x0800a874                arm_cfft_radix2_init_f32
 .text.arm_radix2_butterfly_f32
                0x0800a9c0      0x188 D:\Projects\MCU\STM32HAL\STM32F4_CLion\ZJA003_Project\Drivers\CMSIS\Lib\GCC\libarm_cortexM4lf_math.a(arm_cfft_radix2_f32.o)
                0x0800a9c0                arm_radix2_butterfly_f32
 .text.arm_radix2_butterfly_inverse_f32
                0x0800ab48      0x198 D:\Projects\MCU\STM32HAL\STM32F4_CLion\ZJA003_Project\Drivers\CMSIS\Lib\GCC\libarm_cortexM4lf_math.a(arm_cfft_radix2_f32.o)
                0x0800ab48                arm_radix2_butterfly_inverse_f32
 .text.arm_cfft_radix2_f32
                0x0800ace0       0x48 D:\Projects\MCU\STM32HAL\STM32F4_CLion\ZJA003_Project\Drivers\CMSIS\Lib\GCC\libarm_cortexM4lf_math.a(arm_cfft_radix2_f32.o)
                0x0800ace0                arm_cfft_radix2_f32
 .text.arm_bitreversal_f32
                0x0800ad28       0xe0 D:\Projects\MCU\STM32HAL\STM32F4_CLion\ZJA003_Project\Drivers\CMSIS\Lib\GCC\libarm_cortexM4lf_math.a(arm_bitreversal.o)
                0x0800ad28                arm_bitreversal_f32
 .text.arm_cmplx_mag_f32
                0x0800ae08      0x1d0 D:\Projects\MCU\STM32HAL\STM32F4_CLion\ZJA003_Project\Drivers\CMSIS\Lib\GCC\libarm_cortexM4lf_math.a(arm_cmplx_mag_f32.o)
                0x0800ae08                arm_cmplx_mag_f32
 .text.LCD_Index2Color_M565
                0x0800afd8       0x28 D:\Projects\MCU\STM32HAL\STM32F4_CLion\ZJA003_Project\STemWin_544\Lib\libSTemWin_CM4_wc32.a(GUICC_M565.o)
                0x0800afd8                LCD_Index2Color_M565
 .text._Color2Index_M565
                0x0800b000       0x28 D:\Projects\MCU\STM32HAL\STM32F4_CLion\ZJA003_Project\STemWin_544\Lib\libSTemWin_CM4_wc32.a(GUICC_M565.o)
 .text._GetIndexMask_M565
                0x0800b028        0x6 D:\Projects\MCU\STM32HAL\STM32F4_CLion\ZJA003_Project\STemWin_544\Lib\libSTemWin_CM4_wc32.a(GUICC_M565.o)
 *fill*         0x0800b02e        0x2 
 .text._Color2IndexBulk
                0x0800b030       0x5c D:\Projects\MCU\STM32HAL\STM32F4_CLion\ZJA003_Project\STemWin_544\Lib\libSTemWin_CM4_wc32.a(GUICC_M565.o)
 .text._Index2ColorBulk
                0x0800b08c       0x64 D:\Projects\MCU\STM32HAL\STM32F4_CLion\ZJA003_Project\STemWin_544\Lib\libSTemWin_CM4_wc32.a(GUICC_M565.o)
 .text._PushFreeBlock
                0x0800b0f0       0x24 D:\Projects\MCU\STM32HAL\STM32F4_CLion\ZJA003_Project\STemWin_544\Lib\libSTemWin_CM4_wc32.a(GUI_Alloc.o)
 .text._RemoveFreeBlock
                0x0800b114       0x40 D:\Projects\MCU\STM32HAL\STM32F4_CLion\ZJA003_Project\STemWin_544\Lib\libSTemWin_CM4_wc32.a(GUI_Alloc.o)
 .text._AddFreeMemory
                0x0800b154       0xa4 D:\Projects\MCU\STM32HAL\STM32F4_CLion\ZJA003_Project\STemWin_544\Lib\libSTemWin_CM4_wc32.a(GUI_Alloc.o)
 .text._RemoveHoles
                0x0800b1f8       0x9c D:\Projects\MCU\STM32HAL\STM32F4_CLion\ZJA003_Project\STemWin_544\Lib\libSTemWin_CM4_wc32.a(GUI_Alloc.o)
 .text.GUI_ALLOC_FreeFixedBlock
                0x0800b294       0x14 D:\Projects\MCU\STM32HAL\STM32F4_CLion\ZJA003_Project\STemWin_544\Lib\libSTemWin_CM4_wc32.a(GUI_Alloc.o)
                0x0800b294                GUI_ALLOC_FreeFixedBlock
 .text.GUI_ALLOC_h2p
                0x0800b2a8       0x14 D:\Projects\MCU\STM32HAL\STM32F4_CLion\ZJA003_Project\STemWin_544\Lib\libSTemWin_CM4_wc32.a(GUI_Alloc.o)
                0x0800b2a8                GUI_ALLOC_h2p
 .text.GUI_ALLOC_LockH
                0x0800b2bc       0x1c D:\Projects\MCU\STM32HAL\STM32F4_CLion\ZJA003_Project\STemWin_544\Lib\libSTemWin_CM4_wc32.a(GUI_Alloc.o)
                0x0800b2bc                GUI_ALLOC_LockH
 .text.GUI_ALLOC_UnlockH
                0x0800b2d8       0x30 D:\Projects\MCU\STM32HAL\STM32F4_CLion\ZJA003_Project\STemWin_544\Lib\libSTemWin_CM4_wc32.a(GUI_Alloc.o)
                0x0800b2d8                GUI_ALLOC_UnlockH
 .text.GUI_ALLOC_AssignMemory
                0x0800b308       0x10 D:\Projects\MCU\STM32HAL\STM32F4_CLion\ZJA003_Project\STemWin_544\Lib\libSTemWin_CM4_wc32.a(GUI_Alloc.o)
                0x0800b308                GUI_ALLOC_AssignMemory
 .text.GUI_ALLOC_SetAvBlockSize
                0x0800b318       0x1c D:\Projects\MCU\STM32HAL\STM32F4_CLion\ZJA003_Project\STemWin_544\Lib\libSTemWin_CM4_wc32.a(GUI_Alloc.o)
                0x0800b318                GUI_ALLOC_SetAvBlockSize
 .text.GUI_ALLOC_GetSize
                0x0800b334       0x18 D:\Projects\MCU\STM32HAL\STM32F4_CLion\ZJA003_Project\STemWin_544\Lib\libSTemWin_CM4_wc32.a(GUI_Alloc.o)
                0x0800b334                GUI_ALLOC_GetSize
 .text.GUI_ALLOC_Free
                0x0800b34c       0x28 D:\Projects\MCU\STM32HAL\STM32F4_CLion\ZJA003_Project\STemWin_544\Lib\libSTemWin_CM4_wc32.a(GUI_Alloc.o)
                0x0800b34c                GUI_ALLOC_Free
 .text._EnlargeBlocks
                0x0800b374       0x9c D:\Projects\MCU\STM32HAL\STM32F4_CLion\ZJA003_Project\STemWin_544\Lib\libSTemWin_CM4_wc32.a(GUI_Alloc.o)
 .text._InitOnce
                0x0800b410       0x68 D:\Projects\MCU\STM32HAL\STM32F4_CLion\ZJA003_Project\STemWin_544\Lib\libSTemWin_CM4_wc32.a(GUI_Alloc.o)
 .text.GUI_ALLOC_GetFixedBlock
                0x0800b478       0xa4 D:\Projects\MCU\STM32HAL\STM32F4_CLion\ZJA003_Project\STemWin_544\Lib\libSTemWin_CM4_wc32.a(GUI_Alloc.o)
                0x0800b478                GUI_ALLOC_GetFixedBlock
 .text.GUI_ALLOC_GetMaxSize
                0x0800b51c       0x3c D:\Projects\MCU\STM32HAL\STM32F4_CLion\ZJA003_Project\STemWin_544\Lib\libSTemWin_CM4_wc32.a(GUI_Alloc.o)
                0x0800b51c                GUI_ALLOC_GetMaxSize
 .text.GUI_ALLOC_RequestSize
                0x0800b558       0x2c D:\Projects\MCU\STM32HAL\STM32F4_CLion\ZJA003_Project\STemWin_544\Lib\libSTemWin_CM4_wc32.a(GUI_Alloc.o)
                0x0800b558                GUI_ALLOC_RequestSize
 .text._Alloc   0x0800b584       0xf0 D:\Projects\MCU\STM32HAL\STM32F4_CLion\ZJA003_Project\STemWin_544\Lib\libSTemWin_CM4_wc32.a(GUI_Alloc.o)
 .text.GUI_ALLOC_AllocNoInit
                0x0800b674        0x8 D:\Projects\MCU\STM32HAL\STM32F4_CLion\ZJA003_Project\STemWin_544\Lib\libSTemWin_CM4_wc32.a(GUI_Alloc.o)
                0x0800b674                GUI_ALLOC_AllocNoInit
 .text.GUI_ALLOC_FreePtr
                0x0800b67c       0x10 D:\Projects\MCU\STM32HAL\STM32F4_CLion\ZJA003_Project\STemWin_544\Lib\libSTemWin_CM4_wc32.a(GUI_Alloc.o)
                0x0800b67c                GUI_ALLOC_FreePtr
 .text.GUI_ALLOC_FreePtrArray
                0x0800b68c       0x1a D:\Projects\MCU\STM32HAL\STM32F4_CLion\ZJA003_Project\STemWin_544\Lib\libSTemWin_CM4_wc32.a(GUI_Alloc.o)
                0x0800b68c                GUI_ALLOC_FreePtrArray
 *fill*         0x0800b6a6        0x2 
 .text.GUI_ALLOC_AllocInit
                0x0800b6a8       0x44 D:\Projects\MCU\STM32HAL\STM32F4_CLion\ZJA003_Project\STemWin_544\Lib\libSTemWin_CM4_wc32.a(GUI_Alloc.o)
                0x0800b6a8                GUI_ALLOC_AllocInit
 .text.GUI_ALLOC_AllocZero
                0x0800b6ec       0x30 D:\Projects\MCU\STM32HAL\STM32F4_CLion\ZJA003_Project\STemWin_544\Lib\libSTemWin_CM4_wc32.a(GUI_Alloc.o)
                0x0800b6ec                GUI_ALLOC_AllocZero
 .text.GUI_ALLOC_Realloc
                0x0800b71c       0x5c D:\Projects\MCU\STM32HAL\STM32F4_CLion\ZJA003_Project\STemWin_544\Lib\libSTemWin_CM4_wc32.a(GUI_Alloc.o)
                0x0800b71c                GUI_ALLOC_Realloc
 .text._InitContext
                0x0800b778       0x84 D:\Projects\MCU\STM32HAL\STM32F4_CLion\ZJA003_Project\STemWin_544\Lib\libSTemWin_CM4_wc32.a(GUI_Core.o)
 .text._OnExit  0x0800b7fc       0x48 D:\Projects\MCU\STM32HAL\STM32F4_CLion\ZJA003_Project\STemWin_544\Lib\libSTemWin_CM4_wc32.a(GUI_Core.o)
 .text.GUI_SetDefaultFont
                0x0800b844        0xc D:\Projects\MCU\STM32HAL\STM32F4_CLion\ZJA003_Project\STemWin_544\Lib\libSTemWin_CM4_wc32.a(GUI_Core.o)
                0x0800b844                GUI_SetDefaultFont
 .text.GUI_ClearRect
                0x0800b850       0x64 D:\Projects\MCU\STM32HAL\STM32F4_CLion\ZJA003_Project\STemWin_544\Lib\libSTemWin_CM4_wc32.a(GUI_Core.o)
                0x0800b850                GUI_ClearRect
 .text.GUI_Clear
                0x0800b8b4       0x20 D:\Projects\MCU\STM32HAL\STM32F4_CLion\ZJA003_Project\STemWin_544\Lib\libSTemWin_CM4_wc32.a(GUI_Core.o)
                0x0800b8b4                GUI_Clear
 .text.GUI__Config
                0x0800b8d4       0x94 D:\Projects\MCU\STM32HAL\STM32F4_CLion\ZJA003_Project\STemWin_544\Lib\libSTemWin_CM4_wc32.a(GUI_Core.o)
                0x0800b8d4                GUI__Config
 .text.GUI_Init
                0x0800b968       0xf8 D:\Projects\MCU\STM32HAL\STM32F4_CLion\ZJA003_Project\STemWin_544\Lib\libSTemWin_CM4_wc32.a(GUI_Core.o)
                0x0800b968                GUI_Init
 .text.GUI__RegisterExit
                0x0800ba60       0x28 D:\Projects\MCU\STM32HAL\STM32F4_CLion\ZJA003_Project\STemWin_544\Lib\libSTemWin_CM4_wc32.a(GUI_Core.o)
                0x0800ba60                GUI__RegisterExit
 .text.GUI_DEVICE__GetpDriver
                0x0800ba88       0x20 D:\Projects\MCU\STM32HAL\STM32F4_CLion\ZJA003_Project\STemWin_544\Lib\libSTemWin_CM4_wc32.a(GUI_Device.o)
                0x0800ba88                GUI_DEVICE__GetpDriver
 .text.GUI_DEVICE_Delete
                0x0800baa8        0x4 D:\Projects\MCU\STM32HAL\STM32F4_CLion\ZJA003_Project\STemWin_544\Lib\libSTemWin_CM4_wc32.a(GUI_Device.o)
                0x0800baa8                GUI_DEVICE_Delete
 .text.GUI_DEVICE_Create
                0x0800baac       0x4c D:\Projects\MCU\STM32HAL\STM32F4_CLion\ZJA003_Project\STemWin_544\Lib\libSTemWin_CM4_wc32.a(GUI_Device.o)
                0x0800baac                GUI_DEVICE_Create
 .text.GUI_DEVICE_Unlink
                0x0800baf8       0x30 D:\Projects\MCU\STM32HAL\STM32F4_CLion\ZJA003_Project\STemWin_544\Lib\libSTemWin_CM4_wc32.a(GUI_Device.o)
                0x0800baf8                GUI_DEVICE_Unlink
 .text.GUI_DEVICE_Link
                0x0800bb28       0x84 D:\Projects\MCU\STM32HAL\STM32F4_CLion\ZJA003_Project\STemWin_544\Lib\libSTemWin_CM4_wc32.a(GUI_Device.o)
                0x0800bb28                GUI_DEVICE_Link
 .text.GUI_DEVICE_CreateAndLink
                0x0800bbac       0x28 D:\Projects\MCU\STM32HAL\STM32F4_CLion\ZJA003_Project\STemWin_544\Lib\libSTemWin_CM4_wc32.a(GUI_Device.o)
                0x0800bbac                GUI_DEVICE_CreateAndLink
 .text.GUI_TOUCH_SetOrientation
                0x0800bbd4        0xc D:\Projects\MCU\STM32HAL\STM32F4_CLion\ZJA003_Project\STemWin_544\Lib\libSTemWin_CM4_wc32.a(GUI_TOUCH_DriverAnalog.o)
                0x0800bbd4                GUI_TOUCH_SetOrientation
 .text.GUI_TOUCH_Calibrate
                0x0800bbe0       0xbc D:\Projects\MCU\STM32HAL\STM32F4_CLion\ZJA003_Project\STemWin_544\Lib\libSTemWin_CM4_wc32.a(GUI_TOUCH_DriverAnalog.o)
                0x0800bbe0                GUI_TOUCH_Calibrate
 .text.GUI_TOUCH_Exec
                0x0800bc9c       0xa8 D:\Projects\MCU\STM32HAL\STM32F4_CLion\ZJA003_Project\STemWin_544\Lib\libSTemWin_CM4_wc32.a(GUI_TOUCH_DriverAnalog.o)
                0x0800bc9c                GUI_TOUCH_Exec
 .text.GUI_TOUCH_GetLayer
                0x0800bd44        0xc D:\Projects\MCU\STM32HAL\STM32F4_CLion\ZJA003_Project\STemWin_544\Lib\libSTemWin_CM4_wc32.a(GUI_TOUCH_StoreState.o)
                0x0800bd44                GUI_TOUCH_GetLayer
 .text.GUI_GetTime
                0x0800bd50        0x4 D:\Projects\MCU\STM32HAL\STM32F4_CLion\ZJA003_Project\STemWin_544\Lib\libSTemWin_CM4_wc32.a(GUI_Time.o)
                0x0800bd50                GUI_GetTime
 .text.GUI_Delay
                0x0800bd54       0x30 D:\Projects\MCU\STM32HAL\STM32F4_CLion\ZJA003_Project\STemWin_544\Lib\libSTemWin_CM4_wc32.a(GUI_Time.o)
                0x0800bd54                GUI_Delay
 .text._GetCharCode
                0x0800bd84        0x4 D:\Projects\MCU\STM32HAL\STM32F4_CLion\ZJA003_Project\STemWin_544\Lib\libSTemWin_CM4_wc32.a(GUI_UC_EncodeNone.o)
 .text._GetCharSize
                0x0800bd88        0x4 D:\Projects\MCU\STM32HAL\STM32F4_CLion\ZJA003_Project\STemWin_544\Lib\libSTemWin_CM4_wc32.a(GUI_UC_EncodeNone.o)
 .text._CalcSizeOfChar
                0x0800bd8c        0x4 D:\Projects\MCU\STM32HAL\STM32F4_CLion\ZJA003_Project\STemWin_544\Lib\libSTemWin_CM4_wc32.a(GUI_UC_EncodeNone.o)
 .text._Encode  0x0800bd90        0x6 D:\Projects\MCU\STM32HAL\STM32F4_CLion\ZJA003_Project\STemWin_544\Lib\libSTemWin_CM4_wc32.a(GUI_UC_EncodeNone.o)
 .text.GUI__DivideRound32
                0x0800bd96       0x18 D:\Projects\MCU\STM32HAL\STM32F4_CLion\ZJA003_Project\STemWin_544\Lib\libSTemWin_CM4_wc32.a(GUI__Private.o)
                0x0800bd96                GUI__DivideRound32
 .text.GUI__HandleEOLine
                0x0800bdae       0x26 D:\Projects\MCU\STM32HAL\STM32F4_CLion\ZJA003_Project\STemWin_544\Lib\libSTemWin_CM4_wc32.a(GUI__Private.o)
                0x0800bdae                GUI__HandleEOLine
 .text.GUI__IntersectRect
                0x0800bdd4       0x3a D:\Projects\MCU\STM32HAL\STM32F4_CLion\ZJA003_Project\STemWin_544\Lib\libSTemWin_CM4_wc32.a(GUI__Private.o)
                0x0800bdd4                GUI__IntersectRect
 .text.GUI__IntersectRects
                0x0800be0e       0x56 D:\Projects\MCU\STM32HAL\STM32F4_CLion\ZJA003_Project\STemWin_544\Lib\libSTemWin_CM4_wc32.a(GUI__Private.o)
                0x0800be0e                GUI__IntersectRects
 .text.GUI__memset16
                0x0800be64       0x64 D:\Projects\MCU\STM32HAL\STM32F4_CLion\ZJA003_Project\STemWin_544\Lib\libSTemWin_CM4_wc32.a(GUI__Private.o)
                0x0800be64                GUI__memset16
 .text.GUI__ReduceRect
                0x0800bec8       0x1c D:\Projects\MCU\STM32HAL\STM32F4_CLion\ZJA003_Project\STemWin_544\Lib\libSTemWin_CM4_wc32.a(GUI__Private.o)
                0x0800bec8                GUI__ReduceRect
 .text.GUI__sqrt32
                0x0800bee4       0x24 D:\Projects\MCU\STM32HAL\STM32F4_CLion\ZJA003_Project\STemWin_544\Lib\libSTemWin_CM4_wc32.a(GUI__Private.o)
                0x0800bee4                GUI__sqrt32
 .text.GUI__strcmp
                0x0800bf08       0x2c D:\Projects\MCU\STM32HAL\STM32F4_CLion\ZJA003_Project\STemWin_544\Lib\libSTemWin_CM4_wc32.a(GUI__Private.o)
                0x0800bf08                GUI__strcmp
 .text.GUI__strcmp_hp
                0x0800bf34       0x28 D:\Projects\MCU\STM32HAL\STM32F4_CLion\ZJA003_Project\STemWin_544\Lib\libSTemWin_CM4_wc32.a(GUI__Private.o)
                0x0800bf34                GUI__strcmp_hp
 .text.GUI__strlen
                0x0800bf5c       0x18 D:\Projects\MCU\STM32HAL\STM32F4_CLion\ZJA003_Project\STemWin_544\Lib\libSTemWin_CM4_wc32.a(GUI__Private.o)
                0x0800bf5c                GUI__strlen
 .text.GUI__SetText
                0x0800bf74       0x7c D:\Projects\MCU\STM32HAL\STM32F4_CLion\ZJA003_Project\STemWin_544\Lib\libSTemWin_CM4_wc32.a(GUI__Private.o)
                0x0800bf74                GUI__SetText
 .text._SetDrawMode
                0x0800bff0       0x28 D:\Projects\MCU\STM32HAL\STM32F4_CLion\ZJA003_Project\STemWin_544\Lib\libSTemWin_CM4_wc32.a(LCD.o)
 .text.LCD_SetDrawMode
                0x0800c018        0xc D:\Projects\MCU\STM32HAL\STM32F4_CLion\ZJA003_Project\STemWin_544\Lib\libSTemWin_CM4_wc32.a(LCD.o)
                0x0800c018                LCD_SetDrawMode
 .text.LCD_DrawPixel
                0x0800c024       0x60 D:\Projects\MCU\STM32HAL\STM32F4_CLion\ZJA003_Project\STemWin_544\Lib\libSTemWin_CM4_wc32.a(LCD.o)
                0x0800c024                LCD_DrawPixel
 .text.LCD_DrawHLine
                0x0800c084       0x50 D:\Projects\MCU\STM32HAL\STM32F4_CLion\ZJA003_Project\STemWin_544\Lib\libSTemWin_CM4_wc32.a(LCD.o)
                0x0800c084                LCD_DrawHLine
 .text.LCD_DrawVLine
                0x0800c0d4       0x54 D:\Projects\MCU\STM32HAL\STM32F4_CLion\ZJA003_Project\STemWin_544\Lib\libSTemWin_CM4_wc32.a(LCD.o)
                0x0800c0d4                LCD_DrawVLine
 .text.LCD_FillRect
                0x0800c128       0x58 D:\Projects\MCU\STM32HAL\STM32F4_CLion\ZJA003_Project\STemWin_544\Lib\libSTemWin_CM4_wc32.a(LCD.o)
                0x0800c128                LCD_FillRect
 .text.LCD__DrawBitmap_1bpp
                0x0800c180      0x1d8 D:\Projects\MCU\STM32HAL\STM32F4_CLion\ZJA003_Project\STemWin_544\Lib\libSTemWin_CM4_wc32.a(LCD.o)
                0x0800c180                LCD__DrawBitmap_1bpp
 .text.LCD_DrawBitmap
                0x0800c358      0x224 D:\Projects\MCU\STM32HAL\STM32F4_CLion\ZJA003_Project\STemWin_544\Lib\libSTemWin_CM4_wc32.a(LCD.o)
                0x0800c358                LCD_DrawBitmap
 .text.LCD_SetClipRectMax
                0x0800c57c       0x1c D:\Projects\MCU\STM32HAL\STM32F4_CLion\ZJA003_Project\STemWin_544\Lib\libSTemWin_CM4_wc32.a(LCD.o)
                0x0800c57c                LCD_SetClipRectMax
 .text.emWin_LCD_Init
                0x0800c598       0xa4 D:\Projects\MCU\STM32HAL\STM32F4_CLion\ZJA003_Project\STemWin_544\Lib\libSTemWin_CM4_wc32.a(LCD.o)
                0x0800c598                emWin_LCD_Init
 .text.LCD_Color2Index
                0x0800c63c       0x1c D:\Projects\MCU\STM32HAL\STM32F4_CLion\ZJA003_Project\STemWin_544\Lib\libSTemWin_CM4_wc32.a(LCD.o)
                0x0800c63c                LCD_Color2Index
 .text.LCD_Index2Color
                0x0800c658       0x1c D:\Projects\MCU\STM32HAL\STM32F4_CLion\ZJA003_Project\STemWin_544\Lib\libSTemWin_CM4_wc32.a(LCD.o)
                0x0800c658                LCD_Index2Color
 .text.LCD_SetColorIndex
                0x0800c674       0x18 D:\Projects\MCU\STM32HAL\STM32F4_CLion\ZJA003_Project\STemWin_544\Lib\libSTemWin_CM4_wc32.a(LCD.o)
                0x0800c674                LCD_SetColorIndex
 .text._SetColor
                0x0800c68c       0x20 D:\Projects\MCU\STM32HAL\STM32F4_CLion\ZJA003_Project\STemWin_544\Lib\libSTemWin_CM4_wc32.a(LCD.o)
 .text.LCD_SetBkColorIndex
                0x0800c6ac       0x18 D:\Projects\MCU\STM32HAL\STM32F4_CLion\ZJA003_Project\STemWin_544\Lib\libSTemWin_CM4_wc32.a(LCD.o)
                0x0800c6ac                LCD_SetBkColorIndex
 .text._SetBkColor
                0x0800c6c4       0x20 D:\Projects\MCU\STM32HAL\STM32F4_CLion\ZJA003_Project\STemWin_544\Lib\libSTemWin_CM4_wc32.a(LCD.o)
 .text.LCD_SetBkColor
                0x0800c6e4        0xc D:\Projects\MCU\STM32HAL\STM32F4_CLion\ZJA003_Project\STemWin_544\Lib\libSTemWin_CM4_wc32.a(LCD.o)
                0x0800c6e4                LCD_SetBkColor
 .text.LCD_SetColor
                0x0800c6f0        0xc D:\Projects\MCU\STM32HAL\STM32F4_CLion\ZJA003_Project\STemWin_544\Lib\libSTemWin_CM4_wc32.a(LCD.o)
                0x0800c6f0                LCD_SetColor
 .text._OnExit  0x0800c6fc       0x1c D:\Projects\MCU\STM32HAL\STM32F4_CLion\ZJA003_Project\STemWin_544\Lib\libSTemWin_CM4_wc32.a(LCD_Color.o)
 .text.LCD_InitColors
                0x0800c718       0x3c D:\Projects\MCU\STM32HAL\STM32F4_CLion\ZJA003_Project\STemWin_544\Lib\libSTemWin_CM4_wc32.a(LCD_Color.o)
                0x0800c718                LCD_InitColors
 .text.LCD_GetpPalConvTableUncached
                0x0800c754       0x6c D:\Projects\MCU\STM32HAL\STM32F4_CLion\ZJA003_Project\STemWin_544\Lib\libSTemWin_CM4_wc32.a(LCD_Color.o)
                0x0800c754                LCD_GetpPalConvTableUncached
 .text.LCD_GetpPalConvTableBM
                0x0800c7c0        0x4 D:\Projects\MCU\STM32HAL\STM32F4_CLion\ZJA003_Project\STemWin_544\Lib\libSTemWin_CM4_wc32.a(LCD_Color.o)
                0x0800c7c0                LCD_GetpPalConvTableBM
 .text.LCD_InitLUT
                0x0800c7c4       0x88 D:\Projects\MCU\STM32HAL\STM32F4_CLion\ZJA003_Project\STemWin_544\Lib\libSTemWin_CM4_wc32.a(LCD_Color.o)
                0x0800c7c4                LCD_InitLUT
 .text._GetDevProp
                0x0800c84c       0x1e D:\Projects\MCU\STM32HAL\STM32F4_CLion\ZJA003_Project\STemWin_544\Lib\libSTemWin_CM4_wc32.a(LCD_GetEx.o)
 .text._GetMaxValue
                0x0800c86a       0x22 D:\Projects\MCU\STM32HAL\STM32F4_CLion\ZJA003_Project\STemWin_544\Lib\libSTemWin_CM4_wc32.a(LCD_GetEx.o)
 .text.LCD_GetXSizeEx
                0x0800c88c        0x6 D:\Projects\MCU\STM32HAL\STM32F4_CLion\ZJA003_Project\STemWin_544\Lib\libSTemWin_CM4_wc32.a(LCD_GetEx.o)
                0x0800c88c                LCD_GetXSizeEx
 .text.LCD_GetYSizeEx
                0x0800c892        0x6 D:\Projects\MCU\STM32HAL\STM32F4_CLion\ZJA003_Project\STemWin_544\Lib\libSTemWin_CM4_wc32.a(LCD_GetEx.o)
                0x0800c892                LCD_GetYSizeEx
 .text.LCD_GetVXSizeEx
                0x0800c898        0x6 D:\Projects\MCU\STM32HAL\STM32F4_CLion\ZJA003_Project\STemWin_544\Lib\libSTemWin_CM4_wc32.a(LCD_GetEx.o)
                0x0800c898                LCD_GetVXSizeEx
 .text.LCD_GetVYSizeEx
                0x0800c89e        0x6 D:\Projects\MCU\STM32HAL\STM32F4_CLion\ZJA003_Project\STemWin_544\Lib\libSTemWin_CM4_wc32.a(LCD_GetEx.o)
                0x0800c89e                LCD_GetVYSizeEx
 .text.LCD_GetBitsPerPixelEx
                0x0800c8a4        0x6 D:\Projects\MCU\STM32HAL\STM32F4_CLion\ZJA003_Project\STemWin_544\Lib\libSTemWin_CM4_wc32.a(LCD_GetEx.o)
                0x0800c8a4                LCD_GetBitsPerPixelEx
 .text.LCD_GetNumColorsEx
                0x0800c8aa        0x6 D:\Projects\MCU\STM32HAL\STM32F4_CLion\ZJA003_Project\STemWin_544\Lib\libSTemWin_CM4_wc32.a(LCD_GetEx.o)
                0x0800c8aa                LCD_GetNumColorsEx
 .text.LCD_GetXSize
                0x0800c8b0       0x10 D:\Projects\MCU\STM32HAL\STM32F4_CLion\ZJA003_Project\STemWin_544\Lib\libSTemWin_CM4_wc32.a(LCD_GetEx.o)
                0x0800c8b0                LCD_GetXSize
 .text.LCD_GetYSize
                0x0800c8c0       0x10 D:\Projects\MCU\STM32HAL\STM32F4_CLion\ZJA003_Project\STemWin_544\Lib\libSTemWin_CM4_wc32.a(LCD_GetEx.o)
                0x0800c8c0                LCD_GetYSize
 .text.LCD_GetNumColors
                0x0800c8d0       0x10 D:\Projects\MCU\STM32HAL\STM32F4_CLion\ZJA003_Project\STemWin_544\Lib\libSTemWin_CM4_wc32.a(LCD_GetEx.o)
                0x0800c8d0                LCD_GetNumColors
 .text.GUI_GetBitsPerPixelEx
                0x0800c8e0       0x14 D:\Projects\MCU\STM32HAL\STM32F4_CLion\ZJA003_Project\STemWin_544\Lib\libSTemWin_CM4_wc32.a(LCD_GetEx.o)
                0x0800c8e0                GUI_GetBitsPerPixelEx
 .text.LCD_GetPaletteEx
                0x0800c8f4       0x16 D:\Projects\MCU\STM32HAL\STM32F4_CLion\ZJA003_Project\STemWin_544\Lib\libSTemWin_CM4_wc32.a(LCD_GetEx.o)
                0x0800c8f4                LCD_GetPaletteEx
 *fill*         0x0800c90a        0x2 
 .text.LCD_GetPalette
                0x0800c90c       0x10 D:\Projects\MCU\STM32HAL\STM32F4_CLion\ZJA003_Project\STemWin_544\Lib\libSTemWin_CM4_wc32.a(LCD_GetEx.o)
                0x0800c90c                LCD_GetPalette
 .text.GUI_GetpfIndex2ColorEx
                0x0800c91c       0x10 D:\Projects\MCU\STM32HAL\STM32F4_CLion\ZJA003_Project\STemWin_544\Lib\libSTemWin_CM4_wc32.a(LCD_GetEx.o)
                0x0800c91c                GUI_GetpfIndex2ColorEx
 .text.GUI_GetpfColor2IndexEx
                0x0800c92c       0x10 D:\Projects\MCU\STM32HAL\STM32F4_CLion\ZJA003_Project\STemWin_544\Lib\libSTemWin_CM4_wc32.a(LCD_GetEx.o)
                0x0800c92c                GUI_GetpfColor2IndexEx
 .text.LCD_GetXSizeMax
                0x0800c93c        0x6 D:\Projects\MCU\STM32HAL\STM32F4_CLion\ZJA003_Project\STemWin_544\Lib\libSTemWin_CM4_wc32.a(LCD_GetEx.o)
                0x0800c93c                LCD_GetXSizeMax
 .text.LCD_GetYSizeMax
                0x0800c942        0x6 D:\Projects\MCU\STM32HAL\STM32F4_CLion\ZJA003_Project\STemWin_544\Lib\libSTemWin_CM4_wc32.a(LCD_GetEx.o)
                0x0800c942                LCD_GetYSizeMax
 .text.LCD_GetVXSizeMax
                0x0800c948        0x6 D:\Projects\MCU\STM32HAL\STM32F4_CLion\ZJA003_Project\STemWin_544\Lib\libSTemWin_CM4_wc32.a(LCD_GetEx.o)
                0x0800c948                LCD_GetVXSizeMax
 *fill*         0x0800c94e        0x2 
 .text.LCD_SetDisplaySize
                0x0800c950        0xc D:\Projects\MCU\STM32HAL\STM32F4_CLion\ZJA003_Project\STemWin_544\Lib\libSTemWin_CM4_wc32.a(LCD_GetEx.o)
                0x0800c950                LCD_SetDisplaySize
 .text.LCD_GetXSizeDisplay
                0x0800c95c        0xc D:\Projects\MCU\STM32HAL\STM32F4_CLion\ZJA003_Project\STemWin_544\Lib\libSTemWin_CM4_wc32.a(LCD_GetEx.o)
                0x0800c95c                LCD_GetXSizeDisplay
 .text.LCD_GetYSizeDisplay
                0x0800c968        0xc D:\Projects\MCU\STM32HAL\STM32F4_CLion\ZJA003_Project\STemWin_544\Lib\libSTemWin_CM4_wc32.a(LCD_GetEx.o)
                0x0800c968                LCD_GetYSizeDisplay
 .text.LCD__GetBPP
                0x0800c974       0x7e D:\Projects\MCU\STM32HAL\STM32F4_CLion\ZJA003_Project\STemWin_544\Lib\libSTemWin_CM4_wc32.a(LCD_GetEx.o)
                0x0800c974                LCD__GetBPP
 .text.LCD__GetBPPDevice
                0x0800c9f2       0x2c D:\Projects\MCU\STM32HAL\STM32F4_CLion\ZJA003_Project\STemWin_544\Lib\libSTemWin_CM4_wc32.a(LCD_GetEx.o)
                0x0800c9f2                LCD__GetBPPDevice
 .text.LCD_GetNumLayers
                0x0800ca1e       0x1e D:\Projects\MCU\STM32HAL\STM32F4_CLion\ZJA003_Project\STemWin_544\Lib\libSTemWin_CM4_wc32.a(LCD_GetNumDisplays.o)
                0x0800ca1e                LCD_GetNumLayers
 .text.LCD_GetPosEx
                0x0800ca3c       0x32 D:\Projects\MCU\STM32HAL\STM32F4_CLion\ZJA003_Project\STemWin_544\Lib\libSTemWin_CM4_wc32.a(LCD_Set.o)
                0x0800ca3c                LCD_GetPosEx
 .text.LCD_SetLUTEntryEx
                0x0800ca6e       0x30 D:\Projects\MCU\STM32HAL\STM32F4_CLion\ZJA003_Project\STemWin_544\Lib\libSTemWin_CM4_wc32.a(LCD_Set.o)
                0x0800ca6e                LCD_SetLUTEntryEx
 .text.LCD_SetPosEx
                0x0800ca9e       0x30 D:\Projects\MCU\STM32HAL\STM32F4_CLion\ZJA003_Project\STemWin_544\Lib\libSTemWin_CM4_wc32.a(LCD_Set.o)
                0x0800ca9e                LCD_SetPosEx
 .text.LCD_SetSizeEx
                0x0800cace       0x30 D:\Projects\MCU\STM32HAL\STM32F4_CLion\ZJA003_Project\STemWin_544\Lib\libSTemWin_CM4_wc32.a(LCD_Set.o)
                0x0800cace                LCD_SetSizeEx
 .text.LCD_SetVSizeEx
                0x0800cafe       0x30 D:\Projects\MCU\STM32HAL\STM32F4_CLion\ZJA003_Project\STemWin_544\Lib\libSTemWin_CM4_wc32.a(LCD_Set.o)
                0x0800cafe                LCD_SetVSizeEx
 *fill*         0x0800cb2e        0x2 
 .text._GetDevData
                0x0800cb30       0x10 D:\Projects\MCU\STM32HAL\STM32F4_CLion\ZJA003_Project\STemWin_544\Lib\libSTemWin_CM4_wc32.a(GUIDEV_16.o)
 .text._GetDevFunc
                0x0800cb40       0x10 D:\Projects\MCU\STM32HAL\STM32F4_CLion\ZJA003_Project\STemWin_544\Lib\libSTemWin_CM4_wc32.a(GUIDEV_16.o)
 .text._SetOrg  0x0800cb50        0xc D:\Projects\MCU\STM32HAL\STM32F4_CLion\ZJA003_Project\STemWin_544\Lib\libSTemWin_CM4_wc32.a(GUIDEV_16.o)
 .text._GetRect
                0x0800cb5c       0x36 D:\Projects\MCU\STM32HAL\STM32F4_CLion\ZJA003_Project\STemWin_544\Lib\libSTemWin_CM4_wc32.a(GUIDEV_16.o)
 *fill*         0x0800cb92        0x2 
 .text._XY2PTR  0x0800cb94       0x40 D:\Projects\MCU\STM32HAL\STM32F4_CLion\ZJA003_Project\STemWin_544\Lib\libSTemWin_CM4_wc32.a(GUIDEV_16.o)
 .text._GetPixelIndex
                0x0800cbd4        0xe D:\Projects\MCU\STM32HAL\STM32F4_CLion\ZJA003_Project\STemWin_544\Lib\libSTemWin_CM4_wc32.a(GUIDEV_16.o)
 *fill*         0x0800cbe2        0x2 
 .text._XorPixel
                0x0800cbe4       0x58 D:\Projects\MCU\STM32HAL\STM32F4_CLion\ZJA003_Project\STemWin_544\Lib\libSTemWin_CM4_wc32.a(GUIDEV_16.o)
 .text._SetPixelIndex
                0x0800cc3c       0x4c D:\Projects\MCU\STM32HAL\STM32F4_CLion\ZJA003_Project\STemWin_544\Lib\libSTemWin_CM4_wc32.a(GUIDEV_16.o)
 .text._DrawVLine
                0x0800cc88       0xbc D:\Projects\MCU\STM32HAL\STM32F4_CLion\ZJA003_Project\STemWin_544\Lib\libSTemWin_CM4_wc32.a(GUIDEV_16.o)
 .text._FillRect
                0x0800cd44       0xb4 D:\Projects\MCU\STM32HAL\STM32F4_CLion\ZJA003_Project\STemWin_544\Lib\libSTemWin_CM4_wc32.a(GUIDEV_16.o)
 .text._DrawHLine
                0x0800cdf8        0xe D:\Projects\MCU\STM32HAL\STM32F4_CLion\ZJA003_Project\STemWin_544\Lib\libSTemWin_CM4_wc32.a(GUIDEV_16.o)
 *fill*         0x0800ce06        0x2 
 .text._DrawBitmap
                0x0800ce08      0x740 D:\Projects\MCU\STM32HAL\STM32F4_CLion\ZJA003_Project\STemWin_544\Lib\libSTemWin_CM4_wc32.a(GUIDEV_16.o)
 .text._GetDevProp
                0x0800d548       0x18 D:\Projects\MCU\STM32HAL\STM32F4_CLion\ZJA003_Project\STemWin_544\Lib\libSTemWin_CM4_wc32.a(GUIDEV_16.o)
 .text.GUI_USAGE_DecUseCnt
                0x0800d560       0x28 D:\Projects\MCU\STM32HAL\STM32F4_CLion\ZJA003_Project\STemWin_544\Lib\libSTemWin_CM4_wc32.a(GUIDEV_Usage.o)
                0x0800d560                GUI_USAGE_DecUseCnt
 .text.GUI_USAGE_AddRect
                0x0800d588       0x26 D:\Projects\MCU\STM32HAL\STM32F4_CLion\ZJA003_Project\STemWin_544\Lib\libSTemWin_CM4_wc32.a(GUIDEV_Usage.o)
                0x0800d588                GUI_USAGE_AddRect
 .text._Convert16
                0x0800d5ae       0x3e D:\Projects\MCU\STM32HAL\STM32F4_CLion\ZJA003_Project\STemWin_544\Lib\libSTemWin_CM4_wc32.a(GUIDEV_WriteToActiveOpaque.o)
 .text._Convert8
                0x0800d5ec       0x42 D:\Projects\MCU\STM32HAL\STM32F4_CLion\ZJA003_Project\STemWin_544\Lib\libSTemWin_CM4_wc32.a(GUIDEV_WriteToActiveOpaque.o)
 *fill*         0x0800d62e        0x2 
 .text.GUI_MEMDEV__WriteToActiveOpaque
                0x0800d630      0x74c D:\Projects\MCU\STM32HAL\STM32F4_CLion\ZJA003_Project\STemWin_544\Lib\libSTemWin_CM4_wc32.a(GUIDEV_WriteToActiveOpaque.o)
                0x0800d630                GUI_MEMDEV__WriteToActiveOpaque
 .text._OnExit  0x0800dd7c       0x9c D:\Projects\MCU\STM32HAL\STM32F4_CLion\ZJA003_Project\STemWin_544\Lib\libSTemWin_CM4_wc32.a(WM.o)
 .text._Paint1  0x0800de18       0x28 D:\Projects\MCU\STM32HAL\STM32F4_CLion\ZJA003_Project\STemWin_544\Lib\libSTemWin_CM4_wc32.a(WM.o)
 .text._Findy1  0x0800de40       0xa6 D:\Projects\MCU\STM32HAL\STM32F4_CLion\ZJA003_Project\STemWin_544\Lib\libSTemWin_CM4_wc32.a(WM.o)
 .text._Findx0  0x0800dee6       0x86 D:\Projects\MCU\STM32HAL\STM32F4_CLion\ZJA003_Project\STemWin_544\Lib\libSTemWin_CM4_wc32.a(WM.o)
 .text._Findx1  0x0800df6c       0x72 D:\Projects\MCU\STM32HAL\STM32F4_CLion\ZJA003_Project\STemWin_544\Lib\libSTemWin_CM4_wc32.a(WM.o)
 *fill*         0x0800dfde        0x2 
 .text._Paint1Trans
                0x0800dfe0       0x94 D:\Projects\MCU\STM32HAL\STM32F4_CLion\ZJA003_Project\STemWin_544\Lib\libSTemWin_CM4_wc32.a(WM.o)
 .text._PaintTransChildren
                0x0800e074       0xae D:\Projects\MCU\STM32HAL\STM32F4_CLion\ZJA003_Project\STemWin_544\Lib\libSTemWin_CM4_wc32.a(WM.o)
 *fill*         0x0800e122        0x2 
 .text.WM__PaintWinAndOverlays
                0x0800e124       0x78 D:\Projects\MCU\STM32HAL\STM32F4_CLion\ZJA003_Project\STemWin_544\Lib\libSTemWin_CM4_wc32.a(WM.o)
 .text._cbPaintMemDev
                0x0800e19c       0x6c D:\Projects\MCU\STM32HAL\STM32F4_CLion\ZJA003_Project\STemWin_544\Lib\libSTemWin_CM4_wc32.a(WM.o)
 .text.WM__ClipAtParentBorders
                0x0800e208       0x58 D:\Projects\MCU\STM32HAL\STM32F4_CLion\ZJA003_Project\STemWin_544\Lib\libSTemWin_CM4_wc32.a(WM.o)
                0x0800e208                WM__ClipAtParentBorders
 .text.WM__InsertWindowIntoList
                0x0800e260       0xac D:\Projects\MCU\STM32HAL\STM32F4_CLion\ZJA003_Project\STemWin_544\Lib\libSTemWin_CM4_wc32.a(WM.o)
                0x0800e260                WM__InsertWindowIntoList
 .text.WM__RemoveWindowFromList
                0x0800e30c       0x3c D:\Projects\MCU\STM32HAL\STM32F4_CLion\ZJA003_Project\STemWin_544\Lib\libSTemWin_CM4_wc32.a(WM.o)
                0x0800e30c                WM__RemoveWindowFromList
 .text.WM__Client2Screen
                0x0800e348       0x10 D:\Projects\MCU\STM32HAL\STM32F4_CLion\ZJA003_Project\STemWin_544\Lib\libSTemWin_CM4_wc32.a(WM.o)
                0x0800e348                WM__Client2Screen
 .text._SetClipRectUserIntersect
                0x0800e358       0x50 D:\Projects\MCU\STM32HAL\STM32F4_CLion\ZJA003_Project\STemWin_544\Lib\libSTemWin_CM4_wc32.a(WM.o)
 .text.WM__ActivateClipRect
                0x0800e3a8       0x48 D:\Projects\MCU\STM32HAL\STM32F4_CLion\ZJA003_Project\STemWin_544\Lib\libSTemWin_CM4_wc32.a(WM.o)
                0x0800e3a8                WM__ActivateClipRect
 .text.WM__IsWindow
                0x0800e3f0       0x20 D:\Projects\MCU\STM32HAL\STM32F4_CLion\ZJA003_Project\STemWin_544\Lib\libSTemWin_CM4_wc32.a(WM.o)
                0x0800e3f0                WM__IsWindow
 .text.WM__InvalidateDrawAndDescs
                0x0800e410       0x50 D:\Projects\MCU\STM32HAL\STM32F4_CLion\ZJA003_Project\STemWin_544\Lib\libSTemWin_CM4_wc32.a(WM.o)
                0x0800e410                WM__InvalidateDrawAndDescs
 .text.WM__RectIsNZ
                0x0800e460       0x22 D:\Projects\MCU\STM32HAL\STM32F4_CLion\ZJA003_Project\STemWin_544\Lib\libSTemWin_CM4_wc32.a(WM.o)
                0x0800e460                WM__RectIsNZ
 .text.WM_SendMessage
                0x0800e482        0x8 D:\Projects\MCU\STM32HAL\STM32F4_CLion\ZJA003_Project\STemWin_544\Lib\libSTemWin_CM4_wc32.a(WM.o)
                0x0800e482                WM_SendMessage
 .text.WM__SendMsgNoData
                0x0800e48a       0x16 D:\Projects\MCU\STM32HAL\STM32F4_CLion\ZJA003_Project\STemWin_544\Lib\libSTemWin_CM4_wc32.a(WM.o)
                0x0800e48a                WM__SendMsgNoData
 .text.WM__GetClientRectWin
                0x0800e4a0       0x18 D:\Projects\MCU\STM32HAL\STM32F4_CLion\ZJA003_Project\STemWin_544\Lib\libSTemWin_CM4_wc32.a(WM.o)
                0x0800e4a0                WM__GetClientRectWin
 .text.WM__GetTopLevelLayer
                0x0800e4b8       0x28 D:\Projects\MCU\STM32HAL\STM32F4_CLion\ZJA003_Project\STemWin_544\Lib\libSTemWin_CM4_wc32.a(WM.o)
                0x0800e4b8                WM__GetTopLevelLayer
 .text._Invalidate1Abs
                0x0800e4e0       0xa0 D:\Projects\MCU\STM32HAL\STM32F4_CLion\ZJA003_Project\STemWin_544\Lib\libSTemWin_CM4_wc32.a(WM.o)
 .text.WM__Invalidate1Abs
                0x0800e580        0x6 D:\Projects\MCU\STM32HAL\STM32F4_CLion\ZJA003_Project\STemWin_544\Lib\libSTemWin_CM4_wc32.a(WM.o)
                0x0800e580                WM__Invalidate1Abs
 .text.WM_InvalidateWindowAndDescsEx
                0x0800e586       0x64 D:\Projects\MCU\STM32HAL\STM32F4_CLion\ZJA003_Project\STemWin_544\Lib\libSTemWin_CM4_wc32.a(WM.o)
                0x0800e586                WM_InvalidateWindowAndDescsEx
 .text.WM__InvalidateRect
                0x0800e5ea       0x76 D:\Projects\MCU\STM32HAL\STM32F4_CLion\ZJA003_Project\STemWin_544\Lib\libSTemWin_CM4_wc32.a(WM.o)
                0x0800e5ea                WM__InvalidateRect
 .text.WM__InvalidateParent
                0x0800e660       0x2a D:\Projects\MCU\STM32HAL\STM32F4_CLion\ZJA003_Project\STemWin_544\Lib\libSTemWin_CM4_wc32.a(WM.o)
                0x0800e660                WM__InvalidateParent
 .text.WM__InvalidateRectEx
                0x0800e68a        0x6 D:\Projects\MCU\STM32HAL\STM32F4_CLion\ZJA003_Project\STemWin_544\Lib\libSTemWin_CM4_wc32.a(WM.o)
                0x0800e68a                WM__InvalidateRectEx
 .text.WM__DetachWindow
                0x0800e690       0x2a D:\Projects\MCU\STM32HAL\STM32F4_CLion\ZJA003_Project\STemWin_544\Lib\libSTemWin_CM4_wc32.a(WM.o)
                0x0800e690                WM__DetachWindow
 .text.WM_InvalidateRect
                0x0800e6ba       0x78 D:\Projects\MCU\STM32HAL\STM32F4_CLion\ZJA003_Project\STemWin_544\Lib\libSTemWin_CM4_wc32.a(WM.o)
                0x0800e6ba                WM_InvalidateRect
 .text.WM_InvalidateWindow
                0x0800e732        0x6 D:\Projects\MCU\STM32HAL\STM32F4_CLion\ZJA003_Project\STemWin_544\Lib\libSTemWin_CM4_wc32.a(WM.o)
                0x0800e732                WM_InvalidateWindow
 .text.WM__SelectTopLevelLayer
                0x0800e738       0x14 D:\Projects\MCU\STM32HAL\STM32F4_CLion\ZJA003_Project\STemWin_544\Lib\libSTemWin_CM4_wc32.a(WM.o)
                0x0800e738                WM__SelectTopLevelLayer
 .text.WM_SelectWindow
                0x0800e74c       0x40 D:\Projects\MCU\STM32HAL\STM32F4_CLion\ZJA003_Project\STemWin_544\Lib\libSTemWin_CM4_wc32.a(WM.o)
                0x0800e74c                WM_SelectWindow
 .text.WM_CreateWindowAsChild
                0x0800e78c      0x160 D:\Projects\MCU\STM32HAL\STM32F4_CLion\ZJA003_Project\STemWin_544\Lib\libSTemWin_CM4_wc32.a(WM.o)
                0x0800e78c                WM_CreateWindowAsChild
 .text.WM_DeleteWindow
                0x0800e8ec      0x11c D:\Projects\MCU\STM32HAL\STM32F4_CLion\ZJA003_Project\STemWin_544\Lib\libSTemWin_CM4_wc32.a(WM.o)
                0x0800e8ec                WM_DeleteWindow
 .text._Exec1Input
                0x0800ea08       0x84 D:\Projects\MCU\STM32HAL\STM32F4_CLion\ZJA003_Project\STemWin_544\Lib\libSTemWin_CM4_wc32.a(WM.o)
 .text.WM_GetActiveWindow
                0x0800ea8c        0xc D:\Projects\MCU\STM32HAL\STM32F4_CLion\ZJA003_Project\STemWin_544\Lib\libSTemWin_CM4_wc32.a(WM.o)
                0x0800ea8c                WM_GetActiveWindow
 .text.WM__GetNextIVR
                0x0800ea98      0x184 D:\Projects\MCU\STM32HAL\STM32F4_CLion\ZJA003_Project\STemWin_544\Lib\libSTemWin_CM4_wc32.a(WM.o)
                0x0800ea98                WM__GetNextIVR
 .text.WM__InitIVRSearch
                0x0800ec1c      0x100 D:\Projects\MCU\STM32HAL\STM32F4_CLion\ZJA003_Project\STemWin_544\Lib\libSTemWin_CM4_wc32.a(WM.o)
                0x0800ec1c                WM__InitIVRSearch
 .text.WM_SetDefault
                0x0800ed1c       0x14 D:\Projects\MCU\STM32HAL\STM32F4_CLion\ZJA003_Project\STemWin_544\Lib\libSTemWin_CM4_wc32.a(WM.o)
                0x0800ed1c                WM_SetDefault
 .text.WM__Paint1
                0x0800ed30       0x94 D:\Projects\MCU\STM32HAL\STM32F4_CLion\ZJA003_Project\STemWin_544\Lib\libSTemWin_CM4_wc32.a(WM.o)
                0x0800ed30                WM__Paint1
 .text.WM__Paint
                0x0800edc4       0xb4 D:\Projects\MCU\STM32HAL\STM32F4_CLion\ZJA003_Project\STemWin_544\Lib\libSTemWin_CM4_wc32.a(WM.o)
                0x0800edc4                WM__Paint
 .text._Exec1Draw
                0x0800ee78       0x8c D:\Projects\MCU\STM32HAL\STM32F4_CLion\ZJA003_Project\STemWin_544\Lib\libSTemWin_CM4_wc32.a(WM.o)
 .text.WM__DeleteSecure
                0x0800ef04       0x1c D:\Projects\MCU\STM32HAL\STM32F4_CLion\ZJA003_Project\STemWin_544\Lib\libSTemWin_CM4_wc32.a(WM.o)
                0x0800ef04                WM__DeleteSecure
 .text.WM_Exec  0x0800ef20       0x78 D:\Projects\MCU\STM32HAL\STM32F4_CLion\ZJA003_Project\STemWin_544\Lib\libSTemWin_CM4_wc32.a(WM.o)
                0x0800ef20                WM_Exec
 .text.WM_Activate
                0x0800ef98       0x10 D:\Projects\MCU\STM32HAL\STM32F4_CLion\ZJA003_Project\STemWin_544\Lib\libSTemWin_CM4_wc32.a(WM.o)
                0x0800ef98                WM_Activate
 .text.WM_Deactivate
                0x0800efa8       0x14 D:\Projects\MCU\STM32HAL\STM32F4_CLion\ZJA003_Project\STemWin_544\Lib\libSTemWin_CM4_wc32.a(WM.o)
                0x0800efa8                WM_Deactivate
 .text.WM_DefaultProc
                0x0800efbc       0x48 D:\Projects\MCU\STM32HAL\STM32F4_CLion\ZJA003_Project\STemWin_544\Lib\libSTemWin_CM4_wc32.a(WM.o)
                0x0800efbc                WM_DefaultProc
 .text._cbBackWin
                0x0800f004       0x68 D:\Projects\MCU\STM32HAL\STM32F4_CLion\ZJA003_Project\STemWin_544\Lib\libSTemWin_CM4_wc32.a(WM.o)
 .text.WM_Init  0x0800f06c       0xf0 D:\Projects\MCU\STM32HAL\STM32F4_CLion\ZJA003_Project\STemWin_544\Lib\libSTemWin_CM4_wc32.a(WM.o)
                0x0800f06c                WM_Init
 .text.WM_ForEachDesc
                0x0800f15c        0x4 D:\Projects\MCU\STM32HAL\STM32F4_CLion\ZJA003_Project\STemWin_544\Lib\libSTemWin_CM4_wc32.a(WM_Lib.o)
                0x0800f15c                WM_ForEachDesc
 .text.WM_GetClientRect
                0x0800f160       0x1c D:\Projects\MCU\STM32HAL\STM32F4_CLion\ZJA003_Project\STemWin_544\Lib\libSTemWin_CM4_wc32.a(WM_Lib.o)
                0x0800f160                WM_GetClientRect
 .text.WM_GetClientWindow
                0x0800f17c       0x1a D:\Projects\MCU\STM32HAL\STM32F4_CLion\ZJA003_Project\STemWin_544\Lib\libSTemWin_CM4_wc32.a(WM_Lib.o)
                0x0800f17c                WM_GetClientWindow
 *fill*         0x0800f196        0x2 
 .text.WM_GetDesktopWindow
                0x0800f198       0x18 D:\Projects\MCU\STM32HAL\STM32F4_CLion\ZJA003_Project\STemWin_544\Lib\libSTemWin_CM4_wc32.a(WM_Lib.o)
                0x0800f198                WM_GetDesktopWindow
 .text.WM_GetDesktopWindowEx
                0x0800f1b0       0x14 D:\Projects\MCU\STM32HAL\STM32F4_CLion\ZJA003_Project\STemWin_544\Lib\libSTemWin_CM4_wc32.a(WM_Lib.o)
                0x0800f1b0                WM_GetDesktopWindowEx
 .text.WM_CheckScrollBounds
                0x0800f1c4       0x1e D:\Projects\MCU\STM32HAL\STM32F4_CLion\ZJA003_Project\STemWin_544\Lib\libSTemWin_CM4_wc32.a(WM_Lib.o)
                0x0800f1c4                WM_CheckScrollBounds
 .text.WM_GetFirstChild
                0x0800f1e2       0x10 D:\Projects\MCU\STM32HAL\STM32F4_CLion\ZJA003_Project\STemWin_544\Lib\libSTemWin_CM4_wc32.a(WM_Lib.o)
                0x0800f1e2                WM_GetFirstChild
 .text.WM_GetFlags
                0x0800f1f2        0xe D:\Projects\MCU\STM32HAL\STM32F4_CLion\ZJA003_Project\STemWin_544\Lib\libSTemWin_CM4_wc32.a(WM_Lib.o)
                0x0800f1f2                WM_GetFlags
 .text.WM_GetFocusedWindow
                0x0800f200       0x14 D:\Projects\MCU\STM32HAL\STM32F4_CLion\ZJA003_Project\STemWin_544\Lib\libSTemWin_CM4_wc32.a(WM_Lib.o)
                0x0800f200                WM_GetFocusedWindow
 .text.WM_GetId
                0x0800f214       0x20 D:\Projects\MCU\STM32HAL\STM32F4_CLion\ZJA003_Project\STemWin_544\Lib\libSTemWin_CM4_wc32.a(WM_Lib.o)
                0x0800f214                WM_GetId
 .text._GetDialogItem
                0x0800f234       0x46 D:\Projects\MCU\STM32HAL\STM32F4_CLion\ZJA003_Project\STemWin_544\Lib\libSTemWin_CM4_wc32.a(WM_Lib.o)
 .text.WM_GetDialogItem
                0x0800f27a       0x42 D:\Projects\MCU\STM32HAL\STM32F4_CLion\ZJA003_Project\STemWin_544\Lib\libSTemWin_CM4_wc32.a(WM_Lib.o)
                0x0800f27a                WM_GetDialogItem
 .text.WM_GetInsideRectEx
                0x0800f2bc       0x16 D:\Projects\MCU\STM32HAL\STM32F4_CLion\ZJA003_Project\STemWin_544\Lib\libSTemWin_CM4_wc32.a(WM_Lib.o)
                0x0800f2bc                WM_GetInsideRectEx
 .text.WM_GetNextSibling
                0x0800f2d2       0x10 D:\Projects\MCU\STM32HAL\STM32F4_CLion\ZJA003_Project\STemWin_544\Lib\libSTemWin_CM4_wc32.a(WM_Lib.o)
                0x0800f2d2                WM_GetNextSibling
 .text.WM_GetWindowOrgX
                0x0800f2e2       0x10 D:\Projects\MCU\STM32HAL\STM32F4_CLion\ZJA003_Project\STemWin_544\Lib\libSTemWin_CM4_wc32.a(WM_Lib.o)
                0x0800f2e2                WM_GetWindowOrgX
 .text.WM_GetWindowOrgY
                0x0800f2f2       0x10 D:\Projects\MCU\STM32HAL\STM32F4_CLion\ZJA003_Project\STemWin_544\Lib\libSTemWin_CM4_wc32.a(WM_Lib.o)
                0x0800f2f2                WM_GetWindowOrgY
 *fill*         0x0800f302        0x2 
 .text.WM_GetOrgX
                0x0800f304       0x10 D:\Projects\MCU\STM32HAL\STM32F4_CLion\ZJA003_Project\STemWin_544\Lib\libSTemWin_CM4_wc32.a(WM_Lib.o)
                0x0800f304                WM_GetOrgX
 .text.WM_GetOrgY
                0x0800f314       0x10 D:\Projects\MCU\STM32HAL\STM32F4_CLion\ZJA003_Project\STemWin_544\Lib\libSTemWin_CM4_wc32.a(WM_Lib.o)
                0x0800f314                WM_GetOrgY
 .text.WM_GetParent
                0x0800f324       0x10 D:\Projects\MCU\STM32HAL\STM32F4_CLion\ZJA003_Project\STemWin_544\Lib\libSTemWin_CM4_wc32.a(WM_Lib.o)
                0x0800f324                WM_GetParent
 .text.WM_BringToBottom