Archive member included to satisfy reference by file (symbol)

c:/progra~1/stmicr~1/stm32c~1/gcc-ar~1/bin/../lib/gcc/arm-none-eabi/9.3.1/thumb/v7e-m/nofp\libgcc.a(_arm_muldf3.o)
                              CMakeFiles/INA226.elf.dir/Core/User/INA226/INA226.c.obj (__aeabi_dmul)
c:/progra~1/stmicr~1/stm32c~1/gcc-ar~1/bin/../lib/gcc/arm-none-eabi/9.3.1/thumb/v7e-m/nofp\libgcc.a(_arm_mulsf3.o)
                              CMakeFiles/INA226.elf.dir/Core/Src/main.c.obj (__aeabi_fmul)
c:/progra~1/stmicr~1/stm32c~1/gcc-ar~1/bin/../lib/gcc/arm-none-eabi/9.3.1/thumb/v7e-m/nofp\libgcc.a(_arm_addsubdf3.o)
                              CMakeFiles/INA226.elf.dir/Core/User/INA226/INA226.c.obj (__aeabi_i2d)
c:/progra~1/stmicr~1/stm32c~1/gcc-ar~1/bin/../lib/gcc/arm-none-eabi/9.3.1/thumb/v7e-m/nofp\libgcc.a(_arm_muldivdf3.o)
                              CMakeFiles/INA226.elf.dir/Core/User/INA226/INA226.c.obj (__aeabi_ddiv)
c:/progra~1/stmicr~1/stm32c~1/gcc-ar~1/bin/../lib/gcc/arm-none-eabi/9.3.1/thumb/v7e-m/nofp\libgcc.a(_arm_fixunsdfsi.o)
                              CMakeFiles/INA226.elf.dir/Core/User/INA226/INA226.c.obj (__aeabi_d2uiz)
c:/progra~1/stmicr~1/stm32c~1/gcc-ar~1/bin/../lib/gcc/arm-none-eabi/9.3.1/thumb/v7e-m/nofp\libgcc.a(_arm_truncdfsf2.o)
                              CMakeFiles/INA226.elf.dir/Core/User/INA226/INA226.c.obj (__aeabi_d2f)
c:/progra~1/stmicr~1/stm32c~1/gcc-ar~1/bin/../lib/gcc/arm-none-eabi/9.3.1/thumb/v7e-m/nofp\libgcc.a(_arm_addsubsf3.o)
                              CMakeFiles/INA226.elf.dir/Core/User/INA226/INA226.c.obj (__aeabi_ui2f)
c:/progra~1/stmicr~1/stm32c~1/gcc-ar~1/bin/../lib/gcc/arm-none-eabi/9.3.1/thumb/v7e-m/nofp\libgcc.a(_arm_muldivsf3.o)
                              CMakeFiles/INA226.elf.dir/Core/User/INA226/INA226.c.obj (__aeabi_fdiv)
c:/progra~1/stmicr~1/stm32c~1/gcc-ar~1/bin/../lib/gcc/arm-none-eabi/9.3.1/thumb/v7e-m/nofp\libgcc.a(_arm_cmpsf2.o)
                              CMakeFiles/INA226.elf.dir/Core/User/INA226/INA226.c.obj (__aeabi_fcmple)
c:/progra~1/stmicr~1/stm32c~1/gcc-ar~1/bin/../lib/gcc/arm-none-eabi/9.3.1/thumb/v7e-m/nofp\libgcc.a(_arm_fixunssfsi.o)
                              CMakeFiles/INA226.elf.dir/Core/User/INA226/INA226.c.obj (__aeabi_f2uiz)
c:/progra~1/stmicr~1/stm32c~1/gcc-ar~1/bin/../lib/gcc/arm-none-eabi/9.3.1/thumb/v7e-m/nofp\libgcc.a(_aeabi_uldivmod.o)
                              CMakeFiles/INA226.elf.dir/Drivers/STM32F4xx_HAL_Driver/Src/stm32f4xx_hal_rcc.c.obj (__aeabi_uldivmod)
c:/progra~1/stmicr~1/stm32c~1/gcc-ar~1/bin/../lib/gcc/arm-none-eabi/9.3.1/thumb/v7e-m/nofp\libgcc.a(_udivmoddi4.o)
                              c:/progra~1/stmicr~1/stm32c~1/gcc-ar~1/bin/../lib/gcc/arm-none-eabi/9.3.1/thumb/v7e-m/nofp\libgcc.a(_aeabi_uldivmod.o) (__udivmoddi4)
c:/progra~1/stmicr~1/stm32c~1/gcc-ar~1/bin/../lib/gcc/arm-none-eabi/9.3.1/thumb/v7e-m/nofp\libgcc.a(_dvmd_tls.o)
                              c:/progra~1/stmicr~1/stm32c~1/gcc-ar~1/bin/../lib/gcc/arm-none-eabi/9.3.1/thumb/v7e-m/nofp\libgcc.a(_aeabi_uldivmod.o) (__aeabi_ldiv0)
c:/progra~1/stmicr~1/stm32c~1/gcc-ar~1/bin/../lib/gcc/arm-none-eabi/9.3.1/../../../../arm-none-eabi/lib/thumb/v7e-m/nofp\libg.a(lib_a-errno.o)
                              CMakeFiles/INA226.elf.dir/Core/Src/syscalls.c.obj (__errno)
c:/progra~1/stmicr~1/stm32c~1/gcc-ar~1/bin/../lib/gcc/arm-none-eabi/9.3.1/../../../../arm-none-eabi/lib/thumb/v7e-m/nofp\libg.a(lib_a-exit.o)
                              c:/progra~1/stmicr~1/stm32c~1/gcc-ar~1/bin/../lib/gcc/arm-none-eabi/9.3.1/../../../../arm-none-eabi/lib/thumb/v7e-m/nofp/crt0.o (exit)
c:/progra~1/stmicr~1/stm32c~1/gcc-ar~1/bin/../lib/gcc/arm-none-eabi/9.3.1/../../../../arm-none-eabi/lib/thumb/v7e-m/nofp\libg.a(lib_a-impure.o)
                              c:/progra~1/stmicr~1/stm32c~1/gcc-ar~1/bin/../lib/gcc/arm-none-eabi/9.3.1/../../../../arm-none-eabi/lib/thumb/v7e-m/nofp\libg.a(lib_a-exit.o) (_global_impure_ptr)
c:/progra~1/stmicr~1/stm32c~1/gcc-ar~1/bin/../lib/gcc/arm-none-eabi/9.3.1/../../../../arm-none-eabi/lib/thumb/v7e-m/nofp\libg.a(lib_a-init.o)
                              c:/progra~1/stmicr~1/stm32c~1/gcc-ar~1/bin/../lib/gcc/arm-none-eabi/9.3.1/../../../../arm-none-eabi/lib/thumb/v7e-m/nofp/crt0.o (__libc_init_array)
c:/progra~1/stmicr~1/stm32c~1/gcc-ar~1/bin/../lib/gcc/arm-none-eabi/9.3.1/../../../../arm-none-eabi/lib/thumb/v7e-m/nofp\libg.a(lib_a-memset.o)
                              c:/progra~1/stmicr~1/stm32c~1/gcc-ar~1/bin/../lib/gcc/arm-none-eabi/9.3.1/../../../../arm-none-eabi/lib/thumb/v7e-m/nofp/crt0.o (memset)
c:/progra~1/stmicr~1/stm32c~1/gcc-ar~1/bin/../lib/gcc/arm-none-eabi/9.3.1/../../../../arm-none-eabi/lib/thumb/v7e-m/nofp\libg.a(lib_a-printf.o)
                              CMakeFiles/INA226.elf.dir/Core/Src/main.c.obj (printf)
c:/progra~1/stmicr~1/stm32c~1/gcc-ar~1/bin/../lib/gcc/arm-none-eabi/9.3.1/../../../../arm-none-eabi/lib/thumb/v7e-m/nofp\libg.a(lib_a-puts.o)
[...]
Memory Configuration

Name             Origin             Length             Attributes
RAM              0x20000000         0x00020000         xrw
CCMRAM           0x10000000         0x00010000         xrw
FLASH            0x08000000         0x00100000         xr
*default*        0x00000000         0xffffffff

Linker script and memory map

LOAD c:/progra~1/stmicr~1/stm32c~1/gcc-ar~1/bin/../lib/gcc/arm-none-eabi/9.3.1/thumb/v7e-m/nofp/crti.o
LOAD c:/progra~1/stmicr~1/stm32c~1/gcc-ar~1/bin/../lib/gcc/arm-none-eabi/9.3.1/thumb/v7e-m/nofp/crtbegin.o
LOAD c:/progra~1/stmicr~1/stm32c~1/gcc-ar~1/bin/../lib/gcc/arm-none-eabi/9.3.1/../../../../arm-none-eabi/lib/thumb/v7e-m/nofp/crt0.o
LOAD CMakeFiles/INA226.elf.dir/Core/Src/gpio.c.obj
LOAD CMakeFiles/INA226.elf.dir/Core/Src/i2c.c.obj
LOAD CMakeFiles/INA226.elf.dir/Core/Src/main.c.obj
LOAD CMakeFiles/INA226.elf.dir/Core/Src/stm32f4xx_hal_msp.c.obj
LOAD CMakeFiles/INA226.elf.dir/Core/Src/stm32f4xx_it.c.obj
LOAD CMakeFiles/INA226.elf.dir/Core/Src/syscalls.c.obj
LOAD CMakeFiles/INA226.elf.dir/Core/Src/system_stm32f4xx.c.obj
LOAD CMakeFiles/INA226.elf.dir/Core/Src/tim.c.obj
LOAD CMakeFiles/INA226.elf.dir/Core/Src/usart.c.obj
LOAD CMakeFiles/INA226.elf.dir/Core/User/INA226/INA226.c.obj
LOAD CMakeFiles/INA226.elf.dir/Drivers/STM32F4xx_HAL_Driver/Src/stm32f4xx_hal.c.obj
LOAD CMakeFiles/INA226.elf.dir/Drivers/STM32F4xx_HAL_Driver/Src/stm32f4xx_hal_cortex.c.obj
LOAD CMakeFiles/INA226.elf.dir/Drivers/STM32F4xx_HAL_Driver/Src/stm32f4xx_hal_dma.c.obj
LOAD CMakeFiles/INA226.elf.dir/Drivers/STM32F4xx_HAL_Driver/Src/stm32f4xx_hal_dma_ex.c.obj
LOAD CMakeFiles/INA226.elf.dir/Drivers/STM32F4xx_HAL_Driver/Src/stm32f4xx_hal_exti.c.obj
LOAD CMakeFiles/INA226.elf.dir/Drivers/STM32F4xx_HAL_Driver/Src/stm32f4xx_hal_flash.c.obj
LOAD CMakeFiles/INA226.elf.dir/Drivers/STM32F4xx_HAL_Driver/Src/stm32f4xx_hal_flash_ex.c.obj
LOAD CMakeFiles/INA226.elf.dir/Drivers/STM32F4xx_HAL_Driver/Src/stm32f4xx_hal_flash_ramfunc.c.obj
LOAD CMakeFiles/INA226.elf.dir/Drivers/STM32F4xx_HAL_Driver/Src/stm32f4xx_hal_gpio.c.obj
LOAD CMakeFiles/INA226.elf.dir/Drivers/STM32F4xx_HAL_Driver/Src/stm32f4xx_hal_i2c.c.obj
LOAD CMakeFiles/INA226.elf.dir/Drivers/STM32F4xx_HAL_Driver/Src/stm32f4xx_hal_i2c_ex.c.obj
LOAD CMakeFiles/INA226.elf.dir/Drivers/STM32F4xx_HAL_Driver/Src/stm32f4xx_hal_pwr.c.obj
LOAD CMakeFiles/INA226.elf.dir/Drivers/STM32F4xx_HAL_Driver/Src/stm32f4xx_hal_pwr_ex.c.obj
LOAD CMakeFiles/INA226.elf.dir/Drivers/STM32F4xx_HAL_Driver/Src/stm32f4xx_hal_rcc.c.obj
LOAD CMakeFiles/INA226.elf.dir/Drivers/STM32F4xx_HAL_Driver/Src/stm32f4xx_hal_rcc_ex.c.obj
LOAD CMakeFiles/INA226.elf.dir/Drivers/STM32F4xx_HAL_Driver/Src/stm32f4xx_hal_tim.c.obj
LOAD CMakeFiles/INA226.elf.dir/Drivers/STM32F4xx_HAL_Driver/Src/stm32f4xx_hal_tim_ex.c.obj
LOAD CMakeFiles/INA226.elf.dir/Drivers/STM32F4xx_HAL_Driver/Src/stm32f4xx_hal_uart.c.obj
LOAD CMakeFiles/INA226.elf.dir/startup/startup_stm32f407xx.s.obj
START GROUP
LOAD c:/progra~1/stmicr~1/stm32c~1/gcc-ar~1/bin/../lib/gcc/arm-none-eabi/9.3.1/thumb/v7e-m/nofp\libgcc.a
LOAD c:/progra~1/stmicr~1/stm32c~1/gcc-ar~1/bin/../lib/gcc/arm-none-eabi/9.3.1/../../../../arm-none-eabi/lib/thumb/v7e-m/nofp\libg.a
LOAD c:/progra~1/stmicr~1/stm32c~1/gcc-ar~1/bin/../lib/gcc/arm-none-eabi/9.3.1/../../../../arm-none-eabi/lib/thumb/v7e-m/nofp\libc.a
END GROUP
LOAD c:/progra~1/stmicr~1/stm32c~1/gcc-ar~1/bin/../lib/gcc/arm-none-eabi/9.3.1/thumb/v7e-m/nofp/crtend.o
LOAD c:/progra~1/stmicr~1/stm32c~1/gcc-ar~1/bin/../lib/gcc/arm-none-eabi/9.3.1/thumb/v7e-m/nofp/crtn.o
                0x20020000                _estack = 0x20020000
                0x00000200                _Min_Heap_Size = 0x200
                0x00000400                _Min_Stack_Size = 0x400

.isr_vector     0x08000000      0x188
                0x08000000                . = ALIGN (0x4)
 *(.isr_vector)
 .isr_vector    0x08000000      0x188 CMakeFiles/INA226.elf.dir/startup/startup_stm32f407xx.s.obj
                0x08000000                g_pfnVectors
                0x08000188                . = ALIGN (0x4)

.text           0x080001c0     0xa300
                0x080001c0                . = ALIGN (0x4)
 *(.text)
 .text          0x080001c0       0x40 c:/progra~1/stmicr~1/stm32c~1/gcc-ar~1/bin/../lib/gcc/arm-none-eabi/9.3.1/thumb/v7e-m/nofp/crtbegin.o
 .text          0x08000200      0x378 c:/progra~1/stmicr~1/stm32c~1/gcc-ar~1/bin/../lib/gcc/arm-none-eabi/9.3.1/thumb/v7e-m/nofp\libgcc.a(_arm_addsubdf3.o)
                0x08000200                __aeabi_drsub
                0x08000208                __aeabi_dsub
                0x08000208                __subdf3
                0x0800020c                __aeabi_dadd
                0x0800020c                __adddf3
                0x08000484                __floatunsidf
                0x08000484                __aeabi_ui2d
                0x080004a4                __floatsidf
                0x080004a4                __aeabi_i2d
                0x080004c8                __aeabi_f2d
                0x080004c8                __extendsfdf2
                0x0800050c                __floatundidf
                0x0800050c                __aeabi_ul2d
                0x0800051c                __floatdidf
                0x0800051c                __aeabi_l2d
 .text          0x08000578      0x424 c:/progra~1/stmicr~1/stm32c~1/gcc-ar~1/bin/../lib/gcc/arm-none-eabi/9.3.1/thumb/v7e-m/nofp\libgcc.a(_arm_muldivdf3.o)
                0x08000578                __aeabi_dmul
                0x08000578                __muldf3
                0x080007cc                __divdf3
                0x080007cc                __aeabi_ddiv
 .text          0x0800099c       0x40 c:/progra~1/stmicr~1/stm32c~1/gcc-ar~1/bin/../lib/gcc/arm-none-eabi/9.3.1/thumb/v7e-m/nofp\libgcc.a(_arm_fixunsdfsi.o)
                0x0800099c                __aeabi_d2uiz
                0x0800099c                __fixunsdfsi
 .text          0x080009dc       0xa0 c:/progra~1/stmicr~1/stm32c~1/gcc-ar~1/bin/../lib/gcc/arm-none-eabi/9.3.1/thumb/v7e-m/nofp\libgcc.a(_arm_truncdfsf2.o)
                0x080009dc                __truncdfsf2
                0x080009dc                __aeabi_d2f
 .text          0x08000a7c      0x21c c:/progra~1/stmicr~1/stm32c~1/gcc-ar~1/bin/../lib/gcc/arm-none-eabi/9.3.1/thumb/v7e-m/nofp\libgcc.a(_arm_addsubsf3.o)
                0x08000a7c                __aeabi_frsub
                0x08000a84                __subsf3
                0x08000a84                __aeabi_fsub
                0x08000a88                __aeabi_fadd
                0x08000a88                __addsf3
                0x08000be8                __aeabi_ui2f
                0x08000be8                __floatunsisf
                0x08000bf0                __aeabi_i2f
                0x08000bf0                __floatsisf
                0x08000c0c                __aeabi_ul2f
                0x08000c0c                __floatundisf
                0x08000c1c                __aeabi_l2f
                0x08000c1c                __floatdisf
 .text          0x08000c98      0x2a0 c:/progra~1/stmicr~1/stm32c~1/gcc-ar~1/bin/../lib/gcc/arm-none-eabi/9.3.1/thumb/v7e-m/nofp\libgcc.a(_arm_muldivsf3.o)
                0x08000c98                __mulsf3
                0x08000c98                __aeabi_fmul
                0x08000e00                __aeabi_fdiv
                0x08000e00                __divsf3
 .text          0x08000f38       0xec c:/progra~1/stmicr~1/stm32c~1/gcc-ar~1/bin/../lib/gcc/arm-none-eabi/9.3.1/thumb/v7e-m/nofp\libgcc.a(_arm_cmpsf2.o)
                0x08000f38                __gesf2
                0x08000f38                __gtsf2
                0x08000f40                __lesf2
                0x08000f40                __ltsf2
                0x08000f48                __nesf2
                0x08000f48                __eqsf2
                0x08000f48                __cmpsf2
                0x08000fa8                __aeabi_cfrcmple
                0x08000fb0                __aeabi_cfcmpeq
                0x08000fb0                __aeabi_cfcmple
                0x08000fc0                __aeabi_fcmpeq
                0x08000fd4                __aeabi_fcmplt
                0x08000fe8                __aeabi_fcmple
                0x08000ffc                __aeabi_fcmpge
                0x08001010                __aeabi_fcmpgt
 .text          0x08001024       0x40 c:/progra~1/stmicr~1/stm32c~1/gcc-ar~1/bin/../lib/gcc/arm-none-eabi/9.3.1/thumb/v7e-m/nofp\libgcc.a(_arm_fixunssfsi.o)
                0x08001024                __fixunssfsi
                0x08001024                __aeabi_f2uiz
 .text          0x08001064       0x30 c:/progra~1/stmicr~1/stm32c~1/gcc-ar~1/bin/../lib/gcc/arm-none-eabi/9.3.1/thumb/v7e-m/nofp\libgcc.a(_aeabi_uldivmod.o)
                0x08001064                __aeabi_uldivmod
 .text          0x08001094      0x2c0 c:/progra~1/stmicr~1/stm32c~1/gcc-ar~1/bin/../lib/gcc/arm-none-eabi/9.3.1/thumb/v7e-m/nofp\libgcc.a(_udivmoddi4.o)
                0x08001094                __udivmoddi4
 .text          0x08001354        0x4 c:/progra~1/stmicr~1/stm32c~1/gcc-ar~1/bin/../lib/gcc/arm-none-eabi/9.3.1/thumb/v7e-m/nofp\libgcc.a(_dvmd_tls.o)
                0x08001354                __aeabi_idiv0
                0x08001354                __aeabi_ldiv0
 *fill*         0x08001358       0x28 
 .text          0x08001380       0xdc c:/progra~1/stmicr~1/stm32c~1/gcc-ar~1/bin/../lib/gcc/arm-none-eabi/9.3.1/../../../../arm-none-eabi/lib/thumb/v7e-m/nofp\libg.a(lib_a-strlen.o)
                0x08001380                strlen
 *fill*         0x0800145c        0x4 
 .text          0x08001460       0xa0 c:/progra~1/stmicr~1/stm32c~1/gcc-ar~1/bin/../lib/gcc/arm-none-eabi/9.3.1/../../../../arm-none-eabi/lib/thumb/v7e-m/nofp\libg.a(lib_a-memchr.o)
                0x08001460                memchr
 .text          0x08001500      0x134 c:/progra~1/stmicr~1/stm32c~1/gcc-ar~1/bin/../lib/gcc/arm-none-eabi/9.3.1/../../../../arm-none-eabi/lib/thumb/v7e-m/nofp\libg.a(lib_a-memcpy.o)
                0x08001500                memcpy
 .text          0x08001634      0x110 c:/progra~1/stmicr~1/stm32c~1/gcc-ar~1/bin/../lib/gcc/arm-none-eabi/9.3.1/thumb/v7e-m/nofp\libgcc.a(_arm_cmpdf2.o)
                0x08001634                __gtdf2
                0x08001634                __gedf2
                0x0800163c                __ltdf2
                0x0800163c                __ledf2
                0x08001644                __nedf2
                0x08001644                __eqdf2
                0x08001644                __cmpdf2
                0x080016c0                __aeabi_cdrcmple
                0x080016d0                __aeabi_cdcmpeq
                0x080016d0                __aeabi_cdcmple
                0x080016e0                __aeabi_dcmpeq
                0x080016f4                __aeabi_dcmplt
                0x08001708                __aeabi_dcmple
                0x0800171c                __aeabi_dcmpge
                0x08001730                __aeabi_dcmpgt
 .text          0x08001744       0x2c c:/progra~1/stmicr~1/stm32c~1/gcc-ar~1/bin/../lib/gcc/arm-none-eabi/9.3.1/thumb/v7e-m/nofp\libgcc.a(_arm_unorddf2.o)
                0x08001744                __unorddf2
                0x08001744                __aeabi_dcmpun
 .text          0x08001770       0x50 c:/progra~1/stmicr~1/stm32c~1/gcc-ar~1/bin/../lib/gcc/arm-none-eabi/9.3.1/thumb/v7e-m/nofp\libgcc.a(_arm_fixdfsi.o)
                0x08001770                __aeabi_d2iz
                0x08001770                __fixdfsi
 *(.text*)
 .text.MX_GPIO_Init
                0x080017c0       0xa8 CMakeFiles/INA226.elf.dir/Core/Src/gpio.c.obj
                0x080017c0                MX_GPIO_Init
 .text.MX_I2C1_Init
                0x08001868       0x3c CMakeFiles/INA226.elf.dir/Core/Src/i2c.c.obj
                0x08001868                MX_I2C1_Init
 .text.HAL_I2C_MspInit
                0x080018a4       0x74 CMakeFiles/INA226.elf.dir/Core/Src/i2c.c.obj
                0x080018a4                HAL_I2C_MspInit
 .text.Error_Handler
                0x08001918        0x4 CMakeFiles/INA226.elf.dir/Core/Src/main.c.obj
                0x08001918                Error_Handler
 .text.SystemClock_Config
                0x0800191c       0xa8 CMakeFiles/INA226.elf.dir/Core/Src/main.c.obj
                0x0800191c                SystemClock_Config
 .text.main     0x080019c4      0x120 CMakeFiles/INA226.elf.dir/Core/Src/main.c.obj
                0x080019c4                main
 .text.HAL_MspInit
                0x08001ae4       0x38 CMakeFiles/INA226.elf.dir/Core/Src/stm32f4xx_hal_msp.c.obj
                0x08001ae4                HAL_MspInit
 .text.NMI_Handler
                0x08001b1c        0x2 CMakeFiles/INA226.elf.dir/Core/Src/stm32f4xx_it.c.obj
                0x08001b1c                NMI_Handler
 .text.HardFault_Handler
                0x08001b1e        0x2 CMakeFiles/INA226.elf.dir/Core/Src/stm32f4xx_it.c.obj
                0x08001b1e                HardFault_Handler
 .text.MemManage_Handler
                0x08001b20        0x2 CMakeFiles/INA226.elf.dir/Core/Src/stm32f4xx_it.c.obj
                0x08001b20                MemManage_Handler
 .text.BusFault_Handler
                0x08001b22        0x2 CMakeFiles/INA226.elf.dir/Core/Src/stm32f4xx_it.c.obj
                0x08001b22                BusFault_Handler
 .text.UsageFault_Handler
                0x08001b24        0x2 CMakeFiles/INA226.elf.dir/Core/Src/stm32f4xx_it.c.obj
                0x08001b24                UsageFault_Handler
 .text.SVC_Handler
                0x08001b26        0x2 CMakeFiles/INA226.elf.dir/Core/Src/stm32f4xx_it.c.obj
                0x08001b26                SVC_Handler
 .text.DebugMon_Handler
                0x08001b28        0x2 CMakeFiles/INA226.elf.dir/Core/Src/stm32f4xx_it.c.obj
                0x08001b28                DebugMon_Handler
 .text.PendSV_Handler
                0x08001b2a        0x2 CMakeFiles/INA226.elf.dir/Core/Src/stm32f4xx_it.c.obj
                0x08001b2a                PendSV_Handler
 .text.SysTick_Handler
                0x08001b2c        0x8 CMakeFiles/INA226.elf.dir/Core/Src/stm32f4xx_it.c.obj
                0x08001b2c                SysTick_Handler
 .text.TIM2_IRQHandler
                0x08001b34       0x10 CMakeFiles/INA226.elf.dir/Core/Src/stm32f4xx_it.c.obj
                0x08001b34                TIM2_IRQHandler
 .text.TIM3_IRQHandler
                0x08001b44       0x10 CMakeFiles/INA226.elf.dir/Core/Src/stm32f4xx_it.c.obj
                0x08001b44                TIM3_IRQHandler
 .text.USART3_IRQHandler
                0x08001b54       0x10 CMakeFiles/INA226.elf.dir/Core/Src/stm32f4xx_it.c.obj
                0x08001b54                USART3_IRQHandler
 .text._getpid  0x08001b64        0x4 CMakeFiles/INA226.elf.dir/Core/Src/syscalls.c.obj
                0x08001b64                _getpid
 .text._kill    0x08001b68       0x10 CMakeFiles/INA226.elf.dir/Core/Src/syscalls.c.obj
                0x08001b68                _kill
 .text._exit    0x08001b78        0xc CMakeFiles/INA226.elf.dir/Core/Src/syscalls.c.obj
                0x08001b78                _exit
 .text._read    0x08001b84       0x20 CMakeFiles/INA226.elf.dir/Core/Src/syscalls.c.obj
                0x08001b84                _read
 .text._write   0x08001ba4       0x1c CMakeFiles/INA226.elf.dir/Core/Src/syscalls.c.obj
                0x08001ba4                _write
 .text._sbrk    0x08001bc0       0x3c CMakeFiles/INA226.elf.dir/Core/Src/syscalls.c.obj
                0x08001bc0                _sbrk
 .text._close   0x08001bfc        0x6 CMakeFiles/INA226.elf.dir/Core/Src/syscalls.c.obj
                0x08001bfc                _close
 .text._fstat   0x08001c02        0xa CMakeFiles/INA226.elf.dir/Core/Src/syscalls.c.obj
                0x08001c02                _fstat
 .text._isatty  0x08001c0c        0x4 CMakeFiles/INA226.elf.dir/Core/Src/syscalls.c.obj
                0x08001c0c                _isatty
 .text._lseek   0x08001c10        0x4 CMakeFiles/INA226.elf.dir/Core/Src/syscalls.c.obj
                0x08001c10                _lseek
 .text.SystemInit
                0x08001c14       0x10 CMakeFiles/INA226.elf.dir/Core/Src/system_stm32f4xx.c.obj
                0x08001c14                SystemInit
 .text.MX_TIM2_Init
                0x08001c24       0x70 CMakeFiles/INA226.elf.dir/Core/Src/tim.c.obj
                0x08001c24                MX_TIM2_Init
 .text.MX_TIM3_Init
                0x08001c94       0x70 CMakeFiles/INA226.elf.dir/Core/Src/tim.c.obj
                0x08001c94                MX_TIM3_Init
 .text.HAL_TIM_Base_MspInit
                0x08001d04       0x74 CMakeFiles/INA226.elf.dir/Core/Src/tim.c.obj
                0x08001d04                HAL_TIM_Base_MspInit
 .text.__io_putchar
                0x08001d78       0x20 CMakeFiles/INA226.elf.dir/Core/Src/usart.c.obj
                0x08001d78                __io_putchar
 .text.MX_USART1_UART_Init
                0x08001d98       0x34 CMakeFiles/INA226.elf.dir/Core/Src/usart.c.obj
                0x08001d98                MX_USART1_UART_Init
 .text.MX_USART2_UART_Init
                0x08001dcc       0x34 CMakeFiles/INA226.elf.dir/Core/Src/usart.c.obj
                0x08001dcc                MX_USART2_UART_Init
 .text.MX_USART3_UART_Init
                0x08001e00       0x34 CMakeFiles/INA226.elf.dir/Core/Src/usart.c.obj
                0x08001e00                MX_USART3_UART_Init
 .text.MX_USART6_UART_Init
                0x08001e34       0x34 CMakeFiles/INA226.elf.dir/Core/Src/usart.c.obj
                0x08001e34                MX_USART6_UART_Init
 .text.HAL_UART_MspInit
                0x08001e68      0x184 CMakeFiles/INA226.elf.dir/Core/Src/usart.c.obj
                0x08001e68                HAL_UART_MspInit
 .text.INA226_write_word
                0x08001fec       0x4c CMakeFiles/INA226.elf.dir/Core/User/INA226/INA226.c.obj
 .text.bmp280_read_word
                0x08002038       0x4c CMakeFiles/INA226.elf.dir/Core/User/INA226/INA226.c.obj
 .text.INA226_configure
                0x08002084       0x38 CMakeFiles/INA226.elf.dir/Core/User/INA226/INA226.c.obj
                0x08002084                INA226_configure
 *fill*         0x080020bc        0x4 
 .text.INA226_calibrate
                0x080020c0       0xb8 CMakeFiles/INA226.elf.dir/Core/User/INA226/INA226.c.obj
                0x080020c0                INA226_calibrate
 .text.INA226_getMaxPossibleCurrent
                0x08002178       0x18 CMakeFiles/INA226.elf.dir/Core/User/INA226/INA226.c.obj
                0x08002178                INA226_getMaxPossibleCurrent
 .text.INA226_getMaxCurrent
                0x08002190       0x2c CMakeFiles/INA226.elf.dir/Core/User/INA226/INA226.c.obj
                0x08002190                INA226_getMaxCurrent
 .text.INA226_getMaxShuntVoltage
                0x080021bc       0x2c CMakeFiles/INA226.elf.dir/Core/User/INA226/INA226.c.obj
                0x080021bc                INA226_getMaxShuntVoltage
 .text.INA226_getMaxPower
                0x080021e8       0x14 CMakeFiles/INA226.elf.dir/Core/User/INA226/INA226.c.obj
                0x080021e8                INA226_getMaxPower
 .text.INA226_readBusPower
                0x080021fc       0x1c CMakeFiles/INA226.elf.dir/Core/User/INA226/INA226.c.obj
                0x080021fc                INA226_readBusPower
 .text.INA226_readShuntVoltage
                0x08002218       0x28 CMakeFiles/INA226.elf.dir/Core/User/INA226/INA226.c.obj
                0x08002218                INA226_readShuntVoltage
 .text.INA226_readBusVoltage
                0x08002240       0x28 CMakeFiles/INA226.elf.dir/Core/User/INA226/INA226.c.obj
                0x08002240                INA226_readBusVoltage
 .text.INA226_getAverages
                0x08002268        0xe CMakeFiles/INA226.elf.dir/Core/User/INA226/INA226.c.obj
                0x08002268                INA226_getAverages
 .text.INA226_getBusConversionTime
                0x08002276        0xe CMakeFiles/INA226.elf.dir/Core/User/INA226/INA226.c.obj
                0x08002276                INA226_getBusConversionTime
 .text.INA226_getShuntConversionTime
                0x08002284        0xe CMakeFiles/INA226.elf.dir/Core/User/INA226/INA226.c.obj
                0x08002284                INA226_getShuntConversionTime
 .text.INA226_getMode
                0x08002292        0xe CMakeFiles/INA226.elf.dir/Core/User/INA226/INA226.c.obj
                0x08002292                INA226_getMode
 .text.INA226_checkConfig
                0x080022a0      0x298 CMakeFiles/INA226.elf.dir/Core/User/INA226/INA226.c.obj
                0x080022a0                INA226_checkConfig
 .text.HAL_InitTick
                0x08002538       0x4c CMakeFiles/INA226.elf.dir/Drivers/STM32F4xx_HAL_Driver/Src/stm32f4xx_hal.c.obj
                0x08002538                HAL_InitTick
 .text.HAL_Init
                0x08002584       0x34 CMakeFiles/INA226.elf.dir/Drivers/STM32F4xx_HAL_Driver/Src/stm32f4xx_hal.c.obj
                0x08002584                HAL_Init
 .text.HAL_IncTick
                0x080025b8       0x18 CMakeFiles/INA226.elf.dir/Drivers/STM32F4xx_HAL_Driver/Src/stm32f4xx_hal.c.obj
                0x080025b8                HAL_IncTick
 .text.HAL_GetTick
                0x080025d0        0xc CMakeFiles/INA226.elf.dir/Drivers/STM32F4xx_HAL_Driver/Src/stm32f4xx_hal.c.obj
                0x080025d0                HAL_GetTick
 .text.HAL_Delay
                0x080025dc       0x28 CMakeFiles/INA226.elf.dir/Drivers/STM32F4xx_HAL_Driver/Src/stm32f4xx_hal.c.obj
                0x080025dc                HAL_Delay
 .text.HAL_NVIC_SetPriorityGrouping
                0x08002604       0x24 CMakeFiles/INA226.elf.dir/Drivers/STM32F4xx_HAL_Driver/Src/stm32f4xx_hal_cortex.c.obj
                0x08002604                HAL_NVIC_SetPriorityGrouping
 .text.HAL_NVIC_SetPriority
                0x08002628       0x68 CMakeFiles/INA226.elf.dir/Drivers/STM32F4xx_HAL_Driver/Src/stm32f4xx_hal_cortex.c.obj
                0x08002628                HAL_NVIC_SetPriority
 .text.HAL_NVIC_EnableIRQ
                0x08002690       0x1c CMakeFiles/INA226.elf.dir/Drivers/STM32F4xx_HAL_Driver/Src/stm32f4xx_hal_cortex.c.obj
                0x08002690                HAL_NVIC_EnableIRQ
 .text.HAL_SYSTICK_Config
                0x080026ac       0x2c CMakeFiles/INA226.elf.dir/Drivers/STM32F4xx_HAL_Driver/Src/stm32f4xx_hal_cortex.c.obj
                0x080026ac                HAL_SYSTICK_Config
 .text.HAL_DMA_Abort_IT
                0x080026d8       0x26 CMakeFiles/INA226.elf.dir/Drivers/STM32F4xx_HAL_Driver/Src/stm32f4xx_hal_dma.c.obj
                0x080026d8                HAL_DMA_Abort_IT
 *fill*         0x080026fe        0x2 
 .text.HAL_GPIO_Init
                0x08002700      0x1cc CMakeFiles/INA226.elf.dir/Drivers/STM32F4xx_HAL_Driver/Src/stm32f4xx_hal_gpio.c.obj
                0x08002700                HAL_GPIO_Init
 .text.HAL_GPIO_WritePin
                0x080028cc        0xc CMakeFiles/INA226.elf.dir/Drivers/STM32F4xx_HAL_Driver/Src/stm32f4xx_hal_gpio.c.obj
                0x080028cc                HAL_GPIO_WritePin
 .text.I2C_IsAcknowledgeFailed
                0x080028d8       0x32 CMakeFiles/INA226.elf.dir/Drivers/STM32F4xx_HAL_Driver/Src/stm32f4xx_hal_i2c.c.obj
 .text.I2C_WaitOnFlagUntilTimeout
                0x0800290a       0x74 CMakeFiles/INA226.elf.dir/Drivers/STM32F4xx_HAL_Driver/Src/stm32f4xx_hal_i2c.c.obj
 .text.I2C_WaitOnMasterAddressFlagUntilTimeout
                0x0800297e       0xaa CMakeFiles/INA226.elf.dir/Drivers/STM32F4xx_HAL_Driver/Src/stm32f4xx_hal_i2c.c.obj
 .text.I2C_WaitOnTXEFlagUntilTimeout
                0x08002a28       0x54 CMakeFiles/INA226.elf.dir/Drivers/STM32F4xx_HAL_Driver/Src/stm32f4xx_hal_i2c.c.obj
 .text.I2C_RequestMemoryWrite
                0x08002a7c       0xd8 CMakeFiles/INA226.elf.dir/Drivers/STM32F4xx_HAL_Driver/Src/stm32f4xx_hal_i2c.c.obj
 .text.I2C_RequestMemoryRead
                0x08002b54      0x154 CMakeFiles/INA226.elf.dir/Drivers/STM32F4xx_HAL_Driver/Src/stm32f4xx_hal_i2c.c.obj
 .text.I2C_WaitOnBTFFlagUntilTimeout
                0x08002ca8       0x54 CMakeFiles/INA226.elf.dir/Drivers/STM32F4xx_HAL_Driver/Src/stm32f4xx_hal_i2c.c.obj
 .text.I2C_WaitOnRXNEFlagUntilTimeout
                0x08002cfc       0x6a CMakeFiles/INA226.elf.dir/Drivers/STM32F4xx_HAL_Driver/Src/stm32f4xx_hal_i2c.c.obj
 *fill*         0x08002d66        0x2 
 .text.HAL_I2C_Init
                0x08002d68      0x1bc CMakeFiles/INA226.elf.dir/Drivers/STM32F4xx_HAL_Driver/Src/stm32f4xx_hal_i2c.c.obj
                0x08002d68                HAL_I2C_Init
 .text.HAL_I2C_Mem_Write
                0x08002f24      0x164 CMakeFiles/INA226.elf.dir/Drivers/STM32F4xx_HAL_Driver/Src/stm32f4xx_hal_i2c.c.obj
                0x08002f24                HAL_I2C_Mem_Write
 .text.HAL_I2C_Mem_Read
                0x08003088      0x2e4 CMakeFiles/INA226.elf.dir/Drivers/STM32F4xx_HAL_Driver/Src/stm32f4xx_hal_i2c.c.obj
                0x08003088                HAL_I2C_Mem_Read
 .text.HAL_RCC_OscConfig
                0x0800336c      0x3ec CMakeFiles/INA226.elf.dir/Drivers/STM32F4xx_HAL_Driver/Src/stm32f4xx_hal_rcc.c.obj
                0x0800336c                HAL_RCC_OscConfig
 .text.HAL_RCC_GetSysClockFreq
                0x08003758       0xcc CMakeFiles/INA226.elf.dir/Drivers/STM32F4xx_HAL_Driver/Src/stm32f4xx_hal_rcc.c.obj
                0x08003758                HAL_RCC_GetSysClockFreq
 .text.HAL_RCC_ClockConfig
                0x08003824      0x160 CMakeFiles/INA226.elf.dir/Drivers/STM32F4xx_HAL_Driver/Src/stm32f4xx_hal_rcc.c.obj
                0x08003824                HAL_RCC_ClockConfig
 .text.HAL_RCC_GetHCLKFreq
                0x08003984        0xc CMakeFiles/INA226.elf.dir/Drivers/STM32F4xx_HAL_Driver/Src/stm32f4xx_hal_rcc.c.obj
                0x08003984                HAL_RCC_GetHCLKFreq
 .text.HAL_RCC_GetPCLK1Freq
                0x08003990       0x20 CMakeFiles/INA226.elf.dir/Drivers/STM32F4xx_HAL_Driver/Src/stm32f4xx_hal_rcc.c.obj
                0x08003990                HAL_RCC_GetPCLK1Freq
 .text.HAL_RCC_GetPCLK2Freq
                0x080039b0       0x20 CMakeFiles/INA226.elf.dir/Drivers/STM32F4xx_HAL_Driver/Src/stm32f4xx_hal_rcc.c.obj
                0x080039b0                HAL_RCC_GetPCLK2Freq
 .text.TIM_TI1_ConfigInputStage
                0x080039d0       0x24 CMakeFiles/INA226.elf.dir/Drivers/STM32F4xx_HAL_Driver/Src/stm32f4xx_hal_tim.c.obj
 .text.TIM_TI2_ConfigInputStage
                0x080039f4       0x26 CMakeFiles/INA226.elf.dir/Drivers/STM32F4xx_HAL_Driver/Src/stm32f4xx_hal_tim.c.obj
 .text.TIM_ITRx_SetConfig
                0x08003a1a       0x10 CMakeFiles/INA226.elf.dir/Drivers/STM32F4xx_HAL_Driver/Src/stm32f4xx_hal_tim.c.obj
 .text.HAL_TIM_PeriodElapsedCallback
                0x08003a2a        0x2 CMakeFiles/INA226.elf.dir/Drivers/STM32F4xx_HAL_Driver/Src/stm32f4xx_hal_tim.c.obj
                0x08003a2a                HAL_TIM_PeriodElapsedCallback
 .text.HAL_TIM_OC_DelayElapsedCallback
                0x08003a2c        0x2 CMakeFiles/INA226.elf.dir/Drivers/STM32F4xx_HAL_Driver/Src/stm32f4xx_hal_tim.c.obj
                0x08003a2c                HAL_TIM_OC_DelayElapsedCallback
 .text.HAL_TIM_IC_CaptureCallback
                0x08003a2e        0x2 CMakeFiles/INA226.elf.dir/Drivers/STM32F4xx_HAL_Driver/Src/stm32f4xx_hal_tim.c.obj
                0x08003a2e                HAL_TIM_IC_CaptureCallback
 .text.HAL_TIM_PWM_PulseFinishedCallback
                0x08003a30        0x2 CMakeFiles/INA226.elf.dir/Drivers/STM32F4xx_HAL_Driver/Src/stm32f4xx_hal_tim.c.obj
                0x08003a30                HAL_TIM_PWM_PulseFinishedCallback
 .text.HAL_TIM_TriggerCallback
                0x08003a32        0x2 CMakeFiles/INA226.elf.dir/Drivers/STM32F4xx_HAL_Driver/Src/stm32f4xx_hal_tim.c.obj
                0x08003a32                HAL_TIM_TriggerCallback
 .text.HAL_TIM_IRQHandler
                0x08003a34      0x17a CMakeFiles/INA226.elf.dir/Drivers/STM32F4xx_HAL_Driver/Src/stm32f4xx_hal_tim.c.obj
                0x08003a34                HAL_TIM_IRQHandler
 *fill*         0x08003bae        0x2 
 .text.TIM_Base_SetConfig
                0x08003bb0       0xc8 CMakeFiles/INA226.elf.dir/Drivers/STM32F4xx_HAL_Driver/Src/stm32f4xx_hal_tim.c.obj
                0x08003bb0                TIM_Base_SetConfig
 .text.HAL_TIM_Base_Init
                0x08003c78       0x34 CMakeFiles/INA226.elf.dir/Drivers/STM32F4xx_HAL_Driver/Src/stm32f4xx_hal_tim.c.obj
                0x08003c78                HAL_TIM_Base_Init
 .text.TIM_ETR_SetConfig
                0x08003cac       0x16 CMakeFiles/INA226.elf.dir/Drivers/STM32F4xx_HAL_Driver/Src/stm32f4xx_hal_tim.c.obj
                0x08003cac                TIM_ETR_SetConfig
 .text.HAL_TIM_ConfigClockSource
                0x08003cc2       0xda CMakeFiles/INA226.elf.dir/Drivers/STM32F4xx_HAL_Driver/Src/stm32f4xx_hal_tim.c.obj
                0x08003cc2                HAL_TIM_ConfigClockSource
 .text.HAL_TIMEx_MasterConfigSynchronization
                0x08003d9c       0x88 CMakeFiles/INA226.elf.dir/Drivers/STM32F4xx_HAL_Driver/Src/stm32f4xx_hal_tim_ex.c.obj
                0x08003d9c                HAL_TIMEx_MasterConfigSynchronization
 .text.HAL_TIMEx_CommutCallback
                0x08003e24        0x2 CMakeFiles/INA226.elf.dir/Drivers/STM32F4xx_HAL_Driver/Src/stm32f4xx_hal_tim_ex.c.obj
                0x08003e24                HAL_TIMEx_CommutCallback
 .text.HAL_TIMEx_BreakCallback
                0x08003e26        0x2 CMakeFiles/INA226.elf.dir/Drivers/STM32F4xx_HAL_Driver/Src/stm32f4xx_hal_tim_ex.c.obj
                0x08003e26                HAL_TIMEx_BreakCallback
 .text.UART_EndRxTransfer
                0x08003e28       0x1c CMakeFiles/INA226.elf.dir/Drivers/STM32F4xx_HAL_Driver/Src/stm32f4xx_hal_uart.c.obj
 .text.UART_Transmit_IT
                0x08003e44       0x66 CMakeFiles/INA226.elf.dir/Drivers/STM32F4xx_HAL_Driver/Src/stm32f4xx_hal_uart.c.obj
 *fill*         0x08003eaa        0x2 
 .text.UART_SetConfig
                0x08003eac      0x1e8 CMakeFiles/INA226.elf.dir/Drivers/STM32F4xx_HAL_Driver/Src/stm32f4xx_hal_uart.c.obj
 .text.UART_WaitOnFlagUntilTimeout
                0x08004094       0x68 CMakeFiles/INA226.elf.dir/Drivers/STM32F4xx_HAL_Driver/Src/stm32f4xx_hal_uart.c.obj
 .text.HAL_UART_Init
                0x080040fc       0x5e CMakeFiles/INA226.elf.dir/Drivers/STM32F4xx_HAL_Driver/Src/stm32f4xx_hal_uart.c.obj
                0x080040fc                HAL_UART_Init
 .text.HAL_UART_Transmit
                0x0800415a       0xe2 CMakeFiles/INA226.elf.dir/Drivers/STM32F4xx_HAL_Driver/Src/stm32f4xx_hal_uart.c.obj
                0x0800415a                HAL_UART_Transmit
 .text.HAL_UART_TxCpltCallback
                0x0800423c        0x2 CMakeFiles/INA226.elf.dir/Drivers/STM32F4xx_HAL_Driver/Src/stm32f4xx_hal_uart.c.obj
                0x0800423c                HAL_UART_TxCpltCallback
 .text.UART_EndTransmit_IT
                0x0800423e       0x1a CMakeFiles/INA226.elf.dir/Drivers/STM32F4xx_HAL_Driver/Src/stm32f4xx_hal_uart.c.obj
 .text.HAL_UART_RxCpltCallback
                0x08004258        0x2 CMakeFiles/INA226.elf.dir/Drivers/STM32F4xx_HAL_Driver/Src/stm32f4xx_hal_uart.c.obj
                0x08004258                HAL_UART_RxCpltCallback
 .text.UART_Receive_IT
                0x0800425a       0x9e CMakeFiles/INA226.elf.dir/Drivers/STM32F4xx_HAL_Driver/Src/stm32f4xx_hal_uart.c.obj
 .text.HAL_UART_ErrorCallback
                0x080042f8        0x2 CMakeFiles/INA226.elf.dir/Drivers/STM32F4xx_HAL_Driver/Src/stm32f4xx_hal_uart.c.obj
                0x080042f8                HAL_UART_ErrorCallback
 *fill*         0x080042fa        0x2 
 .text.HAL_UART_IRQHandler
                0x080042fc      0x128 CMakeFiles/INA226.elf.dir/Drivers/STM32F4xx_HAL_Driver/Src/stm32f4xx_hal_uart.c.obj
                0x080042fc                HAL_UART_IRQHandler
 .text.UART_DMAAbortOnError
                0x08004424       0x10 CMakeFiles/INA226.elf.dir/Drivers/STM32F4xx_HAL_Driver/Src/stm32f4xx_hal_uart.c.obj
 .text.Reset_Handler
                0x08004434       0x50 CMakeFiles/INA226.elf.dir/startup/startup_stm32f407xx.s.obj
                0x08004434                Reset_Handler
 .text.Default_Handler
                0x08004484        0x2 CMakeFiles/INA226.elf.dir/startup/startup_stm32f407xx.s.obj
                0x08004484                RTC_Alarm_IRQHandler
                0x08004484                HASH_RNG_IRQHandler
                0x08004484                EXTI2_IRQHandler
                0x08004484                TIM8_CC_IRQHandler
                0x08004484                TIM1_CC_IRQHandler
                0x08004484                DMA2_Stream5_IRQHandler
                0x08004484                DMA1_Stream5_IRQHandler
                0x08004484                PVD_IRQHandler
                0x08004484                SDIO_IRQHandler
                0x08004484                TAMP_STAMP_IRQHandler
                0x08004484                CAN2_RX1_IRQHandler
                0x08004484                EXTI3_IRQHandler
                0x08004484                TIM8_TRG_COM_TIM14_IRQHandler
                0x08004484                TIM1_UP_TIM10_IRQHandler
                0x08004484                TIM8_UP_TIM13_IRQHandler
                0x08004484                I2C3_ER_IRQHandler
                0x08004484                EXTI0_IRQHandler
                0x08004484                I2C2_EV_IRQHandler
                0x08004484                DMA1_Stream2_IRQHandler
                0x08004484                CAN1_RX0_IRQHandler
                0x08004484                FPU_IRQHandler
                0x08004484                OTG_HS_WKUP_IRQHandler
                0x08004484                CAN2_SCE_IRQHandler
                0x08004484                DMA2_Stream2_IRQHandler
                0x08004484                SPI1_IRQHandler
                0x08004484                TIM6_DAC_IRQHandler
                0x08004484                TIM1_BRK_TIM9_IRQHandler
                0x08004484                DCMI_IRQHandler
                0x08004484                CAN2_RX0_IRQHandler
                0x08004484                DMA2_Stream3_IRQHandler
                0x08004484                USART6_IRQHandler
                0x08004484                CAN1_RX1_IRQHandler
                0x08004484                UART5_IRQHandler
                0x08004484                DMA2_Stream0_IRQHandler
                0x08004484                TIM4_IRQHandler
                0x08004484                I2C1_EV_IRQHandler
                0x08004484                DMA1_Stream6_IRQHandler
                0x08004484                DMA1_Stream1_IRQHandler
                0x08004484                UART4_IRQHandler
                0x08004484                RCC_IRQHandler
                0x08004484                TIM8_BRK_TIM12_IRQHandler
                0x08004484                Default_Handler
                0x08004484                EXTI15_10_IRQHandler
                0x08004484                ADC_IRQHandler
                0x08004484                DMA1_Stream7_IRQHandler
                0x08004484                TIM7_IRQHandler
                0x08004484                CAN2_TX_IRQHandler
                0x08004484                TIM5_IRQHandler
                0x08004484                DMA2_Stream7_IRQHandler
                0x08004484                I2C3_EV_IRQHandler
                0x08004484                EXTI9_5_IRQHandler
                0x08004484                RTC_WKUP_IRQHandler
                0x08004484                ETH_WKUP_IRQHandler
                0x08004484                SPI2_IRQHandler
                0x08004484                OTG_HS_EP1_IN_IRQHandler
                0x08004484                DMA1_Stream0_IRQHandler
                0x08004484                CAN1_TX_IRQHandler
                0x08004484                EXTI4_IRQHandler
                0x08004484                FSMC_IRQHandler
                0x08004484                ETH_IRQHandler
                0x08004484                OTG_HS_EP1_OUT_IRQHandler
                0x08004484                WWDG_IRQHandler
                0x08004484                OTG_FS_WKUP_IRQHandler
                0x08004484                TIM1_TRG_COM_TIM11_IRQHandler
                0x08004484                OTG_HS_IRQHandler
                0x08004484                EXTI1_IRQHandler
                0x08004484                USART2_IRQHandler
                0x08004484                I2C2_ER_IRQHandler
                0x08004484                DMA2_Stream1_IRQHandler
                0x08004484                CAN1_SCE_IRQHandler
                0x08004484                FLASH_IRQHandler
                0x08004484                DMA2_Stream4_IRQHandler
                0x08004484                USART1_IRQHandler
                0x08004484                OTG_FS_IRQHandler
                0x08004484                SPI3_IRQHandler
                0x08004484                DMA1_Stream4_IRQHandler
                0x08004484                I2C1_ER_IRQHandler
                0x08004484                DMA2_Stream6_IRQHandler
                0x08004484                DMA1_Stream3_IRQHandler
 *fill*         0x08004486        0x2 
 .text.__errno  0x08004488        0xc c:/progra~1/stmicr~1/stm32c~1/gcc-ar~1/bin/../lib/gcc/arm-none-eabi/9.3.1/../../../../arm-none-eabi/lib/thumb/v7e-m/nofp\libg.a(lib_a-errno.o)
                0x08004488                __errno
 .text.__libc_init_array
                0x08004494       0x48 c:/progra~1/stmicr~1/stm32c~1/gcc-ar~1/bin/../lib/gcc/arm-none-eabi/9.3.1/../../../../arm-none-eabi/lib/thumb/v7e-m/nofp\libg.a(lib_a-init.o)
                0x08004494                __libc_init_array
 .text.memset   0x080044dc       0xa0 c:/progra~1/stmicr~1/stm32c~1/gcc-ar~1/bin/../lib/gcc/arm-none-eabi/9.3.1/../../../../arm-none-eabi/lib/thumb/v7e-m/nofp\libg.a(lib_a-memset.o)
                0x080044dc                memset
 .text.printf   0x0800457c       0x28 c:/progra~1/stmicr~1/stm32c~1/gcc-ar~1/bin/../lib/gcc/arm-none-eabi/9.3.1/../../../../arm-none-eabi/lib/thumb/v7e-m/nofp\libg.a(lib_a-printf.o)
                0x0800457c                printf
 .text._puts_r  0x080045a4       0x9c c:/progra~1/stmicr~1/stm32c~1/gcc-ar~1/bin/../lib/gcc/arm-none-eabi/9.3.1/../../../../arm-none-eabi/lib/thumb/v7e-m/nofp\libg.a(lib_a-puts.o)
                0x080045a4                _puts_r
 .text.puts     0x08004640       0x10 c:/progra~1/stmicr~1/stm32c~1/gcc-ar~1/bin/../lib/gcc/arm-none-eabi/9.3.1/../../../../arm-none-eabi/lib/thumb/v7e-m/nofp\libg.a(lib_a-puts.o)
                0x08004640                puts
 .text._vfprintf_r
                0x08004650     0x1b84 c:/progra~1/stmicr~1/stm32c~1/gcc-ar~1/bin/../lib/gcc/arm-none-eabi/9.3.1/../../../../arm-none-eabi/lib/thumb/v7e-m/nofp\libg.a(lib_a-vfprintf.o)
                0x08004650                _vfprintf_r
 .text.__sbprintf
                0x080061d4       0x84 c:/progra~1/stmicr~1/stm32c~1/gcc-ar~1/bin/../lib/gcc/arm-none-eabi/9.3.1/../../../../arm-none-eabi/lib/thumb/v7e-m/nofp\libg.a(lib_a-vfprintf.o)
 .text.__swsetup_r
                0x08006258       0xd0 c:/progra~1/stmicr~1/stm32c~1/gcc-ar~1/bin/../lib/gcc/arm-none-eabi/9.3.1/../../../../arm-none-eabi/lib/thumb/v7e-m/nofp\libg.a(lib_a-wsetup.o)
                0x08006258                __swsetup_r
 .text.startup.register_fini
                0x08006328       0x14 c:/progra~1/stmicr~1/stm32c~1/gcc-ar~1/bin/../lib/gcc/arm-none-eabi/9.3.1/../../../../arm-none-eabi/lib/thumb/v7e-m/nofp\libg.a(lib_a-__call_atexit.o)
 .text.atexit   0x0800633c        0xc c:/progra~1/stmicr~1/stm32c~1/gcc-ar~1/bin/../lib/gcc/arm-none-eabi/9.3.1/../../../../arm-none-eabi/lib/thumb/v7e-m/nofp\libg.a(lib_a-atexit.o)
                0x0800633c                atexit
 .text.quorem   0x08006348      0x11c c:/progra~1/stmicr~1/stm32c~1/gcc-ar~1/bin/../lib/gcc/arm-none-eabi/9.3.1/../../../../arm-none-eabi/lib/thumb/v7e-m/nofp\libg.a(lib_a-dtoa.o)
 *fill*         0x08006464        0x4 
 .text._dtoa_r  0x08006468      0xed4 c:/progra~1/stmicr~1/stm32c~1/gcc-ar~1/bin/../lib/gcc/arm-none-eabi/9.3.1/../../../../arm-none-eabi/lib/thumb/v7e-m/nofp\libg.a(lib_a-dtoa.o)
                0x08006468                _dtoa_r
 .text.__sflush_r
                0x0800733c      0x130 c:/progra~1/stmicr~1/stm32c~1/gcc-ar~1/bin/../lib/gcc/arm-none-eabi/9.3.1/../../../../arm-none-eabi/lib/thumb/v7e-m/nofp\libg.a(lib_a-fflush.o)
                0x0800733c                __sflush_r
 .text._fflush_r
                0x0800746c       0x5c c:/progra~1/stmicr~1/stm32c~1/gcc-ar~1/bin/../lib/gcc/arm-none-eabi/9.3.1/../../../../arm-none-eabi/lib/thumb/v7e-m/nofp\libg.a(lib_a-fflush.o)
                0x0800746c                _fflush_r
 .text.std      0x080074c8       0x50 c:/progra~1/stmicr~1/stm32c~1/gcc-ar~1/bin/../lib/gcc/arm-none-eabi/9.3.1/../../../../arm-none-eabi/lib/thumb/v7e-m/nofp\libg.a(lib_a-findfp.o)
 .text._cleanup_r
                0x08007518        0xc c:/progra~1/stmicr~1/stm32c~1/gcc-ar~1/bin/../lib/gcc/arm-none-eabi/9.3.1/../../../../arm-none-eabi/lib/thumb/v7e-m/nofp\libg.a(lib_a-findfp.o)
                0x08007518                _cleanup_r
 .text.__sinit  0x08007524       0x54 c:/progra~1/stmicr~1/stm32c~1/gcc-ar~1/bin/../lib/gcc/arm-none-eabi/9.3.1/../../../../arm-none-eabi/lib/thumb/v7e-m/nofp\libg.a(lib_a-findfp.o)
                0x08007524                __sinit
 .text.__sfp_lock_acquire
                0x08007578        0xc c:/progra~1/stmicr~1/stm32c~1/gcc-ar~1/bin/../lib/gcc/arm-none-eabi/9.3.1/../../../../arm-none-eabi/lib/thumb/v7e-m/nofp\libg.a(lib_a-findfp.o)
                0x08007578                __sfp_lock_acquire
 .text.__sfp_lock_release
                0x08007584        0xc c:/progra~1/stmicr~1/stm32c~1/gcc-ar~1/bin/../lib/gcc/arm-none-eabi/9.3.1/../../../../arm-none-eabi/lib/thumb/v7e-m/nofp\libg.a(lib_a-findfp.o)
                0x08007584                __sfp_lock_release
 .text.__libc_fini_array
                0x08007590       0x2c c:/progra~1/stmicr~1/stm32c~1/gcc-ar~1/bin/../lib/gcc/arm-none-eabi/9.3.1/../../../../arm-none-eabi/lib/thumb/v7e-m/nofp\libg.a(lib_a-fini.o)
                0x08007590                __libc_fini_array
 .text._malloc_trim_r
                0x080075bc       0xa0 c:/progra~1/stmicr~1/stm32c~1/gcc-ar~1/bin/../lib/gcc/arm-none-eabi/9.3.1/../../../../arm-none-eabi/lib/thumb/v7e-m/nofp\libg.a(lib_a-freer.o)
                0x080075bc                _malloc_trim_r
 .text._free_r  0x0800765c      0x208 c:/progra~1/stmicr~1/stm32c~1/gcc-ar~1/bin/../lib/gcc/arm-none-eabi/9.3.1/../../../../arm-none-eabi/lib/thumb/v7e-m/nofp\libg.a(lib_a-freer.o)
                0x0800765c                _free_r
 .text.__sfvwrite_r
                0x08007864      0x2e0 c:/progra~1/stmicr~1/stm32c~1/gcc-ar~1/bin/../lib/gcc/arm-none-eabi/9.3.1/../../../../arm-none-eabi/lib/thumb/v7e-m/nofp\libg.a(lib_a-fvwrite.o)
                0x08007864                __sfvwrite_r
 .text._fwalk_reent
                0x08007b44       0x48 c:/progra~1/stmicr~1/stm32c~1/gcc-ar~1/bin/../lib/gcc/arm-none-eabi/9.3.1/../../../../arm-none-eabi/lib/thumb/v7e-m/nofp\libg.a(lib_a-fwalk.o)
                0x08007b44                _fwalk_reent
 .text._localeconv_r
                0x08007b8c        0x8 c:/progra~1/stmicr~1/stm32c~1/gcc-ar~1/bin/../lib/gcc/arm-none-eabi/9.3.1/../../../../arm-none-eabi/lib/thumb/v7e-m/nofp\libg.a(lib_a-localeconv.o)
                0x08007b8c                _localeconv_r
 .text.__retarget_lock_init_recursive
                0x08007b94        0x4 c:/progra~1/stmicr~1/stm32c~1/gcc-ar~1/bin/../lib/gcc/arm-none-eabi/9.3.1/../../../../arm-none-eabi/lib/thumb/v7e-m/nofp\libg.a(lib_a-lock.o)
                0x08007b94                __retarget_lock_init_recursive
 .text.__retarget_lock_close_recursive
                0x08007b98        0x4 c:/progra~1/stmicr~1/stm32c~1/gcc-ar~1/bin/../lib/gcc/arm-none-eabi/9.3.1/../../../../arm-none-eabi/lib/thumb/v7e-m/nofp\libg.a(lib_a-lock.o)
                0x08007b98                __retarget_lock_close_recursive
 .text.__retarget_lock_acquire_recursive
                0x08007b9c        0x4 c:/progra~1/stmicr~1/stm32c~1/gcc-ar~1/bin/../lib/gcc/arm-none-eabi/9.3.1/../../../../arm-none-eabi/lib/thumb/v7e-m/nofp\libg.a(lib_a-lock.o)
                0x08007b9c                __retarget_lock_acquire_recursive
 .text.__retarget_lock_release_recursive
                0x08007ba0        0x4 c:/progra~1/stmicr~1/stm32c~1/gcc-ar~1/bin/../lib/gcc/arm-none-eabi/9.3.1/../../../../arm-none-eabi/lib/thumb/v7e-m/nofp\libg.a(lib_a-lock.o)
                0x08007ba0                __retarget_lock_release_recursive
 .text.__swhatbuf_r
                0x08007ba4       0x5c c:/progra~1/stmicr~1/stm32c~1/gcc-ar~1/bin/../lib/gcc/arm-none-eabi/9.3.1/../../../../arm-none-eabi/lib/thumb/v7e-m/nofp\libg.a(lib_a-makebuf.o)
                0x08007ba4                __swhatbuf_r
 .text.__smakebuf_r
                0x08007c00       0x98 c:/progra~1/stmicr~1/stm32c~1/gcc-ar~1/bin/../lib/gcc/arm-none-eabi/9.3.1/../../../../arm-none-eabi/lib/thumb/v7e-m/nofp\libg.a(lib_a-makebuf.o)
                0x08007c00                __smakebuf_r
 .text._malloc_r
                0x08007c98      0x574 c:/progra~1/stmicr~1/stm32c~1/gcc-ar~1/bin/../lib/gcc/arm-none-eabi/9.3.1/../../../../arm-none-eabi/lib/thumb/v7e-m/nofp\libg.a(lib_a-mallocr.o)
                0x08007c98                _malloc_r
 .text.memmove  0x0800820c       0xd8 c:/progra~1/stmicr~1/stm32c~1/gcc-ar~1/bin/../lib/gcc/arm-none-eabi/9.3.1/../../../../arm-none-eabi/lib/thumb/v7e-m/nofp\libg.a(lib_a-memmove.o)
                0x0800820c                memmove
 .text.__malloc_lock
                0x080082e4        0xc c:/progra~1/stmicr~1/stm32c~1/gcc-ar~1/bin/../lib/gcc/arm-none-eabi/9.3.1/../../../../arm-none-eabi/lib/thumb/v7e-m/nofp\libg.a(lib_a-mlock.o)
                0x080082e4                __malloc_lock
 .text.__malloc_unlock
                0x080082f0        0xc c:/progra~1/stmicr~1/stm32c~1/gcc-ar~1/bin/../lib/gcc/arm-none-eabi/9.3.1/../../../../arm-none-eabi/lib/thumb/v7e-m/nofp\libg.a(lib_a-mlock.o)
                0x080082f0                __malloc_unlock
 .text._Balloc  0x080082fc       0x4c c:/progra~1/stmicr~1/stm32c~1/gcc-ar~1/bin/../lib/gcc/arm-none-eabi/9.3.1/../../../../arm-none-eabi/lib/thumb/v7e-m/nofp\libg.a(lib_a-mprec.o)
                0x080082fc                _Balloc
 .text._Bfree   0x08008348       0x14 c:/progra~1/stmicr~1/stm32c~1/gcc-ar~1/bin/../lib/gcc/arm-none-eabi/9.3.1/../../../../arm-none-eabi/lib/thumb/v7e-m/nofp\libg.a(lib_a-mprec.o)
                0x08008348                _Bfree
 .text.__multadd
                0x0800835c       0xa0 c:/progra~1/stmicr~1/stm32c~1/gcc-ar~1/bin/../lib/gcc/arm-none-eabi/9.3.1/../../../../arm-none-eabi/lib/thumb/v7e-m/nofp\libg.a(lib_a-mprec.o)
                0x0800835c                __multadd
 .text.__hi0bits
                0x080083fc       0x40 c:/progra~1/stmicr~1/stm32c~1/gcc-ar~1/bin/../lib/gcc/arm-none-eabi/9.3.1/../../../../arm-none-eabi/lib/thumb/v7e-m/nofp\libg.a(lib_a-mprec.o)
                0x080083fc                __hi0bits
 .text.__lo0bits
                0x0800843c       0x60 c:/progra~1/stmicr~1/stm32c~1/gcc-ar~1/bin/../lib/gcc/arm-none-eabi/9.3.1/../../../../arm-none-eabi/lib/thumb/v7e-m/nofp\libg.a(lib_a-mprec.o)
                0x0800843c                __lo0bits
 .text.__i2b    0x0800849c       0x2c c:/progra~1/stmicr~1/stm32c~1/gcc-ar~1/bin/../lib/gcc/arm-none-eabi/9.3.1/../../../../arm-none-eabi/lib/thumb/v7e-m/nofp\libg.a(lib_a-mprec.o)
                0x0800849c                __i2b
 .text.__multiply
                0x080084c8      0x160 c:/progra~1/stmicr~1/stm32c~1/gcc-ar~1/bin/../lib/gcc/arm-none-eabi/9.3.1/../../../../arm-none-eabi/lib/thumb/v7e-m/nofp\libg.a(lib_a-mprec.o)
                0x080084c8                __multiply
 .text.__pow5mult
                0x08008628       0x98 c:/progra~1/stmicr~1/stm32c~1/gcc-ar~1/bin/../lib/gcc/arm-none-eabi/9.3.1/../../../../arm-none-eabi/lib/thumb/v7e-m/nofp\libg.a(lib_a-mprec.o)
                0x08008628                __pow5mult
 .text.__lshift
                0x080086c0       0xe8 c:/progra~1/stmicr~1/stm32c~1/gcc-ar~1/bin/../lib/gcc/arm-none-eabi/9.3.1/../../../../arm-none-eabi/lib/thumb/v7e-m/nofp\libg.a(lib_a-mprec.o)
                0x080086c0                __lshift
 .text.__mcmp   0x080087a8       0x3c c:/progra~1/stmicr~1/stm32c~1/gcc-ar~1/bin/../lib/gcc/arm-none-eabi/9.3.1/../../../../arm-none-eabi/lib/thumb/v7e-m/nofp\libg.a(lib_a-mprec.o)
                0x080087a8                __mcmp
 .text.__mdiff  0x080087e4      0x148 c:/progra~1/stmicr~1/stm32c~1/gcc-ar~1/bin/../lib/gcc/arm-none-eabi/9.3.1/../../../../arm-none-eabi/lib/thumb/v7e-m/nofp\libg.a(lib_a-mprec.o)
                0x080087e4                __mdiff
 .text.__d2b    0x0800892c       0xc4 c:/progra~1/stmicr~1/stm32c~1/gcc-ar~1/bin/../lib/gcc/arm-none-eabi/9.3.1/../../../../arm-none-eabi/lib/thumb/v7e-m/nofp\libg.a(lib_a-mprec.o)
                0x0800892c                __d2b
 .text._realloc_r
                0x080089f0      0x3e0 c:/progra~1/stmicr~1/stm32c~1/gcc-ar~1/bin/../lib/gcc/arm-none-eabi/9.3.1/../../../../arm-none-eabi/lib/thumb/v7e-m/nofp\libg.a(lib_a-reallocr.o)
                0x080089f0                _realloc_r
 .text.frexp    0x08008dd0       0x70 c:/progra~1/stmicr~1/stm32c~1/gcc-ar~1/bin/../lib/gcc/arm-none-eabi/9.3.1/../../../../arm-none-eabi/lib/thumb/v7e-m/nofp\libg.a(lib_a-s_frexp.o)
                0x08008dd0                frexp
 .text._sbrk_r  0x08008e40       0x24 c:/progra~1/stmicr~1/stm32c~1/gcc-ar~1/bin/../lib/gcc/arm-none-eabi/9.3.1/../../../../arm-none-eabi/lib/thumb/v7e-m/nofp\libg.a(lib_a-sbrkr.o)
                0x08008e40                _sbrk_r
 .text.__sread  0x08008e64       0x24 c:/progra~1/stmicr~1/stm32c~1/gcc-ar~1/bin/../lib/gcc/arm-none-eabi/9.3.1/../../../../arm-none-eabi/lib/thumb/v7e-m/nofp\libg.a(lib_a-stdio.o)
                0x08008e64                __sread
 .text.__swrite
                0x08008e88       0x40 c:/progra~1/stmicr~1/stm32c~1/gcc-ar~1/bin/../lib/gcc/arm-none-eabi/9.3.1/../../../../arm-none-eabi/lib/thumb/v7e-m/nofp\libg.a(lib_a-stdio.o)
                0x08008e88                __swrite
 .text.__sseek  0x08008ec8       0x20 c:/progra~1/stmicr~1/stm32c~1/gcc-ar~1/bin/../lib/gcc/arm-none-eabi/9.3.1/../../../../arm-none-eabi/lib/thumb/v7e-m/nofp\libg.a(lib_a-stdio.o)
                0x08008ec8                __sseek
 .text.__sclose
                0x08008ee8        0x8 c:/progra~1/stmicr~1/stm32c~1/gcc-ar~1/bin/../lib/gcc/arm-none-eabi/9.3.1/../../../../arm-none-eabi/lib/thumb/v7e-m/nofp\libg.a(lib_a-stdio.o)
                0x08008ee8                __sclose
 .text.strncpy  0x08008ef0       0x68 c:/progra~1/stmicr~1/stm32c~1/gcc-ar~1/bin/../lib/gcc/arm-none-eabi/9.3.1/../../../../arm-none-eabi/lib/thumb/v7e-m/nofp\libg.a(lib_a-strncpy.o)
                0x08008ef0                strncpy
 .text.__sprint_r.part.0
                0x08008f58       0x78 c:/progra~1/stmicr~1/stm32c~1/gcc-ar~1/bin/../lib/gcc/arm-none-eabi/9.3.1/../../../../arm-none-eabi/lib/thumb/v7e-m/nofp\libg.a(lib_a-vfiprintf.o)
 .text.__sprint_r
                0x08008fd0       0x14 c:/progra~1/stmicr~1/stm32c~1/gcc-ar~1/bin/../lib/gcc/arm-none-eabi/9.3.1/../../../../arm-none-eabi/lib/thumb/v7e-m/nofp\libg.a(lib_a-vfiprintf.o)
                0x08008fd0                __sprint_r
 .text._vfiprintf_r
                0x08008fe4      0xd38 c:/progra~1/stmicr~1/stm32c~1/gcc-ar~1/bin/../lib/gcc/arm-none-eabi/9.3.1/../../../../arm-none-eabi/lib/thumb/v7e-m/nofp\libg.a(lib_a-vfiprintf.o)
                0x08008fe4                _vfiprintf_r
 .text.__sbprintf
                0x08009d1c       0x84 c:/progra~1/stmicr~1/stm32c~1/gcc-ar~1/bin/../lib/gcc/arm-none-eabi/9.3.1/../../../../arm-none-eabi/lib/thumb/v7e-m/nofp\libg.a(lib_a-vfiprintf.o)
 .text._write_r
                0x08009da0       0x2c c:/progra~1/stmicr~1/stm32c~1/gcc-ar~1/bin/../lib/gcc/arm-none-eabi/9.3.1/../../../../arm-none-eabi/lib/thumb/v7e-m/nofp\libg.a(lib_a-writer.o)
                0x08009da0                _write_r
 .text.__register_exitproc
                0x08009dcc       0x8c c:/progra~1/stmicr~1/stm32c~1/gcc-ar~1/bin/../lib/gcc/arm-none-eabi/9.3.1/../../../../arm-none-eabi/lib/thumb/v7e-m/nofp\libg.a(lib_a-__atexit.o)
                0x08009dcc                __register_exitproc
 .text.__assert_func
                0x08009e58       0x3c c:/progra~1/stmicr~1/stm32c~1/gcc-ar~1/bin/../lib/gcc/arm-none-eabi/9.3.1/../../../../arm-none-eabi/lib/thumb/v7e-m/nofp\libg.a(lib_a-assert.o)
                0x08009e58                __assert_func
 .text._calloc_r
                0x08009e94       0x60 c:/progra~1/stmicr~1/stm32c~1/gcc-ar~1/bin/../lib/gcc/arm-none-eabi/9.3.1/../../../../arm-none-eabi/lib/thumb/v7e-m/nofp\libg.a(lib_a-callocr.o)
                0x08009e94                _calloc_r
 .text._close_r
                0x08009ef4       0x24 c:/progra~1/stmicr~1/stm32c~1/gcc-ar~1/bin/../lib/gcc/arm-none-eabi/9.3.1/../../../../arm-none-eabi/lib/thumb/v7e-m/nofp\libg.a(lib_a-closer.o)
                0x08009ef4                _close_r
 .text._fclose_r
                0x08009f18       0xcc c:/progra~1/stmicr~1/stm32c~1/gcc-ar~1/bin/../lib/gcc/arm-none-eabi/9.3.1/../../../../arm-none-eabi/lib/thumb/v7e-m/nofp\libg.a(lib_a-fclose.o)
                0x08009f18                _fclose_r
 .text.fiprintf
                0x08009fe4       0x28 c:/progra~1/stmicr~1/stm32c~1/gcc-ar~1/bin/../lib/gcc/arm-none-eabi/9.3.1/../../../../arm-none-eabi/lib/thumb/v7e-m/nofp\libg.a(lib_a-fiprintf.o)
                0x08009fe4                fiprintf
 .text.__fputwc
                0x0800a00c       0xa8 c:/progra~1/stmicr~1/stm32c~1/gcc-ar~1/bin/../lib/gcc/arm-none-eabi/9.3.1/../../../../arm-none-eabi/lib/thumb/v7e-m/nofp\libg.a(lib_a-fputwc.o)
                0x0800a00c                __fputwc
 .text._fputwc_r
                0x0800a0b4       0x68 c:/progra~1/stmicr~1/stm32c~1/gcc-ar~1/bin/../lib/gcc/arm-none-eabi/9.3.1/../../../../arm-none-eabi/lib/thumb/v7e-m/nofp\libg.a(lib_a-fputwc.o)
                0x0800a0b4                _fputwc_r
 .text._fstat_r
                0x0800a11c       0x2c c:/progra~1/stmicr~1/stm32c~1/gcc-ar~1/bin/../lib/gcc/arm-none-eabi/9.3.1/../../../../arm-none-eabi/lib/thumb/v7e-m/nofp\libg.a(lib_a-fstatr.o)
                0x0800a11c                _fstat_r
 .text._isatty_r
                0x0800a148       0x24 c:/progra~1/stmicr~1/stm32c~1/gcc-ar~1/bin/../lib/gcc/arm-none-eabi/9.3.1/../../../../arm-none-eabi/lib/thumb/v7e-m/nofp\libg.a(lib_a-isattyr.o)
                0x0800a148                _isatty_r
 .text.__locale_mb_cur_max
                0x0800a16c        0xc c:/progra~1/stmicr~1/stm32c~1/gcc-ar~1/bin/../lib/gcc/arm-none-eabi/9.3.1/../../../../arm-none-eabi/lib/thumb/v7e-m/nofp\libg.a(lib_a-locale.o)
                0x0800a16c                __locale_mb_cur_max
 .text._lseek_r
                0x0800a178       0x2c c:/progra~1/stmicr~1/stm32c~1/gcc-ar~1/bin/../lib/gcc/arm-none-eabi/9.3.1/../../../../arm-none-eabi/lib/thumb/v7e-m/nofp\libg.a(lib_a-lseekr.o)
                0x0800a178                _lseek_r
 .text.__ascii_mbtowc
                0x0800a1a4       0x2c c:/progra~1/stmicr~1/stm32c~1/gcc-ar~1/bin/../lib/gcc/arm-none-eabi/9.3.1/../../../../arm-none-eabi/lib/thumb/v7e-m/nofp\libg.a(lib_a-mbtowc_r.o)
                0x0800a1a4                __ascii_mbtowc
 .text._read_r  0x0800a1d0       0x2c c:/progra~1/stmicr~1/stm32c~1/gcc-ar~1/bin/../lib/gcc/arm-none-eabi/9.3.1/../../../../arm-none-eabi/lib/thumb/v7e-m/nofp\libg.a(lib_a-readr.o)
                0x0800a1d0                _read_r
 .text.__swbuf_r
                0x0800a1fc       0xb0 c:/progra~1/stmicr~1/stm32c~1/gcc-ar~1/bin/../lib/gcc/arm-none-eabi/9.3.1/../../../../arm-none-eabi/lib/thumb/v7e-m/nofp\libg.a(lib_a-wbuf.o)
                0x0800a1fc                __swbuf_r
 .text._wcrtomb_r
                0x0800a2ac       0x3c c:/progra~1/stmicr~1/stm32c~1/gcc-ar~1/bin/../lib/gcc/arm-none-eabi/9.3.1/../../../../arm-none-eabi/lib/thumb/v7e-m/nofp\libg.a(lib_a-wcrtomb.o)
                0x0800a2ac                _wcrtomb_r
 .text.__ascii_wctomb
                0x0800a2e8       0x1c c:/progra~1/stmicr~1/stm32c~1/gcc-ar~1/bin/../lib/gcc/arm-none-eabi/9.3.1/../../../../arm-none-eabi/lib/thumb/v7e-m/nofp\libg.a(lib_a-wctomb_r.o)
                0x0800a2e8                __ascii_wctomb
 .text.abort    0x0800a304       0x10 c:/progra~1/stmicr~1/stm32c~1/gcc-ar~1/bin/../lib/gcc/arm-none-eabi/9.3.1/../../../../arm-none-eabi/lib/thumb/v7e-m/nofp\libg.a(lib_a-abort.o)
                0x0800a304                abort
 .text._raise_r
                0x0800a314       0x58 c:/progra~1/stmicr~1/stm32c~1/gcc-ar~1/bin/../lib/gcc/arm-none-eabi/9.3.1/../../../../arm-none-eabi/lib/thumb/v7e-m/nofp\libg.a(lib_a-signal.o)
                0x0800a314                _raise_r
 .text.raise    0x0800a36c       0x10 c:/progra~1/stmicr~1/stm32c~1/gcc-ar~1/bin/../lib/gcc/arm-none-eabi/9.3.1/../../../../arm-none-eabi/lib/thumb/v7e-m/nofp\libg.a(lib_a-signal.o)
                0x0800a36c                raise
 .text._kill_r  0x0800a37c       0x2c c:/progra~1/stmicr~1/stm32c~1/gcc-ar~1/bin/../lib/gcc/arm-none-eabi/9.3.1/../../../../arm-none-eabi/lib/thumb/v7e-m/nofp\libg.a(lib_a-signalr.o)
                0x0800a37c                _kill_r
 .text._getpid_r
                0x0800a3a8        0x4 c:/progra~1/stmicr~1/stm32c~1/gcc-ar~1/bin/../lib/gcc/arm-none-eabi/9.3.1/../../../../arm-none-eabi/lib/thumb/v7e-m/nofp\libg.a(lib_a-signalr.o)
                0x0800a3a8                _getpid_r
 *fill*         0x0800a3ac        0x4 
 .text.ceil     0x0800a3b0       0xf8 c:/progra~1/stmicr~1/stm32c~1/gcc-ar~1/bin/../lib/gcc/arm-none-eabi/9.3.1/../../../../arm-none-eabi/lib/thumb/v7e-m/nofp\libm.a(lib_a-s_ceil.o)
                0x0800a3b0                ceil
 *(.glue_7)
 .glue_7        0x0800a4a8        0x0 linker stubs
 *(.glue_7t)
 .glue_7t       0x0800a4a8        0x0 linker stubs
 *(.eh_frame)
 .eh_frame      0x0800a4a8        0x0 c:/progra~1/stmicr~1/stm32c~1/gcc-ar~1/bin/../lib/gcc/arm-none-eabi/9.3.1/thumb/v7e-m/nofp/crtbegin.o
 *(.init)
 .init          0x0800a4a8        0x4 c:/progra~1/stmicr~1/stm32c~1/gcc-ar~1/bin/../lib/gcc/arm-none-eabi/9.3.1/thumb/v7e-m/nofp/crti.o
                0x0800a4a8                _init
 .init          0x0800a4ac        0x8 c:/progra~1/stmicr~1/stm32c~1/gcc-ar~1/bin/../lib/gcc/arm-none-eabi/9.3.1/thumb/v7e-m/nofp/crtn.o
 *(.fini)
 .fini          0x0800a4b4        0x4 c:/progra~1/stmicr~1/stm32c~1/gcc-ar~1/bin/../lib/gcc/arm-none-eabi/9.3.1/thumb/v7e-m/nofp/crti.o
                0x0800a4b4                _fini
 .fini          0x0800a4b8        0x8 c:/progra~1/stmicr~1/stm32c~1/gcc-ar~1/bin/../lib/gcc/arm-none-eabi/9.3.1/thumb/v7e-m/nofp/crtn.o
                0x0800a4c0                . = ALIGN (0x4)
                0x0800a4c0                _etext = .

.vfp11_veneer   0x0800a4c0        0x0
 .vfp11_veneer  0x0800a4c0        0x0 linker stubs

.v4_bx          0x0800a4c0        0x0
 .v4_bx         0x0800a4c0        0x0 linker stubs

.iplt           0x0800a4c0        0x0
 .iplt          0x0800a4c0        0x0 c:/progra~1/stmicr~1/stm32c~1/gcc-ar~1/bin/../lib/gcc/arm-none-eabi/9.3.1/thumb/v7e-m/nofp/crtbegin.o

.rodata         0x0800a4c0      0x760
                0x0800a4c0                . = ALIGN (0x4)
 *(.rodata)
 *(.rodata*)
 .rodata.main.str1.4
                0x0800a4c0       0x98 CMakeFiles/INA226.elf.dir/Core/Src/main.c.obj
                                 0x9a (size before relaxing)
 .rodata.AHBPrescTable
                0x0800a558       0x10 CMakeFiles/INA226.elf.dir/Core/Src/system_stm32f4xx.c.obj
                0x0800a558                AHBPrescTable
 .rodata.APBPrescTable
                0x0800a568        0x8 CMakeFiles/INA226.elf.dir/Core/Src/system_stm32f4xx.c.obj
                0x0800a568                APBPrescTable
 .rodata.INA226_write_word.str1.4
                0x0800a570       0x1f CMakeFiles/INA226.elf.dir/Core/User/INA226/INA226.c.obj
 *fill*         0x0800a58f        0x1 
 .rodata.bmp280_read_word.str1.4
                0x0800a590       0x1e CMakeFiles/INA226.elf.dir/Core/User/INA226/INA226.c.obj
 *fill*         0x0800a5ae        0x2 
 .rodata.INA226_checkConfig.str1.4
                0x0800a5b0      0x24c CMakeFiles/INA226.elf.dir/Core/User/INA226/INA226.c.obj
                                0x258 (size before relaxing)
 .rodata.__func__.8640
                0x0800a7fc       0x11 CMakeFiles/INA226.elf.dir/Core/User/INA226/INA226.c.obj
 *fill*         0x0800a80d        0x3 
 .rodata.__func__.8647
                0x0800a810       0x12 CMakeFiles/INA226.elf.dir/Core/User/INA226/INA226.c.obj
 *fill*         0x0800a822        0x2 
 .rodata._global_impure_ptr
                0x0800a824        0x4 c:/progra~1/stmicr~1/stm32c~1/gcc-ar~1/bin/../lib/gcc/arm-none-eabi/9.3.1/../../../../arm-none-eabi/lib/thumb/v7e-m/nofp\libg.a(lib_a-impure.o)
                0x0800a824                _global_impure_ptr
 .rodata._puts_r.str1.4
                0x0800a828      0x24c c:/progra~1/stmicr~1/stm32c~1/gcc-ar~1/bin/../lib/gcc/arm-none-eabi/9.3.1/../../../../arm-none-eabi/lib/thumb/v7e-m/nofp\libg.a(lib_a-puts.o)
                                  0x2 (size before relaxing)
 .rodata._vfprintf_r.str1.4
                0x0800a828       0x42 c:/progra~1/stmicr~1/stm32c~1/gcc-ar~1/bin/../lib/gcc/arm-none-eabi/9.3.1/../../../../arm-none-eabi/lib/thumb/v7e-m/nofp\libg.a(lib_a-vfprintf.o)
 *fill*         0x0800a86a        0x2 
 .rodata.blanks.7350
                0x0800a86c       0x10 c:/progra~1/stmicr~1/stm32c~1/gcc-ar~1/bin/../lib/gcc/arm-none-eabi/9.3.1/../../../../arm-none-eabi/lib/thumb/v7e-m/nofp\libg.a(lib_a-vfprintf.o)
 .rodata.zeroes.7351
                0x0800a87c       0x10 c:/progra~1/stmicr~1/stm32c~1/gcc-ar~1/bin/../lib/gcc/arm-none-eabi/9.3.1/../../../../arm-none-eabi/lib/thumb/v7e-m/nofp\libg.a(lib_a-vfprintf.o)
 .rodata._dtoa_r.str1.4
                0x0800a88c       0xa0 c:/progra~1/stmicr~1/stm32c~1/gcc-ar~1/bin/../lib/gcc/arm-none-eabi/9.3.1/../../../../arm-none-eabi/lib/thumb/v7e-m/nofp\libg.a(lib_a-dtoa.o)
                                 0xa4 (size before relaxing)
 .rodata.__multadd.str1.4
                0x0800a92c       0x7d c:/progra~1/stmicr~1/stm32c~1/gcc-ar~1/bin/../lib/gcc/arm-none-eabi/9.3.1/../../../../arm-none-eabi/lib/thumb/v7e-m/nofp\libg.a(lib_a-mprec.o)
                                 0x91 (size before relaxing)
 *fill*         0x0800a9a9        0x7 
 .rodata.__mprec_bigtens
                0x0800a9b0       0x28 c:/progra~1/stmicr~1/stm32c~1/gcc-ar~1/bin/../lib/gcc/arm-none-eabi/9.3.1/../../../../arm-none-eabi/lib/thumb/v7e-m/nofp\libg.a(lib_a-mprec.o)
                0x0800a9b0                __mprec_bigtens
 .rodata.__mprec_tens
                0x0800a9d8       0xc8 c:/progra~1/stmicr~1/stm32c~1/gcc-ar~1/bin/../lib/gcc/arm-none-eabi/9.3.1/../../../../arm-none-eabi/lib/thumb/v7e-m/nofp\libg.a(lib_a-mprec.o)
                0x0800a9d8                __mprec_tens
 .rodata.p05.6122
                0x0800aaa0        0xc c:/progra~1/stmicr~1/stm32c~1/gcc-ar~1/bin/../lib/gcc/arm-none-eabi/9.3.1/../../../../arm-none-eabi/lib/thumb/v7e-m/nofp\libg.a(lib_a-mprec.o)
 .rodata._vfiprintf_r.str1.4
                0x0800aaac       0x2f c:/progra~1/stmicr~1/stm32c~1/gcc-ar~1/bin/../lib/gcc/arm-none-eabi/9.3.1/../../../../arm-none-eabi/lib/thumb/v7e-m/nofp\libg.a(lib_a-vfiprintf.o)
 .rodata.blanks.7328
                0x0800aaac       0x10 c:/progra~1/stmicr~1/stm32c~1/gcc-ar~1/bin/../lib/gcc/arm-none-eabi/9.3.1/../../../../arm-none-eabi/lib/thumb/v7e-m/nofp\libg.a(lib_a-vfiprintf.o)
 .rodata.zeroes.7329
                0x0800aabc       0x10 c:/progra~1/stmicr~1/stm32c~1/gcc-ar~1/bin/../lib/gcc/arm-none-eabi/9.3.1/../../../../arm-none-eabi/lib/thumb/v7e-m/nofp\libg.a(lib_a-vfiprintf.o)
 .rodata.__assert_func.str1.4
                0x0800aacc       0x3f c:/progra~1/stmicr~1/stm32c~1/gcc-ar~1/bin/../lib/gcc/arm-none-eabi/9.3.1/../../../../arm-none-eabi/lib/thumb/v7e-m/nofp\libg.a(lib_a-assert.o)
                                 0x43 (size before relaxing)
 *fill*         0x0800ab0b        0x1 
 .rodata._setlocale_r.str1.4
                0x0800ab0c        0xa c:/progra~1/stmicr~1/stm32c~1/gcc-ar~1/bin/../lib/gcc/arm-none-eabi/9.3.1/../../../../arm-none-eabi/lib/thumb/v7e-m/nofp\libg.a(lib_a-locale.o)
                                  0xd (size before relaxing)
 *fill*         0x0800ab16        0x2 
 .rodata.str1.4
                0x0800ab18        0x2 c:/progra~1/stmicr~1/stm32c~1/gcc-ar~1/bin/../lib/gcc/arm-none-eabi/9.3.1/../../../../arm-none-eabi/lib/thumb/v7e-m/nofp\libg.a(lib_a-locale.o)
 *fill*         0x0800ab1a        0x2 
 .rodata._ctype_
                0x0800ab1c      0x101 c:/progra~1/stmicr~1/stm32c~1/gcc-ar~1/bin/../lib/gcc/arm-none-eabi/9.3.1/../../../../arm-none-eabi/lib/thumb/v7e-m/nofp\libg.a(lib_a-ctype_.o)
                0x0800ab1c                _ctype_
                0x0800ac20                . = ALIGN (0x4)
 *fill*         0x0800ac1d        0x3 

.ARM.extab
 *(.ARM.extab* .gnu.linkonce.armextab.*)

.ARM            0x0800ac20        0x8
                0x0800ac20                __exidx_start = .
 *(.ARM.exidx*)
 .ARM.exidx     0x0800ac20        0x8 c:/progra~1/stmicr~1/stm32c~1/gcc-ar~1/bin/../lib/gcc/arm-none-eabi/9.3.1/thumb/v7e-m/nofp\libgcc.a(_udivmoddi4.o)
                0x0800ac28                __exidx_end = .

.rel.dyn        0x0800ac28        0x0
 .rel.iplt      0x0800ac28        0x0 c:/progra~1/stmicr~1/stm32c~1/gcc-ar~1/bin/../lib/gcc/arm-none-eabi/9.3.1/thumb/v7e-m/nofp/crtbegin.o

.preinit_array  0x0800ac28        0x0
                0x0800ac28                PROVIDE (__preinit_array_start = .)
 *(.preinit_array*)
                0x0800ac28                PROVIDE (__preinit_array_end = .)

.init_array     0x0800ac28        0x8
                0x0800ac28                PROVIDE (__init_array_start = .)
 *(SORT_BY_NAME(.init_array.*))
 .init_array.00000
                0x0800ac28        0x4 c:/progra~1/stmicr~1/stm32c~1/gcc-ar~1/bin/../lib/gcc/arm-none-eabi/9.3.1/../../../../arm-none-eabi/lib/thumb/v7e-m/nofp\libg.a(lib_a-__call_atexit.o)
 *(.init_array*)
 .init_array    0x0800ac2c        0x4 c:/progra~1/stmicr~1/stm32c~1/gcc-ar~1/bin/../lib/gcc/arm-none-eabi/9.3.1/thumb/v7e-m/nofp/crtbegin.o
                0x0800ac30                PROVIDE (__init_array_end = .)

.fini_array     0x0800ac30        0x4
                0x0800ac30                PROVIDE (__fini_array_start = .)
 *(SORT_BY_NAME(.fini_array.*))
 *(.fini_array*)
 .fini_array    0x0800ac30        0x4 c:/progra~1/stmicr~1/stm32c~1/gcc-ar~1/bin/../lib/gcc/arm-none-eabi/9.3.1/thumb/v7e-m/nofp/crtbegin.o
                0x0800ac34                PROVIDE (__fini_array_end = .)
                0x0800ac34                _sidata = LOADADDR (.data)

.data           0x20000000      0x9b8 load address 0x0800ac34
                0x20000000                . = ALIGN (0x4)
                0x20000000                _sdata = .
 *(.data)
 *(.data*)
 .data.SystemCoreClock
                0x20000000        0x4 CMakeFiles/INA226.elf.dir/Core/Src/system_stm32f4xx.c.obj
                0x20000000                SystemCoreClock
 .data.uwTickFreq
                0x20000004        0x1 CMakeFiles/INA226.elf.dir/Drivers/STM32F4xx_HAL_Driver/Src/stm32f4xx_hal.c.obj
                0x20000004                uwTickFreq
 *fill*         0x20000005        0x3 
 .data.uwTickPrio
                0x20000008        0x4 CMakeFiles/INA226.elf.dir/Drivers/STM32F4xx_HAL_Driver/Src/stm32f4xx_hal.c.obj
                0x20000008                uwTickPrio
 .data._impure_ptr
                0x2000000c        0x4 c:/progra~1/stmicr~1/stm32c~1/gcc-ar~1/bin/../lib/gcc/arm-none-eabi/9.3.1/../../../../arm-none-eabi/lib/thumb/v7e-m/nofp\libg.a(lib_a-impure.o)
                0x2000000c                _impure_ptr
 .data.impure_data
                0x20000010      0x428 c:/progra~1/stmicr~1/stm32c~1/gcc-ar~1/bin/../lib/gcc/arm-none-eabi/9.3.1/../../../../arm-none-eabi/lib/thumb/v7e-m/nofp\libg.a(lib_a-impure.o)
 .data.__atexit_recursive_mutex
                0x20000438        0x4 c:/progra~1/stmicr~1/stm32c~1/gcc-ar~1/bin/../lib/gcc/arm-none-eabi/9.3.1/../../../../arm-none-eabi/lib/thumb/v7e-m/nofp\libg.a(lib_a-__call_atexit.o)
                0x20000438                __atexit_recursive_mutex
 .data.__malloc_av_
                0x2000043c      0x408 c:/progra~1/stmicr~1/stm32c~1/gcc-ar~1/bin/../lib/gcc/arm-none-eabi/9.3.1/../../../../arm-none-eabi/lib/thumb/v7e-m/nofp\libg.a(lib_a-mallocr.o)
                0x2000043c                __malloc_av_
 .data.__malloc_sbrk_base
                0x20000844        0x4 c:/progra~1/stmicr~1/stm32c~1/gcc-ar~1/bin/../lib/gcc/arm-none-eabi/9.3.1/../../../../arm-none-eabi/lib/thumb/v7e-m/nofp\libg.a(lib_a-mallocr.o)
                0x20000844                __malloc_sbrk_base
 .data.__malloc_trim_threshold
                0x20000848        0x4 c:/progra~1/stmicr~1/stm32c~1/gcc-ar~1/bin/../lib/gcc/arm-none-eabi/9.3.1/../../../../arm-none-eabi/lib/thumb/v7e-m/nofp\libg.a(lib_a-mallocr.o)
                0x20000848                __malloc_trim_threshold
 .data.__global_locale
                0x2000084c      0x16c c:/progra~1/stmicr~1/stm32c~1/gcc-ar~1/bin/../lib/gcc/arm-none-eabi/9.3.1/../../../../arm-none-eabi/lib/thumb/v7e-m/nofp\libg.a(lib_a-locale.o)
                0x2000084c                __global_locale
                0x200009b8                . = ALIGN (0x4)
                0x200009b8                _edata = .
                0x0800b5ec                _siccmram = LOADADDR (.ccmram)

.igot.plt       0x200009b8        0x0 load address 0x0800b5ec
 .igot.plt      0x200009b8        0x0 c:/progra~1/stmicr~1/stm32c~1/gcc-ar~1/bin/../lib/gcc/arm-none-eabi/9.3.1/thumb/v7e-m/nofp/crtbegin.o

.ccmram         0x10000000        0x0 load address 0x0800b5ec
                0x10000000                . = ALIGN (0x4)
                0x10000000                _sccmram = .
 *(.ccmram)
 *(.ccmram*)
                0x10000000                . = ALIGN (0x4)
                0x10000000                _eccmram = .
                0x10000000                . = ALIGN (0x4)

.bss            0x200009b8      0x268
                0x200009b8                _sbss = .
                0x200009b8                __bss_start__ = _sbss
 *(.bss)
 .bss           0x200009b8       0x1c c:/progra~1/stmicr~1/stm32c~1/gcc-ar~1/bin/../lib/gcc/arm-none-eabi/9.3.1/thumb/v7e-m/nofp/crtbegin.o
 *(.bss*)
 .bss.hi2c1     0x200009d4       0x54 CMakeFiles/INA226.elf.dir/Core/Src/i2c.c.obj
                0x200009d4                hi2c1
 .bss.heap_end.6022
                0x20000a28        0x4 CMakeFiles/INA226.elf.dir/Core/Src/syscalls.c.obj
 .bss.htim2     0x20000a2c       0x40 CMakeFiles/INA226.elf.dir/Core/Src/tim.c.obj
                0x20000a2c                htim2
 .bss.htim3     0x20000a6c       0x40 CMakeFiles/INA226.elf.dir/Core/Src/tim.c.obj
                0x20000a6c                htim3
 .bss.huart1    0x20000aac       0x40 CMakeFiles/INA226.elf.dir/Core/Src/usart.c.obj
                0x20000aac                huart1
 .bss.huart2    0x20000aec       0x40 CMakeFiles/INA226.elf.dir/Core/Src/usart.c.obj
                0x20000aec                huart2
 .bss.huart3    0x20000b2c       0x40 CMakeFiles/INA226.elf.dir/Core/Src/usart.c.obj
                0x20000b2c                huart3
 .bss.huart6    0x20000b6c       0x40 CMakeFiles/INA226.elf.dir/Core/Src/usart.c.obj
                0x20000b6c                huart6
 .bss.currentLSB
                0x20000bac        0x4 CMakeFiles/INA226.elf.dir/Core/User/INA226/INA226.c.obj
                0x20000bac                currentLSB
 .bss.powerLSB  0x20000bb0        0x4 CMakeFiles/INA226.elf.dir/Core/User/INA226/INA226.c.obj
                0x20000bb0                powerLSB
 .bss.rShunt    0x20000bb4        0x4 CMakeFiles/INA226.elf.dir/Core/User/INA226/INA226.c.obj
                0x20000bb4                rShunt
 .bss.vBusMax   0x20000bb8        0x4 CMakeFiles/INA226.elf.dir/Core/User/INA226/INA226.c.obj
                0x20000bb8                vBusMax
 .bss.vShuntMax
                0x20000bbc        0x4 CMakeFiles/INA226.elf.dir/Core/User/INA226/INA226.c.obj
                0x20000bbc                vShuntMax
 .bss.uwTick    0x20000bc0        0x4 CMakeFiles/INA226.elf.dir/Drivers/STM32F4xx_HAL_Driver/Src/stm32f4xx_hal.c.obj
                0x20000bc0                uwTick
 .bss.__malloc_current_mallinfo
                0x20000bc4       0x28 c:/progra~1/stmicr~1/stm32c~1/gcc-ar~1/bin/../lib/gcc/arm-none-eabi/9.3.1/../../../../arm-none-eabi/lib/thumb/v7e-m/nofp\libg.a(lib_a-mallocr.o)
                0x20000bc4                __malloc_current_mallinfo
 .bss.__malloc_max_sbrked_mem
                0x20000bec        0x4 c:/progra~1/stmicr~1/stm32c~1/gcc-ar~1/bin/../lib/gcc/arm-none-eabi/9.3.1/../../../../arm-none-eabi/lib/thumb/v7e-m/nofp\libg.a(lib_a-mallocr.o)
                0x20000bec                __malloc_max_sbrked_mem
 .bss.__malloc_max_total_mem
                0x20000bf0        0x4 c:/progra~1/stmicr~1/stm32c~1/gcc-ar~1/bin/../lib/gcc/arm-none-eabi/9.3.1/../../../../arm-none-eabi/lib/thumb/v7e-m/nofp\libg.a(lib_a-mallocr.o)
                0x20000bf0                __malloc_max_total_mem
 .bss.__malloc_top_pad
                0x20000bf4        0x4 c:/progra~1/stmicr~1/stm32c~1/gcc-ar~1/bin/../lib/gcc/arm-none-eabi/9.3.1/../../../../arm-none-eabi/lib/thumb/v7e-m/nofp\libg.a(lib_a-mallocr.o)
                0x20000bf4                __malloc_top_pad
 *(COMMON)
 COMMON         0x20000bf8       0x21 c:/progra~1/stmicr~1/stm32c~1/gcc-ar~1/bin/../lib/gcc/arm-none-eabi/9.3.1/../../../../arm-none-eabi/lib/thumb/v7e-m/nofp\libg.a(lib_a-lock.o)
                0x20000bf8                __lock___atexit_recursive_mutex
                0x20000bfc                __lock___arc4random_mutex
                0x20000c00                __lock___env_recursive_mutex
                0x20000c04                __lock___sinit_recursive_mutex
                0x20000c08                __lock___malloc_recursive_mutex
                0x20000c0c                __lock___at_quick_exit_mutex
                0x20000c10                __lock___dd_hash_mutex
                0x20000c14                __lock___tz_mutex
                0x20000c18                __lock___sfp_recursive_mutex
 *fill*         0x20000c19        0x3 
 COMMON         0x20000c1c        0x4 c:/progra~1/stmicr~1/stm32c~1/gcc-ar~1/bin/../lib/gcc/arm-none-eabi/9.3.1/../../../../arm-none-eabi/lib/thumb/v7e-m/nofp\libg.a(lib_a-reent.o)
                0x20000c1c                errno
                0x20000c20                . = ALIGN (0x4)
                0x20000c20                _ebss = .
                0x20000c20                __bss_end__ = _ebss

._user_heap_stack
                0x20000c20      0x600
                0x20000c20                . = ALIGN (0x8)
                0x20000c20                PROVIDE (end = .)
                [!provide]                PROVIDE (_end = .)
                0x20000e20                . = (. + _Min_Heap_Size)
 *fill*         0x20000c20      0x200 
                0x20001220                . = (. + _Min_Stack_Size)
 *fill*         0x20000e20      0x400 
                0x20001220                . = ALIGN (0x8)

/DISCARD/
 libc.a(*)
 libm.a(*)
 libgcc.a(*)

.ARM.attributes
                0x00000000       0x2a
 *(.ARM.attributes)
 .ARM.attributes
                0x00000000       0x1e c:/progra~1/stmicr~1/stm32c~1/gcc-ar~1/bin/../lib/gcc/arm-none-eabi/9.3.1/thumb/v7e-m/nofp/crti.o
 .ARM.attributes
                0x0000001e       0x2e c:/progra~1/stmicr~1/stm32c~1/gcc-ar~1/bin/../lib/gcc/arm-none-eabi/9.3.1/thumb/v7e-m/nofp/crtbegin.o
 .ARM.attributes
                0x0000004c       0x2e CMakeFiles/INA226.elf.dir/Core/Src/gpio.c.obj
 .ARM.attributes
                0x0000007a       0x2e CMakeFiles/INA226.elf.dir/Core/Src/i2c.c.obj
 .ARM.attributes
                0x000000a8       0x2e CMakeFiles/INA226.elf.dir/Core/Src/main.c.obj
 .ARM.attributes
                0x000000d6       0x2e CMakeFiles/INA226.elf.dir/Core/Src/stm32f4xx_hal_msp.c.obj
 .ARM.attributes
                0x00000104       0x2e CMakeFiles/INA226.elf.dir/Core/Src/stm32f4xx_it.c.obj
 .ARM.attributes
                0x00000132       0x2e CMakeFiles/INA226.elf.dir/Core/Src/syscalls.c.obj
 .ARM.attributes
                0x00000160       0x2e CMakeFiles/INA226.elf.dir/Core/Src/system_stm32f4xx.c.obj
 .ARM.attributes
                0x0000018e       0x2e CMakeFiles/INA226.elf.dir/Core/Src/tim.c.obj
 .ARM.attributes
                0x000001bc       0x2e CMakeFiles/INA226.elf.dir/Core/Src/usart.c.obj
 .ARM.attributes
                0x000001ea       0x2e CMakeFiles/INA226.elf.dir/Core/User/INA226/INA226.c.obj
 .ARM.attributes
                0x00000218       0x2e CMakeFiles/INA226.elf.dir/Drivers/STM32F4xx_HAL_Driver/Src/stm32f4xx_hal.c.obj
 .ARM.attributes
                0x00000246       0x2e CMakeFiles/INA226.elf.dir/Drivers/STM32F4xx_HAL_Driver/Src/stm32f4xx_hal_cortex.c.obj
 .ARM.attributes
                0x00000274       0x2e CMakeFiles/INA226.elf.dir/Drivers/STM32F4xx_HAL_Driver/Src/stm32f4xx_hal_dma.c.obj
 .ARM.attributes
                0x000002a2       0x2e CMakeFiles/INA226.elf.dir/Drivers/STM32F4xx_HAL_Driver/Src/stm32f4xx_hal_gpio.c.obj
 .ARM.attributes
                0x000002d0       0x2e CMakeFiles/INA226.elf.dir/Drivers/STM32F4xx_HAL_Driver/Src/stm32f4xx_hal_i2c.c.obj
 .ARM.attributes
                0x000002fe       0x2e CMakeFiles/INA226.elf.dir/Drivers/STM32F4xx_HAL_Driver/Src/stm32f4xx_hal_rcc.c.obj
 .ARM.attributes
                0x0000032c       0x2e CMakeFiles/INA226.elf.dir/Drivers/STM32F4xx_HAL_Driver/Src/stm32f4xx_hal_tim.c.obj
 .ARM.attributes
                0x0000035a       0x2e CMakeFiles/INA226.elf.dir/Drivers/STM32F4xx_HAL_Driver/Src/stm32f4xx_hal_tim_ex.c.obj
 .ARM.attributes
                0x00000388       0x2e CMakeFiles/INA226.elf.dir/Drivers/STM32F4xx_HAL_Driver/Src/stm32f4xx_hal_uart.c.obj
 .ARM.attributes
                0x000003b6       0x21 CMakeFiles/INA226.elf.dir/startup/startup_stm32f407xx.s.obj
 .ARM.attributes
                0x000003d7       0x1e c:/progra~1/stmicr~1/stm32c~1/gcc-ar~1/bin/../lib/gcc/arm-none-eabi/9.3.1/thumb/v7e-m/nofp\libgcc.a(_arm_addsubdf3.o)
 .ARM.attributes
                0x000003f5       0x1e c:/progra~1/stmicr~1/stm32c~1/gcc-ar~1/bin/../lib/gcc/arm-none-eabi/9.3.1/thumb/v7e-m/nofp\libgcc.a(_arm_muldivdf3.o)
 .ARM.attributes
                0x00000413       0x1e c:/progra~1/stmicr~1/stm32c~1/gcc-ar~1/bin/../lib/gcc/arm-none-eabi/9.3.1/thumb/v7e-m/nofp\libgcc.a(_arm_fixunsdfsi.o)
 .ARM.attributes
                0x00000431       0x1e c:/progra~1/stmicr~1/stm32c~1/gcc-ar~1/bin/../lib/gcc/arm-none-eabi/9.3.1/thumb/v7e-m/nofp\libgcc.a(_arm_truncdfsf2.o)
 .ARM.attributes
                0x0000044f       0x1e c:/progra~1/stmicr~1/stm32c~1/gcc-ar~1/bin/../lib/gcc/arm-none-eabi/9.3.1/thumb/v7e-m/nofp\libgcc.a(_arm_addsubsf3.o)
 .ARM.attributes
                0x0000046d       0x1e c:/progra~1/stmicr~1/stm32c~1/gcc-ar~1/bin/../lib/gcc/arm-none-eabi/9.3.1/thumb/v7e-m/nofp\libgcc.a(_arm_muldivsf3.o)
 .ARM.attributes
                0x0000048b       0x1e c:/progra~1/stmicr~1/stm32c~1/gcc-ar~1/bin/../lib/gcc/arm-none-eabi/9.3.1/thumb/v7e-m/nofp\libgcc.a(_arm_cmpsf2.o)
 .ARM.attributes
                0x000004a9       0x1e c:/progra~1/stmicr~1/stm32c~1/gcc-ar~1/bin/../lib/gcc/arm-none-eabi/9.3.1/thumb/v7e-m/nofp\libgcc.a(_arm_fixunssfsi.o)
 .ARM.attributes
                0x000004c7       0x1e c:/progra~1/stmicr~1/stm32c~1/gcc-ar~1/bin/../lib/gcc/arm-none-eabi/9.3.1/thumb/v7e-m/nofp\libgcc.a(_aeabi_uldivmod.o)
 .ARM.attributes
                0x000004e5       0x2e c:/progra~1/stmicr~1/stm32c~1/gcc-ar~1/bin/../lib/gcc/arm-none-eabi/9.3.1/thumb/v7e-m/nofp\libgcc.a(_udivmoddi4.o)
 .ARM.attributes
                0x00000513       0x1e c:/progra~1/stmicr~1/stm32c~1/gcc-ar~1/bin/../lib/gcc/arm-none-eabi/9.3.1/thumb/v7e-m/nofp\libgcc.a(_dvmd_tls.o)
 .ARM.attributes
                0x00000531       0x2e c:/progra~1/stmicr~1/stm32c~1/gcc-ar~1/bin/../lib/gcc/arm-none-eabi/9.3.1/../../../../arm-none-eabi/lib/thumb/v7e-m/nofp\libg.a(lib_a-errno.o)
 .ARM.attributes
                0x0000055f       0x2e c:/progra~1/stmicr~1/stm32c~1/gcc-ar~1/bin/../lib/gcc/arm-none-eabi/9.3.1/../../../../arm-none-eabi/lib/thumb/v7e-m/nofp\libg.a(lib_a-impure.o)
 .ARM.attributes
                0x0000058d       0x2e c:/progra~1/stmicr~1/stm32c~1/gcc-ar~1/bin/../lib/gcc/arm-none-eabi/9.3.1/../../../../arm-none-eabi/lib/thumb/v7e-m/nofp\libg.a(lib_a-init.o)
 .ARM.attributes
                0x000005bb       0x2e c:/progra~1/stmicr~1/stm32c~1/gcc-ar~1/bin/../lib/gcc/arm-none-eabi/9.3.1/../../../../arm-none-eabi/lib/thumb/v7e-m/nofp\libg.a(lib_a-memset.o)
 .ARM.attributes
                0x000005e9       0x2e c:/progra~1/stmicr~1/stm32c~1/gcc-ar~1/bin/../lib/gcc/arm-none-eabi/9.3.1/../../../../arm-none-eabi/lib/thumb/v7e-m/nofp\libg.a(lib_a-printf.o)
 .ARM.attributes
                0x00000617       0x2e c:/progra~1/stmicr~1/stm32c~1/gcc-ar~1/bin/../lib/gcc/arm-none-eabi/9.3.1/../../../../arm-none-eabi/lib/thumb/v7e-m/nofp\libg.a(lib_a-puts.o)
 .ARM.attributes
                0x00000645       0x1c c:/progra~1/stmicr~1/stm32c~1/gcc-ar~1/bin/../lib/gcc/arm-none-eabi/9.3.1/../../../../arm-none-eabi/lib/thumb/v7e-m/nofp\libg.a(lib_a-strlen.o)
 .ARM.attributes
                0x00000661       0x2e c:/progra~1/stmicr~1/stm32c~1/gcc-ar~1/bin/../lib/gcc/arm-none-eabi/9.3.1/../../../../arm-none-eabi/lib/thumb/v7e-m/nofp\libg.a(lib_a-vfprintf.o)
 .ARM.attributes
                0x0000068f       0x2e c:/progra~1/stmicr~1/stm32c~1/gcc-ar~1/bin/../lib/gcc/arm-none-eabi/9.3.1/../../../../arm-none-eabi/lib/thumb/v7e-m/nofp\libg.a(lib_a-wsetup.o)
 .ARM.attributes
                0x000006bd       0x2e c:/progra~1/stmicr~1/stm32c~1/gcc-ar~1/bin/../lib/gcc/arm-none-eabi/9.3.1/../../../../arm-none-eabi/lib/thumb/v7e-m/nofp\libg.a(lib_a-__call_atexit.o)
 .ARM.attributes
                0x000006eb       0x2e c:/progra~1/stmicr~1/stm32c~1/gcc-ar~1/bin/../lib/gcc/arm-none-eabi/9.3.1/../../../../arm-none-eabi/lib/thumb/v7e-m/nofp\libg.a(lib_a-atexit.o)
 .ARM.attributes
                0x00000719       0x2e c:/progra~1/stmicr~1/stm32c~1/gcc-ar~1/bin/../lib/gcc/arm-none-eabi/9.3.1/../../../../arm-none-eabi/lib/thumb/v7e-m/nofp\libg.a(lib_a-dtoa.o)
 .ARM.attributes
                0x00000747       0x2e c:/progra~1/stmicr~1/stm32c~1/gcc-ar~1/bin/../lib/gcc/arm-none-eabi/9.3.1/../../../../arm-none-eabi/lib/thumb/v7e-m/nofp\libg.a(lib_a-fflush.o)
 .ARM.attributes
                0x00000775       0x2e c:/progra~1/stmicr~1/stm32c~1/gcc-ar~1/bin/../lib/gcc/arm-none-eabi/9.3.1/../../../../arm-none-eabi/lib/thumb/v7e-m/nofp\libg.a(lib_a-findfp.o)
 .ARM.attributes
                0x000007a3       0x2e c:/progra~1/stmicr~1/stm32c~1/gcc-ar~1/bin/../lib/gcc/arm-none-eabi/9.3.1/../../../../arm-none-eabi/lib/thumb/v7e-m/nofp\libg.a(lib_a-fini.o)
 .ARM.attributes
                0x000007d1       0x2e c:/progra~1/stmicr~1/stm32c~1/gcc-ar~1/bin/../lib/gcc/arm-none-eabi/9.3.1/../../../../arm-none-eabi/lib/thumb/v7e-m/nofp\libg.a(lib_a-freer.o)
 .ARM.attributes
                0x000007ff       0x2e c:/progra~1/stmicr~1/stm32c~1/gcc-ar~1/bin/../lib/gcc/arm-none-eabi/9.3.1/../../../../arm-none-eabi/lib/thumb/v7e-m/nofp\libg.a(lib_a-fvwrite.o)
 .ARM.attributes
                0x0000082d       0x2e c:/progra~1/stmicr~1/stm32c~1/gcc-ar~1/bin/../lib/gcc/arm-none-eabi/9.3.1/../../../../arm-none-eabi/lib/thumb/v7e-m/nofp\libg.a(lib_a-fwalk.o)
 .ARM.attributes
                0x0000085b       0x2e c:/progra~1/stmicr~1/stm32c~1/gcc-ar~1/bin/../lib/gcc/arm-none-eabi/9.3.1/../../../../arm-none-eabi/lib/thumb/v7e-m/nofp\libg.a(lib_a-localeconv.o)
 .ARM.attributes
                0x00000889       0x2e c:/progra~1/stmicr~1/stm32c~1/gcc-ar~1/bin/../lib/gcc/arm-none-eabi/9.3.1/../../../../arm-none-eabi/lib/thumb/v7e-m/nofp\libg.a(lib_a-lock.o)
 .ARM.attributes
                0x000008b7       0x2e c:/progra~1/stmicr~1/stm32c~1/gcc-ar~1/bin/../lib/gcc/arm-none-eabi/9.3.1/../../../../arm-none-eabi/lib/thumb/v7e-m/nofp\libg.a(lib_a-makebuf.o)
 .ARM.attributes
                0x000008e5       0x2e c:/progra~1/stmicr~1/stm32c~1/gcc-ar~1/bin/../lib/gcc/arm-none-eabi/9.3.1/../../../../arm-none-eabi/lib/thumb/v7e-m/nofp\libg.a(lib_a-mallocr.o)
 .ARM.attributes
                0x00000913       0x1c c:/progra~1/stmicr~1/stm32c~1/gcc-ar~1/bin/../lib/gcc/arm-none-eabi/9.3.1/../../../../arm-none-eabi/lib/thumb/v7e-m/nofp\libg.a(lib_a-memchr.o)
 .ARM.attributes
                0x0000092f       0x1c c:/progra~1/stmicr~1/stm32c~1/gcc-ar~1/bin/../lib/gcc/arm-none-eabi/9.3.1/../../../../arm-none-eabi/lib/thumb/v7e-m/nofp\libg.a(lib_a-memcpy.o)
 .ARM.attributes
                0x0000094b       0x2e c:/progra~1/stmicr~1/stm32c~1/gcc-ar~1/bin/../lib/gcc/arm-none-eabi/9.3.1/../../../../arm-none-eabi/lib/thumb/v7e-m/nofp\libg.a(lib_a-memmove.o)
 .ARM.attributes
                0x00000979       0x2e c:/progra~1/stmicr~1/stm32c~1/gcc-ar~1/bin/../lib/gcc/arm-none-eabi/9.3.1/../../../../arm-none-eabi/lib/thumb/v7e-m/nofp\libg.a(lib_a-mlock.o)
 .ARM.attributes
                0x000009a7       0x2e c:/progra~1/stmicr~1/stm32c~1/gcc-ar~1/bin/../lib/gcc/arm-none-eabi/9.3.1/../../../../arm-none-eabi/lib/thumb/v7e-m/nofp\libg.a(lib_a-mprec.o)
 .ARM.attributes
                0x000009d5       0x2e c:/progra~1/stmicr~1/stm32c~1/gcc-ar~1/bin/../lib/gcc/arm-none-eabi/9.3.1/../../../../arm-none-eabi/lib/thumb/v7e-m/nofp\libg.a(lib_a-reallocr.o)
 .ARM.attributes
                0x00000a03       0x2e c:/progra~1/stmicr~1/stm32c~1/gcc-ar~1/bin/../lib/gcc/arm-none-eabi/9.3.1/../../../../arm-none-eabi/lib/thumb/v7e-m/nofp\libg.a(lib_a-s_frexp.o)
 .ARM.attributes
                0x00000a31       0x2e c:/progra~1/stmicr~1/stm32c~1/gcc-ar~1/bin/../lib/gcc/arm-none-eabi/9.3.1/../../../../arm-none-eabi/lib/thumb/v7e-m/nofp\libg.a(lib_a-sbrkr.o)
 .ARM.attributes
                0x00000a5f       0x2e c:/progra~1/stmicr~1/stm32c~1/gcc-ar~1/bin/../lib/gcc/arm-none-eabi/9.3.1/../../../../arm-none-eabi/lib/thumb/v7e-m/nofp\libg.a(lib_a-stdio.o)
 .ARM.attributes
                0x00000a8d       0x2e c:/progra~1/stmicr~1/stm32c~1/gcc-ar~1/bin/../lib/gcc/arm-none-eabi/9.3.1/../../../../arm-none-eabi/lib/thumb/v7e-m/nofp\libg.a(lib_a-strncpy.o)
 .ARM.attributes
                0x00000abb       0x2e c:/progra~1/stmicr~1/stm32c~1/gcc-ar~1/bin/../lib/gcc/arm-none-eabi/9.3.1/../../../../arm-none-eabi/lib/thumb/v7e-m/nofp\libg.a(lib_a-vfiprintf.o)
 .ARM.attributes
                0x00000ae9       0x2e c:/progra~1/stmicr~1/stm32c~1/gcc-ar~1/bin/../lib/gcc/arm-none-eabi/9.3.1/../../../../arm-none-eabi/lib/thumb/v7e-m/nofp\libg.a(lib_a-writer.o)
 .ARM.attributes
                0x00000b17       0x2e c:/progra~1/stmicr~1/stm32c~1/gcc-ar~1/bin/../lib/gcc/arm-none-eabi/9.3.1/../../../../arm-none-eabi/lib/thumb/v7e-m/nofp\libg.a(lib_a-__atexit.o)
 .ARM.attributes
                0x00000b45       0x2e c:/progra~1/stmicr~1/stm32c~1/gcc-ar~1/bin/../lib/gcc/arm-none-eabi/9.3.1/../../../../arm-none-eabi/lib/thumb/v7e-m/nofp\libg.a(lib_a-assert.o)
 .ARM.attributes
                0x00000b73       0x2e c:/progra~1/stmicr~1/stm32c~1/gcc-ar~1/bin/../lib/gcc/arm-none-eabi/9.3.1/../../../../arm-none-eabi/lib/thumb/v7e-m/nofp\libg.a(lib_a-callocr.o)
 .ARM.attributes
                0x00000ba1       0x2e c:/progra~1/stmicr~1/stm32c~1/gcc-ar~1/bin/../lib/gcc/arm-none-eabi/9.3.1/../../../../arm-none-eabi/lib/thumb/v7e-m/nofp\libg.a(lib_a-closer.o)
 .ARM.attributes
                0x00000bcf       0x2e c:/progra~1/stmicr~1/stm32c~1/gcc-ar~1/bin/../lib/gcc/arm-none-eabi/9.3.1/../../../../arm-none-eabi/lib/thumb/v7e-m/nofp\libg.a(lib_a-fclose.o)
 .ARM.attributes
                0x00000bfd       0x2e c:/progra~1/stmicr~1/stm32c~1/gcc-ar~1/bin/../lib/gcc/arm-none-eabi/9.3.1/../../../../arm-none-eabi/lib/thumb/v7e-m/nofp\libg.a(lib_a-fiprintf.o)
 .ARM.attributes
                0x00000c2b       0x2e c:/progra~1/stmicr~1/stm32c~1/gcc-ar~1/bin/../lib/gcc/arm-none-eabi/9.3.1/../../../../arm-none-eabi/lib/thumb/v7e-m/nofp\libg.a(lib_a-fputwc.o)
 .ARM.attributes
                0x00000c59       0x2e c:/progra~1/stmicr~1/stm32c~1/gcc-ar~1/bin/../lib/gcc/arm-none-eabi/9.3.1/../../../../arm-none-eabi/lib/thumb/v7e-m/nofp\libg.a(lib_a-fstatr.o)
 .ARM.attributes
                0x00000c87       0x2e c:/progra~1/stmicr~1/stm32c~1/gcc-ar~1/bin/../lib/gcc/arm-none-eabi/9.3.1/../../../../arm-none-eabi/lib/thumb/v7e-m/nofp\libg.a(lib_a-isattyr.o)
 .ARM.attributes
                0x00000cb5       0x2e c:/progra~1/stmicr~1/stm32c~1/gcc-ar~1/bin/../lib/gcc/arm-none-eabi/9.3.1/../../../../arm-none-eabi/lib/thumb/v7e-m/nofp\libg.a(lib_a-locale.o)
 .ARM.attributes
                0x00000ce3       0x2e c:/progra~1/stmicr~1/stm32c~1/gcc-ar~1/bin/../lib/gcc/arm-none-eabi/9.3.1/../../../../arm-none-eabi/lib/thumb/v7e-m/nofp\libg.a(lib_a-lseekr.o)
 .ARM.attributes
                0x00000d11       0x2e c:/progra~1/stmicr~1/stm32c~1/gcc-ar~1/bin/../lib/gcc/arm-none-eabi/9.3.1/../../../../arm-none-eabi/lib/thumb/v7e-m/nofp\libg.a(lib_a-mbtowc_r.o)
 .ARM.attributes
                0x00000d3f       0x2e c:/progra~1/stmicr~1/stm32c~1/gcc-ar~1/bin/../lib/gcc/arm-none-eabi/9.3.1/../../../../arm-none-eabi/lib/thumb/v7e-m/nofp\libg.a(lib_a-readr.o)
 .ARM.attributes
                0x00000d6d       0x2e c:/progra~1/stmicr~1/stm32c~1/gcc-ar~1/bin/../lib/gcc/arm-none-eabi/9.3.1/../../../../arm-none-eabi/lib/thumb/v7e-m/nofp\libg.a(lib_a-reent.o)
 .ARM.attributes
                0x00000d9b       0x2e c:/progra~1/stmicr~1/stm32c~1/gcc-ar~1/bin/../lib/gcc/arm-none-eabi/9.3.1/../../../../arm-none-eabi/lib/thumb/v7e-m/nofp\libg.a(lib_a-wbuf.o)
 .ARM.attributes
                0x00000dc9       0x2e c:/progra~1/stmicr~1/stm32c~1/gcc-ar~1/bin/../lib/gcc/arm-none-eabi/9.3.1/../../../../arm-none-eabi/lib/thumb/v7e-m/nofp\libg.a(lib_a-wcrtomb.o)
 .ARM.attributes
                0x00000df7       0x2e c:/progra~1/stmicr~1/stm32c~1/gcc-ar~1/bin/../lib/gcc/arm-none-eabi/9.3.1/../../../../arm-none-eabi/lib/thumb/v7e-m/nofp\libg.a(lib_a-wctomb_r.o)
 .ARM.attributes
                0x00000e25       0x2e c:/progra~1/stmicr~1/stm32c~1/gcc-ar~1/bin/../lib/gcc/arm-none-eabi/9.3.1/../../../../arm-none-eabi/lib/thumb/v7e-m/nofp\libg.a(lib_a-abort.o)
 .ARM.attributes
                0x00000e53       0x2e c:/progra~1/stmicr~1/stm32c~1/gcc-ar~1/bin/../lib/gcc/arm-none-eabi/9.3.1/../../../../arm-none-eabi/lib/thumb/v7e-m/nofp\libg.a(lib_a-ctype_.o)
 .ARM.attributes
                0x00000e81       0x2e c:/progra~1/stmicr~1/stm32c~1/gcc-ar~1/bin/../lib/gcc/arm-none-eabi/9.3.1/../../../../arm-none-eabi/lib/thumb/v7e-m/nofp\libg.a(lib_a-signal.o)
 .ARM.attributes
                0x00000eaf       0x2e c:/progra~1/stmicr~1/stm32c~1/gcc-ar~1/bin/../lib/gcc/arm-none-eabi/9.3.1/../../../../arm-none-eabi/lib/thumb/v7e-m/nofp\libg.a(lib_a-signalr.o)
 .ARM.attributes
                0x00000edd       0x1e c:/progra~1/stmicr~1/stm32c~1/gcc-ar~1/bin/../lib/gcc/arm-none-eabi/9.3.1/thumb/v7e-m/nofp\libgcc.a(_arm_cmpdf2.o)
 .ARM.attributes
                0x00000efb       0x1e c:/progra~1/stmicr~1/stm32c~1/gcc-ar~1/bin/../lib/gcc/arm-none-eabi/9.3.1/thumb/v7e-m/nofp\libgcc.a(_arm_unorddf2.o)
 .ARM.attributes
                0x00000f19       0x1e c:/progra~1/stmicr~1/stm32c~1/gcc-ar~1/bin/../lib/gcc/arm-none-eabi/9.3.1/thumb/v7e-m/nofp\libgcc.a(_arm_fixdfsi.o)
 .ARM.attributes
                0x00000f37       0x1e c:/progra~1/stmicr~1/stm32c~1/gcc-ar~1/bin/../lib/gcc/arm-none-eabi/9.3.1/thumb/v7e-m/nofp/crtn.o
OUTPUT(INA226.elf elf32-littlearm)
LOAD linker stubs
LOAD c:/progra~1/stmicr~1/stm32c~1/gcc-ar~1/bin/../lib/gcc/arm-none-eabi/9.3.1/../../../../arm-none-eabi/lib/thumb/v7e-m/nofp\libc.a
LOAD c:/progra~1/stmicr~1/stm32c~1/gcc-ar~1/bin/../lib/gcc/arm-none-eabi/9.3.1/../../../../arm-none-eabi/lib/thumb/v7e-m/nofp\libm.a
LOAD c:/progra~1/stmicr~1/stm32c~1/gcc-ar~1/bin/../lib/gcc/arm-none-eabi/9.3.1/thumb/v7e-m/nofp\libgcc.a

.debug_info     0x00000000    0x16c4b
 .debug_info    0x00000000      0x582 CMakeFiles/INA226.elf.dir/Core/Src/gpio.c.obj
 .debug_info    0x00000582      0xb26 CMakeFiles/INA226.elf.dir/Core/Src/i2c.c.obj
 .debug_info    0x000010a8     0x1d03 CMakeFiles/INA226.elf.dir/Core/Src/main.c.obj
 .debug_info    0x00002dab      0x390 CMakeFiles/INA226.elf.dir/Core/Src/stm32f4xx_hal_msp.c.obj
 .debug_info    0x0000313b      0xa22 CMakeFiles/INA226.elf.dir/Core/Src/stm32f4xx_it.c.obj
 .debug_info    0x00003b5d     0x112b CMakeFiles/INA226.elf.dir/Core/Src/syscalls.c.obj
 .debug_info    0x00004c88      0x5b9 CMakeFiles/INA226.elf.dir/Core/Src/system_stm32f4xx.c.obj
 .debug_info    0x00005241      0xe0b CMakeFiles/INA226.elf.dir/Core/Src/tim.c.obj
 .debug_info    0x0000604c      0xfbc CMakeFiles/INA226.elf.dir/Core/Src/usart.c.obj
 .debug_info    0x00007008     0x1f65 CMakeFiles/INA226.elf.dir/Core/User/INA226/INA226.c.obj
 .debug_info    0x00008f6d      0xa79 CMakeFiles/INA226.elf.dir/Drivers/STM32F4xx_HAL_Driver/Src/stm32f4xx_hal.c.obj
 .debug_info    0x000099e6     0x1154 CMakeFiles/INA226.elf.dir/Drivers/STM32F4xx_HAL_Driver/Src/stm32f4xx_hal_cortex.c.obj
 .debug_info    0x0000ab3a      0xbed CMakeFiles/INA226.elf.dir/Drivers/STM32F4xx_HAL_Driver/Src/stm32f4xx_hal_dma.c.obj
 .debug_info    0x0000b727      0x86f CMakeFiles/INA226.elf.dir/Drivers/STM32F4xx_HAL_Driver/Src/stm32f4xx_hal_gpio.c.obj
 .debug_info    0x0000bf96     0x39d9 CMakeFiles/INA226.elf.dir/Drivers/STM32F4xx_HAL_Driver/Src/stm32f4xx_hal_i2c.c.obj
 .debug_info    0x0000f96f      0xb5d CMakeFiles/INA226.elf.dir/Drivers/STM32F4xx_HAL_Driver/Src/stm32f4xx_hal_rcc.c.obj
 .debug_info    0x000104cc     0x36b9 CMakeFiles/INA226.elf.dir/Drivers/STM32F4xx_HAL_Driver/Src/stm32f4xx_hal_tim.c.obj
 .debug_info    0x00013b85     0x16f7 CMakeFiles/INA226.elf.dir/Drivers/STM32F4xx_HAL_Driver/Src/stm32f4xx_hal_tim_ex.c.obj
 .debug_info    0x0001527c     0x19ad CMakeFiles/INA226.elf.dir/Drivers/STM32F4xx_HAL_Driver/Src/stm32f4xx_hal_uart.c.obj
 .debug_info    0x00016c29       0x22 CMakeFiles/INA226.elf.dir/startup/startup_stm32f407xx.s.obj

.debug_abbrev   0x00000000     0x2d30
 .debug_abbrev  0x00000000      0x17b CMakeFiles/INA226.elf.dir/Core/Src/gpio.c.obj
 .debug_abbrev  0x0000017b      0x1ed CMakeFiles/INA226.elf.dir/Core/Src/i2c.c.obj
 .debug_abbrev  0x00000368      0x2f3 CMakeFiles/INA226.elf.dir/Core/Src/main.c.obj
 .debug_abbrev  0x0000065b      0x11a CMakeFiles/INA226.elf.dir/Core/Src/stm32f4xx_hal_msp.c.obj
 .debug_abbrev  0x00000775      0x1a6 CMakeFiles/INA226.elf.dir/Core/Src/stm32f4xx_it.c.obj